cmake -S . -Bbuild -GNinja -DCMAKE_BUILD_TYPE=Release -DCMAKE_COLOR_DIAGNOSTICS=ON
-- The C compiler identification is GNU 12.2.0
-- The CXX compiler identification is GNU 12.2.0
-- Detecting C compiler ABI info
-- Detecting C compiler ABI info - done
-- Check for working C compiler: /usr/bin/cc - skipped
-- Detecting C compile features
-- Detecting C compile features - done
-- Detecting CXX compiler ABI info
-- Detecting CXX compiler ABI info - done
-- Check for working CXX compiler: /usr/bin/c++ - skipped
-- Detecting CXX compile features
-- Detecting CXX compile features - done
-- The Fortran compiler identification is GNU 12.2.0
-- Detecting Fortran compiler ABI info
-- Detecting Fortran compiler ABI info - done
-- Check for working Fortran compiler: /usr/bin/gfortran - skipped
-- Found OpenMP_Fortran: -fopenmp (found version "4.5") 
-- Found OpenMP: TRUE (found version "4.5") found components: Fortran 
-- Looking for Fortran sgemm
-- Looking for Fortran sgemm - not found
-- Performing Test CMAKE_HAVE_LIBC_PTHREAD
-- Performing Test CMAKE_HAVE_LIBC_PTHREAD - Success
-- Found Threads: TRUE  
-- Looking for Fortran sgemm
-- Looking for Fortran sgemm - found
-- Found BLAS: /usr/lib/x86_64-linux-gnu/libmkl_gf_lp64.so;/usr/lib/x86_64-linux-gnu/libmkl_gnu_thread.so;/usr/lib/x86_64-linux-gnu/libmkl_core.so;/usr/lib/gcc/x86_64-linux-gnu/12/libgomp.so;-lm;-ldl  
-- Looking for Fortran cheev
-- Looking for Fortran cheev - found
-- Found LAPACK: /usr/lib/x86_64-linux-gnu/libmkl_gf_lp64.so;/usr/lib/x86_64-linux-gnu/libmkl_gnu_thread.so;/usr/lib/x86_64-linux-gnu/libmkl_core.so;/usr/lib/gcc/x86_64-linux-gnu/12/libgomp.so;-lm;-ldl;-lm;-ldl  
-- Found PkgConfig: /usr/bin/pkg-config (found version "1.8.1") 
-- Checking for module 'netcdf-fortran'
--   Found netcdf-fortran, version 4.5.4
-- Found Python: /proj/plasma/CODE/ert/.venv/bin/python3 (found version "3.11.2") found components: Interpreter 
-- path to build directory: /proj/plasma/CODE/ert/SIMPLE/build
-- NetCDF include path: /usr/include
-- NetCDF lib path: /usr/lib/x86_64-linux-gnu
-- NetCDF Fortran libs: -L/usr/lib/x86_64-linux-gnu -lnetcdff -Wl,-z,relro -Wl,-z,now -lnetcdf -lnetcdf -lm
-- Using libneo in /proj/plasma/CODE/ert/libneo
-- Found MPI_Fortran: /usr/lib/x86_64-linux-gnu/libmpi_usempif08.so (found version "3.1") 
-- Found MPI: TRUE (found version "3.1") found components: Fortran 
-- The MPI_Fortran_INCLUDE_PATH is /usr/lib/x86_64-linux-gnu/fortran/gfortran-mod-15/openmpi;/usr/lib/x86_64-linux-gnu/openmpi/lib
-- NetCDF include path: /usr/include
-- NetCDF lib path: /usr/lib/x86_64-linux-gnu
-- NetCDF Fortran libs: -L/usr/lib/x86_64-linux-gnu -lnetcdff -Wl,-z,relro -Wl,-z,now -lnetcdf -lnetcdf -lm
-- The Compiler ID is GNU
-- Found HDF5: /usr/lib/x86_64-linux-gnu/hdf5/serial/libhdf5.so;/usr/lib/x86_64-linux-gnu/libcrypto.so;/usr/lib/x86_64-linux-gnu/libcurl.so;/usr/lib/x86_64-linux-gnu/libpthread.a;/usr/lib/x86_64-linux-gnu/libsz.so;/usr/lib/x86_64-linux-gnu/libz.so;/usr/lib/x86_64-linux-gnu/libdl.a;/usr/lib/x86_64-linux-gnu/libm.so;/usr/lib/x86_64-linux-gnu/hdf5/serial/libhdf5_fortran.so;/usr/lib/x86_64-linux-gnu/hdf5/serial/libhdf5.so;/usr/lib/x86_64-linux-gnu/libcrypto.so;/usr/lib/x86_64-linux-gnu/libcurl.so;/usr/lib/x86_64-linux-gnu/libpthread.a;/usr/lib/x86_64-linux-gnu/libsz.so;/usr/lib/x86_64-linux-gnu/libz.so;/usr/lib/x86_64-linux-gnu/libdl.a;/usr/lib/x86_64-linux-gnu/libm.so (found version "1.10.8") found components: C HL Fortran 
-- Found GSL: /usr/include (found version "2.7.1") 
-- Found FFTW: /usr/include   
-- Found FFTW
-- Found Python: /proj/plasma/CODE/ert/.venv/bin/python3 (found version "3.11.2") found components: Interpreter Development.Module NumPy 
-- Python found: /proj/plasma/CODE/ert/.venv/bin/python3
-- Python version: 3.11.2
-- Python include dirs: /usr/include/python3.11
-- Python libraries: 
-- Python f2py include dir: /proj/plasma/CODE/ert/.venv/lib/python3.11/site-packages/numpy/f2py/src
-- Python numpy include dir: /proj/plasma/CODE/ert/.venv/lib/python3.11/site-packages/numpy/_core/include
-- Python binary output dir: /proj/plasma/CODE/ert/SIMPLE/build/libneo/src/efit_to_boozer
-- Found Python: /proj/plasma/CODE/ert/.venv/bin/python3 (found version "3.11.2") found components: Interpreter Development NumPy Development.Module Development.Embed 
-- Python: /proj/plasma/CODE/ert/.venv/bin/python3
-- Python version: 3.11.2
-- Python include dirs: /usr/include/python3.11
-- Python libraries: /usr/lib/x86_64-linux-gnu/libpython3.11.so
-- Python f2py include dir: /proj/plasma/CODE/ert/.venv/lib/python3.11/site-packages/numpy/f2py/src
-- Python numpy include dir: /proj/plasma/CODE/ert/.venv/lib/python3.11/site-packages/numpy/_core/include
-- Python binary output dir: /proj/plasma/CODE/ert/SIMPLE/build/libneo
-- Python f90wrap found.
-- Unit Tests enabled!
-- CMake build type: Release
-- Python found: /proj/plasma/CODE/ert/.venv/bin/python3
-- Python version: 3.11.2
-- Python include dirs: /usr/include/python3.11
-- Python libraries: /usr/lib/x86_64-linux-gnu/libpython3.11.so
-- Python NumPy include dirs: /proj/plasma/CODE/ert/.venv/lib/python3.11/site-packages/numpy/_core/include
-- Python f90wrap found.
-- Python include dir: /usr/include/python3.11
-- Python f2py include dir: /proj/plasma/CODE/ert/.venv/lib/python3.11/site-packages/numpy/f2py/src
-- Python numpy include dir: /proj/plasma/CODE/ert/.venv/lib/python3.11/site-packages/numpy/_core/include
-- Python libraries: /usr/lib/x86_64-linux-gnu/libpython3.11.so
-- Python binary output dir: /proj/plasma/CODE/ert/SIMPLE/build/python
Failed to convert VMEC to GVEC: [Errno 2] No such file or directory: '/afs/itp.tugraz.at/proj/plasma/CODE/ert/SIMPLE/build/_deps/gvec-src/python/gvec/_version.py'
-- Found Python: /proj/plasma/CODE/ert/.venv/bin/python3 (found version "3.11.2") found components: Interpreter 
-- Configuring done
-- Generating done
-- Build files have been written to: /proj/plasma/CODE/ert/SIMPLE/build
cmake --build build --config Release
[1/504] Building Fortran preprocessed _deps/gvec-build/CMakeFiles/gveclibF90.dir/src/analyze/analyze_vars.f90-pp.f90
[2/504] Building Fortran preprocessed _deps/gvec-build/CMakeFiles/gveclibF90.dir/src/globals/linalg.f90-pp.f90
[3/504] Building Fortran preprocessed _deps/gvec-build/CMakeFiles/gveclibF90.dir/src/base/basis1d.f90-pp.f90
[4/504] Building Fortran preprocessed _deps/gvec-build/CMakeFiles/gveclibF90.dir/src/base/base.f90-pp.f90
[5/504] Building Fortran preprocessed _deps/gvec-build/CMakeFiles/gveclibF90.dir/src/base/fbase.f90-pp.f90
[6/504] Building Fortran preprocessed _deps/gvec-build/CMakeFiles/gveclibF90.dir/src/functionals/mhd3d/lambda_solve.f90-pp.f90
[7/504] Building Fortran preprocessed _deps/gvec-build/CMakeFiles/gveclibF90.dir/src/globals/cla.f90-pp.f90
[8/504] Building Fortran preprocessed _deps/gvec-build/CMakeFiles/gveclibF90.dir/src/globals/globals.f90-pp.f90
[9/504] Building Fortran preprocessed CMakeFiles/simple.x.dir/app/simple.f90-pp.f90
[10/504] Building Fortran preprocessed _deps/gvec-build/CMakeFiles/gveclibF90.dir/src/globals/mod_mpi.f90-pp.f90
[11/504] Building Fortran preprocessed _deps/gvec-build/CMakeFiles/gveclibF90.dir/src/base/cubic_spline.f90-pp.f90
[12/504] Building Fortran preprocessed _deps/gvec-build/CMakeFiles/gveclibF90.dir/src/base/bsplines/sll_m_errors.f90-pp.f90
[13/504] Building Fortran preprocessed _deps/gvec-build/CMakeFiles/gveclibF90.dir/src/base/sbase.f90-pp.f90
[14/504] Building Fortran preprocessed _deps/gvec-build/CMakeFiles/gveclibF90.dir/src/base/bsplines/sll_m_boundary_condition_descriptors.f90-pp.f90
[15/504] Building Fortran preprocessed _deps/gvec-build/CMakeFiles/gveclibF90.dir/src/globals/newton.f90-pp.f90
[16/504] Building Fortran preprocessed _deps/gvec-build/CMakeFiles/gveclibF90.dir/src/grid/sgrid.f90-pp.f90
[17/504] Building Fortran preprocessed _deps/gvec-build/CMakeFiles/gveclibF90.dir/src/io_netcdf.f90-pp.f90
[18/504] Building Fortran preprocessed _deps/gvec-build/CMakeFiles/gveclibF90.dir/src/hmap/c_hmap.f90-pp.f90
[19/504] Building Fortran preprocessed _deps/gvec-build/CMakeFiles/gveclibF90.dir/src/base/bsplines/sll_m_spline_matrix.f90-pp.f90
[20/504] Building Fortran preprocessed _deps/gvec-build/CMakeFiles/gveclibF90.dir/src/globals/readintools.f90-pp.f90
[21/504] Building Fortran preprocessed _deps/gvec-build/CMakeFiles/gveclibF90.dir/src/hmap/hmap.f90-pp.f90
[22/504] Building Fortran preprocessed _deps/gvec-build/CMakeFiles/gveclibF90.dir/src/output/output_csv.f90-pp.f90
[23/504] Building Fortran preprocessed _deps/gvec-build/CMakeFiles/gveclibF90.dir/src/output/output.f90-pp.f90
[24/504] Building Fortran preprocessed _deps/gvec-build/CMakeFiles/gveclibF90.dir/src/output/output_netcdf.f90-pp.f90
[25/504] Building Fortran preprocessed _deps/gvec-build/CMakeFiles/gveclibF90.dir/src/base/bsplines/sll_m_bsplines_base.f90-pp.f90
[26/504] Building Fortran preprocessed _deps/gvec-build/CMakeFiles/gveclibF90.dir/src/base/bsplines/sll_m_bsplines_uniform.f90-pp.f90
[27/504] Building Fortran preprocessed _deps/gvec-build/CMakeFiles/gveclibF90.dir/src/output/output_vars.f90-pp.f90
[28/504] Building Fortran preprocessed _deps/gvec-build/CMakeFiles/gveclibF90.dir/src/base/bsplines/sll_m_spline_matrix_base.f90-pp.f90
[29/504] Building Fortran preprocessed _deps/gvec-build/CMakeFiles/gveclibF90.dir/src/output/output_vtk.f90-pp.f90
[30/504] Building Fortran preprocessed _deps/gvec-build/CMakeFiles/gveclibF90.dir/src/base/bsplines/sll_m_assert.f90-pp.f90
[31/504] Building Fortran preprocessed _deps/gvec-build/CMakeFiles/gveclibF90.dir/src/base/bsplines/sll_m_bsplines_non_uniform.f90-pp.f90
[32/504] Building Fortran preprocessed _deps/gvec-build/CMakeFiles/gveclibF90.dir/src/base/bsplines/sll_m_working_precision.f90-pp.f90
[33/504] Building Fortran preprocessed _deps/gvec-build/CMakeFiles/gveclibF90.dir/src/base/bsplines/sll_m_spline_1d.f90-pp.f90
[34/504] Building Fortran preprocessed _deps/gvec-build/CMakeFiles/gveclibF90.dir/src/output/write_modes.f90-pp.f90
[35/504] Building Fortran preprocessed _deps/gvec-build/CMakeFiles/gveclibF90.dir/src/base/bsplines/sll_m_spline_matrix_banded.f90-pp.f90
[36/504] Building Fortran preprocessed _deps/gvec-build/CMakeFiles/gveclibF90.dir/src/base/bsplines/sll_m_bsplines.f90-pp.f90
[37/504] Building Fortran preprocessed _deps/gvec-build/CMakeFiles/gveclibF90.dir/src/base/bsplines/sll_m_spline_interpolator_1d.f90-pp.f90
[38/504] Building Fortran preprocessed _deps/gvec-build/CMakeFiles/gveclibF90.dir/src/profiles/c_rprofile.f90-pp.f90
[39/504] Building Fortran preprocessed _deps/gvec-build/CMakeFiles/gveclibF90.dir/src/readstate/boundaryFromFile.f90-pp.f90
[40/504] Building Fortran preprocessed _deps/gvec-build/CMakeFiles/gveclibF90.dir/src/readstate/readstate_vars.f90-pp.f90
[41/504] Building Fortran preprocessed _deps/gvec-build/CMakeFiles/gveclibF90.dir/src/base/bsplines/sll_m_spline_matrix_dense.f90-pp.f90
[42/504] Building Fortran preprocessed _deps/gvec-build/CMakeFiles/gveclibF90.dir/src/profiles/rprofile_polynomial.f90-pp.f90
[43/504] Building Fortran preprocessed _deps/gvec-build/CMakeFiles/gveclibF90.dir/src/readstate/readstate.f90-pp.f90
[44/504] Building Fortran preprocessed _deps/gvec-build/CMakeFiles/gveclibF90.dir/src/transform_sfl/transform_sfl.f90-pp.f90
[45/504] Building Fortran preprocessed _deps/gvec-build/CMakeFiles/gveclibF90.dir/src/profiles/rprofile_bspline.f90-pp.f90
[46/504] Building Fortran preprocessed _deps/gvec-build/CMakeFiles/gveclibF90.dir/src/transform_sfl/sfl_boozer.f90-pp.f90
[47/504] Building Fortran preprocessed _deps/gvec-build/CMakeFiles/gveclibF90.dir/src/hmap/hmap_RZ.f90-pp.f90
[48/504] Building Fortran preprocessed _deps/gvec-build/CMakeFiles/gveclibF90.dir/src/analyze/analyze.f90-pp.f90
[49/504] Building Fortran preprocessed _deps/gvec-build/CMakeFiles/gveclibF90.dir/src/hmap/hmap_cyl.f90-pp.f90
[50/504] Building Fortran preprocessed _deps/gvec-build/CMakeFiles/gveclibF90.dir/src/hmap/hmap_axisNB.f90-pp.f90
[51/504] Building Fortran preprocessed _deps/gvec-build/CMakeFiles/gveclibF90.dir/src/functionals/c_sol_var.f90-pp.f90
[52/504] Building Fortran preprocessed _deps/gvec-build/CMakeFiles/gveclibF90.dir/src/hmap/hmap_knot.f90-pp.f90
[53/504] Building Fortran preprocessed _deps/gvec-build/CMakeFiles/gveclibF90.dir/src/functionals/functional.f90-pp.f90
[54/504] Building Fortran preprocessed _deps/gvec-build/CMakeFiles/gveclibF90.dir/src/functionals/c_functional.f90-pp.f90
[55/504] Building Fortran preprocessed _deps/gvec-build/CMakeFiles/gveclibF90.dir/src/hmap/hmap_frenet.f90-pp.f90
[56/504] Building Fortran preprocessed _deps/gvec-build/CMakeFiles/gvec.dir/src/gvec.f90-pp.f90
[57/504] Building Fortran preprocessed _deps/gvec-build/CMakeFiles/gveclibF90.dir/src/pygvec/binding.f90-pp.f90
[58/504] Building Fortran preprocessed _deps/gvec-build/CMakeFiles/gvec_post.dir/src/gvec_post.f90-pp.f90
[59/504] Building Fortran preprocessed _deps/gvec-build/CMakeFiles/gveclibF90.dir/src/functionals/mhd3d/mhd3d_evalfunc.f90-pp.f90
[60/504] Building Fortran preprocessed _deps/gvec-build/CMakeFiles/gveclibF90.dir/src/vmec/vmec_vars.f90-pp.f90
[61/504] Building Fortran preprocessed _deps/gvec-build/CMakeFiles/gveclibF90.dir/src/functionals/mhd3d/mhd3d.f90-pp.f90
[62/504] Building Fortran preprocessed _deps/gvec-build/CMakeFiles/gveclibF90.dir/src/vmec/vmec_readin.f90-pp.f90
[63/504] Building Fortran preprocessed _deps/gvec-build/CMakeFiles/gveclibF90.dir/src/pygvec/state.f90-pp.f90
[64/504] Building Fortran preprocessed _deps/gvec-build/CMakeFiles/gveclibF90.dir/src/rungvec.f90-pp.f90
[65/504] Building Fortran preprocessed _deps/gvec-build/CMakeFiles/gveclibF90.dir/src/restart/restart_vars.f90-pp.f90
[66/504] Building Fortran preprocessed _deps/gvec-build/CMakeFiles/gveclibF90.dir/src/functionals/mhd3d/mhd3d_vars.f90-pp.f90
[67/504] Building Fortran preprocessed _deps/gvec-build/CMakeFiles/gveclibF90.dir/src/functionals/mhd3d/sol_var_mhd3d.f90-pp.f90
[68/504] Building Fortran preprocessed _deps/gvec-build/CMakeFiles/gveclibF90.dir/src/restart/restart.f90-pp.f90
[69/504] Building Fortran preprocessed _deps/gvec-build/CMakeFiles/gveclibF90.dir/src/vmec/vmec.f90-pp.f90
[70/504] Building Fortran preprocessed _deps/gvec-build/CMakeFiles/gveclibF90.dir/src/pygvec/run.f90-pp.f90
[71/504] Building Fortran preprocessed _deps/gvec-build/CMakeFiles/gveclibF90.dir/src/functionals/mhd3d/mhd3d_visu.f90-pp.f90
[72/504] Generating Fortran dyndep file _deps/gvec-build/CMakeFiles/gveclibF90.dir/Fortran.dd
[73/504] Building Fortran preprocessed libneo/CMakeFiles/rkf45.dir/src/contrib/rkf45.f90-pp.f90
[74/504] Building Fortran preprocessed libneo/CMakeFiles/neo.dir/src/arnoldi.f90-pp.f90
[75/504] Building Fortran preprocessed libneo/CMakeFiles/neo.dir/src/boozer.f90-pp.f90
[76/504] Building Fortran preprocessed libneo/CMakeFiles/neo.dir/src/io.f90-pp.f90
[77/504] Building Fortran preprocessed libneo/CMakeFiles/neo.dir/src/libneo_kinds.f90-pp.f90
[78/504] Building Fortran preprocessed libneo/CMakeFiles/neo.dir/src/math_constants.f90-pp.f90
[79/504] Building Fortran preprocessed libneo/CMakeFiles/neo.dir/src/odeint_allroutines.f90-pp.f90
[80/504] Building Fortran preprocessed libneo/CMakeFiles/neo.dir/src/poincare.f90-pp.f90
[81/504] Building Fortran preprocessed libneo/CMakeFiles/neo.dir/src/rusage_type.f90-pp.f90
[82/504] Building Fortran preprocessed libneo/CMakeFiles/neo.dir/src/solve_systems.f90-pp.f90
[83/504] Building Fortran preprocessed libneo/CMakeFiles/neo.dir/src/system_utility.f90-pp.f90
[84/504] Building Fortran preprocessed libneo/CMakeFiles/neo.dir/src/util.f90-pp.f90
[85/504] Building Fortran preprocessed libneo/CMakeFiles/neo.dir/src/canonical_coordinates_mod.f90-pp.f90
[86/504] Building Fortran preprocessed libneo/CMakeFiles/neo.dir/src/nctools_module.f90-pp.f90
[87/504] Building Fortran preprocessed libneo/CMakeFiles/neo.dir/src/new_vmec_allocation_stuff.f90-pp.f90
[88/504] Building Fortran preprocessed libneo/CMakeFiles/neo.dir/src/spline_vmec_data.f90-pp.f90
[89/504] Building Fortran preprocessed libneo/CMakeFiles/neo.dir/src/vmecinm_m.f90-pp.f90
[90/504] Building Fortran preprocessed libneo/CMakeFiles/neo.dir/src/plag_coeff.f90-pp.f90
[91/504] Building Fortran preprocessed libneo/CMakeFiles/neo.dir/src/odeint_rkf45.f90-pp.f90
[92/504] Building Fortran preprocessed libneo/CMakeFiles/neo.dir/src/binsrc.f90-pp.f90
[93/504] Building Fortran preprocessed libneo/CMakeFiles/neo.dir/src/boozer_converter.f90-pp.f90
[94/504] Building Fortran preprocessed libneo/CMakeFiles/neo.dir/src/magfie/magfie_vmec.f90-pp.f90
[95/504] Building C object libneo/CMakeFiles/neo.dir/src/local_rusage.c.o
[96/504] Building Fortran preprocessed libneo/src/hdf5_tools/CMakeFiles/hdf5_tools.dir/hdf5_tools.F90-pp.f90
[97/504] Building Fortran preprocessed libneo/src/hdf5_tools/CMakeFiles/hdf5_tools.dir/hdf5_tools_f2003.f90-pp.f90
[98/504] Building Fortran object _deps/gvec-build/CMakeFiles/gveclibF90.dir/src/base/bsplines/sll_m_assert.f90.o
[99/504] Building Fortran object _deps/gvec-build/CMakeFiles/gveclibF90.dir/src/base/bsplines/sll_m_errors.f90.o
[100/504] Building Fortran object _deps/gvec-build/CMakeFiles/gveclibF90.dir/src/globals/globals.f90.o
[101/504] Generating Fortran dyndep file libneo/CMakeFiles/rkf45.dir/Fortran.dd
[102/504] Building Fortran preprocessed libneo/src/polylag/CMakeFiles/neo_polylag.dir/polylag_5.f90-pp.f90
[103/504] Building Fortran preprocessed libneo/src/interpolate/CMakeFiles/interpolate.dir/proj/plasma/CODE/ert/libneo/src/spl_three_to_five.f90-pp.f90
[104/504] Building Fortran preprocessed libneo/src/interpolate/CMakeFiles/interpolate.dir/interpolate.f90-pp.f90
[105/504] Building Fortran preprocessed libneo/src/field/CMakeFiles/neo_field.dir/field_base.f90-pp.f90
[106/504] Building Fortran preprocessed libneo/src/field/CMakeFiles/neo_field.dir/example_field.f90-pp.f90
[107/504] Building Fortran preprocessed libneo/src/field/CMakeFiles/neo_field.dir/circular_tokamak_field.f90-pp.f90
[108/504] Building Fortran preprocessed libneo/src/field/CMakeFiles/neo_field.dir/biotsavart.f90-pp.f90
[109/504] Building Fortran preprocessed libneo/src/field/CMakeFiles/neo_field.dir/biotsavart_field.f90-pp.f90
[110/504] Building Fortran preprocessed libneo/src/field/CMakeFiles/neo_field.dir/field_mesh.f90-pp.f90
[111/504] Building Fortran preprocessed libneo/src/field/CMakeFiles/neo_field.dir/polylag_field.f90-pp.f90
[112/504] Building Fortran preprocessed libneo/src/field/CMakeFiles/neo_field.dir/spline_field.f90-pp.f90
[113/504] Building Fortran preprocessed libneo/src/field/CMakeFiles/neo_field.dir/jorek_field.f90-pp.f90
[114/504] Building Fortran preprocessed libneo/src/field/CMakeFiles/neo_field.dir/mesh.f90-pp.f90
[115/504] Building Fortran preprocessed libneo/src/field/CMakeFiles/neo_field.dir/mesh_2d.f90-pp.f90
[116/504] Building Fortran preprocessed libneo/src/field/CMakeFiles/neo_field.dir/field.f90-pp.f90
[117/504] Building Fortran preprocessed src/CMakeFiles/simple.dir/coordinates/coordinates.f90-pp.f90
[118/504] Building Fortran preprocessed src/CMakeFiles/simple.dir/coordinates/stencil_utils.f90-pp.f90
[119/504] Building Fortran object _deps/gvec-build/CMakeFiles/gveclibF90.dir/src/base/bsplines/sll_m_working_precision.f90.o
/proj/plasma/CODE/ert/SIMPLE/build/_deps/gvec-src/src/base/bsplines/sll_m_working_precision.f90:18:40:

   18 | ! From the Fortran Standard (2.4.1.1): "The kind type parameter indicates the
      |                                        1
Warning: missing terminating " character
/proj/plasma/CODE/ert/SIMPLE/build/_deps/gvec-src/src/base/bsplines/sll_m_working_precision.f90:21:77:

   21 | ! representation methods for the character and logical types (4.4.4, 4.4.5)."
      |                                                                             1
Warning: missing terminating " character
[120/504] Building Fortran preprocessed src/CMakeFiles/simple.dir/coordinates/array_utils.f90-pp.f90
[121/504] Building Fortran preprocessed src/CMakeFiles/simple.dir/spline_3d_interpolation.f90-pp.f90
[122/504] Generating Fortran dyndep file libneo/src/hdf5_tools/CMakeFiles/hdf5_tools.dir/Fortran.dd
[123/504] Building Fortran preprocessed src/CMakeFiles/simple.dir/field/field_base.f90-pp.f90
[124/504] Building Fortran preprocessed src/CMakeFiles/simple.dir/field/field_coils.f90-pp.f90
[125/504] Building Fortran object _deps/gvec-build/CMakeFiles/gveclibF90.dir/src/analyze/analyze_vars.f90.o
[126/504] Building Fortran object _deps/gvec-build/CMakeFiles/gveclibF90.dir/src/globals/mod_mpi.f90.o
[127/504] Building Fortran object _deps/gvec-build/CMakeFiles/gveclibF90.dir/src/output/output_csv.f90.o
[128/504] Building Fortran object _deps/gvec-build/CMakeFiles/gveclibF90.dir/src/output/output_vars.f90.o
[129/504] Building Fortran object _deps/gvec-build/CMakeFiles/gveclibF90.dir/src/profiles/c_rprofile.f90.o
/proj/plasma/CODE/ert/SIMPLE/build/_deps/gvec-src/src/profiles/c_rprofile.f90:134:90:

  134 |     ! d^3/dx^3 f(g(x)) = 3g'(x) * f''(g(x)) * g''(x) + [g'(x)]^3*f'''(g(x)) + f'(x) * g'''(x)
      |                                                                                          1
Warning: missing terminating ' character
/proj/plasma/CODE/ert/SIMPLE/build/_deps/gvec-src/src/profiles/c_rprofile.f90:158:38:

  158 |     ! d^4/dx^4 f(g(x)) = f''''(g(x))g'(x)**4
      |                                      1
Warning: missing terminating ' character
/proj/plasma/CODE/ert/SIMPLE/build/_deps/gvec-src/src/profiles/c_rprofile.f90:162:39:

  162 |     !                   + f'(g(x))g''''(x)
      |                                       1
Warning: missing terminating ' character
[130/504] Building Fortran object _deps/gvec-build/CMakeFiles/gveclibF90.dir/src/functionals/c_functional.f90.o
[131/504] Building Fortran object _deps/gvec-build/CMakeFiles/gveclibF90.dir/src/functionals/c_sol_var.f90.o
[132/504] Building Fortran object _deps/gvec-build/CMakeFiles/gveclibF90.dir/src/restart/restart_vars.f90.o
[133/504] Building Fortran object _deps/gvec-build/CMakeFiles/gveclibF90.dir/src/pygvec/binding.f90.o
[134/504] Generating Fortran dyndep file libneo/src/polylag/CMakeFiles/neo_polylag.dir/Fortran.dd
[135/504] Generating Fortran dyndep file libneo/src/interpolate/CMakeFiles/interpolate.dir/Fortran.dd
[136/504] Building Fortran object _deps/gvec-build/CMakeFiles/gveclibF90.dir/src/base/bsplines/sll_m_spline_matrix_base.f90.o
[137/504] Building Fortran object _deps/gvec-build/CMakeFiles/gveclibF90.dir/src/globals/cla.f90.o
[138/504] Building Fortran object _deps/gvec-build/CMakeFiles/gveclibF90.dir/src/globals/linalg.f90.o
[139/504] Building Fortran object _deps/gvec-build/CMakeFiles/gveclibF90.dir/src/globals/newton.f90.o
/proj/plasma/CODE/ert/SIMPLE/build/_deps/gvec-src/src/globals/newton.f90:83:10:

   83 | !> Newton's iterative algorithm to find the minimimum of function f(x) in the interval [a,b], using df(x)=0 and the derivative
      |          1
Warning: missing terminating ' character
/proj/plasma/CODE/ert/SIMPLE/build/_deps/gvec-src/src/globals/newton.f90:113:10:

  113 | !> Newton's iterative algorithm to find the root of function FR(x(:)) in the interval [a(:),b(:)], using d/dx(:)F(x)=0 and the derivative
      |          1
Warning: missing terminating ' character
/proj/plasma/CODE/ert/SIMPLE/build/_deps/gvec-src/src/globals/newton.f90:179:10:

  179 | !> Newton's iterative algorithm to find the root of function FR(x(:)) in the interval [a(:),b(:)], using d/dx(:)F(x)=0 and the derivative
      |          1
Warning: missing terminating ' character
/proj/plasma/CODE/ert/SIMPLE/build/_deps/gvec-src/src/globals/newton.f90:247:10:

  247 | !> Newton's iterative algorithm to find the minimimum of function f(x,y) in the interval x(i)[a(i),b(i)],
      |          1
Warning: missing terminating ' character
/proj/plasma/CODE/ert/SIMPLE/build/_deps/gvec-src/src/globals/newton.f90:299:10:

  299 | !> Newton's iterative algorithm to find the root of function [f1(x1,x2),f2(x1,x2)]=[0,0] in the interval a(i)<=x(i)<=b(i),
      |          1
Warning: missing terminating ' character
[140/504] Building Fortran object _deps/gvec-build/CMakeFiles/gveclibF90.dir/src/grid/sgrid.f90.o
[141/504] Building Fortran object _deps/gvec-build/CMakeFiles/gveclibF90.dir/src/hmap/c_hmap.f90.o
[142/504] Building Fortran object _deps/gvec-build/CMakeFiles/gveclibF90.dir/src/base/bsplines/sll_m_boundary_condition_descriptors.f90.o
/proj/plasma/CODE/ert/SIMPLE/build/_deps/gvec-src/src/base/bsplines/sll_m_boundary_condition_descriptors.f90:21:66:

   21 | ! example a flag like SLL_DIRICHLET_NEUMANN could indicate two BC's along
      |                                                                  1
Warning: missing terminating ' character
[143/504] Building Fortran object _deps/gvec-build/CMakeFiles/gveclibF90.dir/src/base/bsplines/sll_m_bsplines_base.f90.o
/proj/plasma/CODE/ert/SIMPLE/build/_deps/gvec-src/src/base/bsplines/sll_m_bsplines_base.f90:71:46:

   71 |     !> @param[out] values  array of B-splines' values
      |                                              1
Warning: missing terminating ' character
/proj/plasma/CODE/ert/SIMPLE/build/_deps/gvec-src/src/base/bsplines/sll_m_bsplines_base.f90:84:23:

   84 |     !> derivs[j] = B_j'(x) for jmin <= j <= jmin+degree
      |                       1
Warning: missing terminating ' character
/proj/plasma/CODE/ert/SIMPLE/build/_deps/gvec-src/src/base/bsplines/sll_m_bsplines_base.f90:88:46:

   88 |     !> @param[out] derivs  array of B-splines' derivatives
      |                                              1
Warning: missing terminating ' character
/proj/plasma/CODE/ert/SIMPLE/build/_deps/gvec-src/src/base/bsplines/sll_m_bsplines_base.f90:106:46:

  106 |     !> @param[out] derivs  array of B-splines' (multiple) derivatives
      |                                              1
Warning: missing terminating ' character
[144/504] Building Fortran preprocessed src/CMakeFiles/simple.dir/field/field_vmec.f90-pp.f90
[145/504] Building Fortran preprocessed src/CMakeFiles/simple.dir/field/field_gvec.f90-pp.f90
[146/504] Building Fortran preprocessed src/CMakeFiles/simple.dir/field/vmec_field_adapter.f90-pp.f90
[147/504] Building Fortran object _deps/gvec-build/CMakeFiles/gveclibF90.dir/src/output/write_modes.f90.o
[148/504] Building Fortran preprocessed src/CMakeFiles/simple.dir/field/field_newton.f90-pp.f90
[149/504] Building Fortran object _deps/gvec-build/CMakeFiles/gveclibF90.dir/src/profiles/rprofile_polynomial.f90.o
[150/504] Building Fortran preprocessed src/CMakeFiles/simple.dir/field.f90-pp.f90
[151/504] Building Fortran preprocessed src/CMakeFiles/simple.dir/field/field_can_base.f90-pp.f90
[152/504] Building Fortran preprocessed src/CMakeFiles/simple.dir/field/field_can_test.f90-pp.f90
[153/504] Building Fortran preprocessed src/CMakeFiles/simple.dir/field/field_can_flux.f90-pp.f90
[154/504] Building Fortran object libneo/src/polylag/CMakeFiles/neo_polylag.dir/polylag_5.f90.o
[155/504] Building Fortran preprocessed src/CMakeFiles/simple.dir/field/field_can_albert.f90-pp.f90
[156/504] Building Fortran preprocessed src/CMakeFiles/simple.dir/field/field_can_boozer.f90-pp.f90
[157/504] Building Fortran preprocessed src/CMakeFiles/simple.dir/field/psi_transform.f90-pp.f90
[158/504] Building Fortran preprocessed src/CMakeFiles/simple.dir/field/field_can_meiss.f90-pp.f90
[159/504] Building Fortran preprocessed src/CMakeFiles/simple.dir/chamb_m.f90-pp.f90
[160/504] Building Fortran preprocessed src/CMakeFiles/simple.dir/boozer_converter.f90-pp.f90
[161/504] Building Fortran preprocessed src/CMakeFiles/simple.dir/field_can.f90-pp.f90
[162/504] Building Fortran preprocessed src/CMakeFiles/simple.dir/magfie.f90-pp.f90
[163/504] Building Fortran preprocessed src/CMakeFiles/simple.dir/sub_alpha_lifetime_can.f90-pp.f90
[164/504] Building Fortran preprocessed src/CMakeFiles/simple.dir/vmecinm_m.f90-pp.f90
[165/504] Building Fortran preprocessed src/CMakeFiles/simple.dir/spline_vmec_data.f90-pp.f90
[166/504] Building Fortran preprocessed src/CMakeFiles/simple.dir/new_vmec_allocation_stuff.f90-pp.f90
[167/504] Building Fortran preprocessed src/CMakeFiles/simple.dir/orbit_symplectic_base.f90-pp.f90
[168/504] Building Fortran preprocessed src/CMakeFiles/simple.dir/get_canonical_coordinates.f90-pp.f90
[169/504] Building Fortran preprocessed src/CMakeFiles/simple.dir/orbit_symplectic.f90-pp.f90
[170/504] Building Fortran object _deps/gvec-build/CMakeFiles/gveclibF90.dir/src/functionals/mhd3d/sol_var_mhd3d.f90.o
[171/504] Building Fortran preprocessed src/CMakeFiles/simple.dir/parse_ants.f90-pp.f90
[172/504] Building Fortran object _deps/gvec-build/CMakeFiles/gveclibF90.dir/src/base/bsplines/sll_m_spline_1d.f90.o
/proj/plasma/CODE/ert/SIMPLE/build/_deps/gvec-src/src/base/bsplines/sll_m_spline_1d.f90:145:68:

  145 |   !> @brief     Evaluate derivative of 1D spline at location x: y=S'(x)
      |                                                                    1
Warning: missing terminating ' character
/proj/plasma/CODE/ert/SIMPLE/build/_deps/gvec-src/src/base/bsplines/sll_m_spline_1d.f90:148:44:

  148 |   !> @returns         spline derivative y=S'(x)
      |                                            1
Warning: missing terminating ' character
/proj/plasma/CODE/ert/SIMPLE/build/_deps/gvec-src/src/base/bsplines/sll_m_spline_1d.f90:193:58:

  193 |   !> @param[out] y     array of spline derivatives y[i]=S'(x[i])
      |                                                          1
Warning: missing terminating ' character
[173/504] Building Fortran preprocessed src/CMakeFiles/simple.dir/util.f90-pp.f90
[174/504] Building Fortran preprocessed src/CMakeFiles/simple.dir/orbit_symplectic_quasi.f90-pp.f90
[175/504] Building Fortran preprocessed src/CMakeFiles/simple.dir/samplers.f90-pp.f90
[176/504] Building Fortran preprocessed src/CMakeFiles/simple.dir/simple.f90-pp.f90
[177/504] Building Fortran preprocessed src/CMakeFiles/simple.dir/cut_detector.f90-pp.f90
[178/504] Building Fortran preprocessed src/CMakeFiles/simple.dir/classification.f90-pp.f90
[179/504] Building Fortran preprocessed src/CMakeFiles/simple.dir/sorting.f90-pp.f90
[180/504] Building Fortran preprocessed src/CMakeFiles/simple.dir/callback.f90-pp.f90
[181/504] Building Fortran preprocessed src/CMakeFiles/simple.dir/check_orbit_type.f90-pp.f90
[182/504] Building Fortran preprocessed src/CMakeFiles/simple.dir/collis_alphas.f90-pp.f90
[183/504] Building Fortran preprocessed src/CMakeFiles/simple.dir/find_bminmax.f90-pp.f90
[184/504] Building Fortran preprocessed src/CMakeFiles/simple.dir/params.f90-pp.f90
[185/504] Building Fortran preprocessed src/CMakeFiles/simple.dir/simple_main.f90-pp.f90
[186/504] Building Fortran preprocessed test/tests/CMakeFiles/testing_utils.dir/results.f90-pp.f90
[187/504] Building Fortran preprocessed test/tests/CMakeFiles/test_magfie.x.dir/test_magfie.f90-pp.f90
[188/504] Building Fortran preprocessed src/contrib/CMakeFiles/CONTRIB.dir/minpack.f90-pp.f90
[189/504] Building Fortran object _deps/gvec-build/CMakeFiles/gveclibF90.dir/src/base/bsplines/sll_m_spline_matrix_banded.f90.o
[190/504] Building Fortran object _deps/gvec-build/CMakeFiles/gveclibF90.dir/src/base/bsplines/sll_m_bsplines_uniform.f90.o
/proj/plasma/CODE/ert/SIMPLE/build/_deps/gvec-src/src/base/bsplines/sll_m_bsplines_uniform.f90:136:44:

  136 |   !> @param[out] values  array of B-splines' values
      |                                            1
Warning: missing terminating ' character
/proj/plasma/CODE/ert/SIMPLE/build/_deps/gvec-src/src/base/bsplines/sll_m_bsplines_uniform.f90:186:21:

  186 |   !> derivs[j] = B_j'(x) for jmin <= j <= jmin+degree
      |                     1
Warning: missing terminating ' character
/proj/plasma/CODE/ert/SIMPLE/build/_deps/gvec-src/src/base/bsplines/sll_m_bsplines_uniform.f90:190:44:

  190 |   !> @param[out] derivs  array of B-splines' derivatives
      |                                            1
Warning: missing terminating ' character
/proj/plasma/CODE/ert/SIMPLE/build/_deps/gvec-src/src/base/bsplines/sll_m_bsplines_uniform.f90:260:44:

  260 |   !> @param[out] derivs  array of B-splines' (multiple) derivatives
      |                                            1
Warning: missing terminating ' character
[191/504] Building Fortran preprocessed test/tests/CMakeFiles/utility_test.x.dir/utility_test.f90-pp.f90
[192/504] Building Fortran preprocessed test/tests/CMakeFiles/test_poincare1.x.dir/test_poincare1.f90-pp.f90
[193/504] Building Fortran object libneo/CMakeFiles/rkf45.dir/src/contrib/rkf45.f90.o
[194/504] Building Fortran preprocessed test/tests/CMakeFiles/test_sympl_tok.x.dir/test_sympl.f90-pp.f90
[195/504] Building Fortran preprocessed test/tests/CMakeFiles/test_coord_trans.x.dir/test_coord_trans.f90-pp.f90
[196/504] Building Fortran preprocessed test/tests/CMakeFiles/test_poiplot_classification.x.dir/test_poiplot_classification.f90-pp.f90
[197/504] Building Fortran object _deps/gvec-build/CMakeFiles/gveclibF90.dir/src/output/output_vtk.f90.o
/proj/plasma/CODE/ert/SIMPLE/build/_deps/gvec-src/src/output/output_vtk.f90:107:55:

  107 |        &NumberOfCells="'//TRIM(ADJUSTL(TempStr2))//'">'//lf;WRITE(ivtk) TRIM(Buffer)
      |                                                       1
Warning: missing terminating ' character
/proj/plasma/CODE/ert/SIMPLE/build/_deps/gvec-src/src/output/output_vtk.f90:173:8:

  173 | Buffer='        <DataArray type="Int32" Name="connectivity" format="appended" &
      |        1
Warning: missing terminating ' character
/proj/plasma/CODE/ert/SIMPLE/build/_deps/gvec-src/src/output/output_vtk.f90:174:52:

  174 |          &offset="'//TRIM(ADJUSTL(StrOffset))//'"/>'//lf;WRITE(ivtk) TRIM(Buffer)
      |                                                    1
Warning: missing terminating ' character
/proj/plasma/CODE/ert/SIMPLE/build/_deps/gvec-src/src/output/output_vtk.f90:178:8:

  178 | Buffer='        <DataArray type="Int32" Name="offsets" format="appended" &
      |        1
Warning: missing terminating ' character
/proj/plasma/CODE/ert/SIMPLE/build/_deps/gvec-src/src/output/output_vtk.f90:179:52:

  179 |          &offset="'//TRIM(ADJUSTL(StrOffset))//'"/>'//lf;WRITE(ivtk) TRIM(Buffer)
      |                                                    1
Warning: missing terminating ' character
/proj/plasma/CODE/ert/SIMPLE/build/_deps/gvec-src/src/output/output_vtk.f90:183:8:

  183 | Buffer='        <DataArray type="Int32" Name="types" format="appended" &
      |        1
Warning: missing terminating ' character
/proj/plasma/CODE/ert/SIMPLE/build/_deps/gvec-src/src/output/output_vtk.f90:184:52:

  184 |          &offset="'//TRIM(ADJUSTL(StrOffset))//'"/>'//lf;WRITE(ivtk) TRIM(Buffer)
      |                                                    1
Warning: missing terminating ' character
[198/504] Building Fortran preprocessed test/tests/CMakeFiles/test_sympl.x.dir/test_sympl_stell.f90-pp.f90
[199/504] Building Fortran preprocessed test/tests/CMakeFiles/test_boozer.x.dir/test_boozer.f90-pp.f90
[200/504] Building Fortran preprocessed test/tests/CMakeFiles/testing_utils.dir/utility.f90-pp.f90
[201/504] Building Fortran preprocessed test/tests/CMakeFiles/test_parse_ants.x.dir/test_parse_ants.f90-pp.f90
[202/504] Building Fortran preprocessed test/tests/CMakeFiles/test_orbits.x.dir/test_orbits_vmec.f90-pp.f90
[203/504] Generating Fortran dyndep file src/contrib/CMakeFiles/CONTRIB.dir/Fortran.dd
[204/504] Building Fortran object _deps/gvec-build/CMakeFiles/gveclibF90.dir/src/globals/readintools.f90.o
/proj/plasma/CODE/ert/SIMPLE/build/_deps/gvec-src/src/globals/readintools.f90:9:27:

    9 | !!# MODULE **READ IN TOOLS"
      |                           1
Warning: missing terminating " character
[205/504] Building Fortran object _deps/gvec-build/CMakeFiles/gveclibF90.dir/src/base/bsplines/sll_m_spline_matrix_dense.f90.o
[206/504] Building Fortran preprocessed test/tests/CMakeFiles/test_collis.x.dir/__/__/src/test_collis.f90-pp.f90
[207/504] Building Fortran preprocessed test/tests/CMakeFiles/test_samplers.x.dir/test_samplers.f90-pp.f90
[208/504] Building Fortran preprocessed test/tests/CMakeFiles/test_coordinates.x.dir/test_coordinates.f90-pp.f90
[209/504] Building Fortran preprocessed test/tests/CMakeFiles/test_gvec.x.dir/test_gvec.f90-pp.f90
[210/504] Building Fortran preprocessed test/tests/CMakeFiles/test_vmec_gvec.x.dir/test_vmec_gvec.f90-pp.f90
[211/504] Building Fortran preprocessed test/tests/CMakeFiles/test_canonical_gvec.x.dir/test_canonical_gvec.f90-pp.f90
[212/504] Building Fortran preprocessed test/tests/CMakeFiles/test_simple_vmec_gvec.x.dir/test_simple_vmec_gvec.f90-pp.f90
[213/504] Building Fortran preprocessed test/tests/CMakeFiles/test_adapter_consistency.x.dir/test_adapter_consistency.f90-pp.f90
[214/504] Building Fortran preprocessed test/tests/CMakeFiles/test_vmec_gvec_adapter.x.dir/test_vmec_gvec_adapter.f90-pp.f90
[215/504] Building Fortran preprocessed test/tests/CMakeFiles/test_spline_3d.x.dir/test_spline_3d.f90-pp.f90
[216/504] Building Fortran preprocessed test/tests/CMakeFiles/export_field_2d.x.dir/export_field_2d.f90-pp.f90
[217/504] Building Fortran preprocessed test/tests/CMakeFiles/test_stencil_utils.x.dir/test_stencil_utils.f90-pp.f90
[218/504] Generating Fortran dyndep file test/tests/CMakeFiles/testing_utils.dir/Fortran.dd
[219/504] Building Fortran preprocessed test/tests/CMakeFiles/test_array_utils.x.dir/test_array_utils.f90-pp.f90
[220/504] Building Fortran preprocessed test/tests/field_can/CMakeFiles/test_field_can_meiss.x.dir/test_field_can_meiss.f90-pp.f90
[221/504] Building Fortran object _deps/gvec-build/CMakeFiles/gveclibF90.dir/src/io_netcdf.f90.o
[222/504] Building Fortran object _deps/gvec-build/CMakeFiles/gveclibF90.dir/src/base/basis1d.f90.o
[223/504] Building Fortran object _deps/gvec-build/CMakeFiles/gveclibF90.dir/src/base/bsplines/sll_m_bsplines_non_uniform.f90.o
/proj/plasma/CODE/ert/SIMPLE/build/_deps/gvec-src/src/base/bsplines/sll_m_bsplines_non_uniform.f90:158:44:

  158 |   !> @param[out] values  array of B-splines' values
      |                                            1
Warning: missing terminating ' character
/proj/plasma/CODE/ert/SIMPLE/build/_deps/gvec-src/src/base/bsplines/sll_m_bsplines_non_uniform.f90:211:21:

  211 |   !> derivs[j] = B_j'(x) for jmin <= j <= jmin+degree
      |                     1
Warning: missing terminating ' character
/proj/plasma/CODE/ert/SIMPLE/build/_deps/gvec-src/src/base/bsplines/sll_m_bsplines_non_uniform.f90:215:44:

  215 |   !> @param[out] derivs  array of B-splines' derivatives
      |                                            1
Warning: missing terminating ' character
/proj/plasma/CODE/ert/SIMPLE/build/_deps/gvec-src/src/base/bsplines/sll_m_bsplines_non_uniform.f90:296:44:

  296 |   !> @param[out] derivs  array of B-splines' (multiple) derivatives
      |                                            1
Warning: missing terminating ' character
[224/504] Building Fortran object _deps/gvec-build/CMakeFiles/gveclibF90.dir/src/output/output.f90.o
[225/504] Building Fortran object _deps/gvec-build/CMakeFiles/gveclibF90.dir/src/base/bsplines/sll_m_spline_matrix.f90.o
[226/504] Building Fortran preprocessed test/tests/field_can/CMakeFiles/test_field_can_albert.x.dir/test_field_can_albert.f90-pp.f90
[227/504] Building Fortran preprocessed test/tests/field_can/CMakeFiles/test_field_can_transforms.x.dir/test_field_can_transforms.f90-pp.f90
[228/504] Building Fortran preprocessed test/tests/magfie/CMakeFiles/test_magfie_coils.x.dir/test_magfie_coils.f90-pp.f90
[229/504] Building Fortran preprocessed test/tests/orbit/CMakeFiles/test_orbit.x.dir/test_orbit.f90-pp.f90
[230/504] Building Fortran object test/tests/CMakeFiles/testing_utils.dir/results.f90.o
[231/504] Building Fortran object test/tests/CMakeFiles/testing_utils.dir/utility.f90.o
[232/504] Building Fortran object _deps/gvec-build/CMakeFiles/gveclibF90.dir/src/base/bsplines/sll_m_bsplines.f90.o
[233/504] Linking Fortran static library libneo/librkf45.a
[234/504] Building Fortran object src/contrib/CMakeFiles/CONTRIB.dir/minpack.f90.o
/proj/plasma/CODE/ert/SIMPLE/src/contrib/minpack.f90:122:10:

  122 |       if ( temp == 0.0D+00 ) then
      |          1
Warning: Equality comparison for REAL(8) at (1) [-Wcompare-reals]
/proj/plasma/CODE/ert/SIMPLE/src/contrib/minpack.f90:139:10:

  139 |       if ( temp == 0.0D+00 ) then
      |          1
Warning: Equality comparison for REAL(8) at (1) [-Wcompare-reals]
/proj/plasma/CODE/ert/SIMPLE/src/contrib/minpack.f90:149:35:

  149 |       if ( fvec(i) /= 0.0D+00 .and. fvecp(i) /= 0.0D+00 .and. &
      |                                   1
Warning: Inequality comparison for REAL(8) at (1) [-Wcompare-reals]
/proj/plasma/CODE/ert/SIMPLE/src/contrib/minpack.f90:149:10:

  149 |       if ( fvec(i) /= 0.0D+00 .and. fvecp(i) /= 0.0D+00 .and. &
      |          1
Warning: Inequality comparison for REAL(8) at (1) [-Wcompare-reals]
/proj/plasma/CODE/ert/SIMPLE/src/contrib/minpack.f90:280:9:

  280 |      if ( temp == 0.0D+00 ) then
      |         1
Warning: Equality comparison for REAL(8) at (1) [-Wcompare-reals]
/proj/plasma/CODE/ert/SIMPLE/src/contrib/minpack.f90:288:11:

  288 |        if ( temp == 0.0D+00 ) then
      |           1
Warning: Equality comparison for REAL(8) at (1) [-Wcompare-reals]
/proj/plasma/CODE/ert/SIMPLE/src/contrib/minpack.f90:304:10:

  304 |   qnorm = enorm ( n, wa2 )
      |          1
Warning: Procedure ‘enorm’ called with an implicit interface at (1) [-Wimplicit-interface]
/proj/plasma/CODE/ert/SIMPLE/src/contrib/minpack.f90:326:10:

  326 |   gnorm = enorm ( n, wa1 )
      |          1
Warning: Procedure ‘enorm’ called with an implicit interface at (1) [-Wimplicit-interface]
/proj/plasma/CODE/ert/SIMPLE/src/contrib/minpack.f90:330:6:

  330 |   if ( gnorm /= 0.0D+00 ) then
      |      1
Warning: Inequality comparison for REAL(8) at (1) [-Wcompare-reals]
/proj/plasma/CODE/ert/SIMPLE/src/contrib/minpack.f90:346:11:

  346 |     temp = enorm ( n, wa2 )
      |           1
Warning: Procedure ‘enorm’ called with an implicit interface at (1) [-Wimplicit-interface]
/proj/plasma/CODE/ert/SIMPLE/src/contrib/minpack.f90:358:14:

  358 |       bnorm = enorm ( n, qtb )
      |              1
Warning: Procedure ‘enorm’ called with an implicit interface at (1) [-Wimplicit-interface]
/proj/plasma/CODE/ert/SIMPLE/src/contrib/minpack.f90:517:16:

  517 |       else if ( xabs /= 0.0D+00 ) then
      |                1
Warning: Inequality comparison for REAL(8) at (1) [-Wcompare-reals]
/proj/plasma/CODE/ert/SIMPLE/src/contrib/minpack.f90:540:6:

  540 |   if ( s1 /= 0.0D+00 ) then
      |      1
Warning: Inequality comparison for REAL(8) at (1) [-Wcompare-reals]
/proj/plasma/CODE/ert/SIMPLE/src/contrib/minpack.f90:544:12:

  544 |   else if ( s2 /= 0.0D+00 ) then
      |            1
Warning: Inequality comparison for REAL(8) at (1) [-Wcompare-reals]
/proj/plasma/CODE/ert/SIMPLE/src/contrib/minpack.f90:673:12:

  673 |         if ( h == 0.0D+00 ) then
      |            1
Warning: Equality comparison for REAL(8) at (1) [-Wcompare-reals]
/proj/plasma/CODE/ert/SIMPLE/src/contrib/minpack.f90:679:37:

  679 |         call fcn ( n, x, wa1, iflag )
      |                                     1
Warning: Procedure ‘fcn’ called with an implicit interface at (1) [-Wimplicit-interface]
/proj/plasma/CODE/ert/SIMPLE/src/contrib/minpack.f90:699:14:

  699 |           if ( h == 0.0D+00 ) then
      |              1
Warning: Equality comparison for REAL(8) at (1) [-Wcompare-reals]
/proj/plasma/CODE/ert/SIMPLE/src/contrib/minpack.f90:706:37:

  706 |         call fcn ( n, x, wa1, iflag )
      |                                     1
Warning: Procedure ‘fcn’ called with an implicit interface at (1) [-Wimplicit-interface]
/proj/plasma/CODE/ert/SIMPLE/src/contrib/minpack.f90:717:15:

  717 |            if ( h == 0.0D+00 ) then
      |               1
Warning: Equality comparison for REAL(8) at (1) [-Wcompare-reals]
/proj/plasma/CODE/ert/SIMPLE/src/contrib/minpack.f90:839:8:

  839 |     if ( h == 0.0D+00 ) then
      |        1
Warning: Equality comparison for REAL(8) at (1) [-Wcompare-reals]
/proj/plasma/CODE/ert/SIMPLE/src/contrib/minpack.f90:845:35:

  845 |     call fcn ( m, n, x, wa, iflag )
      |                                   1
Warning: Procedure ‘fcn’ called with an implicit interface at (1) [-Wimplicit-interface]
/proj/plasma/CODE/ert/SIMPLE/src/contrib/minpack.f90:1080:32:

 1080 |   call fcn ( n, x, fvec, iflag )
      |                                1
Warning: Procedure ‘fcn’ called with an implicit interface at (1) [-Wimplicit-interface]
/proj/plasma/CODE/ert/SIMPLE/src/contrib/minpack.f90:1087:10:

 1087 |   fnorm = enorm ( n, fvec )
      |          1
Warning: Procedure ‘enorm’ called with an implicit interface at (1) [-Wimplicit-interface]
/proj/plasma/CODE/ert/SIMPLE/src/contrib/minpack.f90:1110:72:

 1110 |     call fdjac1 ( fcn, n, x, fvec, fjac, ldfjac, iflag, ml, mu, epsfcn )
      |                                                                        1
Warning: Procedure ‘fdjac1’ called with an implicit interface at (1) [-Wimplicit-interface]
/proj/plasma/CODE/ert/SIMPLE/src/contrib/minpack.f90:4826:16:

 4826 |     acnorm(j) = enorm ( m, a(1:m,j) )
      |                1
Warning: Procedure ‘enorm’ called with an implicit interface at (1) [-Wimplicit-interface]
/proj/plasma/CODE/ert/SIMPLE/src/contrib/minpack.f90:4876:13:

 4876 |     ajnorm = enorm ( m-j+1, a(j,j) )
      |             1
Warning: Procedure ‘enorm’ called with an implicit interface at (1) [-Wimplicit-interface]
/proj/plasma/CODE/ert/SIMPLE/src/contrib/minpack.f90:4878:8:

 4878 |     if ( ajnorm /= 0.0D+00 ) then
      |        1
Warning: Inequality comparison for REAL(8) at (1) [-Wcompare-reals]
/proj/plasma/CODE/ert/SIMPLE/src/contrib/minpack.f90:4895:24:

 4895 |         if ( pivot .and. rdiag(k) /= 0.0D+00 ) then
      |                        1
Warning: Inequality comparison for REAL(8) at (1) [-Wcompare-reals]
/proj/plasma/CODE/ert/SIMPLE/src/contrib/minpack.f90:4901:23:

 4901 |             rdiag(k) = enorm ( m-j, a(j+1,k) )
      |                       1
Warning: Procedure ‘enorm’ called with an implicit interface at (1) [-Wimplicit-interface]
/proj/plasma/CODE/ert/SIMPLE/src/contrib/minpack.f90:1121:62:

 1121 |     call qrfac ( n, n, fjac, ldfjac, pivot, iwa, 1, wa1, wa2 )
      |                                                              1
Warning: Procedure ‘qrfac’ called with an implicit interface at (1) [-Wimplicit-interface]
/proj/plasma/CODE/ert/SIMPLE/src/contrib/minpack.f90:1132:14:

 1132 |           if ( wa2(j) == 0.0D+00 ) then
      |              1
Warning: Equality comparison for REAL(8) at (1) [-Wcompare-reals]
/proj/plasma/CODE/ert/SIMPLE/src/contrib/minpack.f90:1143:14:

 1143 |       xnorm = enorm ( n, wa3 )
      |              1
Warning: Procedure ‘enorm’ called with an implicit interface at (1) [-Wimplicit-interface]
/proj/plasma/CODE/ert/SIMPLE/src/contrib/minpack.f90:1145:10:

 1145 |       if ( delta == 0.0D+00 ) then
      |          1
Warning: Equality comparison for REAL(8) at (1) [-Wcompare-reals]
/proj/plasma/CODE/ert/SIMPLE/src/contrib/minpack.f90:1157:11:

 1157 |        if ( fjac(j,j) /= 0.0D+00 ) then
      |           1
Warning: Inequality comparison for REAL(8) at (1) [-Wcompare-reals]
/proj/plasma/CODE/ert/SIMPLE/src/contrib/minpack.f90:1175:12:

 1175 |         if ( wa1(j) == 0.0D+00 ) then
      |            1
Warning: Equality comparison for REAL(8) at (1) [-Wcompare-reals]
/proj/plasma/CODE/ert/SIMPLE/src/contrib/minpack.f90:4707:8:

 4707 |     if ( wa(k) /= 0.0D+00 ) then
      |        1
Warning: Inequality comparison for REAL(8) at (1) [-Wcompare-reals]
/proj/plasma/CODE/ert/SIMPLE/src/contrib/minpack.f90:1182:38:

 1182 |      call qform ( n, n, fjac, ldfjac )
      |                                      1
Warning: Procedure ‘qform’ called with an implicit interface at (1) [-Wimplicit-interface]
/proj/plasma/CODE/ert/SIMPLE/src/contrib/minpack.f90:1201:42:

 1201 |             call fcn ( n, x, fvec, iflag )
      |                                          1
Warning: Procedure ‘fcn’ called with an implicit interface at (1) [-Wimplicit-interface]
/proj/plasma/CODE/ert/SIMPLE/src/contrib/minpack.f90:1210:55:

 1210 |         call dogleg ( n, r, lr, diag, qtf, delta, wa1 )
      |                                                       1
Warning: Procedure ‘dogleg’ called with an implicit interface at (1) [-Wimplicit-interface]
/proj/plasma/CODE/ert/SIMPLE/src/contrib/minpack.f90:1219:16:

 1219 |         pnorm = enorm ( n, wa3 )
      |                1
Warning: Procedure ‘enorm’ called with an implicit interface at (1) [-Wimplicit-interface]
/proj/plasma/CODE/ert/SIMPLE/src/contrib/minpack.f90:1230:39:

 1230 |         call fcn ( n, wa2, wa4, iflag )
      |                                       1
Warning: Procedure ‘fcn’ called with an implicit interface at (1) [-Wimplicit-interface]
/proj/plasma/CODE/ert/SIMPLE/src/contrib/minpack.f90:1237:17:

 1237 |         fnorm1 = enorm ( n, wa4 )
      |                 1
Warning: Procedure ‘enorm’ called with an implicit interface at (1) [-Wimplicit-interface]
/proj/plasma/CODE/ert/SIMPLE/src/contrib/minpack.f90:1258:15:

 1258 |         temp = enorm ( n, wa3 )
      |               1
Warning: Procedure ‘enorm’ called with an implicit interface at (1) [-Wimplicit-interface]
/proj/plasma/CODE/ert/SIMPLE/src/contrib/minpack.f90:1303:18:

 1303 |           xnorm = enorm ( n, wa2 )
      |                  1
Warning: Procedure ‘enorm’ called with an implicit interface at (1) [-Wimplicit-interface]
/proj/plasma/CODE/ert/SIMPLE/src/contrib/minpack.f90:1325:39:

 1325 |         if ( delta <= xtol * xnorm .or. fnorm == 0.0D+00 ) then
      |                                       1
Warning: Equality comparison for REAL(8) at (1) [-Wcompare-reals]
/proj/plasma/CODE/ert/SIMPLE/src/contrib/minpack.f90:5364:8:

 5364 |     if ( v(j) /= 0.0D+00 ) then
      |        1
Warning: Inequality comparison for REAL(8) at (1) [-Wcompare-reals]
/proj/plasma/CODE/ert/SIMPLE/src/contrib/minpack.f90:5414:8:

 5414 |     if ( w(j) /= 0.0D+00 ) then
      |        1
Warning: Inequality comparison for REAL(8) at (1) [-Wcompare-reals]
/proj/plasma/CODE/ert/SIMPLE/src/contrib/minpack.f90:5458:8:

 5458 |     if ( s(jj) == 0.0D+00 ) then
      |        1
Warning: Equality comparison for REAL(8) at (1) [-Wcompare-reals]
/proj/plasma/CODE/ert/SIMPLE/src/contrib/minpack.f90:5474:6:

 5474 |   if ( s(jj) == 0.0D+00 ) then
      |      1
Warning: Equality comparison for REAL(8) at (1) [-Wcompare-reals]
/proj/plasma/CODE/ert/SIMPLE/src/contrib/minpack.f90:1376:56:

 1376 |         call r1updt ( n, n, r, lr, wa1, wa2, wa3, sing )
      |                                                        1
Warning: Procedure ‘r1updt’ called with an implicit interface at (1) [-Wimplicit-interface]
/proj/plasma/CODE/ert/SIMPLE/src/contrib/minpack.f90:1377:52:

 1377 |         call r1mpyq ( n, n, fjac, ldfjac, wa2, wa3 )
      |                                                    1
Warning: Procedure ‘r1mpyq’ called with an implicit interface at (1) [-Wimplicit-interface]
/proj/plasma/CODE/ert/SIMPLE/src/contrib/minpack.f90:1378:46:

 1378 |         call r1mpyq ( 1, n, qtf, 1, wa2, wa3 )
      |                                              1
Warning: Procedure ‘r1mpyq’ called with an implicit interface at (1) [-Wimplicit-interface]
/proj/plasma/CODE/ert/SIMPLE/src/contrib/minpack.f90:1402:34:

 1402 |     call fcn ( n, x, fvec, iflag )
      |                                  1
Warning: Procedure ‘fcn’ called with an implicit interface at (1) [-Wimplicit-interface]
/proj/plasma/CODE/ert/SIMPLE/src/contrib/minpack.f90:1535:58:

 1535 |     factor, nprint, info, nfev, fjac, ldfjac, r, lr, qtf )
      |                                                          1
Warning: Procedure ‘hybrd’ called with an implicit interface at (1) [-Wimplicit-interface]
/proj/plasma/CODE/ert/SIMPLE/src/contrib/minpack.f90:1732:50:

 1732 |       call fcn ( n, x, fvec, fjac, ldfjac, iflag )
      |                                                  1
Warning: Procedure ‘fcn’ called with an implicit interface at (1) [-Wimplicit-interface]
/proj/plasma/CODE/ert/SIMPLE/src/contrib/minpack.f90:1747:50:

 1747 |       call fcn ( n, x, fvec, fjac, ldfjac, iflag )
      |                                                  1
Warning: Procedure ‘fcn’ called with an implicit interface at (1) [-Wimplicit-interface]
/proj/plasma/CODE/ert/SIMPLE/src/contrib/minpack.f90:1760:54:

 1760 |           call fcn ( n, x, fvec, fjac, ldfjac, iflag )
      |                                                      1
Warning: Procedure ‘fcn’ called with an implicit interface at (1) [-Wimplicit-interface]
/proj/plasma/CODE/ert/SIMPLE/src/contrib/minpack.f90:1770:46:

 1770 |   call fcn ( n, x, fvec, fjac, ldfjac, iflag )
      |                                              1
Warning: Procedure ‘fcn’ called with an implicit interface at (1) [-Wimplicit-interface]
/proj/plasma/CODE/ert/SIMPLE/src/contrib/minpack.f90:1779:50:

 1779 |       call fcn ( n, x, fvec, fjac, ldfjac, iflag )
      |                                                  1
Warning: Procedure ‘fcn’ called with an implicit interface at (1) [-Wimplicit-interface]
/proj/plasma/CODE/ert/SIMPLE/src/contrib/minpack.f90:1784:10:

 1784 |   fnorm = enorm ( n, fvec )
      |          1
Warning: Procedure ‘enorm’ called with an implicit interface at (1) [-Wimplicit-interface]
/proj/plasma/CODE/ert/SIMPLE/src/contrib/minpack.f90:1803:48:

 1803 |     call fcn ( n, x, fvec, fjac, ldfjac, iflag )
      |                                                1
Warning: Procedure ‘fcn’ called with an implicit interface at (1) [-Wimplicit-interface]
/proj/plasma/CODE/ert/SIMPLE/src/contrib/minpack.f90:1810:52:

 1810 |         call fcn ( n, x, fvec, fjac, ldfjac, iflag )
      |                                                    1
Warning: Procedure ‘fcn’ called with an implicit interface at (1) [-Wimplicit-interface]
/proj/plasma/CODE/ert/SIMPLE/src/contrib/minpack.f90:1818:62:

 1818 |     call qrfac ( n, n, fjac, ldfjac, pivot, iwa, 1, wa1, wa2 )
      |                                                              1
Warning: Procedure ‘qrfac’ called with an implicit interface at (1) [-Wimplicit-interface]
/proj/plasma/CODE/ert/SIMPLE/src/contrib/minpack.f90:1828:14:

 1828 |           if ( wa2(j) == 0.0D+00 ) then
      |              1
Warning: Equality comparison for REAL(8) at (1) [-Wcompare-reals]
/proj/plasma/CODE/ert/SIMPLE/src/contrib/minpack.f90:1838:14:

 1838 |       xnorm = enorm ( n, wa3 )
      |              1
Warning: Procedure ‘enorm’ called with an implicit interface at (1) [-Wimplicit-interface]
/proj/plasma/CODE/ert/SIMPLE/src/contrib/minpack.f90:1840:10:

 1840 |       if ( delta == 0.0D+00 ) then
      |          1
Warning: Equality comparison for REAL(8) at (1) [-Wcompare-reals]
/proj/plasma/CODE/ert/SIMPLE/src/contrib/minpack.f90:1851:10:

 1851 |       if ( fjac(j,j) /= 0.0D+00 ) then
      |          1
Warning: Inequality comparison for REAL(8) at (1) [-Wcompare-reals]
/proj/plasma/CODE/ert/SIMPLE/src/contrib/minpack.f90:1874:10:

 1874 |       if ( wa1(j) == 0.0D+00 ) then
      |          1
Warning: Equality comparison for REAL(8) at (1) [-Wcompare-reals]
/proj/plasma/CODE/ert/SIMPLE/src/contrib/minpack.f90:1881:37:

 1881 |     call qform ( n, n, fjac, ldfjac )
      |                                     1
Warning: Procedure ‘qform’ called with an implicit interface at (1) [-Wimplicit-interface]
/proj/plasma/CODE/ert/SIMPLE/src/contrib/minpack.f90:1901:54:

 1901 |           call fcn ( n, x, fvec, fjac, ldfjac, iflag )
      |                                                      1
Warning: Procedure ‘fcn’ called with an implicit interface at (1) [-Wimplicit-interface]
/proj/plasma/CODE/ert/SIMPLE/src/contrib/minpack.f90:1908:56:

 1908 |             call fcn ( n, x, fvec, fjac, ldfjac, iflag )
      |                                                        1
Warning: Procedure ‘fcn’ called with an implicit interface at (1) [-Wimplicit-interface]
/proj/plasma/CODE/ert/SIMPLE/src/contrib/minpack.f90:1917:53:

 1917 |       call dogleg ( n, r, lr, diag, qtf, delta, wa1 )
      |                                                     1
Warning: Procedure ‘dogleg’ called with an implicit interface at (1) [-Wimplicit-interface]
/proj/plasma/CODE/ert/SIMPLE/src/contrib/minpack.f90:1925:14:

 1925 |       pnorm = enorm ( n, wa3 )
      |              1
Warning: Procedure ‘enorm’ called with an implicit interface at (1) [-Wimplicit-interface]
/proj/plasma/CODE/ert/SIMPLE/src/contrib/minpack.f90:1936:51:

 1936 |       call fcn ( n, wa2, wa4, fjac, ldfjac, iflag )
      |                                                   1
Warning: Procedure ‘fcn’ called with an implicit interface at (1) [-Wimplicit-interface]
/proj/plasma/CODE/ert/SIMPLE/src/contrib/minpack.f90:1943:54:

 1943 |           call fcn ( n, x, fvec, fjac, ldfjac, iflag )
      |                                                      1
Warning: Procedure ‘fcn’ called with an implicit interface at (1) [-Wimplicit-interface]
/proj/plasma/CODE/ert/SIMPLE/src/contrib/minpack.f90:1948:15:

 1948 |       fnorm1 = enorm ( n, wa4 )
      |               1
Warning: Procedure ‘enorm’ called with an implicit interface at (1) [-Wimplicit-interface]
/proj/plasma/CODE/ert/SIMPLE/src/contrib/minpack.f90:1969:13:

 1969 |       temp = enorm ( n, wa3 )
      |             1
Warning: Procedure ‘enorm’ called with an implicit interface at (1) [-Wimplicit-interface]
/proj/plasma/CODE/ert/SIMPLE/src/contrib/minpack.f90:2017:16:

 2017 |         xnorm = enorm ( n, wa2 )
      |                1
Warning: Procedure ‘enorm’ called with an implicit interface at (1) [-Wimplicit-interface]
/proj/plasma/CODE/ert/SIMPLE/src/contrib/minpack.f90:2039:37:

 2039 |       if ( delta <= xtol * xnorm .or. fnorm == 0.0D+00 ) then
      |                                     1
Warning: Equality comparison for REAL(8) at (1) [-Wcompare-reals]
/proj/plasma/CODE/ert/SIMPLE/src/contrib/minpack.f90:2046:54:

 2046 |           call fcn ( n, x, fvec, fjac, ldfjac, iflag )
      |                                                      1
Warning: Procedure ‘fcn’ called with an implicit interface at (1) [-Wimplicit-interface]
/proj/plasma/CODE/ert/SIMPLE/src/contrib/minpack.f90:2072:54:

 2072 |           call fcn ( n, x, fvec, fjac, ldfjac, iflag )
      |                                                      1
Warning: Procedure ‘fcn’ called with an implicit interface at (1) [-Wimplicit-interface]
/proj/plasma/CODE/ert/SIMPLE/src/contrib/minpack.f90:2097:54:

 2097 |       call r1updt ( n, n, r, lr, wa1, wa2, wa3, sing )
      |                                                      1
Warning: Procedure ‘r1updt’ called with an implicit interface at (1) [-Wimplicit-interface]
/proj/plasma/CODE/ert/SIMPLE/src/contrib/minpack.f90:2098:50:

 2098 |       call r1mpyq ( n, n, fjac, ldfjac, wa2, wa3 )
      |                                                  1
Warning: Procedure ‘r1mpyq’ called with an implicit interface at (1) [-Wimplicit-interface]
/proj/plasma/CODE/ert/SIMPLE/src/contrib/minpack.f90:2099:44:

 2099 |       call r1mpyq ( 1, n, qtf, 1, wa2, wa3 )
      |                                            1
Warning: Procedure ‘r1mpyq’ called with an implicit interface at (1) [-Wimplicit-interface]
/proj/plasma/CODE/ert/SIMPLE/src/contrib/minpack.f90:2239:50:

 2239 |     factor, nprint, info, nfev, njev, r, lr, qtf )
      |                                                  1
Warning: Procedure ‘hybrj’ called with an implicit interface at (1) [-Wimplicit-interface]
/proj/plasma/CODE/ert/SIMPLE/src/contrib/minpack.f90:2479:49:

 2479 |   call fcn ( m, n, x, fvec, fjac, ldfjac, iflag )
      |                                                 1
Warning: Procedure ‘fcn’ called with an implicit interface at (1) [-Wimplicit-interface]
/proj/plasma/CODE/ert/SIMPLE/src/contrib/minpack.f90:2485:10:

 2485 |   fnorm = enorm ( m, fvec )
      |          1
Warning: Procedure ‘enorm’ called with an implicit interface at (1) [-Wimplicit-interface]
/proj/plasma/CODE/ert/SIMPLE/src/contrib/minpack.f90:2499:51:

 2499 |     call fcn ( m, n, x, fvec, fjac, ldfjac, iflag )
      |                                                   1
Warning: Procedure ‘fcn’ called with an implicit interface at (1) [-Wimplicit-interface]
/proj/plasma/CODE/ert/SIMPLE/src/contrib/minpack.f90:2512:55:

 2512 |         call fcn ( m, n, x, fvec, fjac, ldfjac, iflag )
      |                                                       1
Warning: Procedure ‘fcn’ called with an implicit interface at (1) [-Wimplicit-interface]
/proj/plasma/CODE/ert/SIMPLE/src/contrib/minpack.f90:2522:63:

 2522 |     call qrfac ( m, n, fjac, ldfjac, pivot, ipvt, n, wa1, wa2 )
      |                                                               1
Warning: Procedure ‘qrfac’ called with an implicit interface at (1) [-Wimplicit-interface]
/proj/plasma/CODE/ert/SIMPLE/src/contrib/minpack.f90:2532:14:

 2532 |           if ( wa2(j) == 0.0D+00 ) then
      |              1
Warning: Equality comparison for REAL(8) at (1) [-Wcompare-reals]
/proj/plasma/CODE/ert/SIMPLE/src/contrib/minpack.f90:2543:14:

 2543 |       xnorm = enorm ( n, wa3 )
      |              1
Warning: Procedure ‘enorm’ called with an implicit interface at (1) [-Wimplicit-interface]
/proj/plasma/CODE/ert/SIMPLE/src/contrib/minpack.f90:2545:10:

 2545 |       if ( delta == 0.0D+00 ) then
      |          1
Warning: Equality comparison for REAL(8) at (1) [-Wcompare-reals]
/proj/plasma/CODE/ert/SIMPLE/src/contrib/minpack.f90:2557:10:

 2557 |       if ( fjac(j,j) /= 0.0D+00 ) then
      |          1
Warning: Inequality comparison for REAL(8) at (1) [-Wcompare-reals]
/proj/plasma/CODE/ert/SIMPLE/src/contrib/minpack.f90:2572:8:

 2572 |     if ( fnorm /= 0.0D+00 ) then
      |        1
Warning: Inequality comparison for REAL(8) at (1) [-Wcompare-reals]
/proj/plasma/CODE/ert/SIMPLE/src/contrib/minpack.f90:2576:12:

 2576 |         if ( wa2(l) /= 0.0D+00 ) then
      |            1
Warning: Inequality comparison for REAL(8) at (1) [-Wcompare-reals]
/proj/plasma/CODE/ert/SIMPLE/src/contrib/minpack.f90:3738:8:

 3738 |     if ( r(j,j) == 0.0D+00 .and. nsing == n ) then
      |        1
Warning: Equality comparison for REAL(8) at (1) [-Wcompare-reals]
/proj/plasma/CODE/ert/SIMPLE/src/contrib/minpack.f90:3764:11:

 3764 |   dxnorm = enorm ( n, wa2 )
      |           1
Warning: Procedure ‘enorm’ called with an implicit interface at (1) [-Wimplicit-interface]
/proj/plasma/CODE/ert/SIMPLE/src/contrib/minpack.f90:3794:11:

 3794 |     temp = enorm ( n, wa1 )
      |           1
Warning: Procedure ‘enorm’ called with an implicit interface at (1) [-Wimplicit-interface]
/proj/plasma/CODE/ert/SIMPLE/src/contrib/minpack.f90:3807:10:

 3807 |   gnorm = enorm ( n, wa1 )
      |          1
Warning: Procedure ‘enorm’ called with an implicit interface at (1) [-Wimplicit-interface]
/proj/plasma/CODE/ert/SIMPLE/src/contrib/minpack.f90:3810:6:

 3810 |   if ( paru == 0.0D+00 ) then
      |      1
Warning: Equality comparison for REAL(8) at (1) [-Wcompare-reals]
/proj/plasma/CODE/ert/SIMPLE/src/contrib/minpack.f90:3819:6:

 3819 |   if ( par == 0.0D+00 ) then
      |      1
Warning: Equality comparison for REAL(8) at (1) [-Wcompare-reals]
/proj/plasma/CODE/ert/SIMPLE/src/contrib/minpack.f90:3831:8:

 3831 |     if ( par == 0.0D+00 ) then
      |        1
Warning: Equality comparison for REAL(8) at (1) [-Wcompare-reals]
/proj/plasma/CODE/ert/SIMPLE/src/contrib/minpack.f90:5046:8:

 5046 |     if ( diag(l) /= 0.0D+00 ) then
      |        1
Warning: Inequality comparison for REAL(8) at (1) [-Wcompare-reals]
/proj/plasma/CODE/ert/SIMPLE/src/contrib/minpack.f90:5062:12:

 5062 |         if ( sdiag(k) /= 0.0D+00 ) then
      |            1
Warning: Inequality comparison for REAL(8) at (1) [-Wcompare-reals]
/proj/plasma/CODE/ert/SIMPLE/src/contrib/minpack.f90:5111:8:

 5111 |     if ( sdiag(j) == 0.0D+00 .and. nsing == n ) then
      |        1
Warning: Equality comparison for REAL(8) at (1) [-Wcompare-reals]
/proj/plasma/CODE/ert/SIMPLE/src/contrib/minpack.f90:3837:55:

 3837 |     call qrsolv ( n, r, ldr, ipvt, wa1, qtb, x, sdiag )
      |                                                       1
Warning: Procedure ‘qrsolv’ called with an implicit interface at (1) [-Wimplicit-interface]
/proj/plasma/CODE/ert/SIMPLE/src/contrib/minpack.f90:3840:13:

 3840 |     dxnorm = enorm ( n, wa2 )
      |             1
Warning: Procedure ‘enorm’ called with an implicit interface at (1) [-Wimplicit-interface]
/proj/plasma/CODE/ert/SIMPLE/src/contrib/minpack.f90:3853:8:

 3853 |     if ( parl == 0.0D+00 .and. fp <= temp .and. temp < 0.0D+00 ) then
      |        1
Warning: Equality comparison for REAL(8) at (1) [-Wcompare-reals]
/proj/plasma/CODE/ert/SIMPLE/src/contrib/minpack.f90:3872:11:

 3872 |     temp = enorm ( n, wa1 )
      |           1
Warning: Procedure ‘enorm’ called with an implicit interface at (1) [-Wimplicit-interface]
/proj/plasma/CODE/ert/SIMPLE/src/contrib/minpack.f90:2605:73:

 2605 |     call lmpar ( n, fjac, ldfjac, ipvt, diag, qtf, delta, par, wa1, wa2 )
      |                                                                         1
Warning: Procedure ‘lmpar’ called with an implicit interface at (1) [-Wimplicit-interface]
/proj/plasma/CODE/ert/SIMPLE/src/contrib/minpack.f90:2613:12:

 2613 |     pnorm = enorm ( n, wa3 )
      |            1
Warning: Procedure ‘enorm’ called with an implicit interface at (1) [-Wimplicit-interface]
/proj/plasma/CODE/ert/SIMPLE/src/contrib/minpack.f90:2624:52:

 2624 |     call fcn ( m, n, wa2, wa4, fjac, ldfjac, iflag )
      |                                                    1
Warning: Procedure ‘fcn’ called with an implicit interface at (1) [-Wimplicit-interface]
/proj/plasma/CODE/ert/SIMPLE/src/contrib/minpack.f90:2632:13:

 2632 |     fnorm1 = enorm ( m, wa4 )
      |             1
Warning: Procedure ‘enorm’ called with an implicit interface at (1) [-Wimplicit-interface]
/proj/plasma/CODE/ert/SIMPLE/src/contrib/minpack.f90:2651:17:

 2651 |     temp1 = enorm ( n, wa3 ) / fnorm
      |                 1
Warning: Procedure ‘enorm’ called with an implicit interface at (1) [-Wimplicit-interface]
/proj/plasma/CODE/ert/SIMPLE/src/contrib/minpack.f90:2658:8:

 2658 |     if ( prered /= 0.0D+00 ) then
      |        1
Warning: Inequality comparison for REAL(8) at (1) [-Wcompare-reals]
/proj/plasma/CODE/ert/SIMPLE/src/contrib/minpack.f90:2685:10:

 2685 |       if ( par == 0.0D+00 .or. ratio >= 0.75D+00 ) then
      |          1
Warning: Equality comparison for REAL(8) at (1) [-Wcompare-reals]
/proj/plasma/CODE/ert/SIMPLE/src/contrib/minpack.f90:2700:14:

 2700 |       xnorm = enorm ( n, wa2 )
      |              1
Warning: Procedure ‘enorm’ called with an implicit interface at (1) [-Wimplicit-interface]
/proj/plasma/CODE/ert/SIMPLE/src/contrib/minpack.f90:2770:51:

 2770 |     call fcn ( m, n, x, fvec, fjac, ldfjac, iflag )
      |                                                   1
Warning: Procedure ‘fcn’ called with an implicit interface at (1) [-Wimplicit-interface]
/proj/plasma/CODE/ert/SIMPLE/src/contrib/minpack.f90:2919:61:

 2919 |     diag, mode, factor, nprint, info, nfev, njev, ipvt, qtf )
      |                                                             1
Warning: Procedure ‘lmder’ called with an implicit interface at (1) [-Wimplicit-interface]
/proj/plasma/CODE/ert/SIMPLE/src/contrib/minpack.f90:3162:35:

 3162 |   call fcn ( m, n, x, fvec, iflag )
      |                                   1
Warning: Procedure ‘fcn’ called with an implicit interface at (1) [-Wimplicit-interface]
/proj/plasma/CODE/ert/SIMPLE/src/contrib/minpack.f90:3169:10:

 3169 |   fnorm = enorm ( m, fvec )
      |          1
Warning: Procedure ‘enorm’ called with an implicit interface at (1) [-Wimplicit-interface]
/proj/plasma/CODE/ert/SIMPLE/src/contrib/minpack.f90:3183:65:

 3183 |   call fdjac2 ( fcn, m, n, x, fvec, fjac, ldfjac, iflag, epsfcn )
      |                                                                 1
Warning: Procedure ‘fdjac2’ called with an implicit interface at (1) [-Wimplicit-interface]
/proj/plasma/CODE/ert/SIMPLE/src/contrib/minpack.f90:3195:39:

 3195 |       call fcn ( m, n, x, fvec, iflag )
      |                                       1
Warning: Procedure ‘fcn’ called with an implicit interface at (1) [-Wimplicit-interface]
/proj/plasma/CODE/ert/SIMPLE/src/contrib/minpack.f90:3205:61:

 3205 |   call qrfac ( m, n, fjac, ldfjac, pivot, ipvt, n, wa1, wa2 )
      |                                                             1
Warning: Procedure ‘qrfac’ called with an implicit interface at (1) [-Wimplicit-interface]
/proj/plasma/CODE/ert/SIMPLE/src/contrib/minpack.f90:3215:15:

 3215 |            if ( wa2(j) == 0.0D+00 ) then
      |               1
Warning: Equality comparison for REAL(8) at (1) [-Wcompare-reals]
/proj/plasma/CODE/ert/SIMPLE/src/contrib/minpack.f90:3225:15:

 3225 |        xnorm = enorm ( n, wa3 )
      |               1
Warning: Procedure ‘enorm’ called with an implicit interface at (1) [-Wimplicit-interface]
/proj/plasma/CODE/ert/SIMPLE/src/contrib/minpack.f90:3227:11:

 3227 |        if ( delta == 0.0D+00 ) then
      |           1
Warning: Equality comparison for REAL(8) at (1) [-Wcompare-reals]
/proj/plasma/CODE/ert/SIMPLE/src/contrib/minpack.f90:3238:11:

 3238 |        if ( fjac(j,j) /= 0.0D+00 ) then
      |           1
Warning: Inequality comparison for REAL(8) at (1) [-Wcompare-reals]
/proj/plasma/CODE/ert/SIMPLE/src/contrib/minpack.f90:3253:9:

 3253 |      if ( fnorm /= 0.0D+00 ) then
      |         1
Warning: Inequality comparison for REAL(8) at (1) [-Wcompare-reals]
/proj/plasma/CODE/ert/SIMPLE/src/contrib/minpack.f90:3259:13:

 3259 |          if ( wa2(l) /= 0.0D+00 ) then
      |             1
Warning: Inequality comparison for REAL(8) at (1) [-Wcompare-reals]
/proj/plasma/CODE/ert/SIMPLE/src/contrib/minpack.f90:3292:77:

 3292 |         call lmpar ( n, fjac, ldfjac, ipvt, diag, qtf, delta, par, wa1, wa2 )
      |                                                                             1
Warning: Procedure ‘lmpar’ called with an implicit interface at (1) [-Wimplicit-interface]
/proj/plasma/CODE/ert/SIMPLE/src/contrib/minpack.f90:3301:16:

 3301 |         pnorm = enorm ( n, wa3 )
      |                1
Warning: Procedure ‘enorm’ called with an implicit interface at (1) [-Wimplicit-interface]
/proj/plasma/CODE/ert/SIMPLE/src/contrib/minpack.f90:3312:42:

 3312 |         call fcn ( m, n, wa2, wa4, iflag )
      |                                          1
Warning: Procedure ‘fcn’ called with an implicit interface at (1) [-Wimplicit-interface]
/proj/plasma/CODE/ert/SIMPLE/src/contrib/minpack.f90:3317:17:

 3317 |         fnorm1 = enorm ( m, wa4 )
      |                 1
Warning: Procedure ‘enorm’ called with an implicit interface at (1) [-Wimplicit-interface]
/proj/plasma/CODE/ert/SIMPLE/src/contrib/minpack.f90:3336:21:

 3336 |         temp1 = enorm ( n, wa3 ) / fnorm
      |                     1
Warning: Procedure ‘enorm’ called with an implicit interface at (1) [-Wimplicit-interface]
/proj/plasma/CODE/ert/SIMPLE/src/contrib/minpack.f90:3344:12:

 3344 |         if ( prered /= 0.0D+00 ) then
      |            1
Warning: Inequality comparison for REAL(8) at (1) [-Wcompare-reals]
/proj/plasma/CODE/ert/SIMPLE/src/contrib/minpack.f90:3369:15:

 3369 |            if ( par == 0.0D+00 .or. ratio >= 0.75D+00 ) then
      |               1
Warning: Equality comparison for REAL(8) at (1) [-Wcompare-reals]
/proj/plasma/CODE/ert/SIMPLE/src/contrib/minpack.f90:3386:18:

 3386 |           xnorm = enorm ( n, wa2 )
      |                  1
Warning: Procedure ‘enorm’ called with an implicit interface at (1) [-Wimplicit-interface]
/proj/plasma/CODE/ert/SIMPLE/src/contrib/minpack.f90:3453:37:

 3453 |     call fcn ( m, n, x, fvec, iflag )
      |                                     1
Warning: Procedure ‘fcn’ called with an implicit interface at (1) [-Wimplicit-interface]
/proj/plasma/CODE/ert/SIMPLE/src/contrib/minpack.f90:3586:69:

 3586 |     diag, mode, factor, nprint, info, nfev, fjac, ldfjac, ipvt, qtf )
      |                                                                     1
Warning: Procedure ‘lmdif’ called with an implicit interface at (1) [-Wimplicit-interface]
/proj/plasma/CODE/ert/SIMPLE/src/contrib/minpack.f90:4139:40:

 4139 |   call fcn ( m, n, x, fvec, wa3, iflag )
      |                                        1
Warning: Procedure ‘fcn’ called with an implicit interface at (1) [-Wimplicit-interface]
/proj/plasma/CODE/ert/SIMPLE/src/contrib/minpack.f90:4146:10:

 4146 |   fnorm = enorm ( m, fvec )
      |          1
Warning: Procedure ‘enorm’ called with an implicit interface at (1) [-Wimplicit-interface]
/proj/plasma/CODE/ert/SIMPLE/src/contrib/minpack.f90:4162:47:

 4162 |          call fcn ( m, n, x, fvec, wa3, iflag )
      |                                               1
Warning: Procedure ‘fcn’ called with an implicit interface at (1) [-Wimplicit-interface]
/proj/plasma/CODE/ert/SIMPLE/src/contrib/minpack.f90:4178:45:

 4178 |        call fcn ( m, n, x, fvec, wa3, iflag )
      |                                             1
Warning: Procedure ‘fcn’ called with an implicit interface at (1) [-Wimplicit-interface]
/proj/plasma/CODE/ert/SIMPLE/src/contrib/minpack.f90:5881:8:

 5881 |     if ( rowj /= 0.0D+00 ) then
      |        1
Warning: Inequality comparison for REAL(8) at (1) [-Wcompare-reals]
/proj/plasma/CODE/ert/SIMPLE/src/contrib/minpack.f90:4183:64:

 4183 |        call rwupdt ( n, fjac, ldfjac, wa3, qtf, temp, wa1, wa2 )
      |                                                                1
Warning: Procedure ‘rwupdt’ called with an implicit interface at (1) [-Wimplicit-interface]
/proj/plasma/CODE/ert/SIMPLE/src/contrib/minpack.f90:4194:11:

 4194 |        if ( fjac(j,j) == 0.0D+00 ) then
      |           1
Warning: Equality comparison for REAL(8) at (1) [-Wcompare-reals]
/proj/plasma/CODE/ert/SIMPLE/src/contrib/minpack.f90:4198:16:

 4198 |        wa2(j) = enorm ( j, fjac(1,j) )
      |                1
Warning: Procedure ‘enorm’ called with an implicit interface at (1) [-Wimplicit-interface]
/proj/plasma/CODE/ert/SIMPLE/src/contrib/minpack.f90:4204:66:

 4204 |        call qrfac ( n, n, fjac, ldfjac, pivot, ipvt, n, wa1, wa2 )
      |                                                                  1
Warning: Procedure ‘qrfac’ called with an implicit interface at (1) [-Wimplicit-interface]
/proj/plasma/CODE/ert/SIMPLE/src/contrib/minpack.f90:4208:13:

 4208 |          if ( fjac(j,j) /= 0.0D+00 ) then
      |             1
Warning: Inequality comparison for REAL(8) at (1) [-Wcompare-reals]
/proj/plasma/CODE/ert/SIMPLE/src/contrib/minpack.f90:4234:15:

 4234 |            if ( wa2(j) == 0.0D+00 ) then
      |               1
Warning: Equality comparison for REAL(8) at (1) [-Wcompare-reals]
/proj/plasma/CODE/ert/SIMPLE/src/contrib/minpack.f90:4242:15:

 4242 |        xnorm = enorm ( n, wa3 )
      |               1
Warning: Procedure ‘enorm’ called with an implicit interface at (1) [-Wimplicit-interface]
/proj/plasma/CODE/ert/SIMPLE/src/contrib/minpack.f90:4244:11:

 4244 |        if ( delta == 0.0D+00 ) then
      |           1
Warning: Equality comparison for REAL(8) at (1) [-Wcompare-reals]
/proj/plasma/CODE/ert/SIMPLE/src/contrib/minpack.f90:4254:9:

 4254 |      if ( fnorm /= 0.0D+00 ) then
      |         1
Warning: Inequality comparison for REAL(8) at (1) [-Wcompare-reals]
/proj/plasma/CODE/ert/SIMPLE/src/contrib/minpack.f90:4258:13:

 4258 |          if ( wa2(l) /= 0.0D+00 ) then
      |             1
Warning: Inequality comparison for REAL(8) at (1) [-Wcompare-reals]
/proj/plasma/CODE/ert/SIMPLE/src/contrib/minpack.f90:4287:77:

 4287 |         call lmpar ( n, fjac, ldfjac, ipvt, diag, qtf, delta, par, wa1, wa2 )
      |                                                                             1
Warning: Procedure ‘lmpar’ called with an implicit interface at (1) [-Wimplicit-interface]
/proj/plasma/CODE/ert/SIMPLE/src/contrib/minpack.f90:4295:16:

 4295 |         pnorm = enorm ( n, wa3 )
      |                1
Warning: Procedure ‘enorm’ called with an implicit interface at (1) [-Wimplicit-interface]
/proj/plasma/CODE/ert/SIMPLE/src/contrib/minpack.f90:4306:47:

 4306 |         call fcn ( m, n, wa2, wa4, wa3, iflag )
      |                                               1
Warning: Procedure ‘fcn’ called with an implicit interface at (1) [-Wimplicit-interface]
/proj/plasma/CODE/ert/SIMPLE/src/contrib/minpack.f90:4311:17:

 4311 |         fnorm1 = enorm ( m, wa4 )
      |                 1
Warning: Procedure ‘enorm’ called with an implicit interface at (1) [-Wimplicit-interface]
/proj/plasma/CODE/ert/SIMPLE/src/contrib/minpack.f90:4331:21:

 4331 |         temp1 = enorm ( n, wa3 ) / fnorm
      |                     1
Warning: Procedure ‘enorm’ called with an implicit interface at (1) [-Wimplicit-interface]
/proj/plasma/CODE/ert/SIMPLE/src/contrib/minpack.f90:4338:12:

 4338 |         if ( prered /= 0.0D+00 ) then
      |            1
Warning: Inequality comparison for REAL(8) at (1) [-Wcompare-reals]
/proj/plasma/CODE/ert/SIMPLE/src/contrib/minpack.f90:4363:14:

 4363 |           if ( par == 0.0D+00 .or. ratio >= 0.75D+00 ) then
      |              1
Warning: Equality comparison for REAL(8) at (1) [-Wcompare-reals]
/proj/plasma/CODE/ert/SIMPLE/src/contrib/minpack.f90:4376:18:

 4376 |           xnorm = enorm ( n, wa2 )
      |                  1
Warning: Procedure ‘enorm’ called with an implicit interface at (1) [-Wimplicit-interface]
/proj/plasma/CODE/ert/SIMPLE/src/contrib/minpack.f90:4443:42:

 4443 |     call fcn ( m, n, x, fvec, wa3, iflag )
      |                                          1
Warning: Procedure ‘fcn’ called with an implicit interface at (1) [-Wimplicit-interface]
/proj/plasma/CODE/ert/SIMPLE/src/contrib/minpack.f90:4611:61:

 4611 |     diag, mode, factor, nprint, info, nfev, njev, ipvt, qtf )
      |                                                             1
Warning: Procedure ‘lmstr’ called with an implicit interface at (1) [-Wimplicit-interface]
/proj/plasma/CODE/ert/SIMPLE/src/contrib/minpack.f90:5716:12:

 5716 |         if ( a(i,j) == real ( int ( a(i,j) ), kind = 8 ) ) then
      |            1
Warning: Equality comparison for REAL(8) at (1) [-Wcompare-reals]
/proj/plasma/CODE/ert/SIMPLE/src/contrib/minpack.f90:5619:54:

 5619 |   call r8mat_print_some ( m, n, a, 1, 1, m, n, title )
      |                                                      1
Warning: Procedure ‘r8mat_print_some’ called with an implicit interface at (1) [-Wimplicit-interface]
/proj/plasma/CODE/ert/SIMPLE/src/contrib/minpack.f90:3705:24:

 3705 |   integer ( kind = 4 ) i
      |                        1
Warning: Unused variable ‘i’ declared at (1) [-Wunused-variable]
/proj/plasma/CODE/ert/SIMPLE/src/contrib/minpack.f90:3716:25:

 3716 |   real ( kind = 8 ) qnorm
      |                         1
Warning: Unused variable ‘qnorm’ declared at (1) [-Wunused-variable]
/proj/plasma/CODE/ert/SIMPLE/src/contrib/minpack.f90:4808:24:

 4808 |   integer ( kind = 4 ) i
      |                        1
Warning: Unused variable ‘i’ declared at (1) [-Wunused-variable]
/proj/plasma/CODE/ert/SIMPLE/src/contrib/minpack.f90:824:24:

  824 |   integer ( kind = 4 ) i
      |                        1
Warning: Unused variable ‘i’ declared at (1) [-Wunused-variable]
/proj/plasma/CODE/ert/SIMPLE/src/contrib/minpack.f90:2415:24:

 2415 |   integer ( kind = 4 ) i
      |                        1
Warning: Unused variable ‘i’ declared at (1) [-Wunused-variable]
/proj/plasma/CODE/ert/SIMPLE/src/contrib/minpack.f90:1492:24:

 1492 |   integer ( kind = 4 ) j
      |                        1
Warning: Unused variable ‘j’ declared at (1) [-Wunused-variable]
/proj/plasma/CODE/ert/SIMPLE/src/contrib/minpack.f90:1482:26:

 1482 |   integer ( kind = 4 ) lwa
      |                          1
Warning: Unused variable ‘lwa’ declared at (1) [-Wunused-variable]
/proj/plasma/CODE/ert/SIMPLE/src/contrib/minpack.f90:2207:24:

 2207 |   integer ( kind = 4 ) j
      |                        1
Warning: Unused variable ‘j’ declared at (1) [-Wunused-variable]
f951: note: unrecognized command-line option ‘-Wno-external-argument-mismatch’ may have been intended to silence earlier diagnostics
[235/504] Building Fortran object _deps/gvec-build/CMakeFiles/gveclibF90.dir/src/profiles/rprofile_bspline.f90.o
[236/504] Linking Fortran static library test/tests/libtesting_utils.a
[237/504] Generating Fortran dyndep file test/tests/CMakeFiles/utility_test.x.dir/Fortran.dd
[238/504] Building Fortran object _deps/gvec-build/CMakeFiles/gveclibF90.dir/src/base/cubic_spline.f90.o
/proj/plasma/CODE/ert/SIMPLE/build/_deps/gvec-src/src/base/cubic_spline.f90:57:10:

   57 |   !! 1: f'(x_boundary)=0
      |          1
Warning: missing terminating ' character
[239/504] Linking Fortran static library src/contrib/libCONTRIB.a
[240/504] Building Fortran object test/tests/CMakeFiles/utility_test.x.dir/utility_test.f90.o
[241/504] Building Fortran object _deps/gvec-build/CMakeFiles/gveclibF90.dir/src/vmec/vmec_vars.f90.o
[242/504] Building Fortran object _deps/gvec-build/CMakeFiles/gveclibF90.dir/src/output/output_netcdf.f90.o
[243/504] Linking Fortran executable test/tests/utility_test.x
[244/504] Building Fortran object _deps/gvec-build/CMakeFiles/gveclibF90.dir/src/base/bsplines/sll_m_spline_interpolator_1d.f90.o
[245/504] Building Fortran object libneo/src/interpolate/CMakeFiles/interpolate.dir/proj/plasma/CODE/ert/libneo/src/spl_three_to_five.f90.o
[246/504] Building Fortran object _deps/gvec-build/CMakeFiles/gveclibF90.dir/src/hmap/hmap_RZ.f90.o
[247/504] Building Fortran object _deps/gvec-build/CMakeFiles/gveclibF90.dir/src/hmap/hmap_cyl.f90.o
[248/504] Building Fortran object _deps/gvec-build/CMakeFiles/gveclibF90.dir/src/hmap/hmap_knot.f90.o
[249/504] Building Fortran object _deps/gvec-build/CMakeFiles/gveclibF90.dir/src/vmec/vmec_readin.f90.o
/proj/plasma/CODE/ert/SIMPLE/build/_deps/gvec-src/src/vmec/vmec_readin.f90:315:25:

  315 | !!!!  WRITE(UNIT_StdOut,"(6x,'hsve',10x'hiota',9x,'hmass',9x,'hpres',9x,'hphip', &
      |                         1
Warning: missing terminating " character
/proj/plasma/CODE/ert/SIMPLE/build/_deps/gvec-src/src/vmec/vmec_readin.f90:317:39:

  317 | !!!!                      8x,'hspecw')")
      |                                       1
Warning: missing terminating " character
/proj/plasma/CODE/ert/SIMPLE/build/_deps/gvec-src/src/vmec/vmec_readin.f90:451:43:

  451 |   !Parabolic extrapolation to axis with dx'(rho=0)=0.0_wp
      |                                           1
Warning: missing terminating ' character
[250/504] Building Fortran object libneo/src/hdf5_tools/CMakeFiles/hdf5_tools.dir/hdf5_tools.F90.o
[251/504] Building Fortran object libneo/src/interpolate/CMakeFiles/interpolate.dir/interpolate.f90.o
[252/504] Building Fortran object libneo/src/hdf5_tools/CMakeFiles/hdf5_tools.dir/hdf5_tools_f2003.f90.o
[253/504] Building Fortran object _deps/gvec-build/CMakeFiles/gveclibF90.dir/src/base/fbase.f90.o
[254/504] Building Fortran object _deps/gvec-build/CMakeFiles/gveclibF90.dir/src/vmec/vmec.f90.o
/proj/plasma/CODE/ert/SIMPLE/build/_deps/gvec-src/src/vmec/vmec.f90:334:45:

  334 |     !Parabolic extrapolation to axis with dx'(rho=0)=0.0_wp
      |                                             1
Warning: missing terminating ' character
/proj/plasma/CODE/ert/SIMPLE/build/_deps/gvec-src/src/vmec/vmec.f90:385:44:

  385 |    !Parabolic extrapolation to axis with dx'(rho=0)=0.0_wp
      |                                            1
Warning: missing terminating ' character
[255/504] Building Fortran object _deps/gvec-build/CMakeFiles/gveclibF90.dir/src/readstate/boundaryFromFile.f90.o
[256/504] Linking Fortran static library libneo/src/hdf5_tools/libhdf5_tools.a
[257/504] Generating Fortran dyndep file libneo/src/field/CMakeFiles/neo_field.dir/Fortran.dd
[258/504] Building Fortran object libneo/src/field/CMakeFiles/neo_field.dir/field_base.f90.o
[259/504] Building Fortran object libneo/src/field/CMakeFiles/neo_field.dir/circular_tokamak_field.f90.o
[260/504] Building Fortran object libneo/src/field/CMakeFiles/neo_field.dir/example_field.f90.o
[261/504] Building Fortran object libneo/src/field/CMakeFiles/neo_field.dir/mesh_2d.f90.o
[262/504] Building Fortran object _deps/gvec-build/CMakeFiles/gveclibF90.dir/src/hmap/hmap_frenet.f90.o
/proj/plasma/CODE/ert/SIMPLE/build/_deps/gvec-src/src/hmap/hmap_frenet.f90:24:62:

   24 | !! and the torsion tau= (X_0' x X_0'').X_0''' /  |X_0' x X_0''|^2
      |                                                              1
Warning: missing terminating ' character
/proj/plasma/CODE/ert/SIMPLE/build/_deps/gvec-src/src/hmap/hmap_frenet.f90:680:16:

  680 |   !  dh/dq3 = l' [(1-sigma*kappa*q1)T + sigma*tau*(B*q1-N*q2) ]
      |                1
Warning: missing terminating ' character
/proj/plasma/CODE/ert/SIMPLE/build/_deps/gvec-src/src/hmap/hmap_frenet.f90:757:16:

  757 |   !  dh/dq3 = l' [(1-sigma*kappa*q1)T + sigma*tau*(B*q1-N*q2) ]
      |                1
Warning: missing terminating ' character
/proj/plasma/CODE/ert/SIMPLE/build/_deps/gvec-src/src/hmap/hmap_frenet.f90:1020:14:

 1020 |   ! A = -q2*l' * tau
      |              1
Warning: missing terminating ' character
/proj/plasma/CODE/ert/SIMPLE/build/_deps/gvec-src/src/hmap/hmap_frenet.f90:1021:14:

 1021 |   ! B =  q1*l' * tau
      |              1
Warning: missing terminating ' character
/proj/plasma/CODE/ert/SIMPLE/build/_deps/gvec-src/src/hmap/hmap_frenet.f90:1022:18:

 1022 |   ! C = Jh^2 + (l'*tau)^2(q1^2+q2^2)
      |                  1
Warning: missing terminating ' character
/proj/plasma/CODE/ert/SIMPLE/build/_deps/gvec-src/src/hmap/hmap_frenet.f90:1103:48:

 1103 |   !q_i G_ij q_j = (dalpha |q2  | ) |0  0      l'*tau        | (dbeta |q2  | )
      |                                                1
Warning: missing terminating ' character
/proj/plasma/CODE/ert/SIMPLE/build/_deps/gvec-src/src/hmap/hmap_frenet.f90:1104:41:

 1104 |   !                       |q3  |   |0  l'*tau  dG33/dq1     |        |q3  |
      |                                         1
Warning: missing terminating ' character
[263/504] Building Fortran object libneo/src/field/CMakeFiles/neo_field.dir/mesh.f90.o
[264/504] Building Fortran object libneo/src/field/CMakeFiles/neo_field.dir/biotsavart.f90.o
[265/504] Building Fortran object libneo/src/field/CMakeFiles/neo_field.dir/biotsavart_field.f90.o
[266/504] Building Fortran object libneo/src/field/CMakeFiles/neo_field.dir/field_mesh.f90.o
[267/504] Building Fortran object libneo/src/field/CMakeFiles/neo_field.dir/spline_field.f90.o
[268/504] Building Fortran object _deps/gvec-build/CMakeFiles/gveclibF90.dir/src/hmap/hmap_axisNB.f90.o
/proj/plasma/CODE/ert/SIMPLE/build/_deps/gvec-src/src/hmap/hmap_axisNB.f90:14:24:

   14 | !! the tangent is T=X_0', and N and B are assumed to be continous along zeta, so no switches.
      |                        1
Warning: missing terminating ' character
/proj/plasma/CODE/ert/SIMPLE/build/_deps/gvec-src/src/hmap/hmap_axisNB.f90:16:66:

   16 | !! orthogonal, but together with the tangent of the curve T = X_0'  , (T, N, B) should form a
      |                                                                  1
Warning: missing terminating ' character
/proj/plasma/CODE/ert/SIMPLE/build/_deps/gvec-src/src/hmap/hmap_axisNB.f90:38:117:

   38 |   REAL(wp),DIMENSION(3) :: X0,T,N,B,Np,Bp,Tp,Npp,Bpp    !! Position,Tangent,Normal,Bi-Normal and N',B' and T',B'',N''
      |                                                                                                                     1
Warning: missing terminating ' character
/proj/plasma/CODE/ert/SIMPLE/build/_deps/gvec-src/src/hmap/hmap_axisNB.f90:506:13:

  506 | !> Rodrigues' rotation formula
      |             1
Warning: missing terminating ' character
/proj/plasma/CODE/ert/SIMPLE/build/_deps/gvec-src/src/hmap/hmap_axisNB.f90:1144:56:

 1144 |   !                            |q1  |   |0     0      N'.N  |        |q1  |
      |                                                        1
Warning: missing terminating ' character
/proj/plasma/CODE/ert/SIMPLE/build/_deps/gvec-src/src/hmap/hmap_axisNB.f90:1145:56:

 1145 |   !q_i dG_ij/dq1 q_j = (dalpha |q2  | ) |0     0      N'.B  | (dbeta |q2  | )
      |                                                        1
Warning: missing terminating ' character
/proj/plasma/CODE/ert/SIMPLE/build/_deps/gvec-src/src/hmap/hmap_axisNB.f90:1146:56:

 1146 |   !                            |q3  |   |N.N'  B.N'  2N'.Tq |        |q3  |
      |                                                        1
Warning: missing terminating ' character
/proj/plasma/CODE/ert/SIMPLE/build/_deps/gvec-src/src/hmap/hmap_axisNB.f90:1229:47:

 1229 | !> evaluate curve X0(zeta), and T=X0',N,B,N',B', using the fourier series of X0_hat,N_hat and B_hat and transform from "hat"
      |                                               1
Warning: missing terminating ' character
/proj/plasma/CODE/ert/SIMPLE/build/_deps/gvec-src/src/hmap/hmap_axisNB.f90:1244:66:

 1244 |   REAL(wp)            , INTENT(OUT) :: T(1:3)       !! tangent X0'
      |                                                                  1
Warning: missing terminating ' character
/proj/plasma/CODE/ert/SIMPLE/build/_deps/gvec-src/src/hmap/hmap_axisNB.f90:1247:87:

 1247 |   REAL(wp)            , INTENT(OUT) :: Np(1:3)      !! derivative of Normal in zeta (N')
      |                                                                                       1
Warning: missing terminating ' character
/proj/plasma/CODE/ert/SIMPLE/build/_deps/gvec-src/src/hmap/hmap_axisNB.f90:1248:91:

 1248 |   REAL(wp)            , INTENT(OUT) :: Bp(1:3)      !! derivative of bi-Normal in zeta  (B')
      |                                                                                           1
Warning: missing terminating ' character
[269/504] Building Fortran object _deps/gvec-build/CMakeFiles/gveclibF90.dir/src/hmap/hmap.f90.o
[270/504] Building Fortran object libneo/src/field/CMakeFiles/neo_field.dir/polylag_field.f90.o
[271/504] Building Fortran object _deps/gvec-build/CMakeFiles/gveclibF90.dir/src/base/sbase.f90.o
[272/504] Building Fortran object libneo/src/field/CMakeFiles/neo_field.dir/jorek_field.f90.o
[273/504] Building Fortran object libneo/src/field/CMakeFiles/neo_field.dir/field.f90.o
[274/504] Linking Fortran static library libneo/src/field/libneo_field.a
[275/504] Generating Fortran dyndep file libneo/CMakeFiles/neo.dir/Fortran.dd
[276/504] Building Fortran object _deps/gvec-build/CMakeFiles/gveclibF90.dir/src/base/base.f90.o
[277/504] Building Fortran object libneo/CMakeFiles/neo.dir/src/libneo_kinds.f90.o
[278/504] Building Fortran object libneo/CMakeFiles/neo.dir/src/math_constants.f90.o
[279/504] Building Fortran object libneo/CMakeFiles/neo.dir/src/rusage_type.f90.o
[280/504] Building Fortran object libneo/CMakeFiles/neo.dir/src/odeint_rkf45.f90.o
[281/504] Building Fortran object _deps/gvec-build/CMakeFiles/gveclibF90.dir/src/readstate/readstate_vars.f90.o
[282/504] Building Fortran object libneo/CMakeFiles/neo.dir/src/canonical_coordinates_mod.f90.o
[283/504] Building Fortran object libneo/CMakeFiles/neo.dir/src/binsrc.f90.o
[284/504] Building Fortran object _deps/gvec-build/CMakeFiles/gveclibF90.dir/src/functionals/mhd3d/mhd3d_vars.f90.o
[285/504] Building Fortran object libneo/CMakeFiles/neo.dir/src/util.f90.o
[286/504] Building Fortran object libneo/CMakeFiles/neo.dir/src/plag_coeff.f90.o
[287/504] Building Fortran object libneo/CMakeFiles/neo.dir/src/system_utility.f90.o
[288/504] Building Fortran object libneo/CMakeFiles/neo.dir/src/solve_systems.f90.o
[289/504] Building Fortran object libneo/CMakeFiles/neo.dir/src/magfie/magfie_vmec.f90.o
[290/504] Building Fortran object libneo/CMakeFiles/neo.dir/src/odeint_allroutines.f90.o
[291/504] Building Fortran object libneo/CMakeFiles/neo.dir/src/arnoldi.f90.o
[292/504] Building Fortran object _deps/gvec-build/CMakeFiles/gveclibF90.dir/src/functionals/mhd3d/lambda_solve.f90.o
/proj/plasma/CODE/ert/SIMPLE/build/_deps/gvec-src/src/functionals/mhd3d/lambda_solve.f90:51:74:

   51 |   REAL(wp)     , INTENT(IN) :: phiPrime_s !! toroidal flux derivative phi' at the position s
      |                                                                          1
Warning: missing terminating ' character
/proj/plasma/CODE/ert/SIMPLE/build/_deps/gvec-src/src/functionals/mhd3d/lambda_solve.f90:52:74:

   52 |   REAL(wp)     , INTENT(IN) :: chiPrime_s !! poloidal flux derivative chi' at the position s
      |                                                                          1
Warning: missing terminating ' character
[293/504] Building Fortran object libneo/CMakeFiles/neo.dir/src/nctools_module.f90.o
[294/504] Building Fortran object libneo/CMakeFiles/neo.dir/src/new_vmec_allocation_stuff.f90.o
[295/504] Building Fortran object libneo/CMakeFiles/neo.dir/src/poincare.f90.o
[296/504] Building Fortran object _deps/gvec-build/CMakeFiles/gveclibF90.dir/src/readstate/readstate.f90.o
[297/504] Building Fortran object libneo/CMakeFiles/neo.dir/src/boozer.f90.o
[298/504] Building Fortran object libneo/CMakeFiles/neo.dir/src/vmecinm_m.f90.o
[299/504] Building Fortran object libneo/CMakeFiles/neo.dir/src/io.f90.o
[300/504] Building Fortran object _deps/gvec-build/CMakeFiles/gveclibF90.dir/src/transform_sfl/sfl_boozer.f90.o
[301/504] Building Fortran object _deps/gvec-build/CMakeFiles/gveclibF90.dir/src/transform_sfl/transform_sfl.f90.o
[302/504] Building Fortran object _deps/gvec-build/CMakeFiles/gveclibF90.dir/src/functionals/mhd3d/mhd3d_evalfunc.f90.o
/proj/plasma/CODE/ert/SIMPLE/build/_deps/gvec-src/src/functionals/mhd3d/mhd3d_evalfunc.f90:29:82:

   29 |   REAL(wp),ALLOCATABLE :: phiPrime2_GP(:) !! s derivative of toroidal flux : |Phi'(s)|^2
      |                                                                                  1
Warning: missing terminating ' character
/proj/plasma/CODE/ert/SIMPLE/build/_deps/gvec-src/src/functionals/mhd3d/mhd3d_evalfunc.f90:527:76:

  527 |   REAL(wp)  ::    dW(1:mn_IP,nGP_str:nGP_end)        != p+1/2*B^2=p(s)+|Phi'(s)|^2 (b^alpha *g_{alpha,beta} *b^beta)/(2 *detJ^2)
      |                                                                            1
Warning: missing terminating ' character
/proj/plasma/CODE/ert/SIMPLE/build/_deps/gvec-src/src/functionals/mhd3d/mhd3d_evalfunc.f90:1044:49:

 1044 | !!                   + sbase_i(s) (<S>(s) + |Phi'(s)|^2 (-m^2 <D_tt>(s) - n^2 <D_zz>(s) ) ) sbase_j(s)
      |                                                 1
Warning: missing terminating ' character
[303/504] Building Fortran object _deps/gvec-build/CMakeFiles/gveclibF90.dir/src/restart/restart.f90.o
[304/504] Building Fortran object libneo/CMakeFiles/neo.dir/src/spline_vmec_data.f90.o
[305/504] Building Fortran object libneo/CMakeFiles/neo.dir/src/boozer_converter.f90.o
[306/504] Building Fortran object _deps/gvec-build/CMakeFiles/gveclibF90.dir/src/functionals/mhd3d/mhd3d_visu.f90.o
[307/504] Linking Fortran static library libneo/libneo.a
[308/504] Building Fortran object _deps/gvec-build/CMakeFiles/gveclibF90.dir/src/analyze/analyze.f90.o
[309/504] Building Fortran object _deps/gvec-build/CMakeFiles/gveclibF90.dir/src/functionals/mhd3d/mhd3d.f90.o
[310/504] Building Fortran object _deps/gvec-build/CMakeFiles/gveclibF90.dir/src/functionals/functional.f90.o
[311/504] Building Fortran object _deps/gvec-build/CMakeFiles/gveclibF90.dir/src/rungvec.f90.o
[312/504] Building Fortran object _deps/gvec-build/CMakeFiles/gveclibF90.dir/src/pygvec/run.f90.o
[313/504] Building Fortran object _deps/gvec-build/CMakeFiles/gveclibF90.dir/src/pygvec/state.f90.o
[314/504] Linking Fortran static library _deps/gvec-build/lib/libGVEC.a
[315/504] Generating Fortran dyndep file _deps/gvec-build/CMakeFiles/gvec.dir/Fortran.dd
[316/504] Generating Fortran dyndep file _deps/gvec-build/CMakeFiles/gvec_post.dir/Fortran.dd
[317/504] Generating Fortran dyndep file src/CMakeFiles/simple.dir/Fortran.dd
[318/504] Building Fortran object _deps/gvec-build/CMakeFiles/gvec.dir/src/gvec.f90.o
[319/504] Building Fortran object src/CMakeFiles/simple.dir/sorting.f90.o
[320/504] Building Fortran object src/CMakeFiles/simple.dir/coordinates/stencil_utils.f90.o
[321/504] Building Fortran object src/CMakeFiles/simple.dir/field/field_base.f90.o
[322/504] Building Fortran object src/CMakeFiles/simple.dir/chamb_m.f90.o
[323/504] Building Fortran object src/CMakeFiles/simple.dir/coordinates/array_utils.f90.o
[324/504] Building Fortran object src/CMakeFiles/simple.dir/field/field_can_base.f90.o
[325/504] Building Fortran object src/CMakeFiles/simple.dir/collis_alphas.f90.o
[326/504] Building Fortran object src/CMakeFiles/simple.dir/spline_3d_interpolation.f90.o
[327/504] Building Fortran object src/CMakeFiles/simple.dir/parse_ants.f90.o
[328/504] Building Fortran object src/CMakeFiles/simple.dir/util.f90.o
[329/504] Building Fortran object src/CMakeFiles/simple.dir/field/psi_transform.f90.o
[330/504] Building Fortran object src/CMakeFiles/simple.dir/vmecinm_m.f90.o
/proj/plasma/CODE/ert/SIMPLE/src/vmecinm_m.f90:108:6:

  108 |   if (rmajor == 0d0) rmajor = rmnc(1,0)
      |      1
Warning: Equality comparison for REAL(8) at (1) [-Wcompare-reals]
f951: note: unrecognized command-line option ‘-Wno-external-argument-mismatch’ may have been intended to silence earlier diagnostics
[331/504] Building Fortran object src/CMakeFiles/simple.dir/check_orbit_type.f90.o
/proj/plasma/CODE/ert/SIMPLE/src/check_orbit_type.f90:116:57:

  116 |       call sortin(fprs(2,iret(1:nturnm1)+1),ipoi,nturnm1)
      |                                                         1
Warning: Procedure ‘sortin’ called with an implicit interface at (1) [-Wimplicit-interface]
/proj/plasma/CODE/ert/SIMPLE/src/check_orbit_type.f90:36:42:

   36 |   double precision :: dummy,dt1,dt2,derfix,per,ds1,ds2
      |                                          1
Warning: Unused variable ‘derfix’ declared at (1) [-Wunused-variable]
/proj/plasma/CODE/ert/SIMPLE/src/check_orbit_type.f90:36:50:

   36 |   double precision :: dummy,dt1,dt2,derfix,per,ds1,ds2
      |                                                  1
Warning: Unused variable ‘ds1’ declared at (1) [-Wunused-variable]
/proj/plasma/CODE/ert/SIMPLE/src/check_orbit_type.f90:36:54:

   36 |   double precision :: dummy,dt1,dt2,derfix,per,ds1,ds2
      |                                                      1
Warning: Unused variable ‘ds2’ declared at (1) [-Wunused-variable]
/proj/plasma/CODE/ert/SIMPLE/src/check_orbit_type.f90:36:27:

   36 |   double precision :: dummy,dt1,dt2,derfix,per,ds1,ds2
      |                           1
Warning: Unused variable ‘dummy’ declared at (1) [-Wunused-variable]
/proj/plasma/CODE/ert/SIMPLE/src/check_orbit_type.f90:37:55:

   37 |   double precision :: theta_1,theta_2,theta_test,errint
      |                                                       1
Warning: Unused variable ‘errint’ declared at (1) [-Wunused-variable]
/proj/plasma/CODE/ert/SIMPLE/src/check_orbit_type.f90:33:24:

   33 |   integer :: nfp,iunit,i,j,k,ngroup,info,ierr,noline
      |                        1
Warning: Unused variable ‘i’ declared at (1) [-Wunused-variable]
/proj/plasma/CODE/ert/SIMPLE/src/check_orbit_type.f90:34:17:

   34 |   integer :: ibeg,iend,npl,nturnm1
      |                 1
Warning: Unused variable ‘ibeg’ declared at (1) [-Wunused-variable]
/proj/plasma/CODE/ert/SIMPLE/src/check_orbit_type.f90:34:22:

   34 |   integer :: ibeg,iend,npl,nturnm1
      |                      1
Warning: Unused variable ‘iend’ declared at (1) [-Wunused-variable]
/proj/plasma/CODE/ert/SIMPLE/src/check_orbit_type.f90:33:40:

   33 |   integer :: nfp,iunit,i,j,k,ngroup,info,ierr,noline
      |                                        1
Warning: Unused variable ‘info’ declared at (1) [-Wunused-variable]
/proj/plasma/CODE/ert/SIMPLE/src/check_orbit_type.f90:33:22:

   33 |   integer :: nfp,iunit,i,j,k,ngroup,info,ierr,noline
      |                      1
Warning: Unused variable ‘iunit’ declared at (1) [-Wunused-variable]
/proj/plasma/CODE/ert/SIMPLE/src/check_orbit_type.f90:33:35:

   33 |   integer :: nfp,iunit,i,j,k,ngroup,info,ierr,noline
      |                                   1
Warning: Unused variable ‘ngroup’ declared at (1) [-Wunused-variable]
/proj/plasma/CODE/ert/SIMPLE/src/check_orbit_type.f90:34:26:

   34 |   integer :: ibeg,iend,npl,nturnm1
      |                          1
Warning: Unused variable ‘npl’ declared at (1) [-Wunused-variable]
/proj/plasma/CODE/ert/SIMPLE/src/check_orbit_type.f90:36:46:

   36 |   double precision :: dummy,dt1,dt2,derfix,per,ds1,ds2
      |                                              1
Warning: Unused variable ‘per’ declared at (1) [-Wunused-variable]
f951: note: unrecognized command-line option ‘-Wno-external-argument-mismatch’ may have been intended to silence earlier diagnostics
[332/504] Building Fortran object src/CMakeFiles/simple.dir/field/field_can_test.f90.o
[333/504] Building Fortran object src/CMakeFiles/simple.dir/new_vmec_allocation_stuff.f90.o
[334/504] Building Fortran object _deps/gvec-build/CMakeFiles/gvec_post.dir/src/gvec_post.f90.o
[335/504] Building Fortran object src/CMakeFiles/simple.dir/field/field_gvec.f90.o
/proj/plasma/CODE/ert/SIMPLE/src/field/field_gvec.f90:143:42:

  143 |     real(dp) :: scaling_factor, reg_factor, smooth_factor
      |                                          1
Warning: Unused variable ‘reg_factor’ declared at (1) [-Wunused-variable]
/proj/plasma/CODE/ert/SIMPLE/src/field/field_gvec.f90:142:36:

  142 |     real(dp), parameter :: s_min_reg = 0.05_dp  ! Regularization threshold
      |                                    1
Warning: Unused parameter ‘s_min_reg’ declared at (1) [-Wunused-parameter]
/proj/plasma/CODE/ert/SIMPLE/src/field/field_gvec.f90:143:30:

  143 |     real(dp) :: scaling_factor, reg_factor, smooth_factor
      |                              1
Warning: Unused variable ‘scaling_factor’ declared at (1) [-Wunused-variable]
/proj/plasma/CODE/ert/SIMPLE/src/field/field_gvec.f90:143:57:

  143 |     real(dp) :: scaling_factor, reg_factor, smooth_factor
      |                                                         1
Warning: Unused variable ‘smooth_factor’ declared at (1) [-Wunused-variable]
f951: note: unrecognized command-line option ‘-Wno-external-argument-mismatch’ may have been intended to silence earlier diagnostics
[336/504] Building Fortran object src/CMakeFiles/simple.dir/spline_vmec_data.f90.o
/proj/plasma/CODE/ert/SIMPLE/src/spline_vmec_data.f90:883:15:

  883 |   integer :: is,i_theta,i_phi,k
      |               1
Warning: Unused variable ‘is’ declared at (1) [-Wunused-variable]
/proj/plasma/CODE/ert/SIMPLE/src/spline_vmec_data.f90:883:31:

  883 |   integer :: is,i_theta,i_phi,k
      |                               1
Warning: Unused variable ‘k’ declared at (1) [-Wunused-variable]
/proj/plasma/CODE/ert/SIMPLE/src/spline_vmec_data.f90:842:29:

  842 |   double precision :: hs,s,ds,rho,rho_nonzero,errmax
      |                             1
Warning: Unused variable ‘ds’ declared at (1) [-Wunused-variable]
/proj/plasma/CODE/ert/SIMPLE/src/spline_vmec_data.f90:840:17:

  840 |   integer :: is,k,nhe,ncheck
      |                 1
Warning: Unused variable ‘k’ declared at (1) [-Wunused-variable]
/proj/plasma/CODE/ert/SIMPLE/src/spline_vmec_data.f90:840:21:

  840 |   integer :: is,k,nhe,ncheck
      |                     1
Warning: Unused variable ‘nhe’ declared at (1) [-Wunused-variable]
/proj/plasma/CODE/ert/SIMPLE/src/spline_vmec_data.f90:842:26:

  842 |   double precision :: hs,s,ds,rho,rho_nonzero,errmax
      |                          1
Warning: Unused variable ‘s’ declared at (1) [-Wunused-variable]
/proj/plasma/CODE/ert/SIMPLE/src/spline_vmec_data.f90:579:36:

  579 |   double precision :: ds,dtheta,dphi
      |                                    1
Warning: Unused variable ‘dphi’ declared at (1) [-Wunused-variable]
/proj/plasma/CODE/ert/SIMPLE/src/spline_vmec_data.f90:579:31:

  579 |   double precision :: ds,dtheta,dphi
      |                               1
Warning: Unused variable ‘dtheta’ declared at (1) [-Wunused-variable]
/proj/plasma/CODE/ert/SIMPLE/src/spline_vmec_data.f90:578:29:

  578 |   integer :: is,i_theta,i_phi,k
      |                             1
Warning: Unused variable ‘i_phi’ declared at (1) [-Wunused-variable]
/proj/plasma/CODE/ert/SIMPLE/src/spline_vmec_data.f90:578:23:

  578 |   integer :: is,i_theta,i_phi,k
      |                       1
Warning: Unused variable ‘i_theta’ declared at (1) [-Wunused-variable]
/proj/plasma/CODE/ert/SIMPLE/src/spline_vmec_data.f90:582:30:

  582 |   integer, parameter :: ns_max=6
      |                              1
Warning: Unused parameter ‘ns_max’ declared at (1) [-Wunused-parameter]
/proj/plasma/CODE/ert/SIMPLE/src/spline_vmec_data.f90:584:17:

  584 |   integer :: nstp
      |                 1
Warning: Unused variable ‘nstp’ declared at (1) [-Wunused-variable]
/proj/plasma/CODE/ert/SIMPLE/src/spline_vmec_data.f90:576:38:

  576 |   double precision, parameter :: twopi=2.d0*3.14159265358979d0
      |                                      1
Warning: Unused parameter ‘twopi’ declared at (1) [-Wunused-parameter]
/proj/plasma/CODE/ert/SIMPLE/src/spline_vmec_data.f90:15:16:

   15 |   integer :: iss,ist,isp,nrho,nheal,iunit_hs
      |                1
Warning: Unused variable ‘iss’ declared at (1) [-Wunused-variable]
f951: note: unrecognized command-line option ‘-Wno-external-argument-mismatch’ may have been intended to silence earlier diagnostics
[337/504] Building Fortran object src/CMakeFiles/simple.dir/field/field_vmec.f90.o
[338/504] Building Fortran object src/CMakeFiles/simple.dir/coordinates/coordinates.f90.o
[339/504] Linking Fortran executable _deps/gvec-build/bin/gvec_post
/usr/bin/ld: warning: analyze.f90.o: requires executable stack (because the .note.GNU-stack section is executable)
SUCCESS: GVEC_POST BUILD COMPLETE!
[340/504] Building Fortran object src/CMakeFiles/simple.dir/field/field_coils.f90.o
/proj/plasma/CODE/ert/SIMPLE/src/field/field_coils.f90:121:51:

  121 |     real(dp) :: Acov(3), hcov(3), lam, dlam(3), chi, dchi(3)
      |                                                   1
Warning: Unused variable ‘chi’ declared at (1) [-Wunused-variable]
/proj/plasma/CODE/ert/SIMPLE/src/field/field_coils.f90:121:60:

  121 |     real(dp) :: Acov(3), hcov(3), lam, dlam(3), chi, dchi(3)
      |                                                            1
Warning: Unused variable ‘dchi’ declared at (1) [-Wunused-variable]
/proj/plasma/CODE/ert/SIMPLE/src/field/field_coils.f90:121:46:

  121 |     real(dp) :: Acov(3), hcov(3), lam, dlam(3), chi, dchi(3)
      |                                              1
Warning: Unused variable ‘dlam’ declared at (1) [-Wunused-variable]
/proj/plasma/CODE/ert/SIMPLE/src/field/field_coils.f90:121:37:

  121 |     real(dp) :: Acov(3), hcov(3), lam, dlam(3), chi, dchi(3)
      |                                     1
Warning: Unused variable ‘lam’ declared at (1) [-Wunused-variable]
f951: note: unrecognized command-line option ‘-Wno-external-argument-mismatch’ may have been intended to silence earlier diagnostics
[341/504] Linking Fortran executable _deps/gvec-build/bin/gvec
/usr/bin/ld: warning: analyze.f90.o: requires executable stack (because the .note.GNU-stack section is executable)
SUCCESS: GVEC BUILD COMPLETE!
[342/504] Building Fortran object src/CMakeFiles/simple.dir/field.f90.o
[343/504] Building Fortran object src/CMakeFiles/simple.dir/field/vmec_field_adapter.f90.o
[344/504] Building Fortran object src/CMakeFiles/simple.dir/field/field_can_meiss.f90.o
[345/504] Building Fortran object src/CMakeFiles/simple.dir/field/field_newton.f90.o
[346/504] Building Fortran object src/CMakeFiles/simple.dir/field/field_can_albert.f90.o
/proj/plasma/CODE/ert/SIMPLE/src/field/field_can_albert.f90:149:31:

  149 |     integer :: i_r, i_th, i_phi
      |                               1
Warning: Unused variable ‘i_phi’ declared at (1) [-Wunused-variable]
/proj/plasma/CODE/ert/SIMPLE/src/field/field_can_albert.f90:149:24:

  149 |     integer :: i_r, i_th, i_phi
      |                        1
Warning: Unused variable ‘i_th’ declared at (1) [-Wunused-variable]
/proj/plasma/CODE/ert/SIMPLE/src/field/field_can_albert.f90:148:20:

  148 |     real(dp) :: x(3)
      |                    1
Warning: Unused variable ‘x’ declared at (1) [-Wunused-variable]
/proj/plasma/CODE/ert/SIMPLE/src/field/field_can_albert.f90:113:31:

  113 |     integer :: i_r, i_th, i_phi
      |                               1
Warning: Unused variable ‘i_phi’ declared at (1) [-Wunused-variable]
/proj/plasma/CODE/ert/SIMPLE/src/field/field_can_albert.f90:113:18:

  113 |     integer :: i_r, i_th, i_phi
      |                  1
Warning: Unused variable ‘i_r’ declared at (1) [-Wunused-variable]
/proj/plasma/CODE/ert/SIMPLE/src/field/field_can_albert.f90:113:24:

  113 |     integer :: i_r, i_th, i_phi
      |                        1
Warning: Unused variable ‘i_th’ declared at (1) [-Wunused-variable]
/proj/plasma/CODE/ert/SIMPLE/src/field/field_can_albert.f90:112:20:

  112 |     real(dp) :: x(3)
      |                    1
Warning: Unused variable ‘x’ declared at (1) [-Wunused-variable]
f951: note: unrecognized command-line option ‘-Wno-external-argument-mismatch’ may have been intended to silence earlier diagnostics
[347/504] Building Fortran object src/CMakeFiles/simple.dir/boozer_converter.f90.o
/proj/plasma/CODE/ert/SIMPLE/src/boozer_converter.f90:1096:6:

 1096 |   use new_vmec_stuff_mod,   only : nper
      |      1
Warning: Unused module variable ‘nper’ which has been explicitly imported at (1) [-Wunused-variable]
/proj/plasma/CODE/ert/SIMPLE/src/boozer_converter.f90:1101:38:

 1101 |   double precision, parameter :: twopi=2.d0*3.14159265358979d0
      |                                      1
Warning: Unused parameter ‘twopi’ declared at (1) [-Wunused-parameter]
/proj/plasma/CODE/ert/SIMPLE/src/boozer_converter.f90:961:71:

  961 |   double precision :: s,ds,dtheta,dphi,rho_tor,drhods,drhods2,d2rhods2m
      |                                                                       1
Warning: Unused variable ‘d2rhods2m’ declared at (1) [-Wunused-variable]
/proj/plasma/CODE/ert/SIMPLE/src/boozer_converter.f90:941:6:

  941 |   use boozer_coordinates_mod, only : ns_s_B,ns_tp_B,ns_B,n_theta_B,n_phi_B, &
      |      1
Warning: Unused module variable ‘derf2’ which has been explicitly imported at (1) [-Wunused-variable]
/proj/plasma/CODE/ert/SIMPLE/src/boozer_converter.f90:941:6:

  941 |   use boozer_coordinates_mod, only : ns_s_B,ns_tp_B,ns_B,n_theta_B,n_phi_B, &
      |      1
Warning: Unused module variable ‘derf3’ which has been explicitly imported at (1) [-Wunused-variable]
/proj/plasma/CODE/ert/SIMPLE/src/boozer_converter.f90:961:53:

  961 |   double precision :: s,ds,dtheta,dphi,rho_tor,drhods,drhods2,d2rhods2m
      |                                                     1
Warning: Unused variable ‘drhods’ declared at (1) [-Wunused-variable]
/proj/plasma/CODE/ert/SIMPLE/src/boozer_converter.f90:961:61:

  961 |   double precision :: s,ds,dtheta,dphi,rho_tor,drhods,drhods2,d2rhods2m
      |                                                             1
Warning: Unused variable ‘drhods2’ declared at (1) [-Wunused-variable]
/proj/plasma/CODE/ert/SIMPLE/src/boozer_converter.f90:959:24:

  959 |   integer :: iss,ist,isp
      |                        1
Warning: Unused variable ‘isp’ declared at (1) [-Wunused-variable]
/proj/plasma/CODE/ert/SIMPLE/src/boozer_converter.f90:959:16:

  959 |   integer :: iss,ist,isp
      |                1
Warning: Unused variable ‘iss’ declared at (1) [-Wunused-variable]
/proj/plasma/CODE/ert/SIMPLE/src/boozer_converter.f90:959:20:

  959 |   integer :: iss,ist,isp
      |                    1
Warning: Unused variable ‘ist’ declared at (1) [-Wunused-variable]
/proj/plasma/CODE/ert/SIMPLE/src/boozer_converter.f90:957:25:

  957 |   integer :: nstp,ns_A_p1,ns_s_p1
      |                         1
Warning: Unused variable ‘ns_a_p1’ declared at (1) [-Wunused-variable]
/proj/plasma/CODE/ert/SIMPLE/src/boozer_converter.f90:961:23:

  961 |   double precision :: s,ds,dtheta,dphi,rho_tor,drhods,drhods2,d2rhods2m
      |                       1
Warning: Unused variable ‘s’ declared at (1) [-Wunused-variable]
/proj/plasma/CODE/ert/SIMPLE/src/boozer_converter.f90:572:24:

  572 |   integer :: iss,ist,isp
      |                        1
Warning: Unused variable ‘isp’ declared at (1) [-Wunused-variable]
/proj/plasma/CODE/ert/SIMPLE/src/boozer_converter.f90:572:16:

  572 |   integer :: iss,ist,isp
      |                1
Warning: Unused variable ‘iss’ declared at (1) [-Wunused-variable]
/proj/plasma/CODE/ert/SIMPLE/src/boozer_converter.f90:572:20:

  572 |   integer :: iss,ist,isp
      |                    1
Warning: Unused variable ‘ist’ declared at (1) [-Wunused-variable]
/proj/plasma/CODE/ert/SIMPLE/src/boozer_converter.f90:581:23:

  581 |   double precision :: s,ds,dtheta,dphi,rho_tor,drhods,drhods2,d2rhods2m
      |                       1
Warning: Unused variable ‘s’ declared at (1) [-Wunused-variable]
/proj/plasma/CODE/ert/SIMPLE/src/boozer_converter.f90:85:70:

   85 |                                                        bmod_Vg,bmod_Bg,alam_2D,         &
      |                                                                      1
Warning: Unused variable ‘bmod_bg’ declared at (1) [-Wunused-variable]
/proj/plasma/CODE/ert/SIMPLE/src/boozer_converter.f90:19:6:

   19 |   use boozer_coordinates_mod, only : ns_s_B,ns_tp_B,ns_B,n_theta_B,n_phi_B, &
      |      1
Warning: Unused module variable ‘derf1’ which has been explicitly imported at (1) [-Wunused-variable]
/proj/plasma/CODE/ert/SIMPLE/src/boozer_converter.f90:19:6:

   19 |   use boozer_coordinates_mod, only : ns_s_B,ns_tp_B,ns_B,n_theta_B,n_phi_B, &
      |      1
Warning: Unused module variable ‘derf2’ which has been explicitly imported at (1) [-Wunused-variable]
/proj/plasma/CODE/ert/SIMPLE/src/boozer_converter.f90:19:6:

   19 |   use boozer_coordinates_mod, only : ns_s_B,ns_tp_B,ns_B,n_theta_B,n_phi_B, &
      |      1
Warning: Unused module variable ‘derf3’ which has been explicitly imported at (1) [-Wunused-variable]
/proj/plasma/CODE/ert/SIMPLE/src/boozer_converter.f90:18:6:

   18 |   use new_vmec_stuff_mod,     only : n_theta,n_phi,h_theta,h_phi,ns_s,ns_tp
      |      1
Warning: Unused module variable ‘h_phi’ which has been explicitly imported at (1) [-Wunused-variable]
/proj/plasma/CODE/ert/SIMPLE/src/boozer_converter.f90:19:6:

   19 |   use boozer_coordinates_mod, only : ns_s_B,ns_tp_B,ns_B,n_theta_B,n_phi_B, &
      |      1
Warning: Unused module variable ‘h_phi_b’ which has been explicitly imported at (1) [-Wunused-variable]
/proj/plasma/CODE/ert/SIMPLE/src/boozer_converter.f90:18:6:

   18 |   use new_vmec_stuff_mod,     only : n_theta,n_phi,h_theta,h_phi,ns_s,ns_tp
      |      1
Warning: Unused module variable ‘h_theta’ which has been explicitly imported at (1) [-Wunused-variable]
/proj/plasma/CODE/ert/SIMPLE/src/boozer_converter.f90:19:6:

   19 |   use boozer_coordinates_mod, only : ns_s_B,ns_tp_B,ns_B,n_theta_B,n_phi_B, &
      |      1
Warning: Unused module variable ‘h_theta_b’ which has been explicitly imported at (1) [-Wunused-variable]
/proj/plasma/CODE/ert/SIMPLE/src/boozer_converter.f90:17:6:

   17 |   use vector_potentail_mod,   only : ns,hs
      |      1
Warning: Unused module variable ‘hs’ which has been explicitly imported at (1) [-Wunused-variable]
/proj/plasma/CODE/ert/SIMPLE/src/boozer_converter.f90:19:6:

   19 |   use boozer_coordinates_mod, only : ns_s_B,ns_tp_B,ns_B,n_theta_B,n_phi_B, &
      |      1
Warning: Unused module variable ‘hs_b’ which has been explicitly imported at (1) [-Wunused-variable]
/proj/plasma/CODE/ert/SIMPLE/src/boozer_converter.f90:18:6:

   18 |   use new_vmec_stuff_mod,     only : n_theta,n_phi,h_theta,h_phi,ns_s,ns_tp
      |      1
Warning: Unused module variable ‘n_phi’ which has been explicitly imported at (1) [-Wunused-variable]
/proj/plasma/CODE/ert/SIMPLE/src/boozer_converter.f90:19:6:

   19 |   use boozer_coordinates_mod, only : ns_s_B,ns_tp_B,ns_B,n_theta_B,n_phi_B, &
      |      1
Warning: Unused module variable ‘n_phi_b’ which has been explicitly imported at (1) [-Wunused-variable]
/proj/plasma/CODE/ert/SIMPLE/src/boozer_converter.f90:18:6:

   18 |   use new_vmec_stuff_mod,     only : n_theta,n_phi,h_theta,h_phi,ns_s,ns_tp
      |      1
Warning: Unused module variable ‘n_theta’ which has been explicitly imported at (1) [-Wunused-variable]
/proj/plasma/CODE/ert/SIMPLE/src/boozer_converter.f90:19:6:

   19 |   use boozer_coordinates_mod, only : ns_s_B,ns_tp_B,ns_B,n_theta_B,n_phi_B, &
      |      1
Warning: Unused module variable ‘n_theta_b’ which has been explicitly imported at (1) [-Wunused-variable]
/proj/plasma/CODE/ert/SIMPLE/src/boozer_converter.f90:17:6:

   17 |   use vector_potentail_mod,   only : ns,hs
      |      1
Warning: Unused module variable ‘ns’ which has been explicitly imported at (1) [-Wunused-variable]
/proj/plasma/CODE/ert/SIMPLE/src/boozer_converter.f90:19:6:

   19 |   use boozer_coordinates_mod, only : ns_s_B,ns_tp_B,ns_B,n_theta_B,n_phi_B, &
      |      1
Warning: Unused module variable ‘ns_b’ which has been explicitly imported at (1) [-Wunused-variable]
/proj/plasma/CODE/ert/SIMPLE/src/boozer_converter.f90:19:6:

   19 |   use boozer_coordinates_mod, only : ns_s_B,ns_tp_B,ns_B,n_theta_B,n_phi_B, &
      |      1
Warning: Unused parameter ‘ns_max’ which has been explicitly imported at (1) [-Wunused-parameter]
/proj/plasma/CODE/ert/SIMPLE/src/boozer_converter.f90:18:6:

   18 |   use new_vmec_stuff_mod,     only : n_theta,n_phi,h_theta,h_phi,ns_s,ns_tp
      |      1
Warning: Unused module variable ‘ns_s’ which has been explicitly imported at (1) [-Wunused-variable]
/proj/plasma/CODE/ert/SIMPLE/src/boozer_converter.f90:19:6:

   19 |   use boozer_coordinates_mod, only : ns_s_B,ns_tp_B,ns_B,n_theta_B,n_phi_B, &
      |      1
Warning: Unused module variable ‘ns_s_b’ which has been explicitly imported at (1) [-Wunused-variable]
/proj/plasma/CODE/ert/SIMPLE/src/boozer_converter.f90:18:6:

   18 |   use new_vmec_stuff_mod,     only : n_theta,n_phi,h_theta,h_phi,ns_s,ns_tp
      |      1
Warning: Unused module variable ‘ns_tp’ which has been explicitly imported at (1) [-Wunused-variable]
/proj/plasma/CODE/ert/SIMPLE/src/boozer_converter.f90:19:6:

   19 |   use boozer_coordinates_mod, only : ns_s_B,ns_tp_B,ns_B,n_theta_B,n_phi_B, &
      |      1
Warning: Unused module variable ‘ns_tp_b’ which has been explicitly imported at (1) [-Wunused-variable]
/proj/plasma/CODE/ert/SIMPLE/src/boozer_converter.f90:19:6:

   19 |   use boozer_coordinates_mod, only : ns_s_B,ns_tp_B,ns_B,n_theta_B,n_phi_B, &
      |      1
Warning: Unused module variable ‘s_bcovar_r_b’ which has been explicitly imported at (1) [-Wunused-variable]
/proj/plasma/CODE/ert/SIMPLE/src/boozer_converter.f90:19:6:

   19 |   use boozer_coordinates_mod, only : ns_s_B,ns_tp_B,ns_B,n_theta_B,n_phi_B, &
      |      1
Warning: Unused module variable ‘s_bcovar_tp_b’ which has been explicitly imported at (1) [-Wunused-variable]
/proj/plasma/CODE/ert/SIMPLE/src/boozer_converter.f90:19:6:

   19 |   use boozer_coordinates_mod, only : ns_s_B,ns_tp_B,ns_B,n_theta_B,n_phi_B, &
      |      1
Warning: Unused module variable ‘s_bmod_b’ which has been explicitly imported at (1) [-Wunused-variable]
/proj/plasma/CODE/ert/SIMPLE/src/boozer_converter.f90:19:6:

   19 |   use boozer_coordinates_mod, only : ns_s_B,ns_tp_B,ns_B,n_theta_B,n_phi_B, &
      |      1
Warning: Unused module variable ‘s_delt_delp_b’ which has been explicitly imported at (1) [-Wunused-variable]
/proj/plasma/CODE/ert/SIMPLE/src/boozer_converter.f90:19:6:

   19 |   use boozer_coordinates_mod, only : ns_s_B,ns_tp_B,ns_B,n_theta_B,n_phi_B, &
      |      1
Warning: Unused module variable ‘s_delt_delp_v’ which has been explicitly imported at (1) [-Wunused-variable]
/proj/plasma/CODE/ert/SIMPLE/src/boozer_converter.f90:19:6:

   19 |   use boozer_coordinates_mod, only : ns_s_B,ns_tp_B,ns_B,n_theta_B,n_phi_B, &
      |      1
Warning: Unused module variable ‘use_b_r’ which has been explicitly imported at (1) [-Wunused-variable]
/proj/plasma/CODE/ert/SIMPLE/src/boozer_converter.f90:19:6:

   19 |   use boozer_coordinates_mod, only : ns_s_B,ns_tp_B,ns_B,n_theta_B,n_phi_B, &
      |      1
Warning: Unused module variable ‘use_del_tp_b’ which has been explicitly imported at (1) [-Wunused-variable]
f951: note: unrecognized command-line option ‘-Wno-external-argument-mismatch’ may have been intended to silence earlier diagnostics
[348/504] Building Fortran object src/CMakeFiles/simple.dir/field/field_can_boozer.f90.o
[349/504] Building Fortran object src/CMakeFiles/simple.dir/get_canonical_coordinates.f90.o
/proj/plasma/CODE/ert/SIMPLE/src/get_canonical_coordinates.f90:1041:43:

 1041 |          double precision :: A_phi, A_theta, dA_phi_dr, dA_theta_dr
      |                                           1
Warning: Unused variable ‘a_theta’ declared at (1) [-Wunused-variable]
/proj/plasma/CODE/ert/SIMPLE/src/get_canonical_coordinates.f90:1042:85:

 1042 |          double precision :: s, ds, dtheta, dphi, rho_tor, drhods, drhods2, d2rhods2m
      |                                                                                     1
Warning: Unused variable ‘d2rhods2m’ declared at (1) [-Wunused-variable]
/proj/plasma/CODE/ert/SIMPLE/src/get_canonical_coordinates.f90:1042:65:

 1042 |          double precision :: s, ds, dtheta, dphi, rho_tor, drhods, drhods2, d2rhods2m
      |                                                                 1
Warning: Unused variable ‘drhods’ declared at (1) [-Wunused-variable]
/proj/plasma/CODE/ert/SIMPLE/src/get_canonical_coordinates.f90:1042:74:

 1042 |          double precision :: s, ds, dtheta, dphi, rho_tor, drhods, drhods2, d2rhods2m
      |                                                                          1
Warning: Unused variable ‘drhods2’ declared at (1) [-Wunused-variable]
/proj/plasma/CODE/ert/SIMPLE/src/get_canonical_coordinates.f90:1039:33:

 1039 |          integer :: iss, ist, isp
      |                                 1
Warning: Unused variable ‘isp’ declared at (1) [-Wunused-variable]
/proj/plasma/CODE/ert/SIMPLE/src/get_canonical_coordinates.f90:1039:23:

 1039 |          integer :: iss, ist, isp
      |                       1
Warning: Unused variable ‘iss’ declared at (1) [-Wunused-variable]
/proj/plasma/CODE/ert/SIMPLE/src/get_canonical_coordinates.f90:1039:28:

 1039 |          integer :: iss, ist, isp
      |                            1
Warning: Unused variable ‘ist’ declared at (1) [-Wunused-variable]
/proj/plasma/CODE/ert/SIMPLE/src/get_canonical_coordinates.f90:1037:42:

 1037 |          integer :: nstp, ns_A_p1, ns_s_p1
      |                                          1
Warning: Unused variable ‘ns_s_p1’ declared at (1) [-Wunused-variable]
/proj/plasma/CODE/ert/SIMPLE/src/get_canonical_coordinates.f90:1042:30:

 1042 |          double precision :: s, ds, dtheta, dphi, rho_tor, drhods, drhods2, d2rhods2m
      |                              1
Warning: Unused variable ‘s’ declared at (1) [-Wunused-variable]
/proj/plasma/CODE/ert/SIMPLE/src/get_canonical_coordinates.f90:484:30:

  484 |       integer :: iss, ist, isp
      |                              1
Warning: Unused variable ‘isp’ declared at (1) [-Wunused-variable]
/proj/plasma/CODE/ert/SIMPLE/src/get_canonical_coordinates.f90:484:20:

  484 |       integer :: iss, ist, isp
      |                    1
Warning: Unused variable ‘iss’ declared at (1) [-Wunused-variable]
/proj/plasma/CODE/ert/SIMPLE/src/get_canonical_coordinates.f90:484:25:

  484 |       integer :: iss, ist, isp
      |                         1
Warning: Unused variable ‘ist’ declared at (1) [-Wunused-variable]
/proj/plasma/CODE/ert/SIMPLE/src/get_canonical_coordinates.f90:494:27:

  494 |       double precision :: s, ds, dtheta, dphi, rho_tor, drhods, drhods2, d2rhods2m
      |                           1
Warning: Unused variable ‘s’ declared at (1) [-Wunused-variable]
/proj/plasma/CODE/ert/SIMPLE/src/get_canonical_coordinates.f90:330:20:

  330 |       integer :: iss, ist, isp
      |                    1
Warning: Unused variable ‘iss’ declared at (1) [-Wunused-variable]
/proj/plasma/CODE/ert/SIMPLE/src/get_canonical_coordinates.f90:39:10:

   39 |       use exchange_get_cancoord_mod, only: vartheta_c, varphi_c, sqg, aiota, &
      |          1
Warning: Unused module variable ‘aiota’ which has been explicitly imported at (1) [-Wunused-variable]
/proj/plasma/CODE/ert/SIMPLE/src/get_canonical_coordinates.f90:33:10:

   33 |       use canonical_coordinates_mod, only: ns_c, n_theta_c, n_phi_c, &
      |          1
Warning: Unused module variable ‘b_varphi_c’ which has been explicitly imported at (1) [-Wunused-variable]
/proj/plasma/CODE/ert/SIMPLE/src/get_canonical_coordinates.f90:33:10:

   33 |       use canonical_coordinates_mod, only: ns_c, n_theta_c, n_phi_c, &
      |          1
Warning: Unused module variable ‘b_vartheta_c’ which has been explicitly imported at (1) [-Wunused-variable]
/proj/plasma/CODE/ert/SIMPLE/src/get_canonical_coordinates.f90:39:10:

   39 |       use exchange_get_cancoord_mod, only: vartheta_c, varphi_c, sqg, aiota, &
      |          1
Warning: Unused module variable ‘bcovar_varphi’ which has been explicitly imported at (1) [-Wunused-variable]
/proj/plasma/CODE/ert/SIMPLE/src/get_canonical_coordinates.f90:39:10:

   39 |       use exchange_get_cancoord_mod, only: vartheta_c, varphi_c, sqg, aiota, &
      |          1
Warning: Unused module variable ‘bcovar_vartheta’ which has been explicitly imported at (1) [-Wunused-variable]
/proj/plasma/CODE/ert/SIMPLE/src/get_canonical_coordinates.f90:33:10:

   33 |       use canonical_coordinates_mod, only: ns_c, n_theta_c, n_phi_c, &
      |          1
Warning: Unused module variable ‘g_c’ which has been explicitly imported at (1) [-Wunused-variable]
/proj/plasma/CODE/ert/SIMPLE/src/get_canonical_coordinates.f90:42:10:

   42 |       use new_vmec_stuff_mod, only: n_theta, n_phi, h_theta, h_phi, ns_s, ns_tp
      |          1
Warning: Unused module variable ‘h_phi’ which has been explicitly imported at (1) [-Wunused-variable]
/proj/plasma/CODE/ert/SIMPLE/src/get_canonical_coordinates.f90:33:10:

   33 |       use canonical_coordinates_mod, only: ns_c, n_theta_c, n_phi_c, &
      |          1
Warning: Unused module variable ‘h_phi_c’ which has been explicitly imported at (1) [-Wunused-variable]
/proj/plasma/CODE/ert/SIMPLE/src/get_canonical_coordinates.f90:42:10:

   42 |       use new_vmec_stuff_mod, only: n_theta, n_phi, h_theta, h_phi, ns_s, ns_tp
      |          1
Warning: Unused module variable ‘h_theta’ which has been explicitly imported at (1) [-Wunused-variable]
/proj/plasma/CODE/ert/SIMPLE/src/get_canonical_coordinates.f90:33:10:

   33 |       use canonical_coordinates_mod, only: ns_c, n_theta_c, n_phi_c, &
      |          1
Warning: Unused module variable ‘h_theta_c’ which has been explicitly imported at (1) [-Wunused-variable]
/proj/plasma/CODE/ert/SIMPLE/src/get_canonical_coordinates.f90:38:10:

   38 |       use vector_potentail_mod, only: ns, hs
      |          1
Warning: Unused module variable ‘hs’ which has been explicitly imported at (1) [-Wunused-variable]
/proj/plasma/CODE/ert/SIMPLE/src/get_canonical_coordinates.f90:33:10:

   33 |       use canonical_coordinates_mod, only: ns_c, n_theta_c, n_phi_c, &
      |          1
Warning: Unused module variable ‘hs_c’ which has been explicitly imported at (1) [-Wunused-variable]
/proj/plasma/CODE/ert/SIMPLE/src/get_canonical_coordinates.f90:42:10:

   42 |       use new_vmec_stuff_mod, only: n_theta, n_phi, h_theta, h_phi, ns_s, ns_tp
      |          1
Warning: Unused module variable ‘n_phi’ which has been explicitly imported at (1) [-Wunused-variable]
/proj/plasma/CODE/ert/SIMPLE/src/get_canonical_coordinates.f90:33:10:

   33 |       use canonical_coordinates_mod, only: ns_c, n_theta_c, n_phi_c, &
      |          1
Warning: Unused module variable ‘n_phi_c’ which has been explicitly imported at (1) [-Wunused-variable]
/proj/plasma/CODE/ert/SIMPLE/src/get_canonical_coordinates.f90:42:10:

   42 |       use new_vmec_stuff_mod, only: n_theta, n_phi, h_theta, h_phi, ns_s, ns_tp
      |          1
Warning: Unused module variable ‘n_theta’ which has been explicitly imported at (1) [-Wunused-variable]
/proj/plasma/CODE/ert/SIMPLE/src/get_canonical_coordinates.f90:33:10:

   33 |       use canonical_coordinates_mod, only: ns_c, n_theta_c, n_phi_c, &
      |          1
Warning: Unused module variable ‘n_theta_c’ which has been explicitly imported at (1) [-Wunused-variable]
/proj/plasma/CODE/ert/SIMPLE/src/get_canonical_coordinates.f90:33:10:

   33 |       use canonical_coordinates_mod, only: ns_c, n_theta_c, n_phi_c, &
      |          1
Warning: Unused parameter ‘nh_stencil’ which has been explicitly imported at (1) [-Wunused-parameter]
/proj/plasma/CODE/ert/SIMPLE/src/get_canonical_coordinates.f90:38:10:

   38 |       use vector_potentail_mod, only: ns, hs
      |          1
Warning: Unused module variable ‘ns’ which has been explicitly imported at (1) [-Wunused-variable]
/proj/plasma/CODE/ert/SIMPLE/src/get_canonical_coordinates.f90:33:10:

   33 |       use canonical_coordinates_mod, only: ns_c, n_theta_c, n_phi_c, &
      |          1
Warning: Unused module variable ‘ns_c’ which has been explicitly imported at (1) [-Wunused-variable]
/proj/plasma/CODE/ert/SIMPLE/src/get_canonical_coordinates.f90:42:10:

   42 |       use new_vmec_stuff_mod, only: n_theta, n_phi, h_theta, h_phi, ns_s, ns_tp
      |          1
Warning: Unused module variable ‘ns_s’ which has been explicitly imported at (1) [-Wunused-variable]
/proj/plasma/CODE/ert/SIMPLE/src/get_canonical_coordinates.f90:33:10:

   33 |       use canonical_coordinates_mod, only: ns_c, n_theta_c, n_phi_c, &
      |          1
Warning: Unused module variable ‘ns_s_c’ which has been explicitly imported at (1) [-Wunused-variable]
/proj/plasma/CODE/ert/SIMPLE/src/get_canonical_coordinates.f90:42:10:

   42 |       use new_vmec_stuff_mod, only: n_theta, n_phi, h_theta, h_phi, ns_s, ns_tp
      |          1
Warning: Unused module variable ‘ns_tp’ which has been explicitly imported at (1) [-Wunused-variable]
/proj/plasma/CODE/ert/SIMPLE/src/get_canonical_coordinates.f90:33:10:

   33 |       use canonical_coordinates_mod, only: ns_c, n_theta_c, n_phi_c, &
      |          1
Warning: Unused module variable ‘ns_tp_c’ which has been explicitly imported at (1) [-Wunused-variable]
/proj/plasma/CODE/ert/SIMPLE/src/get_canonical_coordinates.f90:39:10:

   39 |       use exchange_get_cancoord_mod, only: vartheta_c, varphi_c, sqg, aiota, &
      |          1
Warning: Unused module variable ‘onlytheta’ which has been explicitly imported at (1) [-Wunused-variable]
/proj/plasma/CODE/ert/SIMPLE/src/get_canonical_coordinates.f90:39:10:

   39 |       use exchange_get_cancoord_mod, only: vartheta_c, varphi_c, sqg, aiota, &
      |          1
Warning: Unused module variable ‘sqg’ which has been explicitly imported at (1) [-Wunused-variable]
/proj/plasma/CODE/ert/SIMPLE/src/get_canonical_coordinates.f90:33:10:

   33 |       use canonical_coordinates_mod, only: ns_c, n_theta_c, n_phi_c, &
      |          1
Warning: Unused module variable ‘sqg_c’ which has been explicitly imported at (1) [-Wunused-variable]
/proj/plasma/CODE/ert/SIMPLE/src/get_canonical_coordinates.f90:39:10:

   39 |       use exchange_get_cancoord_mod, only: vartheta_c, varphi_c, sqg, aiota, &
      |          1
Warning: Unused module variable ‘varphi_c’ which has been explicitly imported at (1) [-Wunused-variable]
/proj/plasma/CODE/ert/SIMPLE/src/get_canonical_coordinates.f90:39:10:

   39 |       use exchange_get_cancoord_mod, only: vartheta_c, varphi_c, sqg, aiota, &
      |          1
Warning: Unused module variable ‘vartheta_c’ which has been explicitly imported at (1) [-Wunused-variable]
f951: note: unrecognized command-line option ‘-Wno-external-argument-mismatch’ may have been intended to silence earlier diagnostics
[350/504] Building Fortran object src/CMakeFiles/simple.dir/magfie.f90.o
[351/504] Building Fortran object src/CMakeFiles/simple.dir/field/field_can_flux.f90.o
[352/504] Building Fortran object src/CMakeFiles/simple.dir/find_bminmax.f90.o
[353/504] Building Fortran object src/CMakeFiles/simple.dir/sub_alpha_lifetime_can.f90.o
/proj/plasma/CODE/ert/SIMPLE/src/sub_alpha_lifetime_can.f90:380:23:

  380 |       integer :: ierr,j
      |                       1
Warning: Unused variable ‘j’ declared at (1) [-Wunused-variable]
/proj/plasma/CODE/ert/SIMPLE/src/sub_alpha_lifetime_can.f90:171:23:

  171 |       integer :: ierr,j
      |                       1
Warning: Unused variable ‘j’ declared at (1) [-Wunused-variable]
/proj/plasma/CODE/ert/SIMPLE/src/sub_alpha_lifetime_can.f90:74:29:

   74 |       double precision pardeb
      |                             1
Warning: Unused variable ‘pardeb’ declared at (1) [-Wunused-variable]
/proj/plasma/CODE/ert/SIMPLE/src/sub_alpha_lifetime_can.f90:22:21:

   22 |       integer :: ierr
      |                     1
Warning: Unused variable ‘ierr’ declared at (1) [-Wunused-variable]
/proj/plasma/CODE/ert/SIMPLE/src/sub_alpha_lifetime_can.f90:24:31:

   24 |       double precision :: r,phi,z,psi,phi_el,phi_el_pr,phi_el_prpr
      |                               1
Warning: Unused variable ‘phi’ declared at (1) [-Wunused-variable]
/proj/plasma/CODE/ert/SIMPLE/src/sub_alpha_lifetime_can.f90:24:44:

   24 |       double precision :: r,phi,z,psi,phi_el,phi_el_pr,phi_el_prpr
      |                                            1
Warning: Unused variable ‘phi_el’ declared at (1) [-Wunused-variable]
/proj/plasma/CODE/ert/SIMPLE/src/sub_alpha_lifetime_can.f90:24:54:

   24 |       double precision :: r,phi,z,psi,phi_el,phi_el_pr,phi_el_prpr
      |                                                      1
Warning: Unused variable ‘phi_el_pr’ declared at (1) [-Wunused-variable]
/proj/plasma/CODE/ert/SIMPLE/src/sub_alpha_lifetime_can.f90:24:66:

   24 |       double precision :: r,phi,z,psi,phi_el,phi_el_pr,phi_el_prpr
      |                                                                  1
Warning: Unused variable ‘phi_el_prpr’ declared at (1) [-Wunused-variable]
/proj/plasma/CODE/ert/SIMPLE/src/sub_alpha_lifetime_can.f90:24:37:

   24 |       double precision :: r,phi,z,psi,phi_el,phi_el_pr,phi_el_prpr
      |                                     1
Warning: Unused variable ‘psi’ declared at (1) [-Wunused-variable]
/proj/plasma/CODE/ert/SIMPLE/src/sub_alpha_lifetime_can.f90:24:27:

   24 |       double precision :: r,phi,z,psi,phi_el,phi_el_pr,phi_el_prpr
      |                           1
Warning: Unused variable ‘r’ declared at (1) [-Wunused-variable]
/proj/plasma/CODE/ert/SIMPLE/src/sub_alpha_lifetime_can.f90:24:33:

   24 |       double precision :: r,phi,z,psi,phi_el,phi_el_pr,phi_el_prpr
      |                                 1
Warning: Unused variable ‘z’ declared at (1) [-Wunused-variable]
f951: note: unrecognized command-line option ‘-Wno-external-argument-mismatch’ may have been intended to silence earlier diagnostics
[354/504] Building Fortran object src/CMakeFiles/simple.dir/field_can.f90.o
[355/504] Building Fortran object src/CMakeFiles/simple.dir/orbit_symplectic_base.f90.o
[356/504] Building Fortran object src/CMakeFiles/simple.dir/orbit_symplectic_quasi.f90.o
/proj/plasma/CODE/ert/SIMPLE/src/orbit_symplectic_quasi.f90:445:66:

  445 |     call hybrd1(f_rk_lobatto_quasi, 4*s-2, x, fvec, si%rtol, info)
      |                                                                  1
Warning: Procedure ‘hybrd1’ called with an implicit interface at (1) [-Wimplicit-interface]
/proj/plasma/CODE/ert/SIMPLE/src/orbit_symplectic_quasi.f90:361:62:

  361 |     call hybrd1(f_rk_gauss_quasi, 4*s, x, fvec, si%rtol, info)
      |                                                              1
Warning: Procedure ‘hybrd1’ called with an implicit interface at (1) [-Wimplicit-interface]
/proj/plasma/CODE/ert/SIMPLE/src/orbit_symplectic_quasi.f90:303:58:

  303 |     call hybrd1(f_euler2_quasi, n, x, fvec, si%rtol, info)
      |                                                          1
Warning: Procedure ‘hybrd1’ called with an implicit interface at (1) [-Wimplicit-interface]
/proj/plasma/CODE/ert/SIMPLE/src/orbit_symplectic_quasi.f90:324:59:

  324 |       call hybrd1(f_exact_quasi, 1, x, fvec, si%rtol, info)
      |                                                           1
Warning: Procedure ‘hybrd1’ called with an implicit interface at (1) [-Wimplicit-interface]
/proj/plasma/CODE/ert/SIMPLE/src/orbit_symplectic_quasi.f90:248:58:

  248 |     call hybrd1(f_euler1_quasi, n, x, fvec, si%rtol, info)
      |                                                          1
Warning: Procedure ‘hybrd1’ called with an implicit interface at (1) [-Wimplicit-interface]
/proj/plasma/CODE/ert/SIMPLE/src/orbit_symplectic_quasi.f90:270:59:

  270 |       call hybrd1(f_exact_quasi, 1, x, fvec, si%rtol, info)
      |                                                           1
Warning: Procedure ‘hybrd1’ called with an implicit interface at (1) [-Wimplicit-interface]
/proj/plasma/CODE/ert/SIMPLE/src/orbit_symplectic_quasi.f90:207:60:

  207 |     call hybrd1(f_midpoint_quasi, n, x, fvec, si%rtol, info)
      |                                                            1
Warning: Procedure ‘hybrd1’ called with an implicit interface at (1) [-Wimplicit-interface]
/proj/plasma/CODE/ert/SIMPLE/src/orbit_symplectic_quasi.f90:397:29:

  397 |   integer, parameter :: maxit = 16
      |                             1
Warning: Unused parameter ‘maxit’ declared at (1) [-Wunused-parameter]
/proj/plasma/CODE/ert/SIMPLE/src/orbit_symplectic_quasi.f90:339:29:

  339 |   integer, parameter :: maxit = 16
      |                             1
Warning: Unused parameter ‘maxit’ declared at (1) [-Wunused-parameter]
/proj/plasma/CODE/ert/SIMPLE/src/orbit_symplectic_quasi.f90:290:29:

  290 |   integer, parameter :: maxit = 16
      |                             1
Warning: Unused parameter ‘maxit’ declared at (1) [-Wunused-parameter]
/proj/plasma/CODE/ert/SIMPLE/src/orbit_symplectic_quasi.f90:234:29:

  234 |   integer, parameter :: maxit = 16
      |                             1
Warning: Unused parameter ‘maxit’ declared at (1) [-Wunused-parameter]
/proj/plasma/CODE/ert/SIMPLE/src/orbit_symplectic_quasi.f90:193:29:

  193 |   integer, parameter :: maxit = 16
      |                             1
Warning: Unused parameter ‘maxit’ declared at (1) [-Wunused-parameter]
f951: note: unrecognized command-line option ‘-Wno-external-argument-mismatch’ may have been intended to silence earlier diagnostics
[357/504] Building Fortran object src/CMakeFiles/simple.dir/orbit_symplectic.f90.o
/proj/plasma/CODE/ert/SIMPLE/src/orbit_symplectic.f90:946:63:

  946 |     call dgesv(4*s-2, 1, fjac, 4*s-2, pivot, fvec, 4*s-2, info)
      |                                                               1
Warning: Procedure ‘dgesv’ called with an implicit interface at (1) [-Wimplicit-interface]
/proj/plasma/CODE/ert/SIMPLE/src/orbit_symplectic.f90:671:57:

  671 |     call dgesv(4*s, 1, fjac, 4*s, pivot, fvec, 4*s, info)
      |                                                         1
Warning: Procedure ‘dgesv’ called with an implicit interface at (1) [-Wimplicit-interface]
/proj/plasma/CODE/ert/SIMPLE/src/orbit_symplectic.f90:506:51:

  506 |     call dgesv(n, 1, fjac, n, pivot, fvec, n, info)
      |                                                   1
Warning: Procedure ‘dgesv’ called with an implicit interface at (1) [-Wimplicit-interface]
/proj/plasma/CODE/ert/SIMPLE/src/orbit_symplectic.f90:1343:14:

 1343 |   integer :: k, ktau
      |              1
Warning: Unused variable ‘k’ declared at (1) [-Wunused-variable]
/proj/plasma/CODE/ert/SIMPLE/src/orbit_symplectic.f90:1281:14:

 1281 |   integer :: k, ktau
      |              1
Warning: Unused variable ‘k’ declared at (1) [-Wunused-variable]
/proj/plasma/CODE/ert/SIMPLE/src/orbit_symplectic.f90:1222:14:

 1222 |   integer :: k, ktau
      |              1
Warning: Unused variable ‘k’ declared at (1) [-Wunused-variable]
/proj/plasma/CODE/ert/SIMPLE/src/orbit_symplectic.f90:423:27:

  423 |   integer :: pivot(n), info
      |                           1
Warning: Unused variable ‘info’ declared at (1) [-Wunused-variable]
/proj/plasma/CODE/ert/SIMPLE/src/orbit_symplectic.f90:423:21:

  423 |   integer :: pivot(n), info
      |                     1
Warning: Unused variable ‘pivot’ declared at (1) [-Wunused-variable]
/proj/plasma/CODE/ert/SIMPLE/src/orbit_symplectic.f90:30:14:

   30 |   integer :: k
      |              1
Warning: Unused variable ‘k’ declared at (1) [-Wunused-variable]
f951: note: unrecognized command-line option ‘-Wno-external-argument-mismatch’ may have been intended to silence earlier diagnostics
[358/504] Building Fortran object src/CMakeFiles/simple.dir/simple.f90.o
[359/504] Building Fortran object src/CMakeFiles/simple.dir/callback.f90.o
[360/504] Building Fortran object src/CMakeFiles/simple.dir/params.f90.o
[361/504] Building Fortran object src/CMakeFiles/simple.dir/cut_detector.f90.o
/proj/plasma/CODE/ert/SIMPLE/src/cut_detector.f90:92:26:

   84 |       do i=1, nstep_max
      |                       2   
......
   92 |           self%orb_sten(6,i)=self%par_inv
      |                          1
Warning: Array reference at (1) out of bounds (1000000000 > 6) in loop beginning at (2) [-Wdo-subscript]
f951: note: unrecognized command-line option ‘-Wno-external-argument-mismatch’ may have been intended to silence earlier diagnostics
[362/504] Building Fortran object src/CMakeFiles/simple.dir/samplers.f90.o
/proj/plasma/CODE/ert/SIMPLE/src/samplers.f90:162:12:

  162 |     xsize = (2*pi) * grid_density !angle density
      |            1
Warning: Possible change of value in conversion from REAL(8) to INTEGER(4) at (1) [-Wconversion]
/proj/plasma/CODE/ert/SIMPLE/src/samplers.f90:164:16:

  164 |     ntestpart = ngrid ** 2 !number of total angle points
      |                1
Warning: Possible change of value in conversion from REAL(8) to INTEGER(4) at (1) [-Wconversion]
/proj/plasma/CODE/ert/SIMPLE/src/samplers.f90:183:17:

  183 |       do jpart=1,ngrid
      |                 1
Warning: Deleted feature: End expression in DO loop at (1) must be integer
/proj/plasma/CODE/ert/SIMPLE/src/samplers.f90:183:17: Warning: Possible change of value in conversion from REAL(8) to INTEGER(4) at (1) [-Wconversion]
/proj/plasma/CODE/ert/SIMPLE/src/samplers.f90:176:15:

  176 |     do ipart=1,ngrid
      |               1
Warning: Deleted feature: End expression in DO loop at (1) must be integer
/proj/plasma/CODE/ert/SIMPLE/src/samplers.f90:176:15: Warning: Possible change of value in conversion from REAL(8) to INTEGER(4) at (1) [-Wconversion]
/proj/plasma/CODE/ert/SIMPLE/src/samplers.f90:153:8:

  153 |     use params, only: ntestpart, zstart_dim1, zend, times_lost, &
      |        1
Warning: Unused module variable ‘xstart’ which has been explicitly imported at (1) [-Wunused-variable]
f951: note: unrecognized command-line option ‘-Wno-external-argument-mismatch’ may have been intended to silence earlier diagnostics
[363/504] Building Fortran object src/CMakeFiles/simple.dir/classification.f90.o
/proj/plasma/CODE/ert/SIMPLE/src/classification.f90:50:30:

   50 |     integer :: ierr, ierr_coll
      |                              1
Warning: Unused variable ‘ierr_coll’ declared at (1) [-Wunused-variable]
f951: note: unrecognized command-line option ‘-Wno-external-argument-mismatch’ may have been intended to silence earlier diagnostics
[364/504] Building Fortran object src/CMakeFiles/simple.dir/simple_main.f90.o
[365/504] Linking Fortran static library src/libsimple.a
[366/504] Generating Fortran dyndep file CMakeFiles/simple.x.dir/Fortran.dd
[367/504] Generating array_utils.f90.i
[368/504] Generating canonical_coordinates_mod.f90.i
[369/504] Generating cut_detector.f90.i
[370/504] Generating field_can.f90.i
[371/504] Generating field_can_base.f90.i
[372/504] Generating get_canonical_coordinates.f90.i
[373/504] Generating magfie.f90.i
[374/504] Generating new_vmec_allocation_stuff.f90.i
[375/504] Generating orbit_symplectic.f90.i
[376/504] Generating orbit_symplectic_base.f90.i
[377/504] Generating simple.f90.i
[378/504] Generating simple_main.f90.i
[379/504] Generating stencil_utils.f90.i
[380/504] Generating vmecinm_m.f90.i
[381/504] Generating params.f90.i
[382/504] Generating spline_vmec_data.f90.i
[383/504] Generating Fortran dyndep file test/tests/CMakeFiles/test_sympl_tok.x.dir/Fortran.dd
[384/504] Generating Fortran dyndep file test/tests/CMakeFiles/test_sympl.x.dir/Fortran.dd
[385/504] Generating Fortran dyndep file test/tests/CMakeFiles/test_coord_trans.x.dir/Fortran.dd
[386/504] Generating Fortran dyndep file test/tests/CMakeFiles/test_magfie.x.dir/Fortran.dd
[387/504] Generating Fortran dyndep file test/tests/CMakeFiles/test_poincare1.x.dir/Fortran.dd
[388/504] Generating Fortran dyndep file test/tests/CMakeFiles/test_poiplot_classification.x.dir/Fortran.dd
[389/504] Generating Fortran dyndep file test/tests/CMakeFiles/test_parse_ants.x.dir/Fortran.dd
[390/504] Generating Fortran dyndep file test/tests/CMakeFiles/test_boozer.x.dir/Fortran.dd
[391/504] Generating Fortran dyndep file test/tests/CMakeFiles/test_orbits.x.dir/Fortran.dd
[392/504] Generating Fortran dyndep file test/tests/CMakeFiles/test_collis.x.dir/Fortran.dd
[393/504] Generating Fortran dyndep file test/tests/CMakeFiles/test_samplers.x.dir/Fortran.dd
[394/504] Generating Fortran dyndep file test/tests/CMakeFiles/test_coordinates.x.dir/Fortran.dd
[395/504] Generating Fortran dyndep file test/tests/CMakeFiles/test_gvec.x.dir/Fortran.dd
[396/504] Generating Fortran dyndep file test/tests/CMakeFiles/test_vmec_gvec.x.dir/Fortran.dd
[397/504] Generating Fortran dyndep file test/tests/CMakeFiles/test_canonical_gvec.x.dir/Fortran.dd
[398/504] Building Fortran object CMakeFiles/simple.x.dir/app/simple.f90.o
[399/504] Generating Fortran dyndep file test/tests/CMakeFiles/test_simple_vmec_gvec.x.dir/Fortran.dd
[400/504] Generating Fortran dyndep file test/tests/CMakeFiles/test_adapter_consistency.x.dir/Fortran.dd
[401/504] Generating Fortran dyndep file test/tests/CMakeFiles/test_vmec_gvec_adapter.x.dir/Fortran.dd
[402/504] Generating Fortran dyndep file test/tests/CMakeFiles/test_spline_3d.x.dir/Fortran.dd
[403/504] Generating Fortran dyndep file test/tests/CMakeFiles/export_field_2d.x.dir/Fortran.dd
[404/504] Generating Fortran dyndep file test/tests/CMakeFiles/test_stencil_utils.x.dir/Fortran.dd
[405/504] Generating Fortran dyndep file test/tests/CMakeFiles/test_array_utils.x.dir/Fortran.dd
[406/504] Generating Fortran dyndep file test/tests/field_can/CMakeFiles/test_field_can_meiss.x.dir/Fortran.dd
[407/504] Generating Fortran dyndep file test/tests/field_can/CMakeFiles/test_field_can_albert.x.dir/Fortran.dd
[408/504] Processing preprocessed sources with f90wrap
[409/504] Building Fortran object test/tests/CMakeFiles/test_sympl_tok.x.dir/test_sympl.f90.o
[410/504] Building Fortran object test/tests/CMakeFiles/test_parse_ants.x.dir/test_parse_ants.f90.o
[411/504] Building Fortran object test/tests/CMakeFiles/test_boozer.x.dir/test_boozer.f90.o
[412/504] Building Fortran object test/tests/CMakeFiles/test_coordinates.x.dir/test_coordinates.f90.o
[413/504] Building Fortran object test/tests/CMakeFiles/test_gvec.x.dir/test_gvec.f90.o
[414/504] Building Fortran object test/tests/CMakeFiles/test_sympl.x.dir/test_sympl_stell.f90.o
/proj/plasma/CODE/ert/SIMPLE/test/tests/test_sympl_stell.f90:22:44:

   22 | type(MultistageIntegrator) :: verlet, order4, mclachlan4, blanes4, kahan6
      |                                            1
Warning: Unused variable ‘order4’ declared at (1) [-Wunused-variable]
f951: note: unrecognized command-line option ‘-Wno-external-argument-mismatch’ may have been intended to silence earlier diagnostics
[415/504] Building Fortran object test/tests/CMakeFiles/test_coord_trans.x.dir/test_coord_trans.f90.o
/proj/plasma/CODE/ert/SIMPLE/test/tests/test_coord_trans.f90:3:6:

    3 |   use util, only: pi, twopi, c, e_charge, e_mass, p_mass, ev
      |      1
Warning: Unused parameter ‘twopi’ which has been explicitly imported at (1) [-Wunused-parameter]
/proj/plasma/CODE/ert/SIMPLE/test/tests/test_coord_trans.f90:3:6:

    3 |   use util, only: pi, twopi, c, e_charge, e_mass, p_mass, ev
      |      1
Warning: Unused parameter ‘e_mass’ which has been explicitly imported at (1) [-Wunused-parameter]
/proj/plasma/CODE/ert/SIMPLE/test/tests/test_coord_trans.f90:26:76:

   26 |   double precision, dimension(:), allocatable :: confpart_trap,confpart_pass
      |                                                                            1
Warning: Unused variable ‘confpart_pass’ declared at (1) [-Wunused-variable]
/proj/plasma/CODE/ert/SIMPLE/test/tests/test_coord_trans.f90:26:62:

   26 |   double precision, dimension(:), allocatable :: confpart_trap,confpart_pass
      |                                                              1
Warning: Unused variable ‘confpart_trap’ declared at (1) [-Wunused-variable]
/proj/plasma/CODE/ert/SIMPLE/test/tests/test_coord_trans.f90:38:18:

   38 |   integer :: kpart = 0 ! progress counter for particles
      |                  1
Warning: Unused variable ‘kpart’ declared at (1) [-Wunused-variable]
/proj/plasma/CODE/ert/SIMPLE/test/tests/test_coord_trans.f90:45:34:

   45 |   integer, parameter :: n_tip_vars = 6  ! variables to evaluate at tip: z(1..5), par_inv
      |                                  1
Warning: Unused parameter ‘n_tip_vars’ declared at (1) [-Wunused-parameter]
/proj/plasma/CODE/ert/SIMPLE/test/tests/test_coord_trans.f90:27:59:

   27 |   double precision, dimension(:), allocatable :: times_lost
      |                                                           1
Warning: Unused variable ‘times_lost’ declared at (1) [-Wunused-variable]
/proj/plasma/CODE/ert/SIMPLE/test/tests/test_coord_trans.f90:43:46:

   43 |   double precision, allocatable :: trap_par(:)
      |                                              1
Warning: Unused variable ‘trap_par’ declared at (1) [-Wunused-variable]
f951: note: unrecognized command-line option ‘-Wno-external-argument-mismatch’ may have been intended to silence earlier diagnostics
[416/504] Building Fortran object test/tests/CMakeFiles/test_magfie.x.dir/test_magfie.f90.o
/proj/plasma/CODE/ert/SIMPLE/test/tests/test_magfie.f90:67:33:

   67 |     relerr = merge(a, (a - b)/b, b == 0d0)
      |                                 1
Warning: Equality comparison for REAL(8) at (1) [-Wcompare-reals]
/proj/plasma/CODE/ert/SIMPLE/test/tests/test_magfie.f90:426:51:

  426 |     call dgesv(n, 1, fjac, n, pivot, fvec, 3, info)
      |                                                   1
Warning: Procedure ‘dgesv’ called with an implicit interface at (1) [-Wimplicit-interface]
f951: note: unrecognized command-line option ‘-Wno-external-argument-mismatch’ may have been intended to silence earlier diagnostics
[417/504] Building Fortran object test/tests/CMakeFiles/test_collis.x.dir/__/__/src/test_collis.f90.o
/proj/plasma/CODE/ert/SIMPLE/src/test_collis.f90:14:16:

   14 |   integer :: i,j,k,ierr,npart,ipart
      |                1
Warning: Unused variable ‘j’ declared at (1) [-Wunused-variable]
/proj/plasma/CODE/ert/SIMPLE/src/test_collis.f90:14:18:

   14 |   integer :: i,j,k,ierr,npart,ipart
      |                  1
Warning: Unused variable ‘k’ declared at (1) [-Wunused-variable]
/proj/plasma/CODE/ert/SIMPLE/src/test_collis.f90:10:36:

   10 |   double precision :: n_d=4.0d0, n_e=2.0d0  ! Test particle mass and charge no.
      |                                    1
Warning: Unused variable ‘n_e’ declared at (1) [-Wunused-variable]
f951: note: unrecognized command-line option ‘-Wno-external-argument-mismatch’ may have been intended to silence earlier diagnostics
[418/504] Building Fortran object test/tests/CMakeFiles/test_samplers.x.dir/test_samplers.f90.o
/proj/plasma/CODE/ert/SIMPLE/test/tests/test_samplers.f90:66:16:

   66 |         if (any(zreadout(1,:) /= s_in)) then
      |                1
Warning: Inequality comparison for REAL(8) at (1) [-Wcompare-reals]
/proj/plasma/CODE/ert/SIMPLE/test/tests/test_samplers.f90:26:16:

   26 |         if (any(zstart /= zreadout)) then
      |                1
Warning: Inequality comparison for REAL(8) at (1) [-Wcompare-reals]
f951: note: unrecognized command-line option ‘-Wno-external-argument-mismatch’ may have been intended to silence earlier diagnostics
[419/504] Building Fortran object test/tests/CMakeFiles/test_canonical_gvec.x.dir/test_canonical_gvec.f90.o
[420/504] Building Fortran object test/tests/CMakeFiles/export_field_2d.x.dir/export_field_2d.f90.o
[421/504] Building Fortran object test/tests/CMakeFiles/test_stencil_utils.x.dir/test_stencil_utils.f90.o
[422/504] Building Fortran object test/tests/CMakeFiles/test_poincare1.x.dir/test_poincare1.f90.o
/proj/plasma/CODE/ert/SIMPLE/test/tests/test_poincare1.f90:27:67:

   27 |   double precision :: dphi,rbeg,phibeg,zbeg,bmod00,rcham,rlarm,bmax,bmin
      |                                                                   1
Warning: Unused variable ‘bmax’ declared at (1) [-Wunused-variable]
/proj/plasma/CODE/ert/SIMPLE/test/tests/test_poincare1.f90:27:72:

   27 |   double precision :: dphi,rbeg,phibeg,zbeg,bmod00,rcham,rlarm,bmax,bmin
      |                                                                        1
Warning: Unused variable ‘bmin’ declared at (1) [-Wunused-variable]
/proj/plasma/CODE/ert/SIMPLE/test/tests/test_poincare1.f90:19:39:

   19 |   double precision,parameter  :: e_mass=9.1094d-28
      |                                       1
Warning: Unused parameter ‘e_mass’ declared at (1) [-Wunused-parameter]
/proj/plasma/CODE/ert/SIMPLE/test/tests/test_poincare1.f90:3:6:

    3 |   use parmot_mod, only : rmu,ro0,eeff
      |      1
Warning: Unused module variable ‘eeff’ which has been explicitly imported at (1) [-Wunused-variable]
/proj/plasma/CODE/ert/SIMPLE/test/tests/test_poincare1.f90:36:27:

   36 |   integer          :: ibins
      |                           1
Warning: Unused variable ‘ibins’ declared at (1) [-Wunused-variable]
/proj/plasma/CODE/ert/SIMPLE/test/tests/test_poincare1.f90:26:64:

   26 |   integer          :: ipart,notrace_passing,loopskip,iskip,ilost,it
      |                                                                1
Warning: Unused variable ‘ilost’ declared at (1) [-Wunused-variable]
/proj/plasma/CODE/ert/SIMPLE/test/tests/test_poincare1.f90:26:27:

   26 |   integer          :: ipart,notrace_passing,loopskip,iskip,ilost,it
      |                           1
Warning: Unused variable ‘ipart’ declared at (1) [-Wunused-variable]
/proj/plasma/CODE/ert/SIMPLE/test/tests/test_poincare1.f90:26:58:

   26 |   integer          :: ipart,notrace_passing,loopskip,iskip,ilost,it
      |                                                          1
Warning: Unused variable ‘iskip’ declared at (1) [-Wunused-variable]
/proj/plasma/CODE/ert/SIMPLE/test/tests/test_poincare1.f90:26:67:

   26 |   integer          :: ipart,notrace_passing,loopskip,iskip,ilost,it
      |                                                                   1
Warning: Unused variable ‘it’ declared at (1) [-Wunused-variable]
/proj/plasma/CODE/ert/SIMPLE/test/tests/test_poincare1.f90:37:33:

   37 |   integer          :: n_e,n_d,n_b
      |                                 1
Warning: Unused variable ‘n_b’ declared at (1) [-Wunused-variable]
/proj/plasma/CODE/ert/SIMPLE/test/tests/test_poincare1.f90:24:22:

   24 |   logical :: near_axis
      |                      1
Warning: Unused variable ‘near_axis’ declared at (1) [-Wunused-variable]
/proj/plasma/CODE/ert/SIMPLE/test/tests/test_poincare1.f90:25:26:

   25 |   integer          :: npoi,ierr,L1i,nper,npoiper,i,ntimstep,ntestpart
      |                          1
Warning: Unused variable ‘npoi’ declared at (1) [-Wunused-variable]
/proj/plasma/CODE/ert/SIMPLE/test/tests/test_poincare1.f90:44:17:

   44 |   integer :: ntau
      |                 1
Warning: Unused variable ‘ntau’ declared at (1) [-Wunused-variable]
/proj/plasma/CODE/ert/SIMPLE/test/tests/test_poincare1.f90:27:31:

   27 |   double precision :: dphi,rbeg,phibeg,zbeg,bmod00,rcham,rlarm,bmax,bmin
      |                               1
Warning: Unused variable ‘rbeg’ declared at (1) [-Wunused-variable]
/proj/plasma/CODE/ert/SIMPLE/test/tests/test_poincare1.f90:27:56:

   27 |   double precision :: dphi,rbeg,phibeg,zbeg,bmod00,rcham,rlarm,bmax,bmin
      |                                                        1
Warning: Unused variable ‘rcham’ declared at (1) [-Wunused-variable]
/proj/plasma/CODE/ert/SIMPLE/test/tests/test_poincare1.f90:41:30:

   41 |   integer, parameter :: runlen = 1
      |                              1
Warning: Unused parameter ‘runlen’ declared at (1) [-Wunused-parameter]
/proj/plasma/CODE/ert/SIMPLE/test/tests/test_poincare1.f90:22:43:

   22 |   double precision,parameter  :: snear_axis=0.05d0
      |                                           1
Warning: Unused parameter ‘snear_axis’ declared at (1) [-Wunused-parameter]
/proj/plasma/CODE/ert/SIMPLE/test/tests/test_poincare1.f90:29:52:

   29 |   double precision :: RT0,R0i,cbfi,bz0i,bf0,trap_par
      |                                                    1
Warning: Unused variable ‘trap_par’ declared at (1) [-Wunused-variable]
/proj/plasma/CODE/ert/SIMPLE/test/tests/test_poincare1.f90:28:41:

   28 |   double precision :: tau,dtau,dtaumin,xi,v0,bmod_ref,E_alpha,trace_time
      |                                         1
Warning: Unused variable ‘xi’ declared at (1) [-Wunused-variable]
/proj/plasma/CODE/ert/SIMPLE/test/tests/test_poincare1.f90:31:24:

   31 |   double precision :: z1,z2
      |                        1
Warning: Unused variable ‘z1’ declared at (1) [-Wunused-variable]
/proj/plasma/CODE/ert/SIMPLE/test/tests/test_poincare1.f90:31:27:

   31 |   double precision :: z1,z2
      |                           1
Warning: Unused variable ‘z2’ declared at (1) [-Wunused-variable]
/proj/plasma/CODE/ert/SIMPLE/test/tests/test_poincare1.f90:27:43:

   27 |   double precision :: dphi,rbeg,phibeg,zbeg,bmod00,rcham,rlarm,bmax,bmin
      |                                           1
Warning: Unused variable ‘zbeg’ declared at (1) [-Wunused-variable]
f951: note: unrecognized command-line option ‘-Wno-external-argument-mismatch’ may have been intended to silence earlier diagnostics
[423/504] Building Fortran object test/tests/CMakeFiles/test_vmec_gvec.x.dir/test_vmec_gvec.f90.o
/proj/plasma/CODE/ert/SIMPLE/test/tests/test_vmec_gvec.f90:35:44:

   35 |     character(len=4096) :: param_strings(20)
      |                                            1
Warning: Unused variable ‘param_strings’ declared at (1) [-Wunused-variable]
f951: note: unrecognized command-line option ‘-Wno-external-argument-mismatch’ may have been intended to silence earlier diagnostics
[424/504] Building Fortran object test/tests/CMakeFiles/test_simple_vmec_gvec.x.dir/test_simple_vmec_gvec.f90.o
/proj/plasma/CODE/ert/SIMPLE/test/tests/test_simple_vmec_gvec.f90:6:8:

    6 |     use params, only: pi
      |        1
Warning: Unused parameter ‘pi’ which has been explicitly imported at (1) [-Wunused-parameter]
f951: note: unrecognized command-line option ‘-Wno-external-argument-mismatch’ may have been intended to silence earlier diagnostics
[425/504] Building Fortran object test/tests/CMakeFiles/test_adapter_consistency.x.dir/test_adapter_consistency.f90.o
/proj/plasma/CODE/ert/SIMPLE/test/tests/test_adapter_consistency.f90:36:24:

   36 |     real(dp) :: max_diff
      |                        1
Warning: Unused variable ‘max_diff’ declared at (1) [-Wunused-variable]
/proj/plasma/CODE/ert/SIMPLE/test/tests/test_adapter_consistency.f90:152:32:

  152 |     subroutine check_consistency(name, val1, val2, passed, max_diff)
      |                                ^
Warning: ‘check_consistency’ defined but not used [-Wunused-function]
f951: note: unrecognized command-line option ‘-Wno-external-argument-mismatch’ may have been intended to silence earlier diagnostics
[426/504] Building Fortran object test/tests/CMakeFiles/test_vmec_gvec_adapter.x.dir/test_vmec_gvec_adapter.f90.o
/proj/plasma/CODE/ert/SIMPLE/test/tests/test_vmec_gvec_adapter.f90:49:38:

   49 |     real(dp) :: max_rel_diff, rel_diff
      |                                      1
Warning: Unused variable ‘rel_diff’ declared at (1) [-Wunused-variable]
f951: note: unrecognized command-line option ‘-Wno-external-argument-mismatch’ may have been intended to silence earlier diagnostics
[427/504] Building Fortran object test/tests/CMakeFiles/test_spline_3d.x.dir/test_spline_3d.f90.o
/proj/plasma/CODE/ert/SIMPLE/test/tests/test_spline_3d.f90:126:55:

  126 |         if (.not. (abs(spline_result) < 1.0e10_dp .and. abs(spline_result) == abs(spline_result))) then
      |                                                       1
Warning: Equality comparison for REAL(8) at (1) [-Wcompare-reals]
/proj/plasma/CODE/ert/SIMPLE/test/tests/test_spline_3d.f90:19:48:

   19 |     real(dp) :: test_function, analytical_result, spline_result
      |                                                1
Warning: Unused variable ‘analytical_result’ declared at (1) [-Wunused-variable]
/proj/plasma/CODE/ert/SIMPLE/test/tests/test_spline_3d.f90:21:49:

   21 |     real(dp) :: results(2), results_analytical(2)
      |                                                 1
Warning: Unused variable ‘results_analytical’ declared at (1) [-Wunused-variable]
/proj/plasma/CODE/ert/SIMPLE/test/tests/test_spline_3d.f90:19:29:

   19 |     real(dp) :: test_function, analytical_result, spline_result
      |                             1
Warning: Unused variable ‘test_function’ declared at (1) [-Wunused-variable]
f951: note: unrecognized command-line option ‘-Wno-external-argument-mismatch’ may have been intended to silence earlier diagnostics
[428/504] Building Fortran object test/tests/CMakeFiles/test_array_utils.x.dir/test_array_utils.f90.o
/proj/plasma/CODE/ert/SIMPLE/test/tests/test_array_utils.f90:115:16:

  115 |     integer :: k
      |                1
Warning: Unused variable ‘k’ declared at (1) [-Wunused-variable]
/proj/plasma/CODE/ert/SIMPLE/test/tests/test_array_utils.f90:6:14:

    6 |   integer :: i, errors
      |              1
Warning: Unused variable ‘i’ declared at (1) [-Wunused-variable]
f951: note: unrecognized command-line option ‘-Wno-external-argument-mismatch’ may have been intended to silence earlier diagnostics
[429/504] Building Fortran object test/tests/CMakeFiles/test_poiplot_classification.x.dir/test_poiplot_classification.f90.o
/proj/plasma/CODE/ert/SIMPLE/test/tests/test_poiplot_classification.f90:203:32:

  203 |   call fract_dimension(fraction)
      |                                1
Warning: Procedure ‘fract_dimension’ called with an implicit interface at (1) [-Wimplicit-interface]
/proj/plasma/CODE/ert/SIMPLE/test/tests/test_poiplot_classification.f90:223:23:

  223 |   integer :: itr,ntr,ir,it,ngrid,nrefine,irefine,kr,kt,nboxes
      |                       1
Warning: Unused variable ‘ir’ declared at (1) [-Wunused-variable]
/proj/plasma/CODE/ert/SIMPLE/test/tests/test_poiplot_classification.f90:223:26:

  223 |   integer :: itr,ntr,ir,it,ngrid,nrefine,irefine,kr,kt,nboxes
      |                          1
Warning: Unused variable ‘it’ declared at (1) [-Wunused-variable]
/proj/plasma/CODE/ert/SIMPLE/test/tests/test_poiplot_classification.f90:28:67:

   28 |   double precision :: dphi,rbeg,phibeg,zbeg,bmod00,rcham,rlarm,bmax,bmin
      |                                                                   1
Warning: Unused variable ‘bmax’ declared at (1) [-Wunused-variable]
/proj/plasma/CODE/ert/SIMPLE/test/tests/test_poiplot_classification.f90:28:72:

   28 |   double precision :: dphi,rbeg,phibeg,zbeg,bmod00,rcham,rlarm,bmax,bmin
      |                                                                        1
Warning: Unused variable ‘bmin’ declared at (1) [-Wunused-variable]
/proj/plasma/CODE/ert/SIMPLE/test/tests/test_poiplot_classification.f90:20:39:

   20 |   double precision,parameter  :: e_mass=9.1094d-28
      |                                       1
Warning: Unused parameter ‘e_mass’ declared at (1) [-Wunused-parameter]
/proj/plasma/CODE/ert/SIMPLE/test/tests/test_poiplot_classification.f90:4:6:

    4 |   use parmot_mod, only : rmu,ro0,eeff
      |      1
Warning: Unused module variable ‘eeff’ which has been explicitly imported at (1) [-Wunused-variable]
/proj/plasma/CODE/ert/SIMPLE/test/tests/test_poiplot_classification.f90:37:27:

   37 |   integer          :: ibins
      |                           1
Warning: Unused variable ‘ibins’ declared at (1) [-Wunused-variable]
/proj/plasma/CODE/ert/SIMPLE/test/tests/test_poiplot_classification.f90:27:64:

   27 |   integer          :: ipart,notrace_passing,loopskip,iskip,ilost,it
      |                                                                1
Warning: Unused variable ‘ilost’ declared at (1) [-Wunused-variable]
/proj/plasma/CODE/ert/SIMPLE/test/tests/test_poiplot_classification.f90:27:27:

   27 |   integer          :: ipart,notrace_passing,loopskip,iskip,ilost,it
      |                           1
Warning: Unused variable ‘ipart’ declared at (1) [-Wunused-variable]
/proj/plasma/CODE/ert/SIMPLE/test/tests/test_poiplot_classification.f90:27:58:

   27 |   integer          :: ipart,notrace_passing,loopskip,iskip,ilost,it
      |                                                          1
Warning: Unused variable ‘iskip’ declared at (1) [-Wunused-variable]
/proj/plasma/CODE/ert/SIMPLE/test/tests/test_poiplot_classification.f90:27:67:

   27 |   integer          :: ipart,notrace_passing,loopskip,iskip,ilost,it
      |                                                                   1
Warning: Unused variable ‘it’ declared at (1) [-Wunused-variable]
/proj/plasma/CODE/ert/SIMPLE/test/tests/test_poiplot_classification.f90:38:33:

   38 |   integer          :: n_e,n_d,n_b
      |                                 1
Warning: Unused variable ‘n_b’ declared at (1) [-Wunused-variable]
/proj/plasma/CODE/ert/SIMPLE/test/tests/test_poiplot_classification.f90:25:22:

   25 |   logical :: near_axis
      |                      1
Warning: Unused variable ‘near_axis’ declared at (1) [-Wunused-variable]
/proj/plasma/CODE/ert/SIMPLE/test/tests/test_poiplot_classification.f90:26:26:

   26 |   integer          :: npoi,ierr,L1i,nper,npoiper,i,ntimstep,ntestpart
      |                          1
Warning: Unused variable ‘npoi’ declared at (1) [-Wunused-variable]
/proj/plasma/CODE/ert/SIMPLE/test/tests/test_poiplot_classification.f90:28:31:

   28 |   double precision :: dphi,rbeg,phibeg,zbeg,bmod00,rcham,rlarm,bmax,bmin
      |                               1
Warning: Unused variable ‘rbeg’ declared at (1) [-Wunused-variable]
/proj/plasma/CODE/ert/SIMPLE/test/tests/test_poiplot_classification.f90:28:56:

   28 |   double precision :: dphi,rbeg,phibeg,zbeg,bmod00,rcham,rlarm,bmax,bmin
      |                                                        1
Warning: Unused variable ‘rcham’ declared at (1) [-Wunused-variable]
/proj/plasma/CODE/ert/SIMPLE/test/tests/test_poiplot_classification.f90:23:43:

   23 |   double precision,parameter  :: snear_axis=0.05d0
      |                                           1
Warning: Unused parameter ‘snear_axis’ declared at (1) [-Wunused-parameter]
/proj/plasma/CODE/ert/SIMPLE/test/tests/test_poiplot_classification.f90:39:54:

   39 |   double precision :: r,vartheta_c,varphi_c,theta_vmec,varphi_vmec,alam0
      |                                                      1
Warning: Unused variable ‘theta_vmec’ declared at (1) [-Wunused-variable]
/proj/plasma/CODE/ert/SIMPLE/test/tests/test_poiplot_classification.f90:30:52:

   30 |   double precision :: RT0,R0i,cbfi,bz0i,bf0,trap_par
      |                                                    1
Warning: Unused variable ‘trap_par’ declared at (1) [-Wunused-variable]
/proj/plasma/CODE/ert/SIMPLE/test/tests/test_poiplot_classification.f90:39:66:

   39 |   double precision :: r,vartheta_c,varphi_c,theta_vmec,varphi_vmec,alam0
      |                                                                  1
Warning: Unused variable ‘varphi_vmec’ declared at (1) [-Wunused-variable]
/proj/plasma/CODE/ert/SIMPLE/test/tests/test_poiplot_classification.f90:29:41:

   29 |   double precision :: tau,dtau,dtaumin,xi,v0,bmod_ref,E_alpha,trace_time
      |                                         1
Warning: Unused variable ‘xi’ declared at (1) [-Wunused-variable]
/proj/plasma/CODE/ert/SIMPLE/test/tests/test_poiplot_classification.f90:32:29:

   32 |   double precision :: rbig,z1,z2
      |                             1
Warning: Unused variable ‘z1’ declared at (1) [-Wunused-variable]
/proj/plasma/CODE/ert/SIMPLE/test/tests/test_poiplot_classification.f90:32:32:

   32 |   double precision :: rbig,z1,z2
      |                                1
Warning: Unused variable ‘z2’ declared at (1) [-Wunused-variable]
/proj/plasma/CODE/ert/SIMPLE/test/tests/test_poiplot_classification.f90:28:43:

   28 |   double precision :: dphi,rbeg,phibeg,zbeg,bmod00,rcham,rlarm,bmax,bmin
      |                                           1
Warning: Unused variable ‘zbeg’ declared at (1) [-Wunused-variable]
f951: note: unrecognized command-line option ‘-Wno-external-argument-mismatch’ may have been intended to silence earlier diagnostics
[430/504] Building Fortran object test/tests/CMakeFiles/test_orbits.x.dir/test_orbits_vmec.f90.o
/proj/plasma/CODE/ert/SIMPLE/test/tests/test_orbits_vmec.f90:29:67:

   29 |   double precision :: dphi,rbeg,phibeg,zbeg,bmod00,rcham,rlarm,bmax,bmin
      |                                                                   1
Warning: Unused variable ‘bmax’ declared at (1) [-Wunused-variable]
/proj/plasma/CODE/ert/SIMPLE/test/tests/test_orbits_vmec.f90:29:72:

   29 |   double precision :: dphi,rbeg,phibeg,zbeg,bmod00,rcham,rlarm,bmax,bmin
      |                                                                        1
Warning: Unused variable ‘bmin’ declared at (1) [-Wunused-variable]
/proj/plasma/CODE/ert/SIMPLE/test/tests/test_orbits_vmec.f90:21:39:

   21 |   double precision,parameter  :: e_mass=9.1094d-28
      |                                       1
Warning: Unused parameter ‘e_mass’ declared at (1) [-Wunused-parameter]
/proj/plasma/CODE/ert/SIMPLE/test/tests/test_orbits_vmec.f90:4:6:

    4 |   use parmot_mod, only : rmu,ro0,eeff
      |      1
Warning: Unused module variable ‘eeff’ which has been explicitly imported at (1) [-Wunused-variable]
/proj/plasma/CODE/ert/SIMPLE/test/tests/test_orbits_vmec.f90:38:27:

   38 |   integer          :: ibins
      |                           1
Warning: Unused variable ‘ibins’ declared at (1) [-Wunused-variable]
/proj/plasma/CODE/ert/SIMPLE/test/tests/test_orbits_vmec.f90:28:64:

   28 |   integer          :: ipart,notrace_passing,loopskip,iskip,ilost,it
      |                                                                1
Warning: Unused variable ‘ilost’ declared at (1) [-Wunused-variable]
/proj/plasma/CODE/ert/SIMPLE/test/tests/test_orbits_vmec.f90:28:27:

   28 |   integer          :: ipart,notrace_passing,loopskip,iskip,ilost,it
      |                           1
Warning: Unused variable ‘ipart’ declared at (1) [-Wunused-variable]
/proj/plasma/CODE/ert/SIMPLE/test/tests/test_orbits_vmec.f90:28:58:

   28 |   integer          :: ipart,notrace_passing,loopskip,iskip,ilost,it
      |                                                          1
Warning: Unused variable ‘iskip’ declared at (1) [-Wunused-variable]
/proj/plasma/CODE/ert/SIMPLE/test/tests/test_orbits_vmec.f90:28:67:

   28 |   integer          :: ipart,notrace_passing,loopskip,iskip,ilost,it
      |                                                                   1
Warning: Unused variable ‘it’ declared at (1) [-Wunused-variable]
/proj/plasma/CODE/ert/SIMPLE/test/tests/test_orbits_vmec.f90:39:33:

   39 |   integer          :: n_e,n_d,n_b
      |                                 1
Warning: Unused variable ‘n_b’ declared at (1) [-Wunused-variable]
/proj/plasma/CODE/ert/SIMPLE/test/tests/test_orbits_vmec.f90:26:22:

   26 |   logical :: near_axis
      |                      1
Warning: Unused variable ‘near_axis’ declared at (1) [-Wunused-variable]
/proj/plasma/CODE/ert/SIMPLE/test/tests/test_orbits_vmec.f90:27:26:

   27 |   integer          :: npoi,ierr,L1i,nper,npoiper,i,ntimstep,ntestpart
      |                          1
Warning: Unused variable ‘npoi’ declared at (1) [-Wunused-variable]
/proj/plasma/CODE/ert/SIMPLE/test/tests/test_orbits_vmec.f90:47:17:

   47 |   integer :: ntau
      |                 1
Warning: Unused variable ‘ntau’ declared at (1) [-Wunused-variable]
/proj/plasma/CODE/ert/SIMPLE/test/tests/test_orbits_vmec.f90:29:31:

   29 |   double precision :: dphi,rbeg,phibeg,zbeg,bmod00,rcham,rlarm,bmax,bmin
      |                               1
Warning: Unused variable ‘rbeg’ declared at (1) [-Wunused-variable]
/proj/plasma/CODE/ert/SIMPLE/test/tests/test_orbits_vmec.f90:29:56:

   29 |   double precision :: dphi,rbeg,phibeg,zbeg,bmod00,rcham,rlarm,bmax,bmin
      |                                                        1
Warning: Unused variable ‘rcham’ declared at (1) [-Wunused-variable]
/proj/plasma/CODE/ert/SIMPLE/test/tests/test_orbits_vmec.f90:24:43:

   24 |   double precision,parameter  :: snear_axis=0.05d0
      |                                           1
Warning: Unused parameter ‘snear_axis’ declared at (1) [-Wunused-parameter]
/proj/plasma/CODE/ert/SIMPLE/test/tests/test_orbits_vmec.f90:31:52:

   31 |   double precision :: RT0,R0i,cbfi,bz0i,bf0,trap_par
      |                                                    1
Warning: Unused variable ‘trap_par’ declared at (1) [-Wunused-variable]
/proj/plasma/CODE/ert/SIMPLE/test/tests/test_orbits_vmec.f90:40:43:

   40 |   double precision :: r,vartheta_c,varphi_c,theta_vmec,varphi_vmec,alam0
      |                                           1
Warning: Unused variable ‘varphi_c’ declared at (1) [-Wunused-variable]
/proj/plasma/CODE/ert/SIMPLE/test/tests/test_orbits_vmec.f90:40:34:

   40 |   double precision :: r,vartheta_c,varphi_c,theta_vmec,varphi_vmec,alam0
      |                                  1
Warning: Unused variable ‘vartheta_c’ declared at (1) [-Wunused-variable]
/proj/plasma/CODE/ert/SIMPLE/test/tests/test_orbits_vmec.f90:30:41:

   30 |   double precision :: tau,dtau,dtaumin,xi,v0,bmod_ref,E_alpha,trace_time
      |                                         1
Warning: Unused variable ‘xi’ declared at (1) [-Wunused-variable]
/proj/plasma/CODE/ert/SIMPLE/test/tests/test_orbits_vmec.f90:33:24:

   33 |   double precision :: z1,z2
      |                        1
Warning: Unused variable ‘z1’ declared at (1) [-Wunused-variable]
/proj/plasma/CODE/ert/SIMPLE/test/tests/test_orbits_vmec.f90:33:27:

   33 |   double precision :: z1,z2
      |                           1
Warning: Unused variable ‘z2’ declared at (1) [-Wunused-variable]
/proj/plasma/CODE/ert/SIMPLE/test/tests/test_orbits_vmec.f90:29:43:

   29 |   double precision :: dphi,rbeg,phibeg,zbeg,bmod00,rcham,rlarm,bmax,bmin
      |                                           1
Warning: Unused variable ‘zbeg’ declared at (1) [-Wunused-variable]
f951: note: unrecognized command-line option ‘-Wno-external-argument-mismatch’ may have been intended to silence earlier diagnostics
[431/504] Building Fortran object test/tests/field_can/CMakeFiles/test_field_can_meiss.x.dir/test_field_can_meiss.f90.o
/proj/plasma/CODE/ert/SIMPLE/test/tests/field_can/test_field_can_meiss.f90:14:4:

   14 | use new_vmec_stuff_mod, only : old_axis_healing, old_axis_healing_boundary
      |    1
Warning: Unused module variable ‘old_axis_healing’ which has been explicitly imported at (1) [-Wunused-variable]
/proj/plasma/CODE/ert/SIMPLE/test/tests/field_can/test_field_can_meiss.f90:14:4:

   14 | use new_vmec_stuff_mod, only : old_axis_healing, old_axis_healing_boundary
      |    1
Warning: Unused module variable ‘old_axis_healing_boundary’ which has been explicitly imported at (1) [-Wunused-variable]
f951: note: unrecognized command-line option ‘-Wno-external-argument-mismatch’ may have been intended to silence earlier diagnostics
[432/504] Building Fortran object test/tests/field_can/CMakeFiles/test_field_can_albert.x.dir/test_field_can_albert.f90.o
/proj/plasma/CODE/ert/SIMPLE/test/tests/field_can/test_field_can_albert.f90:14:28:

   14 | real(dp), parameter :: twopi = atan(1.d0)*8.d0
      |                            1
Warning: Unused parameter ‘twopi’ declared at (1) [-Wunused-parameter]
f951: note: unrecognized command-line option ‘-Wno-external-argument-mismatch’ may have been intended to silence earlier diagnostics
[433/504] Linking Fortran executable test/tests/test_collis.x
[434/504] Generating Fortran dyndep file test/tests/field_can/CMakeFiles/test_field_can_transforms.x.dir/Fortran.dd
[435/504] Linking Fortran executable test/tests/test_parse_ants.x
[436/504] Generating Fortran dyndep file test/tests/magfie/CMakeFiles/test_magfie_coils.x.dir/Fortran.dd
[437/504] Linking Fortran executable test/tests/test_array_utils.x
[438/504] Generating Fortran dyndep file test/tests/orbit/CMakeFiles/test_orbit.x.dir/Fortran.dd
[439/504] Linking Fortran executable test/tests/test_simple_vmec_gvec.x
[440/504] Building Fortran object test/tests/field_can/CMakeFiles/test_field_can_transforms.x.dir/test_field_can_transforms.f90.o
/proj/plasma/CODE/ert/SIMPLE/test/tests/field_can/test_field_can_transforms.f90:4:4:

    4 | use magfie_sub, only : TEST, CANFLUX, BOOZER, MEISS, ALBERT
      |    1
Warning: Unused parameter ‘albert’ which has been explicitly imported at (1) [-Wunused-parameter]
/proj/plasma/CODE/ert/SIMPLE/test/tests/field_can/test_field_can_transforms.f90:4:4:

    4 | use magfie_sub, only : TEST, CANFLUX, BOOZER, MEISS, ALBERT
      |    1
Warning: Unused parameter ‘canflux’ which has been explicitly imported at (1) [-Wunused-parameter]
/proj/plasma/CODE/ert/SIMPLE/test/tests/field_can/test_field_can_transforms.f90:4:4:

    4 | use magfie_sub, only : TEST, CANFLUX, BOOZER, MEISS, ALBERT
      |    1
Warning: Unused parameter ‘meiss’ which has been explicitly imported at (1) [-Wunused-parameter]
/proj/plasma/CODE/ert/SIMPLE/test/tests/field_can/test_field_can_transforms.f90:4:4:

    4 | use magfie_sub, only : TEST, CANFLUX, BOOZER, MEISS, ALBERT
      |    1
Warning: Unused parameter ‘test’ which has been explicitly imported at (1) [-Wunused-parameter]
f951: note: unrecognized command-line option ‘-Wno-external-argument-mismatch’ may have been intended to silence earlier diagnostics
[441/504] Linking Fortran executable test/tests/test_stencil_utils.x
[442/504] Building Fortran object test/tests/orbit/CMakeFiles/test_orbit.x.dir/test_orbit.f90.o
[443/504] Linking Fortran executable test/tests/test_spline_3d.x
[444/504] Building Fortran object test/tests/magfie/CMakeFiles/test_magfie_coils.x.dir/test_magfie_coils.f90.o
[445/504] Linking Fortran executable test/tests/test_samplers.x
[446/504] Linking Fortran executable test/tests/orbit/test_orbit.x
[447/504] Linking Fortran executable test/tests/test_gvec.x
[448/504] Linking Fortran executable test/tests/test_adapter_consistency.x
[449/504] Linking Fortran executable test/tests/test_coordinates.x
[450/504] Linking Fortran executable test/tests/test_vmec_gvec.x
[451/504] Linking Fortran executable test/tests/export_field_2d.x
[452/504] Linking Fortran executable test/tests/test_vmec_gvec_adapter.x
[453/504] Linking Fortran executable simple.x
In function ‘r1updt’,
    inlined from ‘hybrd’ at /proj/plasma/CODE/ert/SIMPLE/src/contrib/minpack.f90:1376:56,
    inlined from ‘hybrd1.constprop’ at /proj/plasma/CODE/ert/SIMPLE/src/contrib/minpack.f90:1535:58:
/proj/plasma/CODE/ert/SIMPLE/src/contrib/minpack.f90:5462:27: warning: iteration 2147483645 invokes undefined behavior [-Waggressive-loop-optimizations]
 5462 |     jj = jj + ( m - j + 1 )
      |                           ^
/proj/plasma/CODE/ert/SIMPLE/src/contrib/minpack.f90:5412:8: note: within this loop
 5412 |   do j = 1, n-1
      |        ^
[454/504] Linking Fortran executable test/tests/magfie/test_magfie_coils.x
[455/504] Linking Fortran executable test/tests/test_canonical_gvec.x
[456/504] Linking Fortran executable test/tests/test_magfie.x
In function ‘r1updt’,
    inlined from ‘hybrd’ at /proj/plasma/CODE/ert/SIMPLE/src/contrib/minpack.f90:1376:56,
    inlined from ‘hybrd1.constprop’ at /proj/plasma/CODE/ert/SIMPLE/src/contrib/minpack.f90:1535:58:
/proj/plasma/CODE/ert/SIMPLE/src/contrib/minpack.f90:5462:27: warning: iteration 2147483645 invokes undefined behavior [-Waggressive-loop-optimizations]
 5462 |     jj = jj + ( m - j + 1 )
      |                           ^
/proj/plasma/CODE/ert/SIMPLE/src/contrib/minpack.f90:5412:8: note: within this loop
 5412 |   do j = 1, n-1
      |        ^
[457/504] Linking Fortran executable test/tests/test_orbits.x
[458/504] Linking Fortran executable test/tests/field_can/test_field_can_albert.x
[459/504] Linking Fortran executable test/tests/test_boozer.x
[460/504] Linking Fortran executable test/tests/test_coord_trans.x
[461/504] Linking Fortran executable test/tests/test_poincare1.x
In function ‘r1updt’,
    inlined from ‘hybrd’ at /proj/plasma/CODE/ert/SIMPLE/src/contrib/minpack.f90:1376:56,
    inlined from ‘hybrd1.constprop’ at /proj/plasma/CODE/ert/SIMPLE/src/contrib/minpack.f90:1535:58:
/proj/plasma/CODE/ert/SIMPLE/src/contrib/minpack.f90:5462:27: warning: iteration 2147483645 invokes undefined behavior [-Waggressive-loop-optimizations]
 5462 |     jj = jj + ( m - j + 1 )
      |                           ^
/proj/plasma/CODE/ert/SIMPLE/src/contrib/minpack.f90:5412:8: note: within this loop
 5412 |   do j = 1, n-1
      |        ^
[462/504] Linking Fortran executable test/tests/field_can/test_field_can_meiss.x
[463/504] Linking Fortran executable test/tests/test_sympl_tok.x
In function ‘r1updt’,
    inlined from ‘hybrd’ at /proj/plasma/CODE/ert/SIMPLE/src/contrib/minpack.f90:1376:56,
    inlined from ‘hybrd1.constprop’ at /proj/plasma/CODE/ert/SIMPLE/src/contrib/minpack.f90:1535:58:
/proj/plasma/CODE/ert/SIMPLE/src/contrib/minpack.f90:5462:27: warning: iteration 2147483645 invokes undefined behavior [-Waggressive-loop-optimizations]
 5462 |     jj = jj + ( m - j + 1 )
      |                           ^
/proj/plasma/CODE/ert/SIMPLE/src/contrib/minpack.f90:5412:8: note: within this loop
 5412 |   do j = 1, n-1
      |        ^
[464/504] Linking Fortran executable test/tests/test_sympl.x
In function ‘r1updt’,
    inlined from ‘hybrd’ at /proj/plasma/CODE/ert/SIMPLE/src/contrib/minpack.f90:1376:56,
    inlined from ‘hybrd1.constprop’ at /proj/plasma/CODE/ert/SIMPLE/src/contrib/minpack.f90:1535:58:
/proj/plasma/CODE/ert/SIMPLE/src/contrib/minpack.f90:5462:27: warning: iteration 2147483645 invokes undefined behavior [-Waggressive-loop-optimizations]
 5462 |     jj = jj + ( m - j + 1 )
      |                           ^
/proj/plasma/CODE/ert/SIMPLE/src/contrib/minpack.f90:5412:8: note: within this loop
 5412 |   do j = 1, n-1
      |        ^
[465/504] Linking Fortran executable test/tests/test_poiplot_classification.x
In function ‘r1updt’,
    inlined from ‘hybrd’ at /proj/plasma/CODE/ert/SIMPLE/src/contrib/minpack.f90:1376:56,
    inlined from ‘hybrd1.constprop’ at /proj/plasma/CODE/ert/SIMPLE/src/contrib/minpack.f90:1535:58:
/proj/plasma/CODE/ert/SIMPLE/src/contrib/minpack.f90:5462:27: warning: iteration 2147483645 invokes undefined behavior [-Waggressive-loop-optimizations]
 5462 |     jj = jj + ( m - j + 1 )
      |                           ^
/proj/plasma/CODE/ert/SIMPLE/src/contrib/minpack.f90:5412:8: note: within this loop
 5412 |   do j = 1, n-1
      |        ^
[466/504] Linking Fortran executable test/tests/field_can/test_field_can_transforms.x
[467/504] Processing wrapped sources with f2py
[468/504] Building Fortran preprocessed python/CMakeFiles/_pysimple.dir/f90wrap_field_can.f90.f90-pp.f90
[469/504] Building Fortran preprocessed python/CMakeFiles/_pysimple.dir/f90wrap_field_can_base.f90.f90-pp.f90
[470/504] Building Fortran preprocessed python/CMakeFiles/_pysimple.dir/f90wrap_stencil_utils.f90.f90-pp.f90
[471/504] Building Fortran preprocessed python/CMakeFiles/_pysimple.dir/f90wrap_simple.f90.f90-pp.f90
[472/504] Building Fortran preprocessed python/CMakeFiles/_pysimple.dir/f90wrap_orbit_symplectic_base.f90.f90-pp.f90
[473/504] Building Fortran preprocessed python/CMakeFiles/_pysimple.dir/f90wrap_simple_main.f90.f90-pp.f90
[474/504] Building Fortran preprocessed python/CMakeFiles/_pysimple.dir/f90wrap_cut_detector.f90.f90-pp.f90
[475/504] Building Fortran preprocessed python/CMakeFiles/_pysimple.dir/f90wrap_magfie.f90.f90-pp.f90
[476/504] Building Fortran preprocessed python/CMakeFiles/_pysimple.dir/f90wrap_params.f90.f90-pp.f90
[477/504] Building Fortran preprocessed python/CMakeFiles/_pysimple.dir/f90wrap_new_vmec_allocation_stuff.f90.f90-pp.f90
[478/504] Building Fortran preprocessed python/CMakeFiles/_pysimple.dir/f90wrap_orbit_symplectic.f90.f90-pp.f90
[479/504] Building Fortran preprocessed python/CMakeFiles/_pysimple.dir/f90wrap_get_canonical_coordinates.f90.f90-pp.f90
[480/504] Building Fortran preprocessed python/CMakeFiles/_pysimple.dir/f90wrap_array_utils.f90.f90-pp.f90
[481/504] Building Fortran preprocessed python/CMakeFiles/_pysimple.dir/f90wrap_spline_vmec_data.f90.f90-pp.f90
[482/504] Building Fortran preprocessed python/CMakeFiles/_pysimple.dir/f90wrap_vmecinm_m.f90.f90-pp.f90
[483/504] Building Fortran preprocessed python/CMakeFiles/_pysimple.dir/f90wrap_canonical_coordinates_mod.f90.f90-pp.f90
[484/504] Generating Fortran dyndep file python/CMakeFiles/_pysimple.dir/Fortran.dd
[485/504] Building Fortran object python/CMakeFiles/_pysimple.dir/f90wrap_new_vmec_allocation_stuff.f90.f90.o
[486/504] Building Fortran object python/CMakeFiles/_pysimple.dir/f90wrap_vmecinm_m.f90.f90.o
[487/504] Building Fortran object python/CMakeFiles/_pysimple.dir/f90wrap_array_utils.f90.f90.o
[488/504] Building Fortran object python/CMakeFiles/_pysimple.dir/f90wrap_stencil_utils.f90.f90.o
[489/504] Building Fortran object python/CMakeFiles/_pysimple.dir/f90wrap_spline_vmec_data.f90.f90.o
[490/504] Building Fortran object python/CMakeFiles/_pysimple.dir/f90wrap_field_can_base.f90.f90.o
[491/504] Building C object python/CMakeFiles/_pysimple.dir/proj/plasma/CODE/ert/.venv/lib/python3.11/site-packages/numpy/f2py/src/fortranobject.c.o
cc1: warning: command-line option ‘-Wimplicit-interface’ is valid for Fortran but not for C
cc1: warning: command-line option ‘-Wno-unused-dummy-argument’ is valid for Fortran but not for C
cc1: warning: command-line option ‘-ffree-line-length-132’ is valid for Fortran but not for C
cc1: warning: command-line option ‘-fbacktrace’ is valid for Fortran but not for C
/proj/plasma/CODE/ert/.venv/lib/python3.11/site-packages/numpy/f2py/src/fortranobject.c: In function ‘fortran_call’:
/proj/plasma/CODE/ert/.venv/lib/python3.11/site-packages/numpy/f2py/src/fortranobject.c:529:23: warning: cast between incompatible function types from ‘f2py_init_func’ {aka ‘void (*)(int *, long int *, void (*)(char *, long int *), int *)’} to ‘PyObject * (*)(PyObject *, PyObject *, PyObject *, void *)’ {aka ‘struct _object * (*)(struct _object *, struct _object *, struct _object *, void *)’} [-Wcast-function-type]
  529 |             return (*((fortranfunc)(fp->defs[i].func)))((PyObject *)fp, arg,
      |                       ^
/proj/plasma/CODE/ert/.venv/lib/python3.11/site-packages/numpy/f2py/src/fortranobject.c:532:23: warning: cast between incompatible function types from ‘f2py_init_func’ {aka ‘void (*)(int *, long int *, void (*)(char *, long int *), int *)’} to ‘PyObject * (*)(PyObject *, PyObject *, PyObject *, void *)’ {aka ‘struct _object * (*)(struct _object *, struct _object *, struct _object *, void *)’} [-Wcast-function-type]
  532 |             return (*((fortranfunc)(fp->defs[i].func)))(
      |                       ^
At top level:
cc1: note: unrecognized command-line option ‘-Wno-external-argument-mismatch’ may have been intended to silence earlier diagnostics
[492/504] Building Fortran object python/CMakeFiles/_pysimple.dir/f90wrap_canonical_coordinates_mod.f90.f90.o
[493/504] Building Fortran object python/CMakeFiles/_pysimple.dir/f90wrap_field_can.f90.f90.o
[494/504] Building Fortran object python/CMakeFiles/_pysimple.dir/f90wrap_get_canonical_coordinates.f90.f90.o
[495/504] Building Fortran object python/CMakeFiles/_pysimple.dir/f90wrap_magfie.f90.f90.o
[496/504] Building Fortran object python/CMakeFiles/_pysimple.dir/f90wrap_simple_main.f90.f90.o
[497/504] Building Fortran object python/CMakeFiles/_pysimple.dir/f90wrap_cut_detector.f90.f90.o
[498/504] Building Fortran object python/CMakeFiles/_pysimple.dir/f90wrap_orbit_symplectic_base.f90.f90.o
/proj/plasma/CODE/ert/SIMPLE/build/python/f90wrap_orbit_symplectic_base.f90.f90:307:54:

  307 |         call f90wrap_abort("array index out of range")
      |                                                      1
Warning: Procedure ‘f90wrap_abort’ called with an implicit interface at (1) [-Wimplicit-interface]
/proj/plasma/CODE/ert/SIMPLE/build/python/f90wrap_orbit_symplectic_base.f90.f90:333:54:

  333 |         call f90wrap_abort("array index out of range")
      |                                                      1
Warning: Procedure ‘f90wrap_abort’ called with an implicit interface at (1) [-Wimplicit-interface]
f951: note: unrecognized command-line option ‘-Wno-external-argument-mismatch’ may have been intended to silence earlier diagnostics
[499/504] Building Fortran object python/CMakeFiles/_pysimple.dir/f90wrap_simple.f90.f90.o
[500/504] Building Fortran object python/CMakeFiles/_pysimple.dir/f90wrap_orbit_symplectic.f90.f90.o
[501/504] Building Fortran object python/CMakeFiles/_pysimple.dir/f90wrap_params.f90.f90.o
[502/504] Building C object python/CMakeFiles/_pysimple.dir/_pysimplemodule.c.o
cc1: warning: command-line option ‘-Wimplicit-interface’ is valid for Fortran but not for C
cc1: warning: command-line option ‘-Wno-unused-dummy-argument’ is valid for Fortran but not for C
cc1: warning: command-line option ‘-ffree-line-length-132’ is valid for Fortran but not for C
cc1: warning: command-line option ‘-fbacktrace’ is valid for Fortran but not for C
/proj/plasma/CODE/ert/SIMPLE/build/python/_pysimplemodule.c: In function ‘f90wrap_abort_’:
/proj/plasma/CODE/ert/SIMPLE/build/python/_pysimplemodule.c:43:44: warning: unused parameter ‘len_message’ [-Wunused-parameter]
   43 |     void f90wrap_abort_(char *message, int len_message)
      |                                        ~~~~^~~~~~~~~~~
/proj/plasma/CODE/ert/SIMPLE/build/python/_pysimplemodule.c: In function ‘f90wrap_abort__’:
/proj/plasma/CODE/ert/SIMPLE/build/python/_pysimplemodule.c:52:45: warning: unused parameter ‘len_message’ [-Wunused-parameter]
   52 |     void f90wrap_abort__(char *message, int len_message)
      |                                         ~~~~^~~~~~~~~~~
/proj/plasma/CODE/ert/SIMPLE/build/python/_pysimplemodule.c: In function ‘f90wrap_abort_int_handler’:
/proj/plasma/CODE/ert/SIMPLE/build/python/_pysimplemodule.c:60:40: warning: unused parameter ‘signum’ [-Wunused-parameter]
   60 |     void f90wrap_abort_int_handler(int signum)
      |                                    ~~~~^~~~~~
/proj/plasma/CODE/ert/SIMPLE/build/python/_pysimplemodule.c: In function ‘f2py_rout__pysimple_f90wrap_simple_main__print_parameters’:
/proj/plasma/CODE/ert/SIMPLE/build/python/_pysimplemodule.c:1133:92: warning: unused parameter ‘capi_self’ [-Wunused-parameter]
 1133 | static PyObject *f2py_rout__pysimple_f90wrap_simple_main__print_parameters(const PyObject *capi_self,
      |                                                                            ~~~~~~~~~~~~~~~~^~~~~~~~~
/proj/plasma/CODE/ert/SIMPLE/build/python/_pysimplemodule.c: In function ‘f2py_rout__pysimple_f90wrap_simple_main__increase_confined_count’:
/proj/plasma/CODE/ert/SIMPLE/build/python/_pysimplemodule.c:1207:99: warning: unused parameter ‘capi_self’ [-Wunused-parameter]
 1207 | static PyObject *f2py_rout__pysimple_f90wrap_simple_main__increase_confined_count(const PyObject *capi_self,
      |                                                                                   ~~~~~~~~~~~~~~~~^~~~~~~~~
/proj/plasma/CODE/ert/SIMPLE/build/python/_pysimplemodule.c: In function ‘f2py_rout__pysimple_f90wrap_simple_main__collide’:
/proj/plasma/CODE/ert/SIMPLE/build/python/_pysimplemodule.c:1296:83: warning: unused parameter ‘capi_self’ [-Wunused-parameter]
 1296 | static PyObject *f2py_rout__pysimple_f90wrap_simple_main__collide(const PyObject *capi_self,
      |                                                                   ~~~~~~~~~~~~~~~~^~~~~~~~~
/proj/plasma/CODE/ert/SIMPLE/build/python/_pysimplemodule.c: In function ‘f2py_rout__pysimple_f90wrap_simple_main__write_output’:
/proj/plasma/CODE/ert/SIMPLE/build/python/_pysimplemodule.c:1399:88: warning: unused parameter ‘capi_self’ [-Wunused-parameter]
 1399 | static PyObject *f2py_rout__pysimple_f90wrap_simple_main__write_output(const PyObject *capi_self,
      |                                                                        ~~~~~~~~~~~~~~~~^~~~~~~~~
/proj/plasma/CODE/ert/SIMPLE/build/python/_pysimplemodule.c: In function ‘f2py_rout__pysimple_f90wrap_simple_main__macrostep’:
/proj/plasma/CODE/ert/SIMPLE/build/python/_pysimplemodule.c:1476:85: warning: unused parameter ‘capi_self’ [-Wunused-parameter]
 1476 | static PyObject *f2py_rout__pysimple_f90wrap_simple_main__macrostep(const PyObject *capi_self,
      |                                                                     ~~~~~~~~~~~~~~~~^~~~~~~~~
/proj/plasma/CODE/ert/SIMPLE/build/python/_pysimplemodule.c: In function ‘f2py_rout__pysimple_f90wrap_simple_main__init_counters’:
/proj/plasma/CODE/ert/SIMPLE/build/python/_pysimplemodule.c:1609:89: warning: unused parameter ‘capi_self’ [-Wunused-parameter]
 1609 | static PyObject *f2py_rout__pysimple_f90wrap_simple_main__init_counters(const PyObject *capi_self,
      |                                                                         ~~~~~~~~~~~~~~~~^~~~~~~~~
/proj/plasma/CODE/ert/SIMPLE/build/python/_pysimplemodule.c: In function ‘f2py_rout__pysimple_f90wrap_simple_main__compute_pitch_angle_params’:
/proj/plasma/CODE/ert/SIMPLE/build/python/_pysimplemodule.c:1686:102: warning: unused parameter ‘capi_self’ [-Wunused-parameter]
 1686 | static PyObject *f2py_rout__pysimple_f90wrap_simple_main__compute_pitch_angle_params(const PyObject *capi_self,
      |                                                                                      ~~~~~~~~~~~~~~~~^~~~~~~~~
/proj/plasma/CODE/ert/SIMPLE/build/python/_pysimplemodule.c: In function ‘f2py_rout__pysimple_f90wrap_simple_main__init_field’:
/proj/plasma/CODE/ert/SIMPLE/build/python/_pysimplemodule.c:1797:86: warning: unused parameter ‘capi_self’ [-Wunused-parameter]
 1797 | static PyObject *f2py_rout__pysimple_f90wrap_simple_main__init_field(const PyObject *capi_self,
      |                                                                      ~~~~~~~~~~~~~~~~^~~~~~~~~
/proj/plasma/CODE/ert/SIMPLE/build/python/_pysimplemodule.c: In function ‘f2py_rout__pysimple_f90wrap_simple_main__compute_bmod’:
/proj/plasma/CODE/ert/SIMPLE/build/python/_pysimplemodule.c:1935:88: warning: unused parameter ‘capi_self’ [-Wunused-parameter]
 1935 | static PyObject *f2py_rout__pysimple_f90wrap_simple_main__compute_bmod(const PyObject *capi_self,
      |                                                                        ~~~~~~~~~~~~~~~~^~~~~~~~~
/proj/plasma/CODE/ert/SIMPLE/build/python/_pysimplemodule.c: In function ‘f2py_rout__pysimple_f90wrap_simple_main__init_collisions’:
/proj/plasma/CODE/ert/SIMPLE/build/python/_pysimplemodule.c:2034:91: warning: unused parameter ‘capi_self’ [-Wunused-parameter]
 2034 | static PyObject *f2py_rout__pysimple_f90wrap_simple_main__init_collisions(const PyObject *capi_self,
      |                                                                           ~~~~~~~~~~~~~~~~^~~~~~~~~
/proj/plasma/CODE/ert/SIMPLE/build/python/_pysimplemodule.c: In function ‘f2py_rout__pysimple_f90wrap_simple_main__to_standard_z_coordinates’:
/proj/plasma/CODE/ert/SIMPLE/build/python/_pysimplemodule.c:2108:101: warning: unused parameter ‘capi_self’ [-Wunused-parameter]
 2108 | static PyObject *f2py_rout__pysimple_f90wrap_simple_main__to_standard_z_coordinates(const PyObject *capi_self,
      |                                                                                     ~~~~~~~~~~~~~~~~^~~~~~~~~
/proj/plasma/CODE/ert/SIMPLE/build/python/_pysimplemodule.c: In function ‘f2py_rout__pysimple_f90wrap_simple_main__run’:
/proj/plasma/CODE/ert/SIMPLE/build/python/_pysimplemodule.c:2229:79: warning: unused parameter ‘capi_self’ [-Wunused-parameter]
 2229 | static PyObject *f2py_rout__pysimple_f90wrap_simple_main__run(const PyObject *capi_self,
      |                                                               ~~~~~~~~~~~~~~~~^~~~~~~~~
/proj/plasma/CODE/ert/SIMPLE/build/python/_pysimplemodule.c: In function ‘f2py_rout__pysimple_f90wrap_simple_main__trace_orbit’:
/proj/plasma/CODE/ert/SIMPLE/build/python/_pysimplemodule.c:2327:87: warning: unused parameter ‘capi_self’ [-Wunused-parameter]
 2327 | static PyObject *f2py_rout__pysimple_f90wrap_simple_main__trace_orbit(const PyObject *capi_self,
      |                                                                       ~~~~~~~~~~~~~~~~^~~~~~~~~
/proj/plasma/CODE/ert/SIMPLE/build/python/_pysimplemodule.c: In function ‘f2py_rout__pysimple_f90wrap_simple_main__update_momentum’:
/proj/plasma/CODE/ert/SIMPLE/build/python/_pysimplemodule.c:2432:91: warning: unused parameter ‘capi_self’ [-Wunused-parameter]
 2432 | static PyObject *f2py_rout__pysimple_f90wrap_simple_main__update_momentum(const PyObject *capi_self,
      |                                                                           ~~~~~~~~~~~~~~~~^~~~~~~~~
/proj/plasma/CODE/ert/SIMPLE/build/python/_pysimplemodule.c: In function ‘f2py_rout__pysimple_f90wrap_tracer__get__fper’:
/proj/plasma/CODE/ert/SIMPLE/build/python/_pysimplemodule.c:2555:80: warning: unused parameter ‘capi_self’ [-Wunused-parameter]
 2555 | static PyObject *f2py_rout__pysimple_f90wrap_tracer__get__fper(const PyObject *capi_self,
      |                                                                ~~~~~~~~~~~~~~~~^~~~~~~~~
/proj/plasma/CODE/ert/SIMPLE/build/python/_pysimplemodule.c: In function ‘f2py_rout__pysimple_f90wrap_tracer__set__fper’:
/proj/plasma/CODE/ert/SIMPLE/build/python/_pysimplemodule.c:2656:80: warning: unused parameter ‘capi_self’ [-Wunused-parameter]
 2656 | static PyObject *f2py_rout__pysimple_f90wrap_tracer__set__fper(const PyObject *capi_self,
      |                                                                ~~~~~~~~~~~~~~~~^~~~~~~~~
/proj/plasma/CODE/ert/SIMPLE/build/python/_pysimplemodule.c: In function ‘f2py_rout__pysimple_f90wrap_tracer__get__dtau’:
/proj/plasma/CODE/ert/SIMPLE/build/python/_pysimplemodule.c:2762:80: warning: unused parameter ‘capi_self’ [-Wunused-parameter]
 2762 | static PyObject *f2py_rout__pysimple_f90wrap_tracer__get__dtau(const PyObject *capi_self,
      |                                                                ~~~~~~~~~~~~~~~~^~~~~~~~~
/proj/plasma/CODE/ert/SIMPLE/build/python/_pysimplemodule.c: In function ‘f2py_rout__pysimple_f90wrap_tracer__set__dtau’:
/proj/plasma/CODE/ert/SIMPLE/build/python/_pysimplemodule.c:2863:80: warning: unused parameter ‘capi_self’ [-Wunused-parameter]
 2863 | static PyObject *f2py_rout__pysimple_f90wrap_tracer__set__dtau(const PyObject *capi_self,
      |                                                                ~~~~~~~~~~~~~~~~^~~~~~~~~
/proj/plasma/CODE/ert/SIMPLE/build/python/_pysimplemodule.c: In function ‘f2py_rout__pysimple_f90wrap_tracer__get__dtaumin’:
/proj/plasma/CODE/ert/SIMPLE/build/python/_pysimplemodule.c:2969:83: warning: unused parameter ‘capi_self’ [-Wunused-parameter]
 2969 | static PyObject *f2py_rout__pysimple_f90wrap_tracer__get__dtaumin(const PyObject *capi_self,
      |                                                                   ~~~~~~~~~~~~~~~~^~~~~~~~~
/proj/plasma/CODE/ert/SIMPLE/build/python/_pysimplemodule.c: In function ‘f2py_rout__pysimple_f90wrap_tracer__set__dtaumin’:
/proj/plasma/CODE/ert/SIMPLE/build/python/_pysimplemodule.c:3070:83: warning: unused parameter ‘capi_self’ [-Wunused-parameter]
 3070 | static PyObject *f2py_rout__pysimple_f90wrap_tracer__set__dtaumin(const PyObject *capi_self,
      |                                                                   ~~~~~~~~~~~~~~~~^~~~~~~~~
/proj/plasma/CODE/ert/SIMPLE/build/python/_pysimplemodule.c: In function ‘f2py_rout__pysimple_f90wrap_tracer__get__v0’:
/proj/plasma/CODE/ert/SIMPLE/build/python/_pysimplemodule.c:3176:78: warning: unused parameter ‘capi_self’ [-Wunused-parameter]
 3176 | static PyObject *f2py_rout__pysimple_f90wrap_tracer__get__v0(const PyObject *capi_self,
      |                                                              ~~~~~~~~~~~~~~~~^~~~~~~~~
/proj/plasma/CODE/ert/SIMPLE/build/python/_pysimplemodule.c: In function ‘f2py_rout__pysimple_f90wrap_tracer__set__v0’:
/proj/plasma/CODE/ert/SIMPLE/build/python/_pysimplemodule.c:3277:78: warning: unused parameter ‘capi_self’ [-Wunused-parameter]
 3277 | static PyObject *f2py_rout__pysimple_f90wrap_tracer__set__v0(const PyObject *capi_self,
      |                                                              ~~~~~~~~~~~~~~~~^~~~~~~~~
/proj/plasma/CODE/ert/SIMPLE/build/python/_pysimplemodule.c: In function ‘f2py_rout__pysimple_f90wrap_tracer__get__n_e’:
/proj/plasma/CODE/ert/SIMPLE/build/python/_pysimplemodule.c:3383:79: warning: unused parameter ‘capi_self’ [-Wunused-parameter]
 3383 | static PyObject *f2py_rout__pysimple_f90wrap_tracer__get__n_e(const PyObject *capi_self,
      |                                                               ~~~~~~~~~~~~~~~~^~~~~~~~~
/proj/plasma/CODE/ert/SIMPLE/build/python/_pysimplemodule.c: In function ‘f2py_rout__pysimple_f90wrap_tracer__set__n_e’:
/proj/plasma/CODE/ert/SIMPLE/build/python/_pysimplemodule.c:3484:79: warning: unused parameter ‘capi_self’ [-Wunused-parameter]
 3484 | static PyObject *f2py_rout__pysimple_f90wrap_tracer__set__n_e(const PyObject *capi_self,
      |                                                               ~~~~~~~~~~~~~~~~^~~~~~~~~
/proj/plasma/CODE/ert/SIMPLE/build/python/_pysimplemodule.c: In function ‘f2py_rout__pysimple_f90wrap_tracer__get__n_d’:
/proj/plasma/CODE/ert/SIMPLE/build/python/_pysimplemodule.c:3590:79: warning: unused parameter ‘capi_self’ [-Wunused-parameter]
 3590 | static PyObject *f2py_rout__pysimple_f90wrap_tracer__get__n_d(const PyObject *capi_self,
      |                                                               ~~~~~~~~~~~~~~~~^~~~~~~~~
/proj/plasma/CODE/ert/SIMPLE/build/python/_pysimplemodule.c: In function ‘f2py_rout__pysimple_f90wrap_tracer__set__n_d’:
/proj/plasma/CODE/ert/SIMPLE/build/python/_pysimplemodule.c:3691:79: warning: unused parameter ‘capi_self’ [-Wunused-parameter]
 3691 | static PyObject *f2py_rout__pysimple_f90wrap_tracer__set__n_d(const PyObject *capi_self,
      |                                                               ~~~~~~~~~~~~~~~~^~~~~~~~~
/proj/plasma/CODE/ert/SIMPLE/build/python/_pysimplemodule.c: In function ‘f2py_rout__pysimple_f90wrap_tracer__get__integmode’:
/proj/plasma/CODE/ert/SIMPLE/build/python/_pysimplemodule.c:3797:85: warning: unused parameter ‘capi_self’ [-Wunused-parameter]
 3797 | static PyObject *f2py_rout__pysimple_f90wrap_tracer__get__integmode(const PyObject *capi_self,
      |                                                                     ~~~~~~~~~~~~~~~~^~~~~~~~~
/proj/plasma/CODE/ert/SIMPLE/build/python/_pysimplemodule.c: In function ‘f2py_rout__pysimple_f90wrap_tracer__set__integmode’:
/proj/plasma/CODE/ert/SIMPLE/build/python/_pysimplemodule.c:3898:85: warning: unused parameter ‘capi_self’ [-Wunused-parameter]
 3898 | static PyObject *f2py_rout__pysimple_f90wrap_tracer__set__integmode(const PyObject *capi_self,
      |                                                                     ~~~~~~~~~~~~~~~~^~~~~~~~~
/proj/plasma/CODE/ert/SIMPLE/build/python/_pysimplemodule.c: In function ‘f2py_rout__pysimple_f90wrap_tracer__get__relerr’:
/proj/plasma/CODE/ert/SIMPLE/build/python/_pysimplemodule.c:4004:82: warning: unused parameter ‘capi_self’ [-Wunused-parameter]
 4004 | static PyObject *f2py_rout__pysimple_f90wrap_tracer__get__relerr(const PyObject *capi_self,
      |                                                                  ~~~~~~~~~~~~~~~~^~~~~~~~~
/proj/plasma/CODE/ert/SIMPLE/build/python/_pysimplemodule.c: In function ‘f2py_rout__pysimple_f90wrap_tracer__set__relerr’:
/proj/plasma/CODE/ert/SIMPLE/build/python/_pysimplemodule.c:4105:82: warning: unused parameter ‘capi_self’ [-Wunused-parameter]
 4105 | static PyObject *f2py_rout__pysimple_f90wrap_tracer__set__relerr(const PyObject *capi_self,
      |                                                                  ~~~~~~~~~~~~~~~~^~~~~~~~~
/proj/plasma/CODE/ert/SIMPLE/build/python/_pysimplemodule.c: In function ‘f2py_rout__pysimple_f90wrap_tracer__get__f’:
/proj/plasma/CODE/ert/SIMPLE/build/python/_pysimplemodule.c:4211:77: warning: unused parameter ‘capi_self’ [-Wunused-parameter]
 4211 | static PyObject *f2py_rout__pysimple_f90wrap_tracer__get__f(const PyObject *capi_self,
      |                                                             ~~~~~~~~~~~~~~~~^~~~~~~~~
/proj/plasma/CODE/ert/SIMPLE/build/python/_pysimplemodule.c: In function ‘f2py_rout__pysimple_f90wrap_tracer__set__f’:
/proj/plasma/CODE/ert/SIMPLE/build/python/_pysimplemodule.c:4330:77: warning: unused parameter ‘capi_self’ [-Wunused-parameter]
 4330 | static PyObject *f2py_rout__pysimple_f90wrap_tracer__set__f(const PyObject *capi_self,
      |                                                             ~~~~~~~~~~~~~~~~^~~~~~~~~
/proj/plasma/CODE/ert/SIMPLE/build/python/_pysimplemodule.c: In function ‘f2py_rout__pysimple_f90wrap_tracer__get__si’:
/proj/plasma/CODE/ert/SIMPLE/build/python/_pysimplemodule.c:4453:78: warning: unused parameter ‘capi_self’ [-Wunused-parameter]
 4453 | static PyObject *f2py_rout__pysimple_f90wrap_tracer__get__si(const PyObject *capi_self,
      |                                                              ~~~~~~~~~~~~~~~~^~~~~~~~~
/proj/plasma/CODE/ert/SIMPLE/build/python/_pysimplemodule.c: In function ‘f2py_rout__pysimple_f90wrap_tracer__set__si’:
/proj/plasma/CODE/ert/SIMPLE/build/python/_pysimplemodule.c:4572:78: warning: unused parameter ‘capi_self’ [-Wunused-parameter]
 4572 | static PyObject *f2py_rout__pysimple_f90wrap_tracer__set__si(const PyObject *capi_self,
      |                                                              ~~~~~~~~~~~~~~~~^~~~~~~~~
/proj/plasma/CODE/ert/SIMPLE/build/python/_pysimplemodule.c: In function ‘f2py_rout__pysimple_f90wrap_tracer__get__mi’:
/proj/plasma/CODE/ert/SIMPLE/build/python/_pysimplemodule.c:4695:78: warning: unused parameter ‘capi_self’ [-Wunused-parameter]
 4695 | static PyObject *f2py_rout__pysimple_f90wrap_tracer__get__mi(const PyObject *capi_self,
      |                                                              ~~~~~~~~~~~~~~~~^~~~~~~~~
/proj/plasma/CODE/ert/SIMPLE/build/python/_pysimplemodule.c: In function ‘f2py_rout__pysimple_f90wrap_tracer__set__mi’:
/proj/plasma/CODE/ert/SIMPLE/build/python/_pysimplemodule.c:4814:78: warning: unused parameter ‘capi_self’ [-Wunused-parameter]
 4814 | static PyObject *f2py_rout__pysimple_f90wrap_tracer__set__mi(const PyObject *capi_self,
      |                                                              ~~~~~~~~~~~~~~~~^~~~~~~~~
/proj/plasma/CODE/ert/SIMPLE/build/python/_pysimplemodule.c: In function ‘f2py_rout__pysimple_f90wrap_simple__tracer_initialise’:
/proj/plasma/CODE/ert/SIMPLE/build/python/_pysimplemodule.c:4935:88: warning: unused parameter ‘capi_self’ [-Wunused-parameter]
 4935 | static PyObject *f2py_rout__pysimple_f90wrap_simple__tracer_initialise(const PyObject *capi_self,
      |                                                                        ~~~~~~~~~~~~~~~~^~~~~~~~~
/proj/plasma/CODE/ert/SIMPLE/build/python/_pysimplemodule.c: In function ‘f2py_rout__pysimple_f90wrap_simple__tracer_finalise’:
/proj/plasma/CODE/ert/SIMPLE/build/python/_pysimplemodule.c:5029:86: warning: unused parameter ‘capi_self’ [-Wunused-parameter]
 5029 | static PyObject *f2py_rout__pysimple_f90wrap_simple__tracer_finalise(const PyObject *capi_self,
      |                                                                      ~~~~~~~~~~~~~~~~^~~~~~~~~
/proj/plasma/CODE/ert/SIMPLE/build/python/_pysimplemodule.c: In function ‘f2py_rout__pysimple_f90wrap_simple__init_sympl’:
/proj/plasma/CODE/ert/SIMPLE/build/python/_pysimplemodule.c:5132:81: warning: unused parameter ‘capi_self’ [-Wunused-parameter]
 5132 | static PyObject *f2py_rout__pysimple_f90wrap_simple__init_sympl(const PyObject *capi_self,
      |                                                                 ~~~~~~~~~~~~~~~~^~~~~~~~~
/proj/plasma/CODE/ert/SIMPLE/build/python/_pysimplemodule.c: In function ‘f2py_rout__pysimple_f90wrap_simple__init_params’:
/proj/plasma/CODE/ert/SIMPLE/build/python/_pysimplemodule.c:5318:82: warning: unused parameter ‘capi_self’ [-Wunused-parameter]
 5318 | static PyObject *f2py_rout__pysimple_f90wrap_simple__init_params(const PyObject *capi_self,
      |                                                                  ~~~~~~~~~~~~~~~~^~~~~~~~~
/proj/plasma/CODE/ert/SIMPLE/build/python/_pysimplemodule.c: In function ‘f2py_rout__pysimple_f90wrap_simple__init_vmec’:
/proj/plasma/CODE/ert/SIMPLE/build/python/_pysimplemodule.c:5468:80: warning: unused parameter ‘capi_self’ [-Wunused-parameter]
 5468 | static PyObject *f2py_rout__pysimple_f90wrap_simple__init_vmec(const PyObject *capi_self,
      |                                                                ~~~~~~~~~~~~~~~~^~~~~~~~~
/proj/plasma/CODE/ert/SIMPLE/build/python/_pysimplemodule.c: In function ‘f2py_rout__pysimple_f90wrap_simple__timestep’:
/proj/plasma/CODE/ert/SIMPLE/build/python/_pysimplemodule.c:5582:79: warning: unused parameter ‘capi_self’ [-Wunused-parameter]
 5582 | static PyObject *f2py_rout__pysimple_f90wrap_simple__timestep(const PyObject *capi_self,
      |                                                               ~~~~~~~~~~~~~~~~^~~~~~~~~
/proj/plasma/CODE/ert/SIMPLE/build/python/_pysimplemodule.c: In function ‘f2py_rout__pysimple_f90wrap_simple__timestep_sympl_z’:
/proj/plasma/CODE/ert/SIMPLE/build/python/_pysimplemodule.c:5726:87: warning: unused parameter ‘capi_self’ [-Wunused-parameter]
 5726 | static PyObject *f2py_rout__pysimple_f90wrap_simple__timestep_sympl_z(const PyObject *capi_self,
      |                                                                       ~~~~~~~~~~~~~~~~^~~~~~~~~
/proj/plasma/CODE/ert/SIMPLE/build/python/_pysimplemodule.c: In function ‘f2py_rout__pysimple_f90wrap_simple__timestep_z’:
/proj/plasma/CODE/ert/SIMPLE/build/python/_pysimplemodule.c:5883:81: warning: unused parameter ‘capi_self’ [-Wunused-parameter]
 5883 | static PyObject *f2py_rout__pysimple_f90wrap_simple__timestep_z(const PyObject *capi_self,
      |                                                                 ~~~~~~~~~~~~~~~~^~~~~~~~~
/proj/plasma/CODE/ert/SIMPLE/build/python/_pysimplemodule.c: In function ‘f2py_rout__pysimple_f90wrap_cutdetector__get__fper’:
/proj/plasma/CODE/ert/SIMPLE/build/python/_pysimplemodule.c:6015:85: warning: unused parameter ‘capi_self’ [-Wunused-parameter]
 6015 | static PyObject *f2py_rout__pysimple_f90wrap_cutdetector__get__fper(const PyObject *capi_self,
      |                                                                     ~~~~~~~~~~~~~~~~^~~~~~~~~
/proj/plasma/CODE/ert/SIMPLE/build/python/_pysimplemodule.c: In function ‘f2py_rout__pysimple_f90wrap_cutdetector__set__fper’:
/proj/plasma/CODE/ert/SIMPLE/build/python/_pysimplemodule.c:6116:85: warning: unused parameter ‘capi_self’ [-Wunused-parameter]
 6116 | static PyObject *f2py_rout__pysimple_f90wrap_cutdetector__set__fper(const PyObject *capi_self,
      |                                                                     ~~~~~~~~~~~~~~~~^~~~~~~~~
/proj/plasma/CODE/ert/SIMPLE/build/python/_pysimplemodule.c: In function ‘f2py_rout__pysimple_f90wrap_cutdetector__get__alam_prev’:
/proj/plasma/CODE/ert/SIMPLE/build/python/_pysimplemodule.c:6222:90: warning: unused parameter ‘capi_self’ [-Wunused-parameter]
 6222 | static PyObject *f2py_rout__pysimple_f90wrap_cutdetector__get__alam_prev(const PyObject *capi_self,
      |                                                                          ~~~~~~~~~~~~~~~~^~~~~~~~~
/proj/plasma/CODE/ert/SIMPLE/build/python/_pysimplemodule.c: In function ‘f2py_rout__pysimple_f90wrap_cutdetector__set__alam_prev’:
/proj/plasma/CODE/ert/SIMPLE/build/python/_pysimplemodule.c:6323:90: warning: unused parameter ‘capi_self’ [-Wunused-parameter]
 6323 | static PyObject *f2py_rout__pysimple_f90wrap_cutdetector__set__alam_prev(const PyObject *capi_self,
      |                                                                          ~~~~~~~~~~~~~~~~^~~~~~~~~
/proj/plasma/CODE/ert/SIMPLE/build/python/_pysimplemodule.c: In function ‘f2py_rout__pysimple_f90wrap_cutdetector__get__par_inv’:
/proj/plasma/CODE/ert/SIMPLE/build/python/_pysimplemodule.c:6429:88: warning: unused parameter ‘capi_self’ [-Wunused-parameter]
 6429 | static PyObject *f2py_rout__pysimple_f90wrap_cutdetector__get__par_inv(const PyObject *capi_self,
      |                                                                        ~~~~~~~~~~~~~~~~^~~~~~~~~
/proj/plasma/CODE/ert/SIMPLE/build/python/_pysimplemodule.c: In function ‘f2py_rout__pysimple_f90wrap_cutdetector__set__par_inv’:
/proj/plasma/CODE/ert/SIMPLE/build/python/_pysimplemodule.c:6530:88: warning: unused parameter ‘capi_self’ [-Wunused-parameter]
 6530 | static PyObject *f2py_rout__pysimple_f90wrap_cutdetector__set__par_inv(const PyObject *capi_self,
      |                                                                        ~~~~~~~~~~~~~~~~^~~~~~~~~
/proj/plasma/CODE/ert/SIMPLE/build/python/_pysimplemodule.c: In function ‘f2py_rout__pysimple_f90wrap_cutdetector__get__iper’:
/proj/plasma/CODE/ert/SIMPLE/build/python/_pysimplemodule.c:6636:85: warning: unused parameter ‘capi_self’ [-Wunused-parameter]
 6636 | static PyObject *f2py_rout__pysimple_f90wrap_cutdetector__get__iper(const PyObject *capi_self,
      |                                                                     ~~~~~~~~~~~~~~~~^~~~~~~~~
/proj/plasma/CODE/ert/SIMPLE/build/python/_pysimplemodule.c: In function ‘f2py_rout__pysimple_f90wrap_cutdetector__set__iper’:
/proj/plasma/CODE/ert/SIMPLE/build/python/_pysimplemodule.c:6737:85: warning: unused parameter ‘capi_self’ [-Wunused-parameter]
 6737 | static PyObject *f2py_rout__pysimple_f90wrap_cutdetector__set__iper(const PyObject *capi_self,
      |                                                                     ~~~~~~~~~~~~~~~~^~~~~~~~~
/proj/plasma/CODE/ert/SIMPLE/build/python/_pysimplemodule.c: In function ‘f2py_rout__pysimple_f90wrap_cutdetector__get__itip’:
/proj/plasma/CODE/ert/SIMPLE/build/python/_pysimplemodule.c:6843:85: warning: unused parameter ‘capi_self’ [-Wunused-parameter]
 6843 | static PyObject *f2py_rout__pysimple_f90wrap_cutdetector__get__itip(const PyObject *capi_self,
      |                                                                     ~~~~~~~~~~~~~~~~^~~~~~~~~
/proj/plasma/CODE/ert/SIMPLE/build/python/_pysimplemodule.c: In function ‘f2py_rout__pysimple_f90wrap_cutdetector__set__itip’:
/proj/plasma/CODE/ert/SIMPLE/build/python/_pysimplemodule.c:6944:85: warning: unused parameter ‘capi_self’ [-Wunused-parameter]
 6944 | static PyObject *f2py_rout__pysimple_f90wrap_cutdetector__set__itip(const PyObject *capi_self,
      |                                                                     ~~~~~~~~~~~~~~~~^~~~~~~~~
/proj/plasma/CODE/ert/SIMPLE/build/python/_pysimplemodule.c: In function ‘f2py_rout__pysimple_f90wrap_cutdetector__get__kper’:
/proj/plasma/CODE/ert/SIMPLE/build/python/_pysimplemodule.c:7050:85: warning: unused parameter ‘capi_self’ [-Wunused-parameter]
 7050 | static PyObject *f2py_rout__pysimple_f90wrap_cutdetector__get__kper(const PyObject *capi_self,
      |                                                                     ~~~~~~~~~~~~~~~~^~~~~~~~~
/proj/plasma/CODE/ert/SIMPLE/build/python/_pysimplemodule.c: In function ‘f2py_rout__pysimple_f90wrap_cutdetector__set__kper’:
/proj/plasma/CODE/ert/SIMPLE/build/python/_pysimplemodule.c:7151:85: warning: unused parameter ‘capi_self’ [-Wunused-parameter]
 7151 | static PyObject *f2py_rout__pysimple_f90wrap_cutdetector__set__kper(const PyObject *capi_self,
      |                                                                     ~~~~~~~~~~~~~~~~^~~~~~~~~
/proj/plasma/CODE/ert/SIMPLE/build/python/_pysimplemodule.c: In function ‘f2py_rout__pysimple_f90wrap_cutdetector__array__orb_sten’:
/proj/plasma/CODE/ert/SIMPLE/build/python/_pysimplemodule.c:7260:91: warning: unused parameter ‘capi_self’ [-Wunused-parameter]
 7260 | static PyObject *f2py_rout__pysimple_f90wrap_cutdetector__array__orb_sten(const PyObject *capi_self,
      |                                                                           ~~~~~~~~~~~~~~~~^~~~~~~~~
/proj/plasma/CODE/ert/SIMPLE/build/python/_pysimplemodule.c: In function ‘f2py_rout__pysimple_f90wrap_cutdetector__array__coef’:
/proj/plasma/CODE/ert/SIMPLE/build/python/_pysimplemodule.c:7392:87: warning: unused parameter ‘capi_self’ [-Wunused-parameter]
 7392 | static PyObject *f2py_rout__pysimple_f90wrap_cutdetector__array__coef(const PyObject *capi_self,
      |                                                                       ~~~~~~~~~~~~~~~~^~~~~~~~~
/proj/plasma/CODE/ert/SIMPLE/build/python/_pysimplemodule.c: In function ‘f2py_rout__pysimple_f90wrap_cutdetector__array__ipoi’:
/proj/plasma/CODE/ert/SIMPLE/build/python/_pysimplemodule.c:7524:87: warning: unused parameter ‘capi_self’ [-Wunused-parameter]
 7524 | static PyObject *f2py_rout__pysimple_f90wrap_cutdetector__array__ipoi(const PyObject *capi_self,
      |                                                                       ~~~~~~~~~~~~~~~~^~~~~~~~~
/proj/plasma/CODE/ert/SIMPLE/build/python/_pysimplemodule.c: In function ‘f2py_rout__pysimple_f90wrap_cut_detector__cutdetector_initialise’:
/proj/plasma/CODE/ert/SIMPLE/build/python/_pysimplemodule.c:7651:99: warning: unused parameter ‘capi_self’ [-Wunused-parameter]
 7651 | static PyObject *f2py_rout__pysimple_f90wrap_cut_detector__cutdetector_initialise(const PyObject *capi_self,
      |                                                                                   ~~~~~~~~~~~~~~~~^~~~~~~~~
/proj/plasma/CODE/ert/SIMPLE/build/python/_pysimplemodule.c: In function ‘f2py_rout__pysimple_f90wrap_cut_detector__cutdetector_finalise’:
/proj/plasma/CODE/ert/SIMPLE/build/python/_pysimplemodule.c:7745:97: warning: unused parameter ‘capi_self’ [-Wunused-parameter]
 7745 | static PyObject *f2py_rout__pysimple_f90wrap_cut_detector__cutdetector_finalise(const PyObject *capi_self,
      |                                                                                 ~~~~~~~~~~~~~~~~^~~~~~~~~
/proj/plasma/CODE/ert/SIMPLE/build/python/_pysimplemodule.c: In function ‘f2py_rout__pysimple_f90wrap_cut_detector__trace_to_cut’:
/proj/plasma/CODE/ert/SIMPLE/build/python/_pysimplemodule.c:7849:89: warning: unused parameter ‘capi_self’ [-Wunused-parameter]
 7849 | static PyObject *f2py_rout__pysimple_f90wrap_cut_detector__trace_to_cut(const PyObject *capi_self,
      |                                                                         ~~~~~~~~~~~~~~~~^~~~~~~~~
/proj/plasma/CODE/ert/SIMPLE/build/python/_pysimplemodule.c: In function ‘f2py_rout__pysimple_f90wrap_cut_detector__fract_dimension’:
/proj/plasma/CODE/ert/SIMPLE/build/python/_pysimplemodule.c:8062:92: warning: unused parameter ‘capi_self’ [-Wunused-parameter]
 8062 | static PyObject *f2py_rout__pysimple_f90wrap_cut_detector__fract_dimension(const PyObject *capi_self,
      |                                                                            ~~~~~~~~~~~~~~~~^~~~~~~~~
/proj/plasma/CODE/ert/SIMPLE/build/python/_pysimplemodule.c: In function ‘f2py_rout__pysimple_f90wrap_cut_detector__init’:
/proj/plasma/CODE/ert/SIMPLE/build/python/_pysimplemodule.c:8181:81: warning: unused parameter ‘capi_self’ [-Wunused-parameter]
 8181 | static PyObject *f2py_rout__pysimple_f90wrap_cut_detector__init(const PyObject *capi_self,
      |                                                                 ~~~~~~~~~~~~~~~~^~~~~~~~~
/proj/plasma/CODE/ert/SIMPLE/build/python/_pysimplemodule.c: In function ‘f2py_rout__pysimple_f90wrap_cut_detector__get__n_tip_vars’:
/proj/plasma/CODE/ert/SIMPLE/build/python/_pysimplemodule.c:8315:92: warning: unused parameter ‘capi_self’ [-Wunused-parameter]
 8315 | static PyObject *f2py_rout__pysimple_f90wrap_cut_detector__get__n_tip_vars(const PyObject *capi_self,
      |                                                                            ~~~~~~~~~~~~~~~~^~~~~~~~~
/proj/plasma/CODE/ert/SIMPLE/build/python/_pysimplemodule.c: In function ‘f2py_rout__pysimple_f90wrap_cut_detector__get__nplagr’:
/proj/plasma/CODE/ert/SIMPLE/build/python/_pysimplemodule.c:8391:88: warning: unused parameter ‘capi_self’ [-Wunused-parameter]
 8391 | static PyObject *f2py_rout__pysimple_f90wrap_cut_detector__get__nplagr(const PyObject *capi_self,
      |                                                                        ~~~~~~~~~~~~~~~~^~~~~~~~~
/proj/plasma/CODE/ert/SIMPLE/build/python/_pysimplemodule.c: In function ‘f2py_rout__pysimple_f90wrap_cut_detector__get__nder’:
/proj/plasma/CODE/ert/SIMPLE/build/python/_pysimplemodule.c:8467:86: warning: unused parameter ‘capi_self’ [-Wunused-parameter]
 8467 | static PyObject *f2py_rout__pysimple_f90wrap_cut_detector__get__nder(const PyObject *capi_self,
      |                                                                      ~~~~~~~~~~~~~~~~^~~~~~~~~
/proj/plasma/CODE/ert/SIMPLE/build/python/_pysimplemodule.c: In function ‘f2py_rout__pysimple_f90wrap_symplecticintegrator__get__atol’:
/proj/plasma/CODE/ert/SIMPLE/build/python/_pysimplemodule.c:8545:94: warning: unused parameter ‘capi_self’ [-Wunused-parameter]
 8545 | static PyObject *f2py_rout__pysimple_f90wrap_symplecticintegrator__get__atol(const PyObject *capi_self,
      |                                                                              ~~~~~~~~~~~~~~~~^~~~~~~~~
/proj/plasma/CODE/ert/SIMPLE/build/python/_pysimplemodule.c: In function ‘f2py_rout__pysimple_f90wrap_symplecticintegrator__set__atol’:
/proj/plasma/CODE/ert/SIMPLE/build/python/_pysimplemodule.c:8646:94: warning: unused parameter ‘capi_self’ [-Wunused-parameter]
 8646 | static PyObject *f2py_rout__pysimple_f90wrap_symplecticintegrator__set__atol(const PyObject *capi_self,
      |                                                                              ~~~~~~~~~~~~~~~~^~~~~~~~~
/proj/plasma/CODE/ert/SIMPLE/build/python/_pysimplemodule.c: In function ‘f2py_rout__pysimple_f90wrap_symplecticintegrator__get__rtol’:
/proj/plasma/CODE/ert/SIMPLE/build/python/_pysimplemodule.c:8752:94: warning: unused parameter ‘capi_self’ [-Wunused-parameter]
 8752 | static PyObject *f2py_rout__pysimple_f90wrap_symplecticintegrator__get__rtol(const PyObject *capi_self,
      |                                                                              ~~~~~~~~~~~~~~~~^~~~~~~~~
/proj/plasma/CODE/ert/SIMPLE/build/python/_pysimplemodule.c: In function ‘f2py_rout__pysimple_f90wrap_symplecticintegrator__set__rtol’:
/proj/plasma/CODE/ert/SIMPLE/build/python/_pysimplemodule.c:8853:94: warning: unused parameter ‘capi_self’ [-Wunused-parameter]
 8853 | static PyObject *f2py_rout__pysimple_f90wrap_symplecticintegrator__set__rtol(const PyObject *capi_self,
      |                                                                              ~~~~~~~~~~~~~~~~^~~~~~~~~
/proj/plasma/CODE/ert/SIMPLE/build/python/_pysimplemodule.c: In function ‘f2py_rout__pysimple_f90wrap_symplecticintegrator__array__z’:
/proj/plasma/CODE/ert/SIMPLE/build/python/_pysimplemodule.c:8962:93: warning: unused parameter ‘capi_self’ [-Wunused-parameter]
 8962 | static PyObject *f2py_rout__pysimple_f90wrap_symplecticintegrator__array__z(const PyObject *capi_self,
      |                                                                             ~~~~~~~~~~~~~~~~^~~~~~~~~
/proj/plasma/CODE/ert/SIMPLE/build/python/_pysimplemodule.c: In function ‘f2py_rout__pysimple_f90wrap_symplecticintegrator__get__pthold’:
/proj/plasma/CODE/ert/SIMPLE/build/python/_pysimplemodule.c:9091:96: warning: unused parameter ‘capi_self’ [-Wunused-parameter]
 9091 | static PyObject *f2py_rout__pysimple_f90wrap_symplecticintegrator__get__pthold(const PyObject *capi_self,
      |                                                                                ~~~~~~~~~~~~~~~~^~~~~~~~~
/proj/plasma/CODE/ert/SIMPLE/build/python/_pysimplemodule.c: In function ‘f2py_rout__pysimple_f90wrap_symplecticintegrator__set__pthold’:
/proj/plasma/CODE/ert/SIMPLE/build/python/_pysimplemodule.c:9192:96: warning: unused parameter ‘capi_self’ [-Wunused-parameter]
 9192 | static PyObject *f2py_rout__pysimple_f90wrap_symplecticintegrator__set__pthold(const PyObject *capi_self,
      |                                                                                ~~~~~~~~~~~~~~~~^~~~~~~~~
/proj/plasma/CODE/ert/SIMPLE/build/python/_pysimplemodule.c: In function ‘f2py_rout__pysimple_f90wrap_symplecticintegrator__get__ntau’:
/proj/plasma/CODE/ert/SIMPLE/build/python/_pysimplemodule.c:9298:94: warning: unused parameter ‘capi_self’ [-Wunused-parameter]
 9298 | static PyObject *f2py_rout__pysimple_f90wrap_symplecticintegrator__get__ntau(const PyObject *capi_self,
      |                                                                              ~~~~~~~~~~~~~~~~^~~~~~~~~
/proj/plasma/CODE/ert/SIMPLE/build/python/_pysimplemodule.c: In function ‘f2py_rout__pysimple_f90wrap_symplecticintegrator__set__ntau’:
/proj/plasma/CODE/ert/SIMPLE/build/python/_pysimplemodule.c:9399:94: warning: unused parameter ‘capi_self’ [-Wunused-parameter]
 9399 | static PyObject *f2py_rout__pysimple_f90wrap_symplecticintegrator__set__ntau(const PyObject *capi_self,
      |                                                                              ~~~~~~~~~~~~~~~~^~~~~~~~~
/proj/plasma/CODE/ert/SIMPLE/build/python/_pysimplemodule.c: In function ‘f2py_rout__pysimple_f90wrap_symplecticintegrator__get__dt’:
/proj/plasma/CODE/ert/SIMPLE/build/python/_pysimplemodule.c:9505:92: warning: unused parameter ‘capi_self’ [-Wunused-parameter]
 9505 | static PyObject *f2py_rout__pysimple_f90wrap_symplecticintegrator__get__dt(const PyObject *capi_self,
      |                                                                            ~~~~~~~~~~~~~~~~^~~~~~~~~
/proj/plasma/CODE/ert/SIMPLE/build/python/_pysimplemodule.c: In function ‘f2py_rout__pysimple_f90wrap_symplecticintegrator__set__dt’:
/proj/plasma/CODE/ert/SIMPLE/build/python/_pysimplemodule.c:9606:92: warning: unused parameter ‘capi_self’ [-Wunused-parameter]
 9606 | static PyObject *f2py_rout__pysimple_f90wrap_symplecticintegrator__set__dt(const PyObject *capi_self,
      |                                                                            ~~~~~~~~~~~~~~~~^~~~~~~~~
/proj/plasma/CODE/ert/SIMPLE/build/python/_pysimplemodule.c: In function ‘f2py_rout__pysimple_f90wrap_symplecticintegrator__get__pabs’:
/proj/plasma/CODE/ert/SIMPLE/build/python/_pysimplemodule.c:9712:94: warning: unused parameter ‘capi_self’ [-Wunused-parameter]
 9712 | static PyObject *f2py_rout__pysimple_f90wrap_symplecticintegrator__get__pabs(const PyObject *capi_self,
      |                                                                              ~~~~~~~~~~~~~~~~^~~~~~~~~
/proj/plasma/CODE/ert/SIMPLE/build/python/_pysimplemodule.c: In function ‘f2py_rout__pysimple_f90wrap_symplecticintegrator__set__pabs’:
/proj/plasma/CODE/ert/SIMPLE/build/python/_pysimplemodule.c:9813:94: warning: unused parameter ‘capi_self’ [-Wunused-parameter]
 9813 | static PyObject *f2py_rout__pysimple_f90wrap_symplecticintegrator__set__pabs(const PyObject *capi_self,
      |                                                                              ~~~~~~~~~~~~~~~~^~~~~~~~~
/proj/plasma/CODE/ert/SIMPLE/build/python/_pysimplemodule.c: In function ‘f2py_rout__pysimple_f90wrap_orbit_symplectic_base__symplecticintegrator_initialise’:
/proj/plasma/CODE/ert/SIMPLE/build/python/_pysimplemodule.c:9917:117: warning: unused parameter ‘capi_self’ [-Wunused-parameter]
 9917 | static PyObject *f2py_rout__pysimple_f90wrap_orbit_symplectic_base__symplecticintegrator_initialise(const PyObject *capi_self,
      |                                                                                                     ~~~~~~~~~~~~~~~~^~~~~~~~~
/proj/plasma/CODE/ert/SIMPLE/build/python/_pysimplemodule.c: In function ‘f2py_rout__pysimple_f90wrap_orbit_symplectic_base__symplecticintegrator_finalise’:
/proj/plasma/CODE/ert/SIMPLE/build/python/_pysimplemodule.c:10011:115: warning: unused parameter ‘capi_self’ [-Wunused-parameter]
10011 | static PyObject *f2py_rout__pysimple_f90wrap_orbit_symplectic_base__symplecticintegrator_finalise(const PyObject *capi_self,
      |                                                                                                   ~~~~~~~~~~~~~~~~^~~~~~~~~
/proj/plasma/CODE/ert/SIMPLE/build/python/_pysimplemodule.c: In function ‘f2py_rout__pysimple_f90wrap_multistageintegrator__get__s’:
/proj/plasma/CODE/ert/SIMPLE/build/python/_pysimplemodule.c:10110:91: warning: unused parameter ‘capi_self’ [-Wunused-parameter]
10110 | static PyObject *f2py_rout__pysimple_f90wrap_multistageintegrator__get__s(const PyObject *capi_self,
      |                                                                           ~~~~~~~~~~~~~~~~^~~~~~~~~
/proj/plasma/CODE/ert/SIMPLE/build/python/_pysimplemodule.c: In function ‘f2py_rout__pysimple_f90wrap_multistageintegrator__set__s’:
/proj/plasma/CODE/ert/SIMPLE/build/python/_pysimplemodule.c:10211:91: warning: unused parameter ‘capi_self’ [-Wunused-parameter]
10211 | static PyObject *f2py_rout__pysimple_f90wrap_multistageintegrator__set__s(const PyObject *capi_self,
      |                                                                           ~~~~~~~~~~~~~~~~^~~~~~~~~
/proj/plasma/CODE/ert/SIMPLE/build/python/_pysimplemodule.c: In function ‘f2py_rout__pysimple_f90wrap_multistageintegrator__array__alpha’:
/proj/plasma/CODE/ert/SIMPLE/build/python/_pysimplemodule.c:10320:97: warning: unused parameter ‘capi_self’ [-Wunused-parameter]
10320 | static PyObject *f2py_rout__pysimple_f90wrap_multistageintegrator__array__alpha(const PyObject *capi_self,
      |                                                                                 ~~~~~~~~~~~~~~~~^~~~~~~~~
/proj/plasma/CODE/ert/SIMPLE/build/python/_pysimplemodule.c: In function ‘f2py_rout__pysimple_f90wrap_multistageintegrator__array__beta’:
/proj/plasma/CODE/ert/SIMPLE/build/python/_pysimplemodule.c:10452:96: warning: unused parameter ‘capi_self’ [-Wunused-parameter]
10452 | static PyObject *f2py_rout__pysimple_f90wrap_multistageintegrator__array__beta(const PyObject *capi_self,
      |                                                                                ~~~~~~~~~~~~~~~~^~~~~~~~~
/proj/plasma/CODE/ert/SIMPLE/build/python/_pysimplemodule.c: In function ‘f2py_rout__pysimple_f90wrap_multistageintegrator__array_getitem__stages’:
/proj/plasma/CODE/ert/SIMPLE/build/python/_pysimplemodule.c:10582:106: warning: unused parameter ‘capi_self’ [-Wunused-parameter]
10582 | static PyObject *f2py_rout__pysimple_f90wrap_multistageintegrator__array_getitem__stages(const PyObject *capi_self,
      |                                                                                          ~~~~~~~~~~~~~~~~^~~~~~~~~
/proj/plasma/CODE/ert/SIMPLE/build/python/_pysimplemodule.c: In function ‘f2py_rout__pysimple_f90wrap_multistageintegrator__array_setitem__stages’:
/proj/plasma/CODE/ert/SIMPLE/build/python/_pysimplemodule.c:10709:106: warning: unused parameter ‘capi_self’ [-Wunused-parameter]
10709 | static PyObject *f2py_rout__pysimple_f90wrap_multistageintegrator__array_setitem__stages(const PyObject *capi_self,
      |                                                                                          ~~~~~~~~~~~~~~~~^~~~~~~~~
/proj/plasma/CODE/ert/SIMPLE/build/python/_pysimplemodule.c: In function ‘f2py_rout__pysimple_f90wrap_multistageintegrator__array_len__stages’:
/proj/plasma/CODE/ert/SIMPLE/build/python/_pysimplemodule.c:10839:102: warning: unused parameter ‘capi_self’ [-Wunused-parameter]
10839 | static PyObject *f2py_rout__pysimple_f90wrap_multistageintegrator__array_len__stages(const PyObject *capi_self,
      |                                                                                      ~~~~~~~~~~~~~~~~^~~~~~~~~
/proj/plasma/CODE/ert/SIMPLE/build/python/_pysimplemodule.c: In function ‘f2py_rout__pysimple_f90wrap_orbit_symplectic_base__multistageintegrator_initialise’:
/proj/plasma/CODE/ert/SIMPLE/build/python/_pysimplemodule.c:10939:117: warning: unused parameter ‘capi_self’ [-Wunused-parameter]
10939 | static PyObject *f2py_rout__pysimple_f90wrap_orbit_symplectic_base__multistageintegrator_initialise(const PyObject *capi_self,
      |                                                                                                     ~~~~~~~~~~~~~~~~^~~~~~~~~
/proj/plasma/CODE/ert/SIMPLE/build/python/_pysimplemodule.c: In function ‘f2py_rout__pysimple_f90wrap_orbit_symplectic_base__multistageintegrator_finalise’:
/proj/plasma/CODE/ert/SIMPLE/build/python/_pysimplemodule.c:11033:115: warning: unused parameter ‘capi_self’ [-Wunused-parameter]
11033 | static PyObject *f2py_rout__pysimple_f90wrap_orbit_symplectic_base__multistageintegrator_finalise(const PyObject *capi_self,
      |                                                                                                   ~~~~~~~~~~~~~~~~^~~~~~~~~
/proj/plasma/CODE/ert/SIMPLE/build/python/_pysimplemodule.c: In function ‘f2py_rout__pysimple_f90wrap_orbit_symplectic_base__coeff_rk_gauss’:
/proj/plasma/CODE/ert/SIMPLE/build/python/_pysimplemodule.c:11133:100: warning: unused parameter ‘capi_self’ [-Wunused-parameter]
11133 | static PyObject *f2py_rout__pysimple_f90wrap_orbit_symplectic_base__coeff_rk_gauss(const PyObject *capi_self,
      |                                                                                    ~~~~~~~~~~~~~~~~^~~~~~~~~
/proj/plasma/CODE/ert/SIMPLE/build/python/_pysimplemodule.c: In function ‘f2py_rout__pysimple_f90wrap_orbit_symplectic_base__coeff_rk_lobatto’:
/proj/plasma/CODE/ert/SIMPLE/build/python/_pysimplemodule.c:11313:102: warning: unused parameter ‘capi_self’ [-Wunused-parameter]
11313 | static PyObject *f2py_rout__pysimple_f90wrap_orbit_symplectic_base__coeff_rk_lobatto(const PyObject *capi_self,
      |                                                                                      ~~~~~~~~~~~~~~~~^~~~~~~~~
/proj/plasma/CODE/ert/SIMPLE/build/python/_pysimplemodule.c: In function ‘f2py_rout__pysimple_f90wrap_orbit_symplectic_base__get__extrap_field’:
/proj/plasma/CODE/ert/SIMPLE/build/python/_pysimplemodule.c:11525:103: warning: unused parameter ‘capi_self’ [-Wunused-parameter]
11525 | static PyObject *f2py_rout__pysimple_f90wrap_orbit_symplectic_base__get__extrap_field(const PyObject *capi_self,
      |                                                                                       ~~~~~~~~~~~~~~~~^~~~~~~~~
/proj/plasma/CODE/ert/SIMPLE/build/python/_pysimplemodule.c: In function ‘f2py_rout__pysimple_f90wrap_orbit_symplectic_base__get__rk45’:
/proj/plasma/CODE/ert/SIMPLE/build/python/_pysimplemodule.c:11601:95: warning: unused parameter ‘capi_self’ [-Wunused-parameter]
11601 | static PyObject *f2py_rout__pysimple_f90wrap_orbit_symplectic_base__get__rk45(const PyObject *capi_self,
      |                                                                               ~~~~~~~~~~~~~~~~^~~~~~~~~
/proj/plasma/CODE/ert/SIMPLE/build/python/_pysimplemodule.c: In function ‘f2py_rout__pysimple_f90wrap_orbit_symplectic_base__get__expl_impl_euler’:
/proj/plasma/CODE/ert/SIMPLE/build/python/_pysimplemodule.c:11677:106: warning: unused parameter ‘capi_self’ [-Wunused-parameter]
11677 | static PyObject *f2py_rout__pysimple_f90wrap_orbit_symplectic_base__get__expl_impl_euler(const PyObject *capi_self,
      |                                                                                          ~~~~~~~~~~~~~~~~^~~~~~~~~
/proj/plasma/CODE/ert/SIMPLE/build/python/_pysimplemodule.c: In function ‘f2py_rout__pysimple_f90wrap_orbit_symplectic_base__get__impl_expl_euler’:
/proj/plasma/CODE/ert/SIMPLE/build/python/_pysimplemodule.c:11753:106: warning: unused parameter ‘capi_self’ [-Wunused-parameter]
11753 | static PyObject *f2py_rout__pysimple_f90wrap_orbit_symplectic_base__get__impl_expl_euler(const PyObject *capi_self,
      |                                                                                          ~~~~~~~~~~~~~~~~^~~~~~~~~
/proj/plasma/CODE/ert/SIMPLE/build/python/_pysimplemodule.c: In function ‘f2py_rout__pysimple_f90wrap_orbit_symplectic_base__get__midpoint’:
/proj/plasma/CODE/ert/SIMPLE/build/python/_pysimplemodule.c:11829:99: warning: unused parameter ‘capi_self’ [-Wunused-parameter]
11829 | static PyObject *f2py_rout__pysimple_f90wrap_orbit_symplectic_base__get__midpoint(const PyObject *capi_self,
      |                                                                                   ~~~~~~~~~~~~~~~~^~~~~~~~~
/proj/plasma/CODE/ert/SIMPLE/build/python/_pysimplemodule.c: In function ‘f2py_rout__pysimple_f90wrap_orbit_symplectic_base__get__gauss1’:
/proj/plasma/CODE/ert/SIMPLE/build/python/_pysimplemodule.c:11905:97: warning: unused parameter ‘capi_self’ [-Wunused-parameter]
11905 | static PyObject *f2py_rout__pysimple_f90wrap_orbit_symplectic_base__get__gauss1(const PyObject *capi_self,
      |                                                                                 ~~~~~~~~~~~~~~~~^~~~~~~~~
/proj/plasma/CODE/ert/SIMPLE/build/python/_pysimplemodule.c: In function ‘f2py_rout__pysimple_f90wrap_orbit_symplectic_base__get__gauss2’:
/proj/plasma/CODE/ert/SIMPLE/build/python/_pysimplemodule.c:11981:97: warning: unused parameter ‘capi_self’ [-Wunused-parameter]
11981 | static PyObject *f2py_rout__pysimple_f90wrap_orbit_symplectic_base__get__gauss2(const PyObject *capi_self,
      |                                                                                 ~~~~~~~~~~~~~~~~^~~~~~~~~
/proj/plasma/CODE/ert/SIMPLE/build/python/_pysimplemodule.c: In function ‘f2py_rout__pysimple_f90wrap_orbit_symplectic_base__get__gauss3’:
/proj/plasma/CODE/ert/SIMPLE/build/python/_pysimplemodule.c:12057:97: warning: unused parameter ‘capi_self’ [-Wunused-parameter]
12057 | static PyObject *f2py_rout__pysimple_f90wrap_orbit_symplectic_base__get__gauss3(const PyObject *capi_self,
      |                                                                                 ~~~~~~~~~~~~~~~~^~~~~~~~~
/proj/plasma/CODE/ert/SIMPLE/build/python/_pysimplemodule.c: In function ‘f2py_rout__pysimple_f90wrap_orbit_symplectic_base__get__gauss4’:
/proj/plasma/CODE/ert/SIMPLE/build/python/_pysimplemodule.c:12133:97: warning: unused parameter ‘capi_self’ [-Wunused-parameter]
12133 | static PyObject *f2py_rout__pysimple_f90wrap_orbit_symplectic_base__get__gauss4(const PyObject *capi_self,
      |                                                                                 ~~~~~~~~~~~~~~~~^~~~~~~~~
/proj/plasma/CODE/ert/SIMPLE/build/python/_pysimplemodule.c: In function ‘f2py_rout__pysimple_f90wrap_orbit_symplectic_base__get__lobatto3’:
/proj/plasma/CODE/ert/SIMPLE/build/python/_pysimplemodule.c:12209:99: warning: unused parameter ‘capi_self’ [-Wunused-parameter]
12209 | static PyObject *f2py_rout__pysimple_f90wrap_orbit_symplectic_base__get__lobatto3(const PyObject *capi_self,
      |                                                                                   ~~~~~~~~~~~~~~~~^~~~~~~~~
/proj/plasma/CODE/ert/SIMPLE/build/python/_pysimplemodule.c: In function ‘f2py_rout__pysimple_f90wrap_orbit_symplectic_base__get__s_max’:
/proj/plasma/CODE/ert/SIMPLE/build/python/_pysimplemodule.c:12285:96: warning: unused parameter ‘capi_self’ [-Wunused-parameter]
12285 | static PyObject *f2py_rout__pysimple_f90wrap_orbit_symplectic_base__get__s_max(const PyObject *capi_self,
      |                                                                                ~~~~~~~~~~~~~~~~^~~~~~~~~
/proj/plasma/CODE/ert/SIMPLE/build/python/_pysimplemodule.c: In function ‘f2py_rout__pysimple_f90wrap_orbit_symplectic__orbit_sympl_init’:
/proj/plasma/CODE/ert/SIMPLE/build/python/_pysimplemodule.c:12367:97: warning: unused parameter ‘capi_self’ [-Wunused-parameter]
12367 | static PyObject *f2py_rout__pysimple_f90wrap_orbit_symplectic__orbit_sympl_init(const PyObject *capi_self,
      |                                                                                 ~~~~~~~~~~~~~~~~^~~~~~~~~
/proj/plasma/CODE/ert/SIMPLE/build/python/_pysimplemodule.c: In function ‘f2py_rout__pysimple_f90wrap_orbit_symplectic__orbit_timestep_quasi_gauss3’:
/proj/plasma/CODE/ert/SIMPLE/build/python/_pysimplemodule.c:12546:108: warning: unused parameter ‘capi_self’ [-Wunused-parameter]
12546 | static PyObject *f2py_rout__pysimple_f90wrap_orbit_symplectic__orbit_timestep_quasi_gauss3(const PyObject *capi_self,
      |                                                                                            ~~~~~~~~~~~~~~~~^~~~~~~~~
/proj/plasma/CODE/ert/SIMPLE/build/python/_pysimplemodule.c: In function ‘f2py_rout__pysimple_f90wrap_orbit_symplectic__newton1’:
/proj/plasma/CODE/ert/SIMPLE/build/python/_pysimplemodule.c:12626:88: warning: unused parameter ‘capi_self’ [-Wunused-parameter]
12626 | static PyObject *f2py_rout__pysimple_f90wrap_orbit_symplectic__newton1(const PyObject *capi_self,
      |                                                                        ~~~~~~~~~~~~~~~~^~~~~~~~~
/proj/plasma/CODE/ert/SIMPLE/build/python/_pysimplemodule.c: In function ‘f2py_rout__pysimple_f90wrap_orbit_symplectic__f_midpoint_part1’:
/proj/plasma/CODE/ert/SIMPLE/build/python/_pysimplemodule.c:12818:97: warning: unused parameter ‘capi_self’ [-Wunused-parameter]
12818 | static PyObject *f2py_rout__pysimple_f90wrap_orbit_symplectic__f_midpoint_part1(const PyObject *capi_self,
      |                                                                                 ~~~~~~~~~~~~~~~~^~~~~~~~~
/proj/plasma/CODE/ert/SIMPLE/build/python/_pysimplemodule.c: In function ‘f2py_rout__pysimple_f90wrap_orbit_symplectic__jac_sympl_euler1’:
/proj/plasma/CODE/ert/SIMPLE/build/python/_pysimplemodule.c:13009:97: warning: unused parameter ‘capi_self’ [-Wunused-parameter]
13009 | static PyObject *f2py_rout__pysimple_f90wrap_orbit_symplectic__jac_sympl_euler1(const PyObject *capi_self,
      |                                                                                 ~~~~~~~~~~~~~~~~^~~~~~~~~
/proj/plasma/CODE/ert/SIMPLE/build/python/_pysimplemodule.c: In function ‘f2py_rout__pysimple_f90wrap_orbit_symplectic__jac_midpoint_part1’:
/proj/plasma/CODE/ert/SIMPLE/build/python/_pysimplemodule.c:13187:99: warning: unused parameter ‘capi_self’ [-Wunused-parameter]
13187 | static PyObject *f2py_rout__pysimple_f90wrap_orbit_symplectic__jac_midpoint_part1(const PyObject *capi_self,
      |                                                                                   ~~~~~~~~~~~~~~~~^~~~~~~~~
/proj/plasma/CODE/ert/SIMPLE/build/python/_pysimplemodule.c: In function ‘f2py_rout__pysimple_f90wrap_orbit_symplectic__orbit_timestep_quasi_gauss2’:
/proj/plasma/CODE/ert/SIMPLE/build/python/_pysimplemodule.c:13362:108: warning: unused parameter ‘capi_self’ [-Wunused-parameter]
13362 | static PyObject *f2py_rout__pysimple_f90wrap_orbit_symplectic__orbit_timestep_quasi_gauss2(const PyObject *capi_self,
      |                                                                                            ~~~~~~~~~~~~~~~~^~~~~~~~~
/proj/plasma/CODE/ert/SIMPLE/build/python/_pysimplemodule.c: In function ‘f2py_rout__pysimple_f90wrap_orbit_symplectic__orbit_timestep_sympl_rk_gauss’:
/proj/plasma/CODE/ert/SIMPLE/build/python/_pysimplemodule.c:13442:110: warning: unused parameter ‘capi_self’ [-Wunused-parameter]
13442 | static PyObject *f2py_rout__pysimple_f90wrap_orbit_symplectic__orbit_timestep_sympl_rk_gauss(const PyObject *capi_self,
      |                                                                                              ~~~~~~~~~~~~~~~~^~~~~~~~~
/proj/plasma/CODE/ert/SIMPLE/build/python/_pysimplemodule.c: In function ‘f2py_rout__pysimple_f90wrap_orbit_symplectic__orbit_timestep_sympl_lobatto3’:
/proj/plasma/CODE/ert/SIMPLE/build/python/_pysimplemodule.c:13576:110: warning: unused parameter ‘capi_self’ [-Wunused-parameter]
13576 | static PyObject *f2py_rout__pysimple_f90wrap_orbit_symplectic__orbit_timestep_sympl_lobatto3(const PyObject *capi_self,
      |                                                                                              ~~~~~~~~~~~~~~~~^~~~~~~~~
/proj/plasma/CODE/ert/SIMPLE/build/python/_pysimplemodule.c: In function ‘f2py_rout__pysimple_f90wrap_orbit_symplectic__orbit_timestep_sympl_rk_lobatto’:
/proj/plasma/CODE/ert/SIMPLE/build/python/_pysimplemodule.c:13704:112: warning: unused parameter ‘capi_self’ [-Wunused-parameter]
13704 | static PyObject *f2py_rout__pysimple_f90wrap_orbit_symplectic__orbit_timestep_sympl_rk_lobatto(const PyObject *capi_self,
      |                                                                                                ~~~~~~~~~~~~~~~~^~~~~~~~~
/proj/plasma/CODE/ert/SIMPLE/build/python/_pysimplemodule.c: In function ‘f2py_rout__pysimple_f90wrap_orbit_symplectic__f_midpoint_part2’:
/proj/plasma/CODE/ert/SIMPLE/build/python/_pysimplemodule.c:13839:97: warning: unused parameter ‘capi_self’ [-Wunused-parameter]
13839 | static PyObject *f2py_rout__pysimple_f90wrap_orbit_symplectic__f_midpoint_part2(const PyObject *capi_self,
      |                                                                                 ~~~~~~~~~~~~~~~~^~~~~~~~~
/proj/plasma/CODE/ert/SIMPLE/build/python/_pysimplemodule.c: In function ‘f2py_rout__pysimple_f90wrap_orbit_symplectic__orbit_sympl_init_kahan6’:
/proj/plasma/CODE/ert/SIMPLE/build/python/_pysimplemodule.c:14032:104: warning: unused parameter ‘capi_self’ [-Wunused-parameter]
14032 | static PyObject *f2py_rout__pysimple_f90wrap_orbit_symplectic__orbit_sympl_init_kahan6(const PyObject *capi_self,
      |                                                                                        ~~~~~~~~~~~~~~~~^~~~~~~~~
/proj/plasma/CODE/ert/SIMPLE/build/python/_pysimplemodule.c: In function ‘f2py_rout__pysimple_f90wrap_orbit_symplectic__orbit_timestep_sympl_multi’:
/proj/plasma/CODE/ert/SIMPLE/build/python/_pysimplemodule.c:14207:107: warning: unused parameter ‘capi_self’ [-Wunused-parameter]
14207 | static PyObject *f2py_rout__pysimple_f90wrap_orbit_symplectic__orbit_timestep_sympl_multi(const PyObject *capi_self,
      |                                                                                           ~~~~~~~~~~~~~~~~^~~~~~~~~
/proj/plasma/CODE/ert/SIMPLE/build/python/_pysimplemodule.c: In function ‘f2py_rout__pysimple_f90wrap_orbit_symplectic__orbit_timestep_sympl_gauss3’:
/proj/plasma/CODE/ert/SIMPLE/build/python/_pysimplemodule.c:14334:108: warning: unused parameter ‘capi_self’ [-Wunused-parameter]
14334 | static PyObject *f2py_rout__pysimple_f90wrap_orbit_symplectic__orbit_timestep_sympl_gauss3(const PyObject *capi_self,
      |                                                                                            ~~~~~~~~~~~~~~~~^~~~~~~~~
/proj/plasma/CODE/ert/SIMPLE/build/python/_pysimplemodule.c: In function ‘f2py_rout__pysimple_f90wrap_orbit_symplectic__orbit_timestep_sympl_gauss1’:
/proj/plasma/CODE/ert/SIMPLE/build/python/_pysimplemodule.c:14461:108: warning: unused parameter ‘capi_self’ [-Wunused-parameter]
14461 | static PyObject *f2py_rout__pysimple_f90wrap_orbit_symplectic__orbit_timestep_sympl_gauss1(const PyObject *capi_self,
      |                                                                                            ~~~~~~~~~~~~~~~~^~~~~~~~~
/proj/plasma/CODE/ert/SIMPLE/build/python/_pysimplemodule.c: In function ‘f2py_rout__pysimple_f90wrap_orbit_symplectic__orbit_sympl_init_order4’:
/proj/plasma/CODE/ert/SIMPLE/build/python/_pysimplemodule.c:14590:104: warning: unused parameter ‘capi_self’ [-Wunused-parameter]
14590 | static PyObject *f2py_rout__pysimple_f90wrap_orbit_symplectic__orbit_sympl_init_order4(const PyObject *capi_self,
      |                                                                                        ~~~~~~~~~~~~~~~~^~~~~~~~~
/proj/plasma/CODE/ert/SIMPLE/build/python/_pysimplemodule.c: In function ‘f2py_rout__pysimple_f90wrap_orbit_symplectic__orbit_sympl_init_mclachlan4’:
/proj/plasma/CODE/ert/SIMPLE/build/python/_pysimplemodule.c:14767:108: warning: unused parameter ‘capi_self’ [-Wunused-parameter]
14767 | static PyObject *f2py_rout__pysimple_f90wrap_orbit_symplectic__orbit_sympl_init_mclachlan4(const PyObject *capi_self,
      |                                                                                            ~~~~~~~~~~~~~~~~^~~~~~~~~
/proj/plasma/CODE/ert/SIMPLE/build/python/_pysimplemodule.c: In function ‘f2py_rout__pysimple_f90wrap_orbit_symplectic__orbit_sympl_init_kahan8’:
/proj/plasma/CODE/ert/SIMPLE/build/python/_pysimplemodule.c:14944:104: warning: unused parameter ‘capi_self’ [-Wunused-parameter]
14944 | static PyObject *f2py_rout__pysimple_f90wrap_orbit_symplectic__orbit_sympl_init_kahan8(const PyObject *capi_self,
      |                                                                                        ~~~~~~~~~~~~~~~~^~~~~~~~~
/proj/plasma/CODE/ert/SIMPLE/build/python/_pysimplemodule.c: In function ‘f2py_rout__pysimple_f90wrap_orbit_symplectic__jac_midpoint_part2’:
/proj/plasma/CODE/ert/SIMPLE/build/python/_pysimplemodule.c:15120:99: warning: unused parameter ‘capi_self’ [-Wunused-parameter]
15120 | static PyObject *f2py_rout__pysimple_f90wrap_orbit_symplectic__jac_midpoint_part2(const PyObject *capi_self,
      |                                                                                   ~~~~~~~~~~~~~~~~^~~~~~~~~
/proj/plasma/CODE/ert/SIMPLE/build/python/_pysimplemodule.c: In function ‘f2py_rout__pysimple_f90wrap_orbit_symplectic__jac_sympl_euler2’:
/proj/plasma/CODE/ert/SIMPLE/build/python/_pysimplemodule.c:15322:97: warning: unused parameter ‘capi_self’ [-Wunused-parameter]
15322 | static PyObject *f2py_rout__pysimple_f90wrap_orbit_symplectic__jac_sympl_euler2(const PyObject *capi_self,
      |                                                                                 ~~~~~~~~~~~~~~~~^~~~~~~~~
/proj/plasma/CODE/ert/SIMPLE/build/python/_pysimplemodule.c: In function ‘f2py_rout__pysimple_f90wrap_orbit_symplectic__orbit_timestep_sympl_gauss4’:
/proj/plasma/CODE/ert/SIMPLE/build/python/_pysimplemodule.c:15500:108: warning: unused parameter ‘capi_self’ [-Wunused-parameter]
15500 | static PyObject *f2py_rout__pysimple_f90wrap_orbit_symplectic__orbit_timestep_sympl_gauss4(const PyObject *capi_self,
      |                                                                                            ~~~~~~~~~~~~~~~~^~~~~~~~~
/proj/plasma/CODE/ert/SIMPLE/build/python/_pysimplemodule.c: In function ‘f2py_rout__pysimple_f90wrap_orbit_symplectic__orbit_timestep_quasi_gauss1’:
/proj/plasma/CODE/ert/SIMPLE/build/python/_pysimplemodule.c:15624:108: warning: unused parameter ‘capi_self’ [-Wunused-parameter]
15624 | static PyObject *f2py_rout__pysimple_f90wrap_orbit_symplectic__orbit_timestep_quasi_gauss1(const PyObject *capi_self,
      |                                                                                            ~~~~~~~~~~~~~~~~^~~~~~~~~
/proj/plasma/CODE/ert/SIMPLE/build/python/_pysimplemodule.c: In function ‘f2py_rout__pysimple_f90wrap_orbit_symplectic__orbit_timestep_quasi_gauss4’:
/proj/plasma/CODE/ert/SIMPLE/build/python/_pysimplemodule.c:15700:108: warning: unused parameter ‘capi_self’ [-Wunused-parameter]
15700 | static PyObject *f2py_rout__pysimple_f90wrap_orbit_symplectic__orbit_timestep_quasi_gauss4(const PyObject *capi_self,
      |                                                                                            ~~~~~~~~~~~~~~~~^~~~~~~~~
/proj/plasma/CODE/ert/SIMPLE/build/python/_pysimplemodule.c: In function ‘f2py_rout__pysimple_f90wrap_orbit_symplectic__orbit_timestep_sympl_gauss2’:
/proj/plasma/CODE/ert/SIMPLE/build/python/_pysimplemodule.c:15779:108: warning: unused parameter ‘capi_self’ [-Wunused-parameter]
15779 | static PyObject *f2py_rout__pysimple_f90wrap_orbit_symplectic__orbit_timestep_sympl_gauss2(const PyObject *capi_self,
      |                                                                                            ~~~~~~~~~~~~~~~~^~~~~~~~~
/proj/plasma/CODE/ert/SIMPLE/build/python/_pysimplemodule.c: In function ‘f2py_rout__pysimple_f90wrap_orbit_symplectic__newton2’:
/proj/plasma/CODE/ert/SIMPLE/build/python/_pysimplemodule.c:15909:88: warning: unused parameter ‘capi_self’ [-Wunused-parameter]
15909 | static PyObject *f2py_rout__pysimple_f90wrap_orbit_symplectic__newton2(const PyObject *capi_self,
      |                                                                        ~~~~~~~~~~~~~~~~^~~~~~~~~
/proj/plasma/CODE/ert/SIMPLE/build/python/_pysimplemodule.c: In function ‘f2py_rout__pysimple_f90wrap_orbit_symplectic__newton_midpoint’:
/proj/plasma/CODE/ert/SIMPLE/build/python/_pysimplemodule.c:16117:96: warning: unused parameter ‘capi_self’ [-Wunused-parameter]
16117 | static PyObject *f2py_rout__pysimple_f90wrap_orbit_symplectic__newton_midpoint(const PyObject *capi_self,
      |                                                                                ~~~~~~~~~~~~~~~~^~~~~~~~~
/proj/plasma/CODE/ert/SIMPLE/build/python/_pysimplemodule.c: In function ‘f2py_rout__pysimple_f90wrap_orbit_symplectic__f_sympl_euler1’:
/proj/plasma/CODE/ert/SIMPLE/build/python/_pysimplemodule.c:16324:95: warning: unused parameter ‘capi_self’ [-Wunused-parameter]
16324 | static PyObject *f2py_rout__pysimple_f90wrap_orbit_symplectic__f_sympl_euler1(const PyObject *capi_self,
      |                                                                               ~~~~~~~~~~~~~~~~^~~~~~~~~
/proj/plasma/CODE/ert/SIMPLE/build/python/_pysimplemodule.c: In function ‘f2py_rout__pysimple_f90wrap_orbit_symplectic__orbit_timestep_sympl_impl_expl_euler’:
/proj/plasma/CODE/ert/SIMPLE/build/python/_pysimplemodule.c:16522:117: warning: unused parameter ‘capi_self’ [-Wunused-parameter]
16522 | static PyObject *f2py_rout__pysimple_f90wrap_orbit_symplectic__orbit_timestep_sympl_impl_expl_euler(const PyObject *capi_self,
      |                                                                                                     ~~~~~~~~~~~~~~~~^~~~~~~~~
/proj/plasma/CODE/ert/SIMPLE/build/python/_pysimplemodule.c: In function ‘f2py_rout__pysimple_f90wrap_orbit_symplectic__orbit_timestep_quasi_lobatto3’:
/proj/plasma/CODE/ert/SIMPLE/build/python/_pysimplemodule.c:16646:110: warning: unused parameter ‘capi_self’ [-Wunused-parameter]
16646 | static PyObject *f2py_rout__pysimple_f90wrap_orbit_symplectic__orbit_timestep_quasi_lobatto3(const PyObject *capi_self,
      |                                                                                              ~~~~~~~~~~~~~~~~^~~~~~~~~
/proj/plasma/CODE/ert/SIMPLE/build/python/_pysimplemodule.c: In function ‘f2py_rout__pysimple_f90wrap_orbit_symplectic__orbit_sympl_init_multi’:
/proj/plasma/CODE/ert/SIMPLE/build/python/_pysimplemodule.c:16729:103: warning: unused parameter ‘capi_self’ [-Wunused-parameter]
16729 | static PyObject *f2py_rout__pysimple_f90wrap_orbit_symplectic__orbit_sympl_init_multi(const PyObject *capi_self,
      |                                                                                       ~~~~~~~~~~~~~~~~^~~~~~~~~
/proj/plasma/CODE/ert/SIMPLE/build/python/_pysimplemodule.c: In function ‘f2py_rout__pysimple_f90wrap_orbit_symplectic__orbit_timestep_sympl_midpoint’:
/proj/plasma/CODE/ert/SIMPLE/build/python/_pysimplemodule.c:16964:110: warning: unused parameter ‘capi_self’ [-Wunused-parameter]
16964 | static PyObject *f2py_rout__pysimple_f90wrap_orbit_symplectic__orbit_timestep_sympl_midpoint(const PyObject *capi_self,
      |                                                                                              ~~~~~~~~~~~~~~~~^~~~~~~~~
/proj/plasma/CODE/ert/SIMPLE/build/python/_pysimplemodule.c: In function ‘f2py_rout__pysimple_f90wrap_orbit_symplectic__orbit_sympl_init_blanes4’:
/proj/plasma/CODE/ert/SIMPLE/build/python/_pysimplemodule.c:17093:105: warning: unused parameter ‘capi_self’ [-Wunused-parameter]
17093 | static PyObject *f2py_rout__pysimple_f90wrap_orbit_symplectic__orbit_sympl_init_blanes4(const PyObject *capi_self,
      |                                                                                         ~~~~~~~~~~~~~~~~^~~~~~~~~
/proj/plasma/CODE/ert/SIMPLE/build/python/_pysimplemodule.c: In function ‘f2py_rout__pysimple_f90wrap_orbit_symplectic__orbit_timestep_sympl_expl_impl_euler’:
/proj/plasma/CODE/ert/SIMPLE/build/python/_pysimplemodule.c:17268:117: warning: unused parameter ‘capi_self’ [-Wunused-parameter]
17268 | static PyObject *f2py_rout__pysimple_f90wrap_orbit_symplectic__orbit_timestep_sympl_expl_impl_euler(const PyObject *capi_self,
      |                                                                                                     ~~~~~~~~~~~~~~~~^~~~~~~~~
/proj/plasma/CODE/ert/SIMPLE/build/python/_pysimplemodule.c: In function ‘f2py_rout__pysimple_f90wrap_orbit_symplectic__orbit_sympl_init_verlet’:
/proj/plasma/CODE/ert/SIMPLE/build/python/_pysimplemodule.c:17397:104: warning: unused parameter ‘capi_self’ [-Wunused-parameter]
17397 | static PyObject *f2py_rout__pysimple_f90wrap_orbit_symplectic__orbit_sympl_init_verlet(const PyObject *capi_self,
      |                                                                                        ~~~~~~~~~~~~~~~~^~~~~~~~~
/proj/plasma/CODE/ert/SIMPLE/build/python/_pysimplemodule.c: In function ‘f2py_rout__pysimple_f90wrap_orbit_symplectic__f_sympl_euler2’:
/proj/plasma/CODE/ert/SIMPLE/build/python/_pysimplemodule.c:17574:95: warning: unused parameter ‘capi_self’ [-Wunused-parameter]
17574 | static PyObject *f2py_rout__pysimple_f90wrap_orbit_symplectic__f_sympl_euler2(const PyObject *capi_self,
      |                                                                               ~~~~~~~~~~~~~~~~^~~~~~~~~
/proj/plasma/CODE/ert/SIMPLE/build/python/_pysimplemodule.c: In function ‘f2py_rout__pysimple_f90wrap_fieldcan__get__ath’:
/proj/plasma/CODE/ert/SIMPLE/build/python/_pysimplemodule.c:17771:81: warning: unused parameter ‘capi_self’ [-Wunused-parameter]
17771 | static PyObject *f2py_rout__pysimple_f90wrap_fieldcan__get__ath(const PyObject *capi_self,
      |                                                                 ~~~~~~~~~~~~~~~~^~~~~~~~~
/proj/plasma/CODE/ert/SIMPLE/build/python/_pysimplemodule.c: In function ‘f2py_rout__pysimple_f90wrap_fieldcan__set__ath’:
/proj/plasma/CODE/ert/SIMPLE/build/python/_pysimplemodule.c:17872:81: warning: unused parameter ‘capi_self’ [-Wunused-parameter]
17872 | static PyObject *f2py_rout__pysimple_f90wrap_fieldcan__set__ath(const PyObject *capi_self,
      |                                                                 ~~~~~~~~~~~~~~~~^~~~~~~~~
/proj/plasma/CODE/ert/SIMPLE/build/python/_pysimplemodule.c: In function ‘f2py_rout__pysimple_f90wrap_fieldcan__get__aph’:
/proj/plasma/CODE/ert/SIMPLE/build/python/_pysimplemodule.c:17978:81: warning: unused parameter ‘capi_self’ [-Wunused-parameter]
17978 | static PyObject *f2py_rout__pysimple_f90wrap_fieldcan__get__aph(const PyObject *capi_self,
      |                                                                 ~~~~~~~~~~~~~~~~^~~~~~~~~
/proj/plasma/CODE/ert/SIMPLE/build/python/_pysimplemodule.c: In function ‘f2py_rout__pysimple_f90wrap_fieldcan__set__aph’:
/proj/plasma/CODE/ert/SIMPLE/build/python/_pysimplemodule.c:18079:81: warning: unused parameter ‘capi_self’ [-Wunused-parameter]
18079 | static PyObject *f2py_rout__pysimple_f90wrap_fieldcan__set__aph(const PyObject *capi_self,
      |                                                                 ~~~~~~~~~~~~~~~~^~~~~~~~~
/proj/plasma/CODE/ert/SIMPLE/build/python/_pysimplemodule.c: In function ‘f2py_rout__pysimple_f90wrap_fieldcan__get__hth’:
/proj/plasma/CODE/ert/SIMPLE/build/python/_pysimplemodule.c:18185:81: warning: unused parameter ‘capi_self’ [-Wunused-parameter]
18185 | static PyObject *f2py_rout__pysimple_f90wrap_fieldcan__get__hth(const PyObject *capi_self,
      |                                                                 ~~~~~~~~~~~~~~~~^~~~~~~~~
/proj/plasma/CODE/ert/SIMPLE/build/python/_pysimplemodule.c: In function ‘f2py_rout__pysimple_f90wrap_fieldcan__set__hth’:
/proj/plasma/CODE/ert/SIMPLE/build/python/_pysimplemodule.c:18286:81: warning: unused parameter ‘capi_self’ [-Wunused-parameter]
18286 | static PyObject *f2py_rout__pysimple_f90wrap_fieldcan__set__hth(const PyObject *capi_self,
      |                                                                 ~~~~~~~~~~~~~~~~^~~~~~~~~
/proj/plasma/CODE/ert/SIMPLE/build/python/_pysimplemodule.c: In function ‘f2py_rout__pysimple_f90wrap_fieldcan__get__hph’:
/proj/plasma/CODE/ert/SIMPLE/build/python/_pysimplemodule.c:18392:81: warning: unused parameter ‘capi_self’ [-Wunused-parameter]
18392 | static PyObject *f2py_rout__pysimple_f90wrap_fieldcan__get__hph(const PyObject *capi_self,
      |                                                                 ~~~~~~~~~~~~~~~~^~~~~~~~~
/proj/plasma/CODE/ert/SIMPLE/build/python/_pysimplemodule.c: In function ‘f2py_rout__pysimple_f90wrap_fieldcan__set__hph’:
/proj/plasma/CODE/ert/SIMPLE/build/python/_pysimplemodule.c:18493:81: warning: unused parameter ‘capi_self’ [-Wunused-parameter]
18493 | static PyObject *f2py_rout__pysimple_f90wrap_fieldcan__set__hph(const PyObject *capi_self,
      |                                                                 ~~~~~~~~~~~~~~~~^~~~~~~~~
/proj/plasma/CODE/ert/SIMPLE/build/python/_pysimplemodule.c: In function ‘f2py_rout__pysimple_f90wrap_fieldcan__get__bmod’:
/proj/plasma/CODE/ert/SIMPLE/build/python/_pysimplemodule.c:18599:82: warning: unused parameter ‘capi_self’ [-Wunused-parameter]
18599 | static PyObject *f2py_rout__pysimple_f90wrap_fieldcan__get__bmod(const PyObject *capi_self,
      |                                                                  ~~~~~~~~~~~~~~~~^~~~~~~~~
/proj/plasma/CODE/ert/SIMPLE/build/python/_pysimplemodule.c: In function ‘f2py_rout__pysimple_f90wrap_fieldcan__set__bmod’:
/proj/plasma/CODE/ert/SIMPLE/build/python/_pysimplemodule.c:18700:82: warning: unused parameter ‘capi_self’ [-Wunused-parameter]
18700 | static PyObject *f2py_rout__pysimple_f90wrap_fieldcan__set__bmod(const PyObject *capi_self,
      |                                                                  ~~~~~~~~~~~~~~~~^~~~~~~~~
/proj/plasma/CODE/ert/SIMPLE/build/python/_pysimplemodule.c: In function ‘f2py_rout__pysimple_f90wrap_fieldcan__array__dath’:
/proj/plasma/CODE/ert/SIMPLE/build/python/_pysimplemodule.c:18809:84: warning: unused parameter ‘capi_self’ [-Wunused-parameter]
18809 | static PyObject *f2py_rout__pysimple_f90wrap_fieldcan__array__dath(const PyObject *capi_self,
      |                                                                    ~~~~~~~~~~~~~~~~^~~~~~~~~
/proj/plasma/CODE/ert/SIMPLE/build/python/_pysimplemodule.c: In function ‘f2py_rout__pysimple_f90wrap_fieldcan__array__daph’:
/proj/plasma/CODE/ert/SIMPLE/build/python/_pysimplemodule.c:18941:84: warning: unused parameter ‘capi_self’ [-Wunused-parameter]
18941 | static PyObject *f2py_rout__pysimple_f90wrap_fieldcan__array__daph(const PyObject *capi_self,
      |                                                                    ~~~~~~~~~~~~~~~~^~~~~~~~~
/proj/plasma/CODE/ert/SIMPLE/build/python/_pysimplemodule.c: In function ‘f2py_rout__pysimple_f90wrap_fieldcan__array__dhth’:
/proj/plasma/CODE/ert/SIMPLE/build/python/_pysimplemodule.c:19073:84: warning: unused parameter ‘capi_self’ [-Wunused-parameter]
19073 | static PyObject *f2py_rout__pysimple_f90wrap_fieldcan__array__dhth(const PyObject *capi_self,
      |                                                                    ~~~~~~~~~~~~~~~~^~~~~~~~~
/proj/plasma/CODE/ert/SIMPLE/build/python/_pysimplemodule.c: In function ‘f2py_rout__pysimple_f90wrap_fieldcan__array__dhph’:
/proj/plasma/CODE/ert/SIMPLE/build/python/_pysimplemodule.c:19205:84: warning: unused parameter ‘capi_self’ [-Wunused-parameter]
19205 | static PyObject *f2py_rout__pysimple_f90wrap_fieldcan__array__dhph(const PyObject *capi_self,
      |                                                                    ~~~~~~~~~~~~~~~~^~~~~~~~~
/proj/plasma/CODE/ert/SIMPLE/build/python/_pysimplemodule.c: In function ‘f2py_rout__pysimple_f90wrap_fieldcan__array__dbmod’:
/proj/plasma/CODE/ert/SIMPLE/build/python/_pysimplemodule.c:19337:85: warning: unused parameter ‘capi_self’ [-Wunused-parameter]
19337 | static PyObject *f2py_rout__pysimple_f90wrap_fieldcan__array__dbmod(const PyObject *capi_self,
      |                                                                     ~~~~~~~~~~~~~~~~^~~~~~~~~
/proj/plasma/CODE/ert/SIMPLE/build/python/_pysimplemodule.c: In function ‘f2py_rout__pysimple_f90wrap_fieldcan__array__d2ath’:
/proj/plasma/CODE/ert/SIMPLE/build/python/_pysimplemodule.c:19469:85: warning: unused parameter ‘capi_self’ [-Wunused-parameter]
19469 | static PyObject *f2py_rout__pysimple_f90wrap_fieldcan__array__d2ath(const PyObject *capi_self,
      |                                                                     ~~~~~~~~~~~~~~~~^~~~~~~~~
/proj/plasma/CODE/ert/SIMPLE/build/python/_pysimplemodule.c: In function ‘f2py_rout__pysimple_f90wrap_fieldcan__array__d2aph’:
/proj/plasma/CODE/ert/SIMPLE/build/python/_pysimplemodule.c:19601:85: warning: unused parameter ‘capi_self’ [-Wunused-parameter]
19601 | static PyObject *f2py_rout__pysimple_f90wrap_fieldcan__array__d2aph(const PyObject *capi_self,
      |                                                                     ~~~~~~~~~~~~~~~~^~~~~~~~~
/proj/plasma/CODE/ert/SIMPLE/build/python/_pysimplemodule.c: In function ‘f2py_rout__pysimple_f90wrap_fieldcan__array__d2hth’:
/proj/plasma/CODE/ert/SIMPLE/build/python/_pysimplemodule.c:19733:85: warning: unused parameter ‘capi_self’ [-Wunused-parameter]
19733 | static PyObject *f2py_rout__pysimple_f90wrap_fieldcan__array__d2hth(const PyObject *capi_self,
      |                                                                     ~~~~~~~~~~~~~~~~^~~~~~~~~
/proj/plasma/CODE/ert/SIMPLE/build/python/_pysimplemodule.c: In function ‘f2py_rout__pysimple_f90wrap_fieldcan__array__d2hph’:
/proj/plasma/CODE/ert/SIMPLE/build/python/_pysimplemodule.c:19865:85: warning: unused parameter ‘capi_self’ [-Wunused-parameter]
19865 | static PyObject *f2py_rout__pysimple_f90wrap_fieldcan__array__d2hph(const PyObject *capi_self,
      |                                                                     ~~~~~~~~~~~~~~~~^~~~~~~~~
/proj/plasma/CODE/ert/SIMPLE/build/python/_pysimplemodule.c: In function ‘f2py_rout__pysimple_f90wrap_fieldcan__array__d2bmod’:
/proj/plasma/CODE/ert/SIMPLE/build/python/_pysimplemodule.c:19997:86: warning: unused parameter ‘capi_self’ [-Wunused-parameter]
19997 | static PyObject *f2py_rout__pysimple_f90wrap_fieldcan__array__d2bmod(const PyObject *capi_self,
      |                                                                      ~~~~~~~~~~~~~~~~^~~~~~~~~
/proj/plasma/CODE/ert/SIMPLE/build/python/_pysimplemodule.c: In function ‘f2py_rout__pysimple_f90wrap_fieldcan__get__h’:
/proj/plasma/CODE/ert/SIMPLE/build/python/_pysimplemodule.c:20126:79: warning: unused parameter ‘capi_self’ [-Wunused-parameter]
20126 | static PyObject *f2py_rout__pysimple_f90wrap_fieldcan__get__h(const PyObject *capi_self,
      |                                                               ~~~~~~~~~~~~~~~~^~~~~~~~~
/proj/plasma/CODE/ert/SIMPLE/build/python/_pysimplemodule.c: In function ‘f2py_rout__pysimple_f90wrap_fieldcan__set__h’:
/proj/plasma/CODE/ert/SIMPLE/build/python/_pysimplemodule.c:20227:79: warning: unused parameter ‘capi_self’ [-Wunused-parameter]
20227 | static PyObject *f2py_rout__pysimple_f90wrap_fieldcan__set__h(const PyObject *capi_self,
      |                                                               ~~~~~~~~~~~~~~~~^~~~~~~~~
/proj/plasma/CODE/ert/SIMPLE/build/python/_pysimplemodule.c: In function ‘f2py_rout__pysimple_f90wrap_fieldcan__get__pth’:
/proj/plasma/CODE/ert/SIMPLE/build/python/_pysimplemodule.c:20333:81: warning: unused parameter ‘capi_self’ [-Wunused-parameter]
20333 | static PyObject *f2py_rout__pysimple_f90wrap_fieldcan__get__pth(const PyObject *capi_self,
      |                                                                 ~~~~~~~~~~~~~~~~^~~~~~~~~
/proj/plasma/CODE/ert/SIMPLE/build/python/_pysimplemodule.c: In function ‘f2py_rout__pysimple_f90wrap_fieldcan__set__pth’:
/proj/plasma/CODE/ert/SIMPLE/build/python/_pysimplemodule.c:20434:81: warning: unused parameter ‘capi_self’ [-Wunused-parameter]
20434 | static PyObject *f2py_rout__pysimple_f90wrap_fieldcan__set__pth(const PyObject *capi_self,
      |                                                                 ~~~~~~~~~~~~~~~~^~~~~~~~~
/proj/plasma/CODE/ert/SIMPLE/build/python/_pysimplemodule.c: In function ‘f2py_rout__pysimple_f90wrap_fieldcan__get__vpar’:
/proj/plasma/CODE/ert/SIMPLE/build/python/_pysimplemodule.c:20540:82: warning: unused parameter ‘capi_self’ [-Wunused-parameter]
20540 | static PyObject *f2py_rout__pysimple_f90wrap_fieldcan__get__vpar(const PyObject *capi_self,
      |                                                                  ~~~~~~~~~~~~~~~~^~~~~~~~~
/proj/plasma/CODE/ert/SIMPLE/build/python/_pysimplemodule.c: In function ‘f2py_rout__pysimple_f90wrap_fieldcan__set__vpar’:
/proj/plasma/CODE/ert/SIMPLE/build/python/_pysimplemodule.c:20641:82: warning: unused parameter ‘capi_self’ [-Wunused-parameter]
20641 | static PyObject *f2py_rout__pysimple_f90wrap_fieldcan__set__vpar(const PyObject *capi_self,
      |                                                                  ~~~~~~~~~~~~~~~~^~~~~~~~~
/proj/plasma/CODE/ert/SIMPLE/build/python/_pysimplemodule.c: In function ‘f2py_rout__pysimple_f90wrap_fieldcan__array__dvpar’:
/proj/plasma/CODE/ert/SIMPLE/build/python/_pysimplemodule.c:20750:85: warning: unused parameter ‘capi_self’ [-Wunused-parameter]
20750 | static PyObject *f2py_rout__pysimple_f90wrap_fieldcan__array__dvpar(const PyObject *capi_self,
      |                                                                     ~~~~~~~~~~~~~~~~^~~~~~~~~
/proj/plasma/CODE/ert/SIMPLE/build/python/_pysimplemodule.c: In function ‘f2py_rout__pysimple_f90wrap_fieldcan__array__dh’:
/proj/plasma/CODE/ert/SIMPLE/build/python/_pysimplemodule.c:20882:82: warning: unused parameter ‘capi_self’ [-Wunused-parameter]
20882 | static PyObject *f2py_rout__pysimple_f90wrap_fieldcan__array__dh(const PyObject *capi_self,
      |                                                                  ~~~~~~~~~~~~~~~~^~~~~~~~~
/proj/plasma/CODE/ert/SIMPLE/build/python/_pysimplemodule.c: In function ‘f2py_rout__pysimple_f90wrap_fieldcan__array__dpth’:
/proj/plasma/CODE/ert/SIMPLE/build/python/_pysimplemodule.c:21014:84: warning: unused parameter ‘capi_self’ [-Wunused-parameter]
21014 | static PyObject *f2py_rout__pysimple_f90wrap_fieldcan__array__dpth(const PyObject *capi_self,
      |                                                                    ~~~~~~~~~~~~~~~~^~~~~~~~~
/proj/plasma/CODE/ert/SIMPLE/build/python/_pysimplemodule.c: In function ‘f2py_rout__pysimple_f90wrap_fieldcan__array__d2vpar’:
/proj/plasma/CODE/ert/SIMPLE/build/python/_pysimplemodule.c:21146:86: warning: unused parameter ‘capi_self’ [-Wunused-parameter]
21146 | static PyObject *f2py_rout__pysimple_f90wrap_fieldcan__array__d2vpar(const PyObject *capi_self,
      |                                                                      ~~~~~~~~~~~~~~~~^~~~~~~~~
/proj/plasma/CODE/ert/SIMPLE/build/python/_pysimplemodule.c: In function ‘f2py_rout__pysimple_f90wrap_fieldcan__array__d2h’:
/proj/plasma/CODE/ert/SIMPLE/build/python/_pysimplemodule.c:21278:83: warning: unused parameter ‘capi_self’ [-Wunused-parameter]
21278 | static PyObject *f2py_rout__pysimple_f90wrap_fieldcan__array__d2h(const PyObject *capi_self,
      |                                                                   ~~~~~~~~~~~~~~~~^~~~~~~~~
/proj/plasma/CODE/ert/SIMPLE/build/python/_pysimplemodule.c: In function ‘f2py_rout__pysimple_f90wrap_fieldcan__array__d2pth’:
/proj/plasma/CODE/ert/SIMPLE/build/python/_pysimplemodule.c:21410:85: warning: unused parameter ‘capi_self’ [-Wunused-parameter]
21410 | static PyObject *f2py_rout__pysimple_f90wrap_fieldcan__array__d2pth(const PyObject *capi_self,
      |                                                                     ~~~~~~~~~~~~~~~~^~~~~~~~~
/proj/plasma/CODE/ert/SIMPLE/build/python/_pysimplemodule.c: In function ‘f2py_rout__pysimple_f90wrap_fieldcan__get__mu’:
/proj/plasma/CODE/ert/SIMPLE/build/python/_pysimplemodule.c:21539:80: warning: unused parameter ‘capi_self’ [-Wunused-parameter]
21539 | static PyObject *f2py_rout__pysimple_f90wrap_fieldcan__get__mu(const PyObject *capi_self,
      |                                                                ~~~~~~~~~~~~~~~~^~~~~~~~~
/proj/plasma/CODE/ert/SIMPLE/build/python/_pysimplemodule.c: In function ‘f2py_rout__pysimple_f90wrap_fieldcan__set__mu’:
/proj/plasma/CODE/ert/SIMPLE/build/python/_pysimplemodule.c:21640:80: warning: unused parameter ‘capi_self’ [-Wunused-parameter]
21640 | static PyObject *f2py_rout__pysimple_f90wrap_fieldcan__set__mu(const PyObject *capi_self,
      |                                                                ~~~~~~~~~~~~~~~~^~~~~~~~~
/proj/plasma/CODE/ert/SIMPLE/build/python/_pysimplemodule.c: In function ‘f2py_rout__pysimple_f90wrap_fieldcan__get__ro0’:
/proj/plasma/CODE/ert/SIMPLE/build/python/_pysimplemodule.c:21746:81: warning: unused parameter ‘capi_self’ [-Wunused-parameter]
21746 | static PyObject *f2py_rout__pysimple_f90wrap_fieldcan__get__ro0(const PyObject *capi_self,
      |                                                                 ~~~~~~~~~~~~~~~~^~~~~~~~~
/proj/plasma/CODE/ert/SIMPLE/build/python/_pysimplemodule.c: In function ‘f2py_rout__pysimple_f90wrap_fieldcan__set__ro0’:
/proj/plasma/CODE/ert/SIMPLE/build/python/_pysimplemodule.c:21847:81: warning: unused parameter ‘capi_self’ [-Wunused-parameter]
21847 | static PyObject *f2py_rout__pysimple_f90wrap_fieldcan__set__ro0(const PyObject *capi_self,
      |                                                                 ~~~~~~~~~~~~~~~~^~~~~~~~~
/proj/plasma/CODE/ert/SIMPLE/build/python/_pysimplemodule.c: In function ‘f2py_rout__pysimple_f90wrap_field_can_base__fieldcan_initialise’:
/proj/plasma/CODE/ert/SIMPLE/build/python/_pysimplemodule.c:21951:98: warning: unused parameter ‘capi_self’ [-Wunused-parameter]
21951 | static PyObject *f2py_rout__pysimple_f90wrap_field_can_base__fieldcan_initialise(const PyObject *capi_self,
      |                                                                                  ~~~~~~~~~~~~~~~~^~~~~~~~~
/proj/plasma/CODE/ert/SIMPLE/build/python/_pysimplemodule.c: In function ‘f2py_rout__pysimple_f90wrap_field_can_base__fieldcan_finalise’:
/proj/plasma/CODE/ert/SIMPLE/build/python/_pysimplemodule.c:22045:96: warning: unused parameter ‘capi_self’ [-Wunused-parameter]
22045 | static PyObject *f2py_rout__pysimple_f90wrap_field_can_base__fieldcan_finalise(const PyObject *capi_self,
      |                                                                                ~~~~~~~~~~~~~~~~^~~~~~~~~
/proj/plasma/CODE/ert/SIMPLE/build/python/_pysimplemodule.c: In function ‘f2py_rout__pysimple_f90wrap_field_can_base__identity_transform’:
/proj/plasma/CODE/ert/SIMPLE/build/python/_pysimplemodule.c:22143:97: warning: unused parameter ‘capi_self’ [-Wunused-parameter]
22143 | static PyObject *f2py_rout__pysimple_f90wrap_field_can_base__identity_transform(const PyObject *capi_self,
      |                                                                                 ~~~~~~~~~~~~~~~~^~~~~~~~~
/proj/plasma/CODE/ert/SIMPLE/build/python/_pysimplemodule.c: In function ‘f2py_rout__pysimple_f90wrap_field_can_base__get__twopi’:
/proj/plasma/CODE/ert/SIMPLE/build/python/_pysimplemodule.c:22264:89: warning: unused parameter ‘capi_self’ [-Wunused-parameter]
22264 | static PyObject *f2py_rout__pysimple_f90wrap_field_can_base__get__twopi(const PyObject *capi_self,
      |                                                                         ~~~~~~~~~~~~~~~~^~~~~~~~~
/proj/plasma/CODE/ert/SIMPLE/build/python/_pysimplemodule.c: In function ‘f2py_rout__pysimple_f90wrap_field_can_base__get__n_field_evaluations’:
/proj/plasma/CODE/ert/SIMPLE/build/python/_pysimplemodule.c:22340:103: warning: unused parameter ‘capi_self’ [-Wunused-parameter]
22340 | static PyObject *f2py_rout__pysimple_f90wrap_field_can_base__get__n_field_evaluations(const PyObject *capi_self,
      |                                                                                       ~~~~~~~~~~~~~~~~^~~~~~~~~
/proj/plasma/CODE/ert/SIMPLE/build/python/_pysimplemodule.c: In function ‘f2py_rout__pysimple_f90wrap_field_can_base__set__n_field_evaluations’:
/proj/plasma/CODE/ert/SIMPLE/build/python/_pysimplemodule.c:22416:103: warning: unused parameter ‘capi_self’ [-Wunused-parameter]
22416 | static PyObject *f2py_rout__pysimple_f90wrap_field_can_base__set__n_field_evaluations(const PyObject *capi_self,
      |                                                                                       ~~~~~~~~~~~~~~~~^~~~~~~~~
/proj/plasma/CODE/ert/SIMPLE/build/python/_pysimplemodule.c: In function ‘f2py_rout__pysimple_f90wrap_field_can_mod__name_from_id’:
/proj/plasma/CODE/ert/SIMPLE/build/python/_pysimplemodule.c:22498:90: warning: unused parameter ‘capi_self’ [-Wunused-parameter]
22498 | static PyObject *f2py_rout__pysimple_f90wrap_field_can_mod__name_from_id(const PyObject *capi_self,
      |                                                                          ~~~~~~~~~~~~~~~~^~~~~~~~~
/proj/plasma/CODE/ert/SIMPLE/build/python/_pysimplemodule.c: In function ‘f2py_rout__pysimple_f90wrap_field_can_mod__field_can_from_id’:
/proj/plasma/CODE/ert/SIMPLE/build/python/_pysimplemodule.c:22590:95: warning: unused parameter ‘capi_self’ [-Wunused-parameter]
22590 | static PyObject *f2py_rout__pysimple_f90wrap_field_can_mod__field_can_from_id(const PyObject *capi_self,
      |                                                                               ~~~~~~~~~~~~~~~~^~~~~~~~~
/proj/plasma/CODE/ert/SIMPLE/build/python/_pysimplemodule.c: In function ‘f2py_rout__pysimple_f90wrap_field_can_mod__get_derivatives’:
/proj/plasma/CODE/ert/SIMPLE/build/python/_pysimplemodule.c:22671:93: warning: unused parameter ‘capi_self’ [-Wunused-parameter]
22671 | static PyObject *f2py_rout__pysimple_f90wrap_field_can_mod__get_derivatives(const PyObject *capi_self,
      |                                                                             ~~~~~~~~~~~~~~~~^~~~~~~~~
/proj/plasma/CODE/ert/SIMPLE/build/python/_pysimplemodule.c: In function ‘f2py_rout__pysimple_f90wrap_field_can_mod__init_field_can’:
/proj/plasma/CODE/ert/SIMPLE/build/python/_pysimplemodule.c:22775:92: warning: unused parameter ‘capi_self’ [-Wunused-parameter]
22775 | static PyObject *f2py_rout__pysimple_f90wrap_field_can_mod__init_field_can(const PyObject *capi_self,
      |                                                                            ~~~~~~~~~~~~~~~~^~~~~~~~~
/proj/plasma/CODE/ert/SIMPLE/build/python/_pysimplemodule.c: In function ‘f2py_rout__pysimple_f90wrap_field_can_mod__get_derivatives2’:
/proj/plasma/CODE/ert/SIMPLE/build/python/_pysimplemodule.c:22856:94: warning: unused parameter ‘capi_self’ [-Wunused-parameter]
22856 | static PyObject *f2py_rout__pysimple_f90wrap_field_can_mod__get_derivatives2(const PyObject *capi_self,
      |                                                                              ~~~~~~~~~~~~~~~~^~~~~~~~~
/proj/plasma/CODE/ert/SIMPLE/build/python/_pysimplemodule.c: In function ‘f2py_rout__pysimple_f90wrap_field_can_mod__id_from_name’:
/proj/plasma/CODE/ert/SIMPLE/build/python/_pysimplemodule.c:22962:90: warning: unused parameter ‘capi_self’ [-Wunused-parameter]
22962 | static PyObject *f2py_rout__pysimple_f90wrap_field_can_mod__id_from_name(const PyObject *capi_self,
      |                                                                          ~~~~~~~~~~~~~~~~^~~~~~~~~
/proj/plasma/CODE/ert/SIMPLE/build/python/_pysimplemodule.c: In function ‘f2py_rout__pysimple_f90wrap_field_can_mod__field_can_from_name’:
/proj/plasma/CODE/ert/SIMPLE/build/python/_pysimplemodule.c:23049:97: warning: unused parameter ‘capi_self’ [-Wunused-parameter]
23049 | static PyObject *f2py_rout__pysimple_f90wrap_field_can_mod__field_can_from_name(const PyObject *capi_self,
      |                                                                                 ~~~~~~~~~~~~~~~~^~~~~~~~~
/proj/plasma/CODE/ert/SIMPLE/build/python/_pysimplemodule.c: In function ‘f2py_rout__pysimple_f90wrap_field_can_mod__get_val’:
/proj/plasma/CODE/ert/SIMPLE/build/python/_pysimplemodule.c:23134:85: warning: unused parameter ‘capi_self’ [-Wunused-parameter]
23134 | static PyObject *f2py_rout__pysimple_f90wrap_field_can_mod__get_val(const PyObject *capi_self,
      |                                                                     ~~~~~~~~~~~~~~~~^~~~~~~~~
/proj/plasma/CODE/ert/SIMPLE/build/python/_pysimplemodule.c: In function ‘f2py_rout__pysimple_f90wrap_field_can_mod__fieldcan_init’:
/proj/plasma/CODE/ert/SIMPLE/build/python/_pysimplemodule.c:23242:91: warning: unused parameter ‘capi_self’ [-Wunused-parameter]
23242 | static PyObject *f2py_rout__pysimple_f90wrap_field_can_mod__fieldcan_init(const PyObject *capi_self,
      |                                                                           ~~~~~~~~~~~~~~~~^~~~~~~~~
/proj/plasma/CODE/ert/SIMPLE/build/python/_pysimplemodule.c: In function ‘f2py_rout__pysimple_f90wrap_exchange_get_cancoord_mod__get__onlytheta’:
/proj/plasma/CODE/ert/SIMPLE/build/python/_pysimplemodule.c:23363:104: warning: unused parameter ‘capi_self’ [-Wunused-parameter]
23363 | static PyObject *f2py_rout__pysimple_f90wrap_exchange_get_cancoord_mod__get__onlytheta(const PyObject *capi_self,
      |                                                                                        ~~~~~~~~~~~~~~~~^~~~~~~~~
/proj/plasma/CODE/ert/SIMPLE/build/python/_pysimplemodule.c: In function ‘f2py_rout__pysimple_f90wrap_exchange_get_cancoord_mod__set__onlytheta’:
/proj/plasma/CODE/ert/SIMPLE/build/python/_pysimplemodule.c:23439:104: warning: unused parameter ‘capi_self’ [-Wunused-parameter]
23439 | static PyObject *f2py_rout__pysimple_f90wrap_exchange_get_cancoord_mod__set__onlytheta(const PyObject *capi_self,
      |                                                                                        ~~~~~~~~~~~~~~~~^~~~~~~~~
/proj/plasma/CODE/ert/SIMPLE/build/python/_pysimplemodule.c: In function ‘f2py_rout__pysimple_f90wrap_exchange_get_cancoord_mod__get__vartheta_c’:
/proj/plasma/CODE/ert/SIMPLE/build/python/_pysimplemodule.c:23520:105: warning: unused parameter ‘capi_self’ [-Wunused-parameter]
23520 | static PyObject *f2py_rout__pysimple_f90wrap_exchange_get_cancoord_mod__get__vartheta_c(const PyObject *capi_self,
      |                                                                                         ~~~~~~~~~~~~~~~~^~~~~~~~~
/proj/plasma/CODE/ert/SIMPLE/build/python/_pysimplemodule.c: In function ‘f2py_rout__pysimple_f90wrap_exchange_get_cancoord_mod__set__vartheta_c’:
/proj/plasma/CODE/ert/SIMPLE/build/python/_pysimplemodule.c:23596:105: warning: unused parameter ‘capi_self’ [-Wunused-parameter]
23596 | static PyObject *f2py_rout__pysimple_f90wrap_exchange_get_cancoord_mod__set__vartheta_c(const PyObject *capi_self,
      |                                                                                         ~~~~~~~~~~~~~~~~^~~~~~~~~
/proj/plasma/CODE/ert/SIMPLE/build/python/_pysimplemodule.c: In function ‘f2py_rout__pysimple_f90wrap_exchange_get_cancoord_mod__get__varphi_c’:
/proj/plasma/CODE/ert/SIMPLE/build/python/_pysimplemodule.c:23676:103: warning: unused parameter ‘capi_self’ [-Wunused-parameter]
23676 | static PyObject *f2py_rout__pysimple_f90wrap_exchange_get_cancoord_mod__get__varphi_c(const PyObject *capi_self,
      |                                                                                       ~~~~~~~~~~~~~~~~^~~~~~~~~
/proj/plasma/CODE/ert/SIMPLE/build/python/_pysimplemodule.c: In function ‘f2py_rout__pysimple_f90wrap_exchange_get_cancoord_mod__set__varphi_c’:
/proj/plasma/CODE/ert/SIMPLE/build/python/_pysimplemodule.c:23752:103: warning: unused parameter ‘capi_self’ [-Wunused-parameter]
23752 | static PyObject *f2py_rout__pysimple_f90wrap_exchange_get_cancoord_mod__set__varphi_c(const PyObject *capi_self,
      |                                                                                       ~~~~~~~~~~~~~~~~^~~~~~~~~
/proj/plasma/CODE/ert/SIMPLE/build/python/_pysimplemodule.c: In function ‘f2py_rout__pysimple_f90wrap_exchange_get_cancoord_mod__get__sqg’:
/proj/plasma/CODE/ert/SIMPLE/build/python/_pysimplemodule.c:23832:98: warning: unused parameter ‘capi_self’ [-Wunused-parameter]
23832 | static PyObject *f2py_rout__pysimple_f90wrap_exchange_get_cancoord_mod__get__sqg(const PyObject *capi_self,
      |                                                                                  ~~~~~~~~~~~~~~~~^~~~~~~~~
/proj/plasma/CODE/ert/SIMPLE/build/python/_pysimplemodule.c: In function ‘f2py_rout__pysimple_f90wrap_exchange_get_cancoord_mod__set__sqg’:
/proj/plasma/CODE/ert/SIMPLE/build/python/_pysimplemodule.c:23908:98: warning: unused parameter ‘capi_self’ [-Wunused-parameter]
23908 | static PyObject *f2py_rout__pysimple_f90wrap_exchange_get_cancoord_mod__set__sqg(const PyObject *capi_self,
      |                                                                                  ~~~~~~~~~~~~~~~~^~~~~~~~~
/proj/plasma/CODE/ert/SIMPLE/build/python/_pysimplemodule.c: In function ‘f2py_rout__pysimple_f90wrap_exchange_get_cancoord_mod__get__aiota’:
/proj/plasma/CODE/ert/SIMPLE/build/python/_pysimplemodule.c:23988:100: warning: unused parameter ‘capi_self’ [-Wunused-parameter]
23988 | static PyObject *f2py_rout__pysimple_f90wrap_exchange_get_cancoord_mod__get__aiota(const PyObject *capi_self,
      |                                                                                    ~~~~~~~~~~~~~~~~^~~~~~~~~
/proj/plasma/CODE/ert/SIMPLE/build/python/_pysimplemodule.c: In function ‘f2py_rout__pysimple_f90wrap_exchange_get_cancoord_mod__set__aiota’:
/proj/plasma/CODE/ert/SIMPLE/build/python/_pysimplemodule.c:24064:100: warning: unused parameter ‘capi_self’ [-Wunused-parameter]
24064 | static PyObject *f2py_rout__pysimple_f90wrap_exchange_get_cancoord_mod__set__aiota(const PyObject *capi_self,
      |                                                                                    ~~~~~~~~~~~~~~~~^~~~~~~~~
/proj/plasma/CODE/ert/SIMPLE/build/python/_pysimplemodule.c: In function ‘f2py_rout__pysimple_f90wrap_exchange_get_cancoord_mod__get__bcovar_vartheta’:
/proj/plasma/CODE/ert/SIMPLE/build/python/_pysimplemodule.c:24144:110: warning: unused parameter ‘capi_self’ [-Wunused-parameter]
24144 | static PyObject *f2py_rout__pysimple_f90wrap_exchange_get_cancoord_mod__get__bcovar_vartheta(const PyObject *capi_self,
      |                                                                                              ~~~~~~~~~~~~~~~~^~~~~~~~~
/proj/plasma/CODE/ert/SIMPLE/build/python/_pysimplemodule.c: In function ‘f2py_rout__pysimple_f90wrap_exchange_get_cancoord_mod__set__bcovar_vartheta’:
/proj/plasma/CODE/ert/SIMPLE/build/python/_pysimplemodule.c:24220:110: warning: unused parameter ‘capi_self’ [-Wunused-parameter]
24220 | static PyObject *f2py_rout__pysimple_f90wrap_exchange_get_cancoord_mod__set__bcovar_vartheta(const PyObject *capi_self,
      |                                                                                              ~~~~~~~~~~~~~~~~^~~~~~~~~
/proj/plasma/CODE/ert/SIMPLE/build/python/_pysimplemodule.c: In function ‘f2py_rout__pysimple_f90wrap_exchange_get_cancoord_mod__get__bcovar_varphi’:
/proj/plasma/CODE/ert/SIMPLE/build/python/_pysimplemodule.c:24300:108: warning: unused parameter ‘capi_self’ [-Wunused-parameter]
24300 | static PyObject *f2py_rout__pysimple_f90wrap_exchange_get_cancoord_mod__get__bcovar_varphi(const PyObject *capi_self,
      |                                                                                            ~~~~~~~~~~~~~~~~^~~~~~~~~
/proj/plasma/CODE/ert/SIMPLE/build/python/_pysimplemodule.c: In function ‘f2py_rout__pysimple_f90wrap_exchange_get_cancoord_mod__set__bcovar_varphi’:
/proj/plasma/CODE/ert/SIMPLE/build/python/_pysimplemodule.c:24376:108: warning: unused parameter ‘capi_self’ [-Wunused-parameter]
24376 | static PyObject *f2py_rout__pysimple_f90wrap_exchange_get_cancoord_mod__set__bcovar_varphi(const PyObject *capi_self,
      |                                                                                            ~~~~~~~~~~~~~~~~^~~~~~~~~
/proj/plasma/CODE/ert/SIMPLE/build/python/_pysimplemodule.c: In function ‘f2py_rout__pysimple_f90wrap_exchange_get_cancoord_mod__get__a_theta’:
/proj/plasma/CODE/ert/SIMPLE/build/python/_pysimplemodule.c:24456:102: warning: unused parameter ‘capi_self’ [-Wunused-parameter]
24456 | static PyObject *f2py_rout__pysimple_f90wrap_exchange_get_cancoord_mod__get__a_theta(const PyObject *capi_self,
      |                                                                                      ~~~~~~~~~~~~~~~~^~~~~~~~~
/proj/plasma/CODE/ert/SIMPLE/build/python/_pysimplemodule.c: In function ‘f2py_rout__pysimple_f90wrap_exchange_get_cancoord_mod__set__a_theta’:
/proj/plasma/CODE/ert/SIMPLE/build/python/_pysimplemodule.c:24532:102: warning: unused parameter ‘capi_self’ [-Wunused-parameter]
24532 | static PyObject *f2py_rout__pysimple_f90wrap_exchange_get_cancoord_mod__set__a_theta(const PyObject *capi_self,
      |                                                                                      ~~~~~~~~~~~~~~~~^~~~~~~~~
/proj/plasma/CODE/ert/SIMPLE/build/python/_pysimplemodule.c: In function ‘f2py_rout__pysimple_f90wrap_exchange_get_cancoord_mod__get__a_phi’:
/proj/plasma/CODE/ert/SIMPLE/build/python/_pysimplemodule.c:24612:100: warning: unused parameter ‘capi_self’ [-Wunused-parameter]
24612 | static PyObject *f2py_rout__pysimple_f90wrap_exchange_get_cancoord_mod__get__a_phi(const PyObject *capi_self,
      |                                                                                    ~~~~~~~~~~~~~~~~^~~~~~~~~
/proj/plasma/CODE/ert/SIMPLE/build/python/_pysimplemodule.c: In function ‘f2py_rout__pysimple_f90wrap_exchange_get_cancoord_mod__set__a_phi’:
/proj/plasma/CODE/ert/SIMPLE/build/python/_pysimplemodule.c:24688:100: warning: unused parameter ‘capi_self’ [-Wunused-parameter]
24688 | static PyObject *f2py_rout__pysimple_f90wrap_exchange_get_cancoord_mod__set__a_phi(const PyObject *capi_self,
      |                                                                                    ~~~~~~~~~~~~~~~~^~~~~~~~~
/proj/plasma/CODE/ert/SIMPLE/build/python/_pysimplemodule.c: In function ‘f2py_rout__pysimple_f90wrap_exchange_get_cancoord_mod__get__theta’:
/proj/plasma/CODE/ert/SIMPLE/build/python/_pysimplemodule.c:24768:100: warning: unused parameter ‘capi_self’ [-Wunused-parameter]
24768 | static PyObject *f2py_rout__pysimple_f90wrap_exchange_get_cancoord_mod__get__theta(const PyObject *capi_self,
      |                                                                                    ~~~~~~~~~~~~~~~~^~~~~~~~~
/proj/plasma/CODE/ert/SIMPLE/build/python/_pysimplemodule.c: In function ‘f2py_rout__pysimple_f90wrap_exchange_get_cancoord_mod__set__theta’:
/proj/plasma/CODE/ert/SIMPLE/build/python/_pysimplemodule.c:24844:100: warning: unused parameter ‘capi_self’ [-Wunused-parameter]
24844 | static PyObject *f2py_rout__pysimple_f90wrap_exchange_get_cancoord_mod__set__theta(const PyObject *capi_self,
      |                                                                                    ~~~~~~~~~~~~~~~~^~~~~~~~~
/proj/plasma/CODE/ert/SIMPLE/build/python/_pysimplemodule.c: In function ‘f2py_rout__pysimple_f90wrap_exchange_get_cancoord_mod__get__bctrvr_vartheta’:
/proj/plasma/CODE/ert/SIMPLE/build/python/_pysimplemodule.c:24924:110: warning: unused parameter ‘capi_self’ [-Wunused-parameter]
24924 | static PyObject *f2py_rout__pysimple_f90wrap_exchange_get_cancoord_mod__get__bctrvr_vartheta(const PyObject *capi_self,
      |                                                                                              ~~~~~~~~~~~~~~~~^~~~~~~~~
/proj/plasma/CODE/ert/SIMPLE/build/python/_pysimplemodule.c: In function ‘f2py_rout__pysimple_f90wrap_exchange_get_cancoord_mod__set__bctrvr_vartheta’:
/proj/plasma/CODE/ert/SIMPLE/build/python/_pysimplemodule.c:25000:110: warning: unused parameter ‘capi_self’ [-Wunused-parameter]
25000 | static PyObject *f2py_rout__pysimple_f90wrap_exchange_get_cancoord_mod__set__bctrvr_vartheta(const PyObject *capi_self,
      |                                                                                              ~~~~~~~~~~~~~~~~^~~~~~~~~
/proj/plasma/CODE/ert/SIMPLE/build/python/_pysimplemodule.c: In function ‘f2py_rout__pysimple_f90wrap_exchange_get_cancoord_mod__get__bctrvr_varphi’:
/proj/plasma/CODE/ert/SIMPLE/build/python/_pysimplemodule.c:25080:108: warning: unused parameter ‘capi_self’ [-Wunused-parameter]
25080 | static PyObject *f2py_rout__pysimple_f90wrap_exchange_get_cancoord_mod__get__bctrvr_varphi(const PyObject *capi_self,
      |                                                                                            ~~~~~~~~~~~~~~~~^~~~~~~~~
/proj/plasma/CODE/ert/SIMPLE/build/python/_pysimplemodule.c: In function ‘f2py_rout__pysimple_f90wrap_exchange_get_cancoord_mod__set__bctrvr_varphi’:
/proj/plasma/CODE/ert/SIMPLE/build/python/_pysimplemodule.c:25156:108: warning: unused parameter ‘capi_self’ [-Wunused-parameter]
25156 | static PyObject *f2py_rout__pysimple_f90wrap_exchange_get_cancoord_mod__set__bctrvr_varphi(const PyObject *capi_self,
      |                                                                                            ~~~~~~~~~~~~~~~~^~~~~~~~~
/proj/plasma/CODE/ert/SIMPLE/build/python/_pysimplemodule.c: In function ‘f2py_rout__pysimple_f90wrap_get_can_sub__vmec_to_can’:
/proj/plasma/CODE/ert/SIMPLE/build/python/_pysimplemodule.c:25241:87: warning: unused parameter ‘capi_self’ [-Wunused-parameter]
25241 | static PyObject *f2py_rout__pysimple_f90wrap_get_can_sub__vmec_to_can(const PyObject *capi_self,
      |                                                                       ~~~~~~~~~~~~~~~~^~~~~~~~~
/proj/plasma/CODE/ert/SIMPLE/build/python/_pysimplemodule.c: In function ‘f2py_rout__pysimple_f90wrap_get_can_sub__rhs_cancoord’:
/proj/plasma/CODE/ert/SIMPLE/build/python/_pysimplemodule.c:25343:88: warning: unused parameter ‘capi_self’ [-Wunused-parameter]
25343 | static PyObject *f2py_rout__pysimple_f90wrap_get_can_sub__rhs_cancoord(const PyObject *capi_self,
      |                                                                        ~~~~~~~~~~~~~~~~^~~~~~~~~
/proj/plasma/CODE/ert/SIMPLE/build/python/_pysimplemodule.c: In function ‘f2py_rout__pysimple_f90wrap_get_can_sub__spline_can_coord’:
/proj/plasma/CODE/ert/SIMPLE/build/python/_pysimplemodule.c:25471:92: warning: unused parameter ‘capi_self’ [-Wunused-parameter]
25471 | static PyObject *f2py_rout__pysimple_f90wrap_get_can_sub__spline_can_coord(const PyObject *capi_self,
      |                                                                            ~~~~~~~~~~~~~~~~^~~~~~~~~
/proj/plasma/CODE/ert/SIMPLE/build/python/_pysimplemodule.c: In function ‘f2py_rout__pysimple_f90wrap_get_can_sub__get_canonical_coordinates_impl’:
/proj/plasma/CODE/ert/SIMPLE/build/python/_pysimplemodule.c:25551:106: warning: unused parameter ‘capi_self’ [-Wunused-parameter]
25551 | static PyObject *f2py_rout__pysimple_f90wrap_get_can_sub__get_canonical_coordinates_impl(const PyObject *capi_self,
      |                                                                                          ~~~~~~~~~~~~~~~~^~~~~~~~~
/proj/plasma/CODE/ert/SIMPLE/build/python/_pysimplemodule.c: In function ‘f2py_rout__pysimple_f90wrap_get_can_sub__vmec_to_cyl’:
/proj/plasma/CODE/ert/SIMPLE/build/python/_pysimplemodule.c:25629:87: warning: unused parameter ‘capi_self’ [-Wunused-parameter]
25629 | static PyObject *f2py_rout__pysimple_f90wrap_get_can_sub__vmec_to_cyl(const PyObject *capi_self,
      |                                                                       ~~~~~~~~~~~~~~~~^~~~~~~~~
/proj/plasma/CODE/ert/SIMPLE/build/python/_pysimplemodule.c: In function ‘f2py_rout__pysimple_f90wrap_get_can_sub__can_to_vmec’:
/proj/plasma/CODE/ert/SIMPLE/build/python/_pysimplemodule.c:25734:87: warning: unused parameter ‘capi_self’ [-Wunused-parameter]
25734 | static PyObject *f2py_rout__pysimple_f90wrap_get_can_sub__can_to_vmec(const PyObject *capi_self,
      |                                                                       ~~~~~~~~~~~~~~~~^~~~~~~~~
/proj/plasma/CODE/ert/SIMPLE/build/python/_pysimplemodule.c: In function ‘f2py_rout__pysimple_f90wrap_get_can_sub__print_progress’:
/proj/plasma/CODE/ert/SIMPLE/build/python/_pysimplemodule.c:25836:90: warning: unused parameter ‘capi_self’ [-Wunused-parameter]
25836 | static PyObject *f2py_rout__pysimple_f90wrap_get_can_sub__print_progress(const PyObject *capi_self,
      |                                                                          ~~~~~~~~~~~~~~~~^~~~~~~~~
/proj/plasma/CODE/ert/SIMPLE/build/python/_pysimplemodule.c: In function ‘f2py_rout__pysimple_f90wrap_get_can_sub__get_canonical_coordinates’:
/proj/plasma/CODE/ert/SIMPLE/build/python/_pysimplemodule.c:25933:101: warning: unused parameter ‘capi_self’ [-Wunused-parameter]
25933 | static PyObject *f2py_rout__pysimple_f90wrap_get_can_sub__get_canonical_coordinates(const PyObject *capi_self,
      |                                                                                     ~~~~~~~~~~~~~~~~^~~~~~~~~
/proj/plasma/CODE/ert/SIMPLE/build/python/_pysimplemodule.c: In function ‘f2py_rout__pysimple_f90wrap_get_can_sub__splint_can_coord’:
/proj/plasma/CODE/ert/SIMPLE/build/python/_pysimplemodule.c:26047:92: warning: unused parameter ‘capi_self’ [-Wunused-parameter]
26047 | static PyObject *f2py_rout__pysimple_f90wrap_get_can_sub__splint_can_coord(const PyObject *capi_self,
      |                                                                            ~~~~~~~~~~~~~~~~^~~~~~~~~
/proj/plasma/CODE/ert/SIMPLE/build/python/_pysimplemodule.c: In function ‘f2py_rout__pysimple_f90wrap_get_can_sub__deallocate_can_coord’:
/proj/plasma/CODE/ert/SIMPLE/build/python/_pysimplemodule.c:26414:96: warning: unused parameter ‘capi_self’ [-Wunused-parameter]
26414 | static PyObject *f2py_rout__pysimple_f90wrap_get_can_sub__deallocate_can_coord(const PyObject *capi_self,
      |                                                                                ~~~~~~~~~~~~~~~~^~~~~~~~~
/proj/plasma/CODE/ert/SIMPLE/build/python/_pysimplemodule.c: In function ‘f2py_rout__pysimple_f90wrap_stencil_utils__init_derivative_stencil’:
/proj/plasma/CODE/ert/SIMPLE/build/python/_pysimplemodule.c:26489:101: warning: unused parameter ‘capi_self’ [-Wunused-parameter]
26489 | static PyObject *f2py_rout__pysimple_f90wrap_stencil_utils__init_derivative_stencil(const PyObject *capi_self,
      |                                                                                     ~~~~~~~~~~~~~~~~^~~~~~~~~
/proj/plasma/CODE/ert/SIMPLE/build/python/_pysimplemodule.c: In function ‘f2py_rout__pysimple_f90wrap_array_utils__init_derivative_factors’:
/proj/plasma/CODE/ert/SIMPLE/build/python/_pysimplemodule.c:26609:99: warning: unused parameter ‘capi_self’ [-Wunused-parameter]
26609 | static PyObject *f2py_rout__pysimple_f90wrap_array_utils__init_derivative_factors(const PyObject *capi_self,
      |                                                                                   ~~~~~~~~~~~~~~~~^~~~~~~~~
/proj/plasma/CODE/ert/SIMPLE/build/python/_pysimplemodule.c: In function ‘f2py_rout__pysimple_f90wrap_params__reset_seed_if_deterministic’:
/proj/plasma/CODE/ert/SIMPLE/build/python/_pysimplemodule.c:26778:98: warning: unused parameter ‘capi_self’ [-Wunused-parameter]
26778 | static PyObject *f2py_rout__pysimple_f90wrap_params__reset_seed_if_deterministic(const PyObject *capi_self,
      |                                                                                  ~~~~~~~~~~~~~~~~^~~~~~~~~
/proj/plasma/CODE/ert/SIMPLE/build/python/_pysimplemodule.c: In function ‘f2py_rout__pysimple_f90wrap_params__should_skip’:
/proj/plasma/CODE/ert/SIMPLE/build/python/_pysimplemodule.c:26853:82: warning: unused parameter ‘capi_self’ [-Wunused-parameter]
26853 | static PyObject *f2py_rout__pysimple_f90wrap_params__should_skip(const PyObject *capi_self,
      |                                                                  ~~~~~~~~~~~~~~~~^~~~~~~~~
/proj/plasma/CODE/ert/SIMPLE/build/python/_pysimplemodule.c: In function ‘f2py_rout__pysimple_f90wrap_params__read_config’:
/proj/plasma/CODE/ert/SIMPLE/build/python/_pysimplemodule.c:26936:82: warning: unused parameter ‘capi_self’ [-Wunused-parameter]
26936 | static PyObject *f2py_rout__pysimple_f90wrap_params__read_config(const PyObject *capi_self,
      |                                                                  ~~~~~~~~~~~~~~~~^~~~~~~~~
/proj/plasma/CODE/ert/SIMPLE/build/python/_pysimplemodule.c: In function ‘f2py_rout__pysimple_f90wrap_params__reallocate_arrays’:
/proj/plasma/CODE/ert/SIMPLE/build/python/_pysimplemodule.c:27019:88: warning: unused parameter ‘capi_self’ [-Wunused-parameter]
27019 | static PyObject *f2py_rout__pysimple_f90wrap_params__reallocate_arrays(const PyObject *capi_self,
      |                                                                        ~~~~~~~~~~~~~~~~^~~~~~~~~
/proj/plasma/CODE/ert/SIMPLE/build/python/_pysimplemodule.c: In function ‘f2py_rout__pysimple_f90wrap_params__sort_idx’:
/proj/plasma/CODE/ert/SIMPLE/build/python/_pysimplemodule.c:27093:79: warning: unused parameter ‘capi_self’ [-Wunused-parameter]
27093 | static PyObject *f2py_rout__pysimple_f90wrap_params__sort_idx(const PyObject *capi_self,
      |                                                               ~~~~~~~~~~~~~~~~^~~~~~~~~
/proj/plasma/CODE/ert/SIMPLE/build/python/_pysimplemodule.c: In function ‘f2py_rout__pysimple_f90wrap_params__init_batch’:
/proj/plasma/CODE/ert/SIMPLE/build/python/_pysimplemodule.c:27202:81: warning: unused parameter ‘capi_self’ [-Wunused-parameter]
27202 | static PyObject *f2py_rout__pysimple_f90wrap_params__init_batch(const PyObject *capi_self,
      |                                                                 ~~~~~~~~~~~~~~~~^~~~~~~~~
/proj/plasma/CODE/ert/SIMPLE/build/python/_pysimplemodule.c: In function ‘f2py_rout__pysimple_f90wrap_params__params_init’:
/proj/plasma/CODE/ert/SIMPLE/build/python/_pysimplemodule.c:27274:82: warning: unused parameter ‘capi_self’ [-Wunused-parameter]
27274 | static PyObject *f2py_rout__pysimple_f90wrap_params__params_init(const PyObject *capi_self,
      |                                                                  ~~~~~~~~~~~~~~~~^~~~~~~~~
/proj/plasma/CODE/ert/SIMPLE/build/python/_pysimplemodule.c: In function ‘f2py_rout__pysimple_f90wrap_params__get__nper’:
/proj/plasma/CODE/ert/SIMPLE/build/python/_pysimplemodule.c:27347:80: warning: unused parameter ‘capi_self’ [-Wunused-parameter]
27347 | static PyObject *f2py_rout__pysimple_f90wrap_params__get__nper(const PyObject *capi_self,
      |                                                                ~~~~~~~~~~~~~~~~^~~~~~~~~
/proj/plasma/CODE/ert/SIMPLE/build/python/_pysimplemodule.c: In function ‘f2py_rout__pysimple_f90wrap_params__set__nper’:
/proj/plasma/CODE/ert/SIMPLE/build/python/_pysimplemodule.c:27423:80: warning: unused parameter ‘capi_self’ [-Wunused-parameter]
27423 | static PyObject *f2py_rout__pysimple_f90wrap_params__set__nper(const PyObject *capi_self,
      |                                                                ~~~~~~~~~~~~~~~~^~~~~~~~~
/proj/plasma/CODE/ert/SIMPLE/build/python/_pysimplemodule.c: In function ‘f2py_rout__pysimple_f90wrap_params__get__ntestpart’:
/proj/plasma/CODE/ert/SIMPLE/build/python/_pysimplemodule.c:27503:85: warning: unused parameter ‘capi_self’ [-Wunused-parameter]
27503 | static PyObject *f2py_rout__pysimple_f90wrap_params__get__ntestpart(const PyObject *capi_self,
      |                                                                     ~~~~~~~~~~~~~~~~^~~~~~~~~
/proj/plasma/CODE/ert/SIMPLE/build/python/_pysimplemodule.c: In function ‘f2py_rout__pysimple_f90wrap_params__set__ntestpart’:
/proj/plasma/CODE/ert/SIMPLE/build/python/_pysimplemodule.c:27579:85: warning: unused parameter ‘capi_self’ [-Wunused-parameter]
27579 | static PyObject *f2py_rout__pysimple_f90wrap_params__set__ntestpart(const PyObject *capi_self,
      |                                                                     ~~~~~~~~~~~~~~~~^~~~~~~~~
/proj/plasma/CODE/ert/SIMPLE/build/python/_pysimplemodule.c: In function ‘f2py_rout__pysimple_f90wrap_params__get__zstart_dim1’:
/proj/plasma/CODE/ert/SIMPLE/build/python/_pysimplemodule.c:27659:87: warning: unused parameter ‘capi_self’ [-Wunused-parameter]
27659 | static PyObject *f2py_rout__pysimple_f90wrap_params__get__zstart_dim1(const PyObject *capi_self,
      |                                                                       ~~~~~~~~~~~~~~~~^~~~~~~~~
/proj/plasma/CODE/ert/SIMPLE/build/python/_pysimplemodule.c: In function ‘f2py_rout__pysimple_f90wrap_params__set__zstart_dim1’:
/proj/plasma/CODE/ert/SIMPLE/build/python/_pysimplemodule.c:27735:87: warning: unused parameter ‘capi_self’ [-Wunused-parameter]
27735 | static PyObject *f2py_rout__pysimple_f90wrap_params__set__zstart_dim1(const PyObject *capi_self,
      |                                                                       ~~~~~~~~~~~~~~~~^~~~~~~~~
/proj/plasma/CODE/ert/SIMPLE/build/python/_pysimplemodule.c: In function ‘f2py_rout__pysimple_f90wrap_params__get__dphi’:
/proj/plasma/CODE/ert/SIMPLE/build/python/_pysimplemodule.c:27815:80: warning: unused parameter ‘capi_self’ [-Wunused-parameter]
27815 | static PyObject *f2py_rout__pysimple_f90wrap_params__get__dphi(const PyObject *capi_self,
      |                                                                ~~~~~~~~~~~~~~~~^~~~~~~~~
/proj/plasma/CODE/ert/SIMPLE/build/python/_pysimplemodule.c: In function ‘f2py_rout__pysimple_f90wrap_params__set__dphi’:
/proj/plasma/CODE/ert/SIMPLE/build/python/_pysimplemodule.c:27891:80: warning: unused parameter ‘capi_self’ [-Wunused-parameter]
27891 | static PyObject *f2py_rout__pysimple_f90wrap_params__set__dphi(const PyObject *capi_self,
      |                                                                ~~~~~~~~~~~~~~~~^~~~~~~~~
/proj/plasma/CODE/ert/SIMPLE/build/python/_pysimplemodule.c: In function ‘f2py_rout__pysimple_f90wrap_params__get__phibeg’:
/proj/plasma/CODE/ert/SIMPLE/build/python/_pysimplemodule.c:27971:82: warning: unused parameter ‘capi_self’ [-Wunused-parameter]
27971 | static PyObject *f2py_rout__pysimple_f90wrap_params__get__phibeg(const PyObject *capi_self,
      |                                                                  ~~~~~~~~~~~~~~~~^~~~~~~~~
/proj/plasma/CODE/ert/SIMPLE/build/python/_pysimplemodule.c: In function ‘f2py_rout__pysimple_f90wrap_params__set__phibeg’:
/proj/plasma/CODE/ert/SIMPLE/build/python/_pysimplemodule.c:28047:82: warning: unused parameter ‘capi_self’ [-Wunused-parameter]
28047 | static PyObject *f2py_rout__pysimple_f90wrap_params__set__phibeg(const PyObject *capi_self,
      |                                                                  ~~~~~~~~~~~~~~~~^~~~~~~~~
/proj/plasma/CODE/ert/SIMPLE/build/python/_pysimplemodule.c: In function ‘f2py_rout__pysimple_f90wrap_params__get__bmod00’:
/proj/plasma/CODE/ert/SIMPLE/build/python/_pysimplemodule.c:28127:82: warning: unused parameter ‘capi_self’ [-Wunused-parameter]
28127 | static PyObject *f2py_rout__pysimple_f90wrap_params__get__bmod00(const PyObject *capi_self,
      |                                                                  ~~~~~~~~~~~~~~~~^~~~~~~~~
/proj/plasma/CODE/ert/SIMPLE/build/python/_pysimplemodule.c: In function ‘f2py_rout__pysimple_f90wrap_params__set__bmod00’:
/proj/plasma/CODE/ert/SIMPLE/build/python/_pysimplemodule.c:28203:82: warning: unused parameter ‘capi_self’ [-Wunused-parameter]
28203 | static PyObject *f2py_rout__pysimple_f90wrap_params__set__bmod00(const PyObject *capi_self,
      |                                                                  ~~~~~~~~~~~~~~~~^~~~~~~~~
/proj/plasma/CODE/ert/SIMPLE/build/python/_pysimplemodule.c: In function ‘f2py_rout__pysimple_f90wrap_params__get__rlarm’:
/proj/plasma/CODE/ert/SIMPLE/build/python/_pysimplemodule.c:28283:81: warning: unused parameter ‘capi_self’ [-Wunused-parameter]
28283 | static PyObject *f2py_rout__pysimple_f90wrap_params__get__rlarm(const PyObject *capi_self,
      |                                                                 ~~~~~~~~~~~~~~~~^~~~~~~~~
/proj/plasma/CODE/ert/SIMPLE/build/python/_pysimplemodule.c: In function ‘f2py_rout__pysimple_f90wrap_params__set__rlarm’:
/proj/plasma/CODE/ert/SIMPLE/build/python/_pysimplemodule.c:28359:81: warning: unused parameter ‘capi_self’ [-Wunused-parameter]
28359 | static PyObject *f2py_rout__pysimple_f90wrap_params__set__rlarm(const PyObject *capi_self,
      |                                                                 ~~~~~~~~~~~~~~~~^~~~~~~~~
/proj/plasma/CODE/ert/SIMPLE/build/python/_pysimplemodule.c: In function ‘f2py_rout__pysimple_f90wrap_params__get__bmax’:
/proj/plasma/CODE/ert/SIMPLE/build/python/_pysimplemodule.c:28439:80: warning: unused parameter ‘capi_self’ [-Wunused-parameter]
28439 | static PyObject *f2py_rout__pysimple_f90wrap_params__get__bmax(const PyObject *capi_self,
      |                                                                ~~~~~~~~~~~~~~~~^~~~~~~~~
/proj/plasma/CODE/ert/SIMPLE/build/python/_pysimplemodule.c: In function ‘f2py_rout__pysimple_f90wrap_params__set__bmax’:
/proj/plasma/CODE/ert/SIMPLE/build/python/_pysimplemodule.c:28515:80: warning: unused parameter ‘capi_self’ [-Wunused-parameter]
28515 | static PyObject *f2py_rout__pysimple_f90wrap_params__set__bmax(const PyObject *capi_self,
      |                                                                ~~~~~~~~~~~~~~~~^~~~~~~~~
/proj/plasma/CODE/ert/SIMPLE/build/python/_pysimplemodule.c: In function ‘f2py_rout__pysimple_f90wrap_params__get__bmin’:
/proj/plasma/CODE/ert/SIMPLE/build/python/_pysimplemodule.c:28595:80: warning: unused parameter ‘capi_self’ [-Wunused-parameter]
28595 | static PyObject *f2py_rout__pysimple_f90wrap_params__get__bmin(const PyObject *capi_self,
      |                                                                ~~~~~~~~~~~~~~~~^~~~~~~~~
/proj/plasma/CODE/ert/SIMPLE/build/python/_pysimplemodule.c: In function ‘f2py_rout__pysimple_f90wrap_params__set__bmin’:
/proj/plasma/CODE/ert/SIMPLE/build/python/_pysimplemodule.c:28671:80: warning: unused parameter ‘capi_self’ [-Wunused-parameter]
28671 | static PyObject *f2py_rout__pysimple_f90wrap_params__set__bmin(const PyObject *capi_self,
      |                                                                ~~~~~~~~~~~~~~~~^~~~~~~~~
/proj/plasma/CODE/ert/SIMPLE/build/python/_pysimplemodule.c: In function ‘f2py_rout__pysimple_f90wrap_params__get__tau’:
/proj/plasma/CODE/ert/SIMPLE/build/python/_pysimplemodule.c:28751:79: warning: unused parameter ‘capi_self’ [-Wunused-parameter]
28751 | static PyObject *f2py_rout__pysimple_f90wrap_params__get__tau(const PyObject *capi_self,
      |                                                               ~~~~~~~~~~~~~~~~^~~~~~~~~
/proj/plasma/CODE/ert/SIMPLE/build/python/_pysimplemodule.c: In function ‘f2py_rout__pysimple_f90wrap_params__set__tau’:
/proj/plasma/CODE/ert/SIMPLE/build/python/_pysimplemodule.c:28827:79: warning: unused parameter ‘capi_self’ [-Wunused-parameter]
28827 | static PyObject *f2py_rout__pysimple_f90wrap_params__set__tau(const PyObject *capi_self,
      |                                                               ~~~~~~~~~~~~~~~~^~~~~~~~~
/proj/plasma/CODE/ert/SIMPLE/build/python/_pysimplemodule.c: In function ‘f2py_rout__pysimple_f90wrap_params__get__dtau’:
/proj/plasma/CODE/ert/SIMPLE/build/python/_pysimplemodule.c:28907:80: warning: unused parameter ‘capi_self’ [-Wunused-parameter]
28907 | static PyObject *f2py_rout__pysimple_f90wrap_params__get__dtau(const PyObject *capi_self,
      |                                                                ~~~~~~~~~~~~~~~~^~~~~~~~~
/proj/plasma/CODE/ert/SIMPLE/build/python/_pysimplemodule.c: In function ‘f2py_rout__pysimple_f90wrap_params__set__dtau’:
/proj/plasma/CODE/ert/SIMPLE/build/python/_pysimplemodule.c:28983:80: warning: unused parameter ‘capi_self’ [-Wunused-parameter]
28983 | static PyObject *f2py_rout__pysimple_f90wrap_params__set__dtau(const PyObject *capi_self,
      |                                                                ~~~~~~~~~~~~~~~~^~~~~~~~~
/proj/plasma/CODE/ert/SIMPLE/build/python/_pysimplemodule.c: In function ‘f2py_rout__pysimple_f90wrap_params__get__dtaumin’:
/proj/plasma/CODE/ert/SIMPLE/build/python/_pysimplemodule.c:29063:83: warning: unused parameter ‘capi_self’ [-Wunused-parameter]
29063 | static PyObject *f2py_rout__pysimple_f90wrap_params__get__dtaumin(const PyObject *capi_self,
      |                                                                   ~~~~~~~~~~~~~~~~^~~~~~~~~
/proj/plasma/CODE/ert/SIMPLE/build/python/_pysimplemodule.c: In function ‘f2py_rout__pysimple_f90wrap_params__set__dtaumin’:
/proj/plasma/CODE/ert/SIMPLE/build/python/_pysimplemodule.c:29139:83: warning: unused parameter ‘capi_self’ [-Wunused-parameter]
29139 | static PyObject *f2py_rout__pysimple_f90wrap_params__set__dtaumin(const PyObject *capi_self,
      |                                                                   ~~~~~~~~~~~~~~~~^~~~~~~~~
/proj/plasma/CODE/ert/SIMPLE/build/python/_pysimplemodule.c: In function ‘f2py_rout__pysimple_f90wrap_params__get__xi’:
/proj/plasma/CODE/ert/SIMPLE/build/python/_pysimplemodule.c:29219:78: warning: unused parameter ‘capi_self’ [-Wunused-parameter]
29219 | static PyObject *f2py_rout__pysimple_f90wrap_params__get__xi(const PyObject *capi_self,
      |                                                              ~~~~~~~~~~~~~~~~^~~~~~~~~
/proj/plasma/CODE/ert/SIMPLE/build/python/_pysimplemodule.c: In function ‘f2py_rout__pysimple_f90wrap_params__set__xi’:
/proj/plasma/CODE/ert/SIMPLE/build/python/_pysimplemodule.c:29295:78: warning: unused parameter ‘capi_self’ [-Wunused-parameter]
29295 | static PyObject *f2py_rout__pysimple_f90wrap_params__set__xi(const PyObject *capi_self,
      |                                                              ~~~~~~~~~~~~~~~~^~~~~~~~~
/proj/plasma/CODE/ert/SIMPLE/build/python/_pysimplemodule.c: In function ‘f2py_rout__pysimple_f90wrap_params__get__rt0’:
/proj/plasma/CODE/ert/SIMPLE/build/python/_pysimplemodule.c:29375:79: warning: unused parameter ‘capi_self’ [-Wunused-parameter]
29375 | static PyObject *f2py_rout__pysimple_f90wrap_params__get__rt0(const PyObject *capi_self,
      |                                                               ~~~~~~~~~~~~~~~~^~~~~~~~~
/proj/plasma/CODE/ert/SIMPLE/build/python/_pysimplemodule.c: In function ‘f2py_rout__pysimple_f90wrap_params__set__rt0’:
/proj/plasma/CODE/ert/SIMPLE/build/python/_pysimplemodule.c:29451:79: warning: unused parameter ‘capi_self’ [-Wunused-parameter]
29451 | static PyObject *f2py_rout__pysimple_f90wrap_params__set__rt0(const PyObject *capi_self,
      |                                                               ~~~~~~~~~~~~~~~~^~~~~~~~~
/proj/plasma/CODE/ert/SIMPLE/build/python/_pysimplemodule.c: In function ‘f2py_rout__pysimple_f90wrap_params__get__r0i’:
/proj/plasma/CODE/ert/SIMPLE/build/python/_pysimplemodule.c:29531:79: warning: unused parameter ‘capi_self’ [-Wunused-parameter]
29531 | static PyObject *f2py_rout__pysimple_f90wrap_params__get__r0i(const PyObject *capi_self,
      |                                                               ~~~~~~~~~~~~~~~~^~~~~~~~~
/proj/plasma/CODE/ert/SIMPLE/build/python/_pysimplemodule.c: In function ‘f2py_rout__pysimple_f90wrap_params__set__r0i’:
/proj/plasma/CODE/ert/SIMPLE/build/python/_pysimplemodule.c:29607:79: warning: unused parameter ‘capi_self’ [-Wunused-parameter]
29607 | static PyObject *f2py_rout__pysimple_f90wrap_params__set__r0i(const PyObject *capi_self,
      |                                                               ~~~~~~~~~~~~~~~~^~~~~~~~~
/proj/plasma/CODE/ert/SIMPLE/build/python/_pysimplemodule.c: In function ‘f2py_rout__pysimple_f90wrap_params__get__cbfi’:
/proj/plasma/CODE/ert/SIMPLE/build/python/_pysimplemodule.c:29687:80: warning: unused parameter ‘capi_self’ [-Wunused-parameter]
29687 | static PyObject *f2py_rout__pysimple_f90wrap_params__get__cbfi(const PyObject *capi_self,
      |                                                                ~~~~~~~~~~~~~~~~^~~~~~~~~
/proj/plasma/CODE/ert/SIMPLE/build/python/_pysimplemodule.c: In function ‘f2py_rout__pysimple_f90wrap_params__set__cbfi’:
/proj/plasma/CODE/ert/SIMPLE/build/python/_pysimplemodule.c:29763:80: warning: unused parameter ‘capi_self’ [-Wunused-parameter]
29763 | static PyObject *f2py_rout__pysimple_f90wrap_params__set__cbfi(const PyObject *capi_self,
      |                                                                ~~~~~~~~~~~~~~~~^~~~~~~~~
/proj/plasma/CODE/ert/SIMPLE/build/python/_pysimplemodule.c: In function ‘f2py_rout__pysimple_f90wrap_params__get__bz0i’:
/proj/plasma/CODE/ert/SIMPLE/build/python/_pysimplemodule.c:29843:80: warning: unused parameter ‘capi_self’ [-Wunused-parameter]
29843 | static PyObject *f2py_rout__pysimple_f90wrap_params__get__bz0i(const PyObject *capi_self,
      |                                                                ~~~~~~~~~~~~~~~~^~~~~~~~~
/proj/plasma/CODE/ert/SIMPLE/build/python/_pysimplemodule.c: In function ‘f2py_rout__pysimple_f90wrap_params__set__bz0i’:
/proj/plasma/CODE/ert/SIMPLE/build/python/_pysimplemodule.c:29919:80: warning: unused parameter ‘capi_self’ [-Wunused-parameter]
29919 | static PyObject *f2py_rout__pysimple_f90wrap_params__set__bz0i(const PyObject *capi_self,
      |                                                                ~~~~~~~~~~~~~~~~^~~~~~~~~
/proj/plasma/CODE/ert/SIMPLE/build/python/_pysimplemodule.c: In function ‘f2py_rout__pysimple_f90wrap_params__get__bf0’:
/proj/plasma/CODE/ert/SIMPLE/build/python/_pysimplemodule.c:29999:79: warning: unused parameter ‘capi_self’ [-Wunused-parameter]
29999 | static PyObject *f2py_rout__pysimple_f90wrap_params__get__bf0(const PyObject *capi_self,
      |                                                               ~~~~~~~~~~~~~~~~^~~~~~~~~
/proj/plasma/CODE/ert/SIMPLE/build/python/_pysimplemodule.c: In function ‘f2py_rout__pysimple_f90wrap_params__set__bf0’:
/proj/plasma/CODE/ert/SIMPLE/build/python/_pysimplemodule.c:30075:79: warning: unused parameter ‘capi_self’ [-Wunused-parameter]
30075 | static PyObject *f2py_rout__pysimple_f90wrap_params__set__bf0(const PyObject *capi_self,
      |                                                               ~~~~~~~~~~~~~~~~^~~~~~~~~
/proj/plasma/CODE/ert/SIMPLE/build/python/_pysimplemodule.c: In function ‘f2py_rout__pysimple_f90wrap_params__get__rbig’:
/proj/plasma/CODE/ert/SIMPLE/build/python/_pysimplemodule.c:30155:80: warning: unused parameter ‘capi_self’ [-Wunused-parameter]
30155 | static PyObject *f2py_rout__pysimple_f90wrap_params__get__rbig(const PyObject *capi_self,
      |                                                                ~~~~~~~~~~~~~~~~^~~~~~~~~
/proj/plasma/CODE/ert/SIMPLE/build/python/_pysimplemodule.c: In function ‘f2py_rout__pysimple_f90wrap_params__set__rbig’:
/proj/plasma/CODE/ert/SIMPLE/build/python/_pysimplemodule.c:30231:80: warning: unused parameter ‘capi_self’ [-Wunused-parameter]
30231 | static PyObject *f2py_rout__pysimple_f90wrap_params__set__rbig(const PyObject *capi_self,
      |                                                                ~~~~~~~~~~~~~~~~^~~~~~~~~
/proj/plasma/CODE/ert/SIMPLE/build/python/_pysimplemodule.c: In function ‘f2py_rout__pysimple_f90wrap_params__array__sbeg’:
/proj/plasma/CODE/ert/SIMPLE/build/python/_pysimplemodule.c:30316:82: warning: unused parameter ‘capi_self’ [-Wunused-parameter]
30316 | static PyObject *f2py_rout__pysimple_f90wrap_params__array__sbeg(const PyObject *capi_self,
      |                                                                  ~~~~~~~~~~~~~~~~^~~~~~~~~
/proj/plasma/CODE/ert/SIMPLE/build/python/_pysimplemodule.c: In function ‘f2py_rout__pysimple_f90wrap_params__get__thetabeg’:
/proj/plasma/CODE/ert/SIMPLE/build/python/_pysimplemodule.c:30443:84: warning: unused parameter ‘capi_self’ [-Wunused-parameter]
30443 | static PyObject *f2py_rout__pysimple_f90wrap_params__get__thetabeg(const PyObject *capi_self,
      |                                                                    ~~~~~~~~~~~~~~~~^~~~~~~~~
/proj/plasma/CODE/ert/SIMPLE/build/python/_pysimplemodule.c: In function ‘f2py_rout__pysimple_f90wrap_params__set__thetabeg’:
/proj/plasma/CODE/ert/SIMPLE/build/python/_pysimplemodule.c:30519:84: warning: unused parameter ‘capi_self’ [-Wunused-parameter]
30519 | static PyObject *f2py_rout__pysimple_f90wrap_params__set__thetabeg(const PyObject *capi_self,
      |                                                                    ~~~~~~~~~~~~~~~~^~~~~~~~~
/proj/plasma/CODE/ert/SIMPLE/build/python/_pysimplemodule.c: In function ‘f2py_rout__pysimple_f90wrap_params__array__bstart’:
/proj/plasma/CODE/ert/SIMPLE/build/python/_pysimplemodule.c:30604:84: warning: unused parameter ‘capi_self’ [-Wunused-parameter]
30604 | static PyObject *f2py_rout__pysimple_f90wrap_params__array__bstart(const PyObject *capi_self,
      |                                                                    ~~~~~~~~~~~~~~~~^~~~~~~~~
/proj/plasma/CODE/ert/SIMPLE/build/python/_pysimplemodule.c: In function ‘f2py_rout__pysimple_f90wrap_params__array__volstart’:
/proj/plasma/CODE/ert/SIMPLE/build/python/_pysimplemodule.c:30736:86: warning: unused parameter ‘capi_self’ [-Wunused-parameter]
30736 | static PyObject *f2py_rout__pysimple_f90wrap_params__array__volstart(const PyObject *capi_self,
      |                                                                      ~~~~~~~~~~~~~~~~^~~~~~~~~
/proj/plasma/CODE/ert/SIMPLE/build/python/_pysimplemodule.c: In function ‘f2py_rout__pysimple_f90wrap_params__array__xstart’:
/proj/plasma/CODE/ert/SIMPLE/build/python/_pysimplemodule.c:30868:84: warning: unused parameter ‘capi_self’ [-Wunused-parameter]
30868 | static PyObject *f2py_rout__pysimple_f90wrap_params__array__xstart(const PyObject *capi_self,
      |                                                                    ~~~~~~~~~~~~~~~~^~~~~~~~~
/proj/plasma/CODE/ert/SIMPLE/build/python/_pysimplemodule.c: In function ‘f2py_rout__pysimple_f90wrap_params__array__zstart’:
/proj/plasma/CODE/ert/SIMPLE/build/python/_pysimplemodule.c:31000:84: warning: unused parameter ‘capi_self’ [-Wunused-parameter]
31000 | static PyObject *f2py_rout__pysimple_f90wrap_params__array__zstart(const PyObject *capi_self,
      |                                                                    ~~~~~~~~~~~~~~~~^~~~~~~~~
/proj/plasma/CODE/ert/SIMPLE/build/python/_pysimplemodule.c: In function ‘f2py_rout__pysimple_f90wrap_params__array__zend’:
/proj/plasma/CODE/ert/SIMPLE/build/python/_pysimplemodule.c:31132:82: warning: unused parameter ‘capi_self’ [-Wunused-parameter]
31132 | static PyObject *f2py_rout__pysimple_f90wrap_params__array__zend(const PyObject *capi_self,
      |                                                                  ~~~~~~~~~~~~~~~~^~~~~~~~~
/proj/plasma/CODE/ert/SIMPLE/build/python/_pysimplemodule.c: In function ‘f2py_rout__pysimple_f90wrap_params__array__confpart_trap’:
/proj/plasma/CODE/ert/SIMPLE/build/python/_pysimplemodule.c:31264:91: warning: unused parameter ‘capi_self’ [-Wunused-parameter]
31264 | static PyObject *f2py_rout__pysimple_f90wrap_params__array__confpart_trap(const PyObject *capi_self,
      |                                                                           ~~~~~~~~~~~~~~~~^~~~~~~~~
/proj/plasma/CODE/ert/SIMPLE/build/python/_pysimplemodule.c: In function ‘f2py_rout__pysimple_f90wrap_params__array__confpart_pass’:
/proj/plasma/CODE/ert/SIMPLE/build/python/_pysimplemodule.c:31396:91: warning: unused parameter ‘capi_self’ [-Wunused-parameter]
31396 | static PyObject *f2py_rout__pysimple_f90wrap_params__array__confpart_pass(const PyObject *capi_self,
      |                                                                           ~~~~~~~~~~~~~~~~^~~~~~~~~
/proj/plasma/CODE/ert/SIMPLE/build/python/_pysimplemodule.c: In function ‘f2py_rout__pysimple_f90wrap_params__array__times_lost’:
/proj/plasma/CODE/ert/SIMPLE/build/python/_pysimplemodule.c:31528:88: warning: unused parameter ‘capi_self’ [-Wunused-parameter]
31528 | static PyObject *f2py_rout__pysimple_f90wrap_params__array__times_lost(const PyObject *capi_self,
      |                                                                        ~~~~~~~~~~~~~~~~^~~~~~~~~
/proj/plasma/CODE/ert/SIMPLE/build/python/_pysimplemodule.c: In function ‘f2py_rout__pysimple_f90wrap_params__get__contr_pp’:
/proj/plasma/CODE/ert/SIMPLE/build/python/_pysimplemodule.c:31655:84: warning: unused parameter ‘capi_self’ [-Wunused-parameter]
31655 | static PyObject *f2py_rout__pysimple_f90wrap_params__get__contr_pp(const PyObject *capi_self,
      |                                                                    ~~~~~~~~~~~~~~~~^~~~~~~~~
/proj/plasma/CODE/ert/SIMPLE/build/python/_pysimplemodule.c: In function ‘f2py_rout__pysimple_f90wrap_params__set__contr_pp’:
/proj/plasma/CODE/ert/SIMPLE/build/python/_pysimplemodule.c:31731:84: warning: unused parameter ‘capi_self’ [-Wunused-parameter]
31731 | static PyObject *f2py_rout__pysimple_f90wrap_params__set__contr_pp(const PyObject *capi_self,
      |                                                                    ~~~~~~~~~~~~~~~~^~~~~~~~~
/proj/plasma/CODE/ert/SIMPLE/build/python/_pysimplemodule.c: In function ‘f2py_rout__pysimple_f90wrap_params__get__ibins’:
/proj/plasma/CODE/ert/SIMPLE/build/python/_pysimplemodule.c:31811:81: warning: unused parameter ‘capi_self’ [-Wunused-parameter]
31811 | static PyObject *f2py_rout__pysimple_f90wrap_params__get__ibins(const PyObject *capi_self,
      |                                                                 ~~~~~~~~~~~~~~~~^~~~~~~~~
/proj/plasma/CODE/ert/SIMPLE/build/python/_pysimplemodule.c: In function ‘f2py_rout__pysimple_f90wrap_params__set__ibins’:
/proj/plasma/CODE/ert/SIMPLE/build/python/_pysimplemodule.c:31887:81: warning: unused parameter ‘capi_self’ [-Wunused-parameter]
31887 | static PyObject *f2py_rout__pysimple_f90wrap_params__set__ibins(const PyObject *capi_self,
      |                                                                 ~~~~~~~~~~~~~~~~^~~~~~~~~
/proj/plasma/CODE/ert/SIMPLE/build/python/_pysimplemodule.c: In function ‘f2py_rout__pysimple_f90wrap_params__get__generate_start_only’:
/proj/plasma/CODE/ert/SIMPLE/build/python/_pysimplemodule.c:31967:95: warning: unused parameter ‘capi_self’ [-Wunused-parameter]
31967 | static PyObject *f2py_rout__pysimple_f90wrap_params__get__generate_start_only(const PyObject *capi_self,
      |                                                                               ~~~~~~~~~~~~~~~~^~~~~~~~~
/proj/plasma/CODE/ert/SIMPLE/build/python/_pysimplemodule.c: In function ‘f2py_rout__pysimple_f90wrap_params__set__generate_start_only’:
/proj/plasma/CODE/ert/SIMPLE/build/python/_pysimplemodule.c:32043:95: warning: unused parameter ‘capi_self’ [-Wunused-parameter]
32043 | static PyObject *f2py_rout__pysimple_f90wrap_params__set__generate_start_only(const PyObject *capi_self,
      |                                                                               ~~~~~~~~~~~~~~~~^~~~~~~~~
/proj/plasma/CODE/ert/SIMPLE/build/python/_pysimplemodule.c: In function ‘f2py_rout__pysimple_f90wrap_params__get__startmode’:
/proj/plasma/CODE/ert/SIMPLE/build/python/_pysimplemodule.c:32124:85: warning: unused parameter ‘capi_self’ [-Wunused-parameter]
32124 | static PyObject *f2py_rout__pysimple_f90wrap_params__get__startmode(const PyObject *capi_self,
      |                                                                     ~~~~~~~~~~~~~~~~^~~~~~~~~
/proj/plasma/CODE/ert/SIMPLE/build/python/_pysimplemodule.c: In function ‘f2py_rout__pysimple_f90wrap_params__set__startmode’:
/proj/plasma/CODE/ert/SIMPLE/build/python/_pysimplemodule.c:32200:85: warning: unused parameter ‘capi_self’ [-Wunused-parameter]
32200 | static PyObject *f2py_rout__pysimple_f90wrap_params__set__startmode(const PyObject *capi_self,
      |                                                                     ~~~~~~~~~~~~~~~~^~~~~~~~~
/proj/plasma/CODE/ert/SIMPLE/build/python/_pysimplemodule.c: In function ‘f2py_rout__pysimple_f90wrap_params__get__grid_density’:
/proj/plasma/CODE/ert/SIMPLE/build/python/_pysimplemodule.c:32280:88: warning: unused parameter ‘capi_self’ [-Wunused-parameter]
32280 | static PyObject *f2py_rout__pysimple_f90wrap_params__get__grid_density(const PyObject *capi_self,
      |                                                                        ~~~~~~~~~~~~~~~~^~~~~~~~~
/proj/plasma/CODE/ert/SIMPLE/build/python/_pysimplemodule.c: In function ‘f2py_rout__pysimple_f90wrap_params__set__grid_density’:
/proj/plasma/CODE/ert/SIMPLE/build/python/_pysimplemodule.c:32356:88: warning: unused parameter ‘capi_self’ [-Wunused-parameter]
32356 | static PyObject *f2py_rout__pysimple_f90wrap_params__set__grid_density(const PyObject *capi_self,
      |                                                                        ~~~~~~~~~~~~~~~~^~~~~~~~~
/proj/plasma/CODE/ert/SIMPLE/build/python/_pysimplemodule.c: In function ‘f2py_rout__pysimple_f90wrap_params__get__special_ants_file’:
/proj/plasma/CODE/ert/SIMPLE/build/python/_pysimplemodule.c:32436:93: warning: unused parameter ‘capi_self’ [-Wunused-parameter]
32436 | static PyObject *f2py_rout__pysimple_f90wrap_params__get__special_ants_file(const PyObject *capi_self,
      |                                                                             ~~~~~~~~~~~~~~~~^~~~~~~~~
/proj/plasma/CODE/ert/SIMPLE/build/python/_pysimplemodule.c: In function ‘f2py_rout__pysimple_f90wrap_params__set__special_ants_file’:
/proj/plasma/CODE/ert/SIMPLE/build/python/_pysimplemodule.c:32512:93: warning: unused parameter ‘capi_self’ [-Wunused-parameter]
32512 | static PyObject *f2py_rout__pysimple_f90wrap_params__set__special_ants_file(const PyObject *capi_self,
      |                                                                             ~~~~~~~~~~~~~~~~^~~~~~~~~
/proj/plasma/CODE/ert/SIMPLE/build/python/_pysimplemodule.c: In function ‘f2py_rout__pysimple_f90wrap_params__get__ntau’:
/proj/plasma/CODE/ert/SIMPLE/build/python/_pysimplemodule.c:32593:80: warning: unused parameter ‘capi_self’ [-Wunused-parameter]
32593 | static PyObject *f2py_rout__pysimple_f90wrap_params__get__ntau(const PyObject *capi_self,
      |                                                                ~~~~~~~~~~~~~~~~^~~~~~~~~
/proj/plasma/CODE/ert/SIMPLE/build/python/_pysimplemodule.c: In function ‘f2py_rout__pysimple_f90wrap_params__set__ntau’:
/proj/plasma/CODE/ert/SIMPLE/build/python/_pysimplemodule.c:32669:80: warning: unused parameter ‘capi_self’ [-Wunused-parameter]
32669 | static PyObject *f2py_rout__pysimple_f90wrap_params__set__ntau(const PyObject *capi_self,
      |                                                                ~~~~~~~~~~~~~~~~^~~~~~~~~
/proj/plasma/CODE/ert/SIMPLE/build/python/_pysimplemodule.c: In function ‘f2py_rout__pysimple_f90wrap_params__get__integmode’:
/proj/plasma/CODE/ert/SIMPLE/build/python/_pysimplemodule.c:32749:85: warning: unused parameter ‘capi_self’ [-Wunused-parameter]
32749 | static PyObject *f2py_rout__pysimple_f90wrap_params__get__integmode(const PyObject *capi_self,
      |                                                                     ~~~~~~~~~~~~~~~~^~~~~~~~~
/proj/plasma/CODE/ert/SIMPLE/build/python/_pysimplemodule.c: In function ‘f2py_rout__pysimple_f90wrap_params__set__integmode’:
/proj/plasma/CODE/ert/SIMPLE/build/python/_pysimplemodule.c:32825:85: warning: unused parameter ‘capi_self’ [-Wunused-parameter]
32825 | static PyObject *f2py_rout__pysimple_f90wrap_params__set__integmode(const PyObject *capi_self,
      |                                                                     ~~~~~~~~~~~~~~~~^~~~~~~~~
/proj/plasma/CODE/ert/SIMPLE/build/python/_pysimplemodule.c: In function ‘f2py_rout__pysimple_f90wrap_params__get__kpart’:
/proj/plasma/CODE/ert/SIMPLE/build/python/_pysimplemodule.c:32905:81: warning: unused parameter ‘capi_self’ [-Wunused-parameter]
32905 | static PyObject *f2py_rout__pysimple_f90wrap_params__get__kpart(const PyObject *capi_self,
      |                                                                 ~~~~~~~~~~~~~~~~^~~~~~~~~
/proj/plasma/CODE/ert/SIMPLE/build/python/_pysimplemodule.c: In function ‘f2py_rout__pysimple_f90wrap_params__set__kpart’:
/proj/plasma/CODE/ert/SIMPLE/build/python/_pysimplemodule.c:32981:81: warning: unused parameter ‘capi_self’ [-Wunused-parameter]
32981 | static PyObject *f2py_rout__pysimple_f90wrap_params__set__kpart(const PyObject *capi_self,
      |                                                                 ~~~~~~~~~~~~~~~~^~~~~~~~~
/proj/plasma/CODE/ert/SIMPLE/build/python/_pysimplemodule.c: In function ‘f2py_rout__pysimple_f90wrap_params__get__relerr’:
/proj/plasma/CODE/ert/SIMPLE/build/python/_pysimplemodule.c:33061:82: warning: unused parameter ‘capi_self’ [-Wunused-parameter]
33061 | static PyObject *f2py_rout__pysimple_f90wrap_params__get__relerr(const PyObject *capi_self,
      |                                                                  ~~~~~~~~~~~~~~~~^~~~~~~~~
/proj/plasma/CODE/ert/SIMPLE/build/python/_pysimplemodule.c: In function ‘f2py_rout__pysimple_f90wrap_params__set__relerr’:
/proj/plasma/CODE/ert/SIMPLE/build/python/_pysimplemodule.c:33137:82: warning: unused parameter ‘capi_self’ [-Wunused-parameter]
33137 | static PyObject *f2py_rout__pysimple_f90wrap_params__set__relerr(const PyObject *capi_self,
      |                                                                  ~~~~~~~~~~~~~~~~^~~~~~~~~
/proj/plasma/CODE/ert/SIMPLE/build/python/_pysimplemodule.c: In function ‘f2py_rout__pysimple_f90wrap_params__array__trap_par’:
/proj/plasma/CODE/ert/SIMPLE/build/python/_pysimplemodule.c:33222:86: warning: unused parameter ‘capi_self’ [-Wunused-parameter]
33222 | static PyObject *f2py_rout__pysimple_f90wrap_params__array__trap_par(const PyObject *capi_self,
      |                                                                      ~~~~~~~~~~~~~~~~^~~~~~~~~
/proj/plasma/CODE/ert/SIMPLE/build/python/_pysimplemodule.c: In function ‘f2py_rout__pysimple_f90wrap_params__array__perp_inv’:
/proj/plasma/CODE/ert/SIMPLE/build/python/_pysimplemodule.c:33354:86: warning: unused parameter ‘capi_self’ [-Wunused-parameter]
33354 | static PyObject *f2py_rout__pysimple_f90wrap_params__array__perp_inv(const PyObject *capi_self,
      |                                                                      ~~~~~~~~~~~~~~~~^~~~~~~~~
/proj/plasma/CODE/ert/SIMPLE/build/python/_pysimplemodule.c: In function ‘f2py_rout__pysimple_f90wrap_params__array__iclass’:
/proj/plasma/CODE/ert/SIMPLE/build/python/_pysimplemodule.c:33486:84: warning: unused parameter ‘capi_self’ [-Wunused-parameter]
33486 | static PyObject *f2py_rout__pysimple_f90wrap_params__array__iclass(const PyObject *capi_self,
      |                                                                    ~~~~~~~~~~~~~~~~^~~~~~~~~
/proj/plasma/CODE/ert/SIMPLE/build/python/_pysimplemodule.c: In function ‘f2py_rout__pysimple_f90wrap_params__get__n_tip_vars’:
/proj/plasma/CODE/ert/SIMPLE/build/python/_pysimplemodule.c:33613:86: warning: unused parameter ‘capi_self’ [-Wunused-parameter]
33613 | static PyObject *f2py_rout__pysimple_f90wrap_params__get__n_tip_vars(const PyObject *capi_self,
      |                                                                      ~~~~~~~~~~~~~~~~^~~~~~~~~
/proj/plasma/CODE/ert/SIMPLE/build/python/_pysimplemodule.c: In function ‘f2py_rout__pysimple_f90wrap_params__get__nplagr’:
/proj/plasma/CODE/ert/SIMPLE/build/python/_pysimplemodule.c:33689:82: warning: unused parameter ‘capi_self’ [-Wunused-parameter]
33689 | static PyObject *f2py_rout__pysimple_f90wrap_params__get__nplagr(const PyObject *capi_self,
      |                                                                  ~~~~~~~~~~~~~~~~^~~~~~~~~
/proj/plasma/CODE/ert/SIMPLE/build/python/_pysimplemodule.c: In function ‘f2py_rout__pysimple_f90wrap_params__set__nplagr’:
/proj/plasma/CODE/ert/SIMPLE/build/python/_pysimplemodule.c:33765:82: warning: unused parameter ‘capi_self’ [-Wunused-parameter]
33765 | static PyObject *f2py_rout__pysimple_f90wrap_params__set__nplagr(const PyObject *capi_self,
      |                                                                  ~~~~~~~~~~~~~~~~^~~~~~~~~
/proj/plasma/CODE/ert/SIMPLE/build/python/_pysimplemodule.c: In function ‘f2py_rout__pysimple_f90wrap_params__get__nder’:
/proj/plasma/CODE/ert/SIMPLE/build/python/_pysimplemodule.c:33845:80: warning: unused parameter ‘capi_self’ [-Wunused-parameter]
33845 | static PyObject *f2py_rout__pysimple_f90wrap_params__get__nder(const PyObject *capi_self,
      |                                                                ~~~~~~~~~~~~~~~~^~~~~~~~~
/proj/plasma/CODE/ert/SIMPLE/build/python/_pysimplemodule.c: In function ‘f2py_rout__pysimple_f90wrap_params__set__nder’:
/proj/plasma/CODE/ert/SIMPLE/build/python/_pysimplemodule.c:33921:80: warning: unused parameter ‘capi_self’ [-Wunused-parameter]
33921 | static PyObject *f2py_rout__pysimple_f90wrap_params__set__nder(const PyObject *capi_self,
      |                                                                ~~~~~~~~~~~~~~~~^~~~~~~~~
/proj/plasma/CODE/ert/SIMPLE/build/python/_pysimplemodule.c: In function ‘f2py_rout__pysimple_f90wrap_params__get__npl_half’:
/proj/plasma/CODE/ert/SIMPLE/build/python/_pysimplemodule.c:34001:84: warning: unused parameter ‘capi_self’ [-Wunused-parameter]
34001 | static PyObject *f2py_rout__pysimple_f90wrap_params__get__npl_half(const PyObject *capi_self,
      |                                                                    ~~~~~~~~~~~~~~~~^~~~~~~~~
/proj/plasma/CODE/ert/SIMPLE/build/python/_pysimplemodule.c: In function ‘f2py_rout__pysimple_f90wrap_params__set__npl_half’:
/proj/plasma/CODE/ert/SIMPLE/build/python/_pysimplemodule.c:34077:84: warning: unused parameter ‘capi_self’ [-Wunused-parameter]
34077 | static PyObject *f2py_rout__pysimple_f90wrap_params__set__npl_half(const PyObject *capi_self,
      |                                                                    ~~~~~~~~~~~~~~~~^~~~~~~~~
/proj/plasma/CODE/ert/SIMPLE/build/python/_pysimplemodule.c: In function ‘f2py_rout__pysimple_f90wrap_params__get__norbper’:
/proj/plasma/CODE/ert/SIMPLE/build/python/_pysimplemodule.c:34157:83: warning: unused parameter ‘capi_self’ [-Wunused-parameter]
34157 | static PyObject *f2py_rout__pysimple_f90wrap_params__get__norbper(const PyObject *capi_self,
      |                                                                   ~~~~~~~~~~~~~~~~^~~~~~~~~
/proj/plasma/CODE/ert/SIMPLE/build/python/_pysimplemodule.c: In function ‘f2py_rout__pysimple_f90wrap_params__set__norbper’:
/proj/plasma/CODE/ert/SIMPLE/build/python/_pysimplemodule.c:34233:83: warning: unused parameter ‘capi_self’ [-Wunused-parameter]
34233 | static PyObject *f2py_rout__pysimple_f90wrap_params__set__norbper(const PyObject *capi_self,
      |                                                                   ~~~~~~~~~~~~~~~~^~~~~~~~~
/proj/plasma/CODE/ert/SIMPLE/build/python/_pysimplemodule.c: In function ‘f2py_rout__pysimple_f90wrap_params__get__nfp’:
/proj/plasma/CODE/ert/SIMPLE/build/python/_pysimplemodule.c:34313:79: warning: unused parameter ‘capi_self’ [-Wunused-parameter]
34313 | static PyObject *f2py_rout__pysimple_f90wrap_params__get__nfp(const PyObject *capi_self,
      |                                                               ~~~~~~~~~~~~~~~~^~~~~~~~~
/proj/plasma/CODE/ert/SIMPLE/build/python/_pysimplemodule.c: In function ‘f2py_rout__pysimple_f90wrap_params__set__nfp’:
/proj/plasma/CODE/ert/SIMPLE/build/python/_pysimplemodule.c:34389:79: warning: unused parameter ‘capi_self’ [-Wunused-parameter]
34389 | static PyObject *f2py_rout__pysimple_f90wrap_params__set__nfp(const PyObject *capi_self,
      |                                                               ~~~~~~~~~~~~~~~~^~~~~~~~~
/proj/plasma/CODE/ert/SIMPLE/build/python/_pysimplemodule.c: In function ‘f2py_rout__pysimple_f90wrap_params__get__fper’:
/proj/plasma/CODE/ert/SIMPLE/build/python/_pysimplemodule.c:34469:80: warning: unused parameter ‘capi_self’ [-Wunused-parameter]
34469 | static PyObject *f2py_rout__pysimple_f90wrap_params__get__fper(const PyObject *capi_self,
      |                                                                ~~~~~~~~~~~~~~~~^~~~~~~~~
/proj/plasma/CODE/ert/SIMPLE/build/python/_pysimplemodule.c: In function ‘f2py_rout__pysimple_f90wrap_params__set__fper’:
/proj/plasma/CODE/ert/SIMPLE/build/python/_pysimplemodule.c:34545:80: warning: unused parameter ‘capi_self’ [-Wunused-parameter]
34545 | static PyObject *f2py_rout__pysimple_f90wrap_params__set__fper(const PyObject *capi_self,
      |                                                                ~~~~~~~~~~~~~~~~^~~~~~~~~
/proj/plasma/CODE/ert/SIMPLE/build/python/_pysimplemodule.c: In function ‘f2py_rout__pysimple_f90wrap_params__get__zerolam’:
/proj/plasma/CODE/ert/SIMPLE/build/python/_pysimplemodule.c:34625:83: warning: unused parameter ‘capi_self’ [-Wunused-parameter]
34625 | static PyObject *f2py_rout__pysimple_f90wrap_params__get__zerolam(const PyObject *capi_self,
      |                                                                   ~~~~~~~~~~~~~~~~^~~~~~~~~
/proj/plasma/CODE/ert/SIMPLE/build/python/_pysimplemodule.c: In function ‘f2py_rout__pysimple_f90wrap_params__set__zerolam’:
/proj/plasma/CODE/ert/SIMPLE/build/python/_pysimplemodule.c:34701:83: warning: unused parameter ‘capi_self’ [-Wunused-parameter]
34701 | static PyObject *f2py_rout__pysimple_f90wrap_params__set__zerolam(const PyObject *capi_self,
      |                                                                   ~~~~~~~~~~~~~~~~^~~~~~~~~
/proj/plasma/CODE/ert/SIMPLE/build/python/_pysimplemodule.c: In function ‘f2py_rout__pysimple_f90wrap_params__get__tcut’:
/proj/plasma/CODE/ert/SIMPLE/build/python/_pysimplemodule.c:34781:80: warning: unused parameter ‘capi_self’ [-Wunused-parameter]
34781 | static PyObject *f2py_rout__pysimple_f90wrap_params__get__tcut(const PyObject *capi_self,
      |                                                                ~~~~~~~~~~~~~~~~^~~~~~~~~
/proj/plasma/CODE/ert/SIMPLE/build/python/_pysimplemodule.c: In function ‘f2py_rout__pysimple_f90wrap_params__set__tcut’:
/proj/plasma/CODE/ert/SIMPLE/build/python/_pysimplemodule.c:34857:80: warning: unused parameter ‘capi_self’ [-Wunused-parameter]
34857 | static PyObject *f2py_rout__pysimple_f90wrap_params__set__tcut(const PyObject *capi_self,
      |                                                                ~~~~~~~~~~~~~~~~^~~~~~~~~
/proj/plasma/CODE/ert/SIMPLE/build/python/_pysimplemodule.c: In function ‘f2py_rout__pysimple_f90wrap_params__get__ntcut’:
/proj/plasma/CODE/ert/SIMPLE/build/python/_pysimplemodule.c:34937:81: warning: unused parameter ‘capi_self’ [-Wunused-parameter]
34937 | static PyObject *f2py_rout__pysimple_f90wrap_params__get__ntcut(const PyObject *capi_self,
      |                                                                 ~~~~~~~~~~~~~~~~^~~~~~~~~
/proj/plasma/CODE/ert/SIMPLE/build/python/_pysimplemodule.c: In function ‘f2py_rout__pysimple_f90wrap_params__set__ntcut’:
/proj/plasma/CODE/ert/SIMPLE/build/python/_pysimplemodule.c:35013:81: warning: unused parameter ‘capi_self’ [-Wunused-parameter]
35013 | static PyObject *f2py_rout__pysimple_f90wrap_params__set__ntcut(const PyObject *capi_self,
      |                                                                 ~~~~~~~~~~~~~~~~^~~~~~~~~
/proj/plasma/CODE/ert/SIMPLE/build/python/_pysimplemodule.c: In function ‘f2py_rout__pysimple_f90wrap_params__get__class_plot’:
/proj/plasma/CODE/ert/SIMPLE/build/python/_pysimplemodule.c:35093:86: warning: unused parameter ‘capi_self’ [-Wunused-parameter]
35093 | static PyObject *f2py_rout__pysimple_f90wrap_params__get__class_plot(const PyObject *capi_self,
      |                                                                      ~~~~~~~~~~~~~~~~^~~~~~~~~
/proj/plasma/CODE/ert/SIMPLE/build/python/_pysimplemodule.c: In function ‘f2py_rout__pysimple_f90wrap_params__set__class_plot’:
/proj/plasma/CODE/ert/SIMPLE/build/python/_pysimplemodule.c:35169:86: warning: unused parameter ‘capi_self’ [-Wunused-parameter]
35169 | static PyObject *f2py_rout__pysimple_f90wrap_params__set__class_plot(const PyObject *capi_self,
      |                                                                      ~~~~~~~~~~~~~~~~^~~~~~~~~
/proj/plasma/CODE/ert/SIMPLE/build/python/_pysimplemodule.c: In function ‘f2py_rout__pysimple_f90wrap_params__get__cut_in_per’:
/proj/plasma/CODE/ert/SIMPLE/build/python/_pysimplemodule.c:35250:86: warning: unused parameter ‘capi_self’ [-Wunused-parameter]
35250 | static PyObject *f2py_rout__pysimple_f90wrap_params__get__cut_in_per(const PyObject *capi_self,
      |                                                                      ~~~~~~~~~~~~~~~~^~~~~~~~~
/proj/plasma/CODE/ert/SIMPLE/build/python/_pysimplemodule.c: In function ‘f2py_rout__pysimple_f90wrap_params__set__cut_in_per’:
/proj/plasma/CODE/ert/SIMPLE/build/python/_pysimplemodule.c:35326:86: warning: unused parameter ‘capi_self’ [-Wunused-parameter]
35326 | static PyObject *f2py_rout__pysimple_f90wrap_params__set__cut_in_per(const PyObject *capi_self,
      |                                                                      ~~~~~~~~~~~~~~~~^~~~~~~~~
/proj/plasma/CODE/ert/SIMPLE/build/python/_pysimplemodule.c: In function ‘f2py_rout__pysimple_f90wrap_params__get__fast_class’:
/proj/plasma/CODE/ert/SIMPLE/build/python/_pysimplemodule.c:35406:86: warning: unused parameter ‘capi_self’ [-Wunused-parameter]
35406 | static PyObject *f2py_rout__pysimple_f90wrap_params__get__fast_class(const PyObject *capi_self,
      |                                                                      ~~~~~~~~~~~~~~~~^~~~~~~~~
/proj/plasma/CODE/ert/SIMPLE/build/python/_pysimplemodule.c: In function ‘f2py_rout__pysimple_f90wrap_params__set__fast_class’:
/proj/plasma/CODE/ert/SIMPLE/build/python/_pysimplemodule.c:35482:86: warning: unused parameter ‘capi_self’ [-Wunused-parameter]
35482 | static PyObject *f2py_rout__pysimple_f90wrap_params__set__fast_class(const PyObject *capi_self,
      |                                                                      ~~~~~~~~~~~~~~~~^~~~~~~~~
/proj/plasma/CODE/ert/SIMPLE/build/python/_pysimplemodule.c: In function ‘f2py_rout__pysimple_f90wrap_params__get__swcoll’:
/proj/plasma/CODE/ert/SIMPLE/build/python/_pysimplemodule.c:35563:82: warning: unused parameter ‘capi_self’ [-Wunused-parameter]
35563 | static PyObject *f2py_rout__pysimple_f90wrap_params__get__swcoll(const PyObject *capi_self,
      |                                                                  ~~~~~~~~~~~~~~~~^~~~~~~~~
/proj/plasma/CODE/ert/SIMPLE/build/python/_pysimplemodule.c: In function ‘f2py_rout__pysimple_f90wrap_params__set__swcoll’:
/proj/plasma/CODE/ert/SIMPLE/build/python/_pysimplemodule.c:35639:82: warning: unused parameter ‘capi_self’ [-Wunused-parameter]
35639 | static PyObject *f2py_rout__pysimple_f90wrap_params__set__swcoll(const PyObject *capi_self,
      |                                                                  ~~~~~~~~~~~~~~~~^~~~~~~~~
/proj/plasma/CODE/ert/SIMPLE/build/python/_pysimplemodule.c: In function ‘f2py_rout__pysimple_f90wrap_params__get__am1’:
/proj/plasma/CODE/ert/SIMPLE/build/python/_pysimplemodule.c:35720:79: warning: unused parameter ‘capi_self’ [-Wunused-parameter]
35720 | static PyObject *f2py_rout__pysimple_f90wrap_params__get__am1(const PyObject *capi_self,
      |                                                               ~~~~~~~~~~~~~~~~^~~~~~~~~
/proj/plasma/CODE/ert/SIMPLE/build/python/_pysimplemodule.c: In function ‘f2py_rout__pysimple_f90wrap_params__set__am1’:
/proj/plasma/CODE/ert/SIMPLE/build/python/_pysimplemodule.c:35796:79: warning: unused parameter ‘capi_self’ [-Wunused-parameter]
35796 | static PyObject *f2py_rout__pysimple_f90wrap_params__set__am1(const PyObject *capi_self,
      |                                                               ~~~~~~~~~~~~~~~~^~~~~~~~~
/proj/plasma/CODE/ert/SIMPLE/build/python/_pysimplemodule.c: In function ‘f2py_rout__pysimple_f90wrap_params__get__am2’:
/proj/plasma/CODE/ert/SIMPLE/build/python/_pysimplemodule.c:35876:79: warning: unused parameter ‘capi_self’ [-Wunused-parameter]
35876 | static PyObject *f2py_rout__pysimple_f90wrap_params__get__am2(const PyObject *capi_self,
      |                                                               ~~~~~~~~~~~~~~~~^~~~~~~~~
/proj/plasma/CODE/ert/SIMPLE/build/python/_pysimplemodule.c: In function ‘f2py_rout__pysimple_f90wrap_params__set__am2’:
/proj/plasma/CODE/ert/SIMPLE/build/python/_pysimplemodule.c:35952:79: warning: unused parameter ‘capi_self’ [-Wunused-parameter]
35952 | static PyObject *f2py_rout__pysimple_f90wrap_params__set__am2(const PyObject *capi_self,
      |                                                               ~~~~~~~~~~~~~~~~^~~~~~~~~
/proj/plasma/CODE/ert/SIMPLE/build/python/_pysimplemodule.c: In function ‘f2py_rout__pysimple_f90wrap_params__get__z1’:
/proj/plasma/CODE/ert/SIMPLE/build/python/_pysimplemodule.c:36032:78: warning: unused parameter ‘capi_self’ [-Wunused-parameter]
36032 | static PyObject *f2py_rout__pysimple_f90wrap_params__get__z1(const PyObject *capi_self,
      |                                                              ~~~~~~~~~~~~~~~~^~~~~~~~~
/proj/plasma/CODE/ert/SIMPLE/build/python/_pysimplemodule.c: In function ‘f2py_rout__pysimple_f90wrap_params__set__z1’:
/proj/plasma/CODE/ert/SIMPLE/build/python/_pysimplemodule.c:36108:78: warning: unused parameter ‘capi_self’ [-Wunused-parameter]
36108 | static PyObject *f2py_rout__pysimple_f90wrap_params__set__z1(const PyObject *capi_self,
      |                                                              ~~~~~~~~~~~~~~~~^~~~~~~~~
/proj/plasma/CODE/ert/SIMPLE/build/python/_pysimplemodule.c: In function ‘f2py_rout__pysimple_f90wrap_params__get__z2’:
/proj/plasma/CODE/ert/SIMPLE/build/python/_pysimplemodule.c:36188:78: warning: unused parameter ‘capi_self’ [-Wunused-parameter]
36188 | static PyObject *f2py_rout__pysimple_f90wrap_params__get__z2(const PyObject *capi_self,
      |                                                              ~~~~~~~~~~~~~~~~^~~~~~~~~
/proj/plasma/CODE/ert/SIMPLE/build/python/_pysimplemodule.c: In function ‘f2py_rout__pysimple_f90wrap_params__set__z2’:
/proj/plasma/CODE/ert/SIMPLE/build/python/_pysimplemodule.c:36264:78: warning: unused parameter ‘capi_self’ [-Wunused-parameter]
36264 | static PyObject *f2py_rout__pysimple_f90wrap_params__set__z2(const PyObject *capi_self,
      |                                                              ~~~~~~~~~~~~~~~~^~~~~~~~~
/proj/plasma/CODE/ert/SIMPLE/build/python/_pysimplemodule.c: In function ‘f2py_rout__pysimple_f90wrap_params__get__densi1’:
/proj/plasma/CODE/ert/SIMPLE/build/python/_pysimplemodule.c:36344:82: warning: unused parameter ‘capi_self’ [-Wunused-parameter]
36344 | static PyObject *f2py_rout__pysimple_f90wrap_params__get__densi1(const PyObject *capi_self,
      |                                                                  ~~~~~~~~~~~~~~~~^~~~~~~~~
/proj/plasma/CODE/ert/SIMPLE/build/python/_pysimplemodule.c: In function ‘f2py_rout__pysimple_f90wrap_params__set__densi1’:
/proj/plasma/CODE/ert/SIMPLE/build/python/_pysimplemodule.c:36420:82: warning: unused parameter ‘capi_self’ [-Wunused-parameter]
36420 | static PyObject *f2py_rout__pysimple_f90wrap_params__set__densi1(const PyObject *capi_self,
      |                                                                  ~~~~~~~~~~~~~~~~^~~~~~~~~
/proj/plasma/CODE/ert/SIMPLE/build/python/_pysimplemodule.c: In function ‘f2py_rout__pysimple_f90wrap_params__get__densi2’:
/proj/plasma/CODE/ert/SIMPLE/build/python/_pysimplemodule.c:36500:82: warning: unused parameter ‘capi_self’ [-Wunused-parameter]
36500 | static PyObject *f2py_rout__pysimple_f90wrap_params__get__densi2(const PyObject *capi_self,
      |                                                                  ~~~~~~~~~~~~~~~~^~~~~~~~~
/proj/plasma/CODE/ert/SIMPLE/build/python/_pysimplemodule.c: In function ‘f2py_rout__pysimple_f90wrap_params__set__densi2’:
/proj/plasma/CODE/ert/SIMPLE/build/python/_pysimplemodule.c:36576:82: warning: unused parameter ‘capi_self’ [-Wunused-parameter]
36576 | static PyObject *f2py_rout__pysimple_f90wrap_params__set__densi2(const PyObject *capi_self,
      |                                                                  ~~~~~~~~~~~~~~~~^~~~~~~~~
/proj/plasma/CODE/ert/SIMPLE/build/python/_pysimplemodule.c: In function ‘f2py_rout__pysimple_f90wrap_params__get__tempi1’:
/proj/plasma/CODE/ert/SIMPLE/build/python/_pysimplemodule.c:36656:82: warning: unused parameter ‘capi_self’ [-Wunused-parameter]
36656 | static PyObject *f2py_rout__pysimple_f90wrap_params__get__tempi1(const PyObject *capi_self,
      |                                                                  ~~~~~~~~~~~~~~~~^~~~~~~~~
/proj/plasma/CODE/ert/SIMPLE/build/python/_pysimplemodule.c: In function ‘f2py_rout__pysimple_f90wrap_params__set__tempi1’:
/proj/plasma/CODE/ert/SIMPLE/build/python/_pysimplemodule.c:36732:82: warning: unused parameter ‘capi_self’ [-Wunused-parameter]
36732 | static PyObject *f2py_rout__pysimple_f90wrap_params__set__tempi1(const PyObject *capi_self,
      |                                                                  ~~~~~~~~~~~~~~~~^~~~~~~~~
/proj/plasma/CODE/ert/SIMPLE/build/python/_pysimplemodule.c: In function ‘f2py_rout__pysimple_f90wrap_params__get__tempi2’:
/proj/plasma/CODE/ert/SIMPLE/build/python/_pysimplemodule.c:36812:82: warning: unused parameter ‘capi_self’ [-Wunused-parameter]
36812 | static PyObject *f2py_rout__pysimple_f90wrap_params__get__tempi2(const PyObject *capi_self,
      |                                                                  ~~~~~~~~~~~~~~~~^~~~~~~~~
/proj/plasma/CODE/ert/SIMPLE/build/python/_pysimplemodule.c: In function ‘f2py_rout__pysimple_f90wrap_params__set__tempi2’:
/proj/plasma/CODE/ert/SIMPLE/build/python/_pysimplemodule.c:36888:82: warning: unused parameter ‘capi_self’ [-Wunused-parameter]
36888 | static PyObject *f2py_rout__pysimple_f90wrap_params__set__tempi2(const PyObject *capi_self,
      |                                                                  ~~~~~~~~~~~~~~~~^~~~~~~~~
/proj/plasma/CODE/ert/SIMPLE/build/python/_pysimplemodule.c: In function ‘f2py_rout__pysimple_f90wrap_params__get__tempe’:
/proj/plasma/CODE/ert/SIMPLE/build/python/_pysimplemodule.c:36968:81: warning: unused parameter ‘capi_self’ [-Wunused-parameter]
36968 | static PyObject *f2py_rout__pysimple_f90wrap_params__get__tempe(const PyObject *capi_self,
      |                                                                 ~~~~~~~~~~~~~~~~^~~~~~~~~
/proj/plasma/CODE/ert/SIMPLE/build/python/_pysimplemodule.c: In function ‘f2py_rout__pysimple_f90wrap_params__set__tempe’:
/proj/plasma/CODE/ert/SIMPLE/build/python/_pysimplemodule.c:37044:81: warning: unused parameter ‘capi_self’ [-Wunused-parameter]
37044 | static PyObject *f2py_rout__pysimple_f90wrap_params__set__tempe(const PyObject *capi_self,
      |                                                                 ~~~~~~~~~~~~~~~~^~~~~~~~~
/proj/plasma/CODE/ert/SIMPLE/build/python/_pysimplemodule.c: In function ‘f2py_rout__pysimple_f90wrap_params__get__dchichi’:
/proj/plasma/CODE/ert/SIMPLE/build/python/_pysimplemodule.c:37124:83: warning: unused parameter ‘capi_self’ [-Wunused-parameter]
37124 | static PyObject *f2py_rout__pysimple_f90wrap_params__get__dchichi(const PyObject *capi_self,
      |                                                                   ~~~~~~~~~~~~~~~~^~~~~~~~~
/proj/plasma/CODE/ert/SIMPLE/build/python/_pysimplemodule.c: In function ‘f2py_rout__pysimple_f90wrap_params__set__dchichi’:
/proj/plasma/CODE/ert/SIMPLE/build/python/_pysimplemodule.c:37200:83: warning: unused parameter ‘capi_self’ [-Wunused-parameter]
37200 | static PyObject *f2py_rout__pysimple_f90wrap_params__set__dchichi(const PyObject *capi_self,
      |                                                                   ~~~~~~~~~~~~~~~~^~~~~~~~~
/proj/plasma/CODE/ert/SIMPLE/build/python/_pysimplemodule.c: In function ‘f2py_rout__pysimple_f90wrap_params__get__slowrate’:
/proj/plasma/CODE/ert/SIMPLE/build/python/_pysimplemodule.c:37280:84: warning: unused parameter ‘capi_self’ [-Wunused-parameter]
37280 | static PyObject *f2py_rout__pysimple_f90wrap_params__get__slowrate(const PyObject *capi_self,
      |                                                                    ~~~~~~~~~~~~~~~~^~~~~~~~~
/proj/plasma/CODE/ert/SIMPLE/build/python/_pysimplemodule.c: In function ‘f2py_rout__pysimple_f90wrap_params__set__slowrate’:
/proj/plasma/CODE/ert/SIMPLE/build/python/_pysimplemodule.c:37356:84: warning: unused parameter ‘capi_self’ [-Wunused-parameter]
37356 | static PyObject *f2py_rout__pysimple_f90wrap_params__set__slowrate(const PyObject *capi_self,
      |                                                                    ~~~~~~~~~~~~~~~~^~~~~~~~~
/proj/plasma/CODE/ert/SIMPLE/build/python/_pysimplemodule.c: In function ‘f2py_rout__pysimple_f90wrap_params__get__dchichi_norm’:
/proj/plasma/CODE/ert/SIMPLE/build/python/_pysimplemodule.c:37436:88: warning: unused parameter ‘capi_self’ [-Wunused-parameter]
37436 | static PyObject *f2py_rout__pysimple_f90wrap_params__get__dchichi_norm(const PyObject *capi_self,
      |                                                                        ~~~~~~~~~~~~~~~~^~~~~~~~~
/proj/plasma/CODE/ert/SIMPLE/build/python/_pysimplemodule.c: In function ‘f2py_rout__pysimple_f90wrap_params__set__dchichi_norm’:
/proj/plasma/CODE/ert/SIMPLE/build/python/_pysimplemodule.c:37512:88: warning: unused parameter ‘capi_self’ [-Wunused-parameter]
37512 | static PyObject *f2py_rout__pysimple_f90wrap_params__set__dchichi_norm(const PyObject *capi_self,
      |                                                                        ~~~~~~~~~~~~~~~~^~~~~~~~~
/proj/plasma/CODE/ert/SIMPLE/build/python/_pysimplemodule.c: In function ‘f2py_rout__pysimple_f90wrap_params__get__slowrate_norm’:
/proj/plasma/CODE/ert/SIMPLE/build/python/_pysimplemodule.c:37592:89: warning: unused parameter ‘capi_self’ [-Wunused-parameter]
37592 | static PyObject *f2py_rout__pysimple_f90wrap_params__get__slowrate_norm(const PyObject *capi_self,
      |                                                                         ~~~~~~~~~~~~~~~~^~~~~~~~~
/proj/plasma/CODE/ert/SIMPLE/build/python/_pysimplemodule.c: In function ‘f2py_rout__pysimple_f90wrap_params__set__slowrate_norm’:
/proj/plasma/CODE/ert/SIMPLE/build/python/_pysimplemodule.c:37668:89: warning: unused parameter ‘capi_self’ [-Wunused-parameter]
37668 | static PyObject *f2py_rout__pysimple_f90wrap_params__set__slowrate_norm(const PyObject *capi_self,
      |                                                                         ~~~~~~~~~~~~~~~~^~~~~~~~~
/proj/plasma/CODE/ert/SIMPLE/build/python/_pysimplemodule.c: In function ‘f2py_rout__pysimple_f90wrap_params__get__deterministic’:
/proj/plasma/CODE/ert/SIMPLE/build/python/_pysimplemodule.c:37748:89: warning: unused parameter ‘capi_self’ [-Wunused-parameter]
37748 | static PyObject *f2py_rout__pysimple_f90wrap_params__get__deterministic(const PyObject *capi_self,
      |                                                                         ~~~~~~~~~~~~~~~~^~~~~~~~~
/proj/plasma/CODE/ert/SIMPLE/build/python/_pysimplemodule.c: In function ‘f2py_rout__pysimple_f90wrap_params__set__deterministic’:
/proj/plasma/CODE/ert/SIMPLE/build/python/_pysimplemodule.c:37824:89: warning: unused parameter ‘capi_self’ [-Wunused-parameter]
37824 | static PyObject *f2py_rout__pysimple_f90wrap_params__set__deterministic(const PyObject *capi_self,
      |                                                                         ~~~~~~~~~~~~~~~~^~~~~~~~~
/proj/plasma/CODE/ert/SIMPLE/build/python/_pysimplemodule.c: In function ‘f2py_rout__pysimple_f90wrap_params__get__notrace_passing’:
/proj/plasma/CODE/ert/SIMPLE/build/python/_pysimplemodule.c:37905:91: warning: unused parameter ‘capi_self’ [-Wunused-parameter]
37905 | static PyObject *f2py_rout__pysimple_f90wrap_params__get__notrace_passing(const PyObject *capi_self,
      |                                                                           ~~~~~~~~~~~~~~~~^~~~~~~~~
/proj/plasma/CODE/ert/SIMPLE/build/python/_pysimplemodule.c: In function ‘f2py_rout__pysimple_f90wrap_params__set__notrace_passing’:
/proj/plasma/CODE/ert/SIMPLE/build/python/_pysimplemodule.c:37981:91: warning: unused parameter ‘capi_self’ [-Wunused-parameter]
37981 | static PyObject *f2py_rout__pysimple_f90wrap_params__set__notrace_passing(const PyObject *capi_self,
      |                                                                           ~~~~~~~~~~~~~~~~^~~~~~~~~
/proj/plasma/CODE/ert/SIMPLE/build/python/_pysimplemodule.c: In function ‘f2py_rout__pysimple_f90wrap_params__get__face_al’:
/proj/plasma/CODE/ert/SIMPLE/build/python/_pysimplemodule.c:38061:83: warning: unused parameter ‘capi_self’ [-Wunused-parameter]
38061 | static PyObject *f2py_rout__pysimple_f90wrap_params__get__face_al(const PyObject *capi_self,
      |                                                                   ~~~~~~~~~~~~~~~~^~~~~~~~~
/proj/plasma/CODE/ert/SIMPLE/build/python/_pysimplemodule.c: In function ‘f2py_rout__pysimple_f90wrap_params__set__face_al’:
/proj/plasma/CODE/ert/SIMPLE/build/python/_pysimplemodule.c:38137:83: warning: unused parameter ‘capi_self’ [-Wunused-parameter]
38137 | static PyObject *f2py_rout__pysimple_f90wrap_params__set__face_al(const PyObject *capi_self,
      |                                                                   ~~~~~~~~~~~~~~~~^~~~~~~~~
/proj/plasma/CODE/ert/SIMPLE/build/python/_pysimplemodule.c: In function ‘f2py_rout__pysimple_f90wrap_params__get__trace_time’:
/proj/plasma/CODE/ert/SIMPLE/build/python/_pysimplemodule.c:38217:86: warning: unused parameter ‘capi_self’ [-Wunused-parameter]
38217 | static PyObject *f2py_rout__pysimple_f90wrap_params__get__trace_time(const PyObject *capi_self,
      |                                                                      ~~~~~~~~~~~~~~~~^~~~~~~~~
/proj/plasma/CODE/ert/SIMPLE/build/python/_pysimplemodule.c: In function ‘f2py_rout__pysimple_f90wrap_params__set__trace_time’:
/proj/plasma/CODE/ert/SIMPLE/build/python/_pysimplemodule.c:38293:86: warning: unused parameter ‘capi_self’ [-Wunused-parameter]
38293 | static PyObject *f2py_rout__pysimple_f90wrap_params__set__trace_time(const PyObject *capi_self,
      |                                                                      ~~~~~~~~~~~~~~~~^~~~~~~~~
/proj/plasma/CODE/ert/SIMPLE/build/python/_pysimplemodule.c: In function ‘f2py_rout__pysimple_f90wrap_params__get__ntimstep’:
/proj/plasma/CODE/ert/SIMPLE/build/python/_pysimplemodule.c:38373:84: warning: unused parameter ‘capi_self’ [-Wunused-parameter]
38373 | static PyObject *f2py_rout__pysimple_f90wrap_params__get__ntimstep(const PyObject *capi_self,
      |                                                                    ~~~~~~~~~~~~~~~~^~~~~~~~~
/proj/plasma/CODE/ert/SIMPLE/build/python/_pysimplemodule.c: In function ‘f2py_rout__pysimple_f90wrap_params__set__ntimstep’:
/proj/plasma/CODE/ert/SIMPLE/build/python/_pysimplemodule.c:38449:84: warning: unused parameter ‘capi_self’ [-Wunused-parameter]
38449 | static PyObject *f2py_rout__pysimple_f90wrap_params__set__ntimstep(const PyObject *capi_self,
      |                                                                    ~~~~~~~~~~~~~~~~^~~~~~~~~
/proj/plasma/CODE/ert/SIMPLE/build/python/_pysimplemodule.c: In function ‘f2py_rout__pysimple_f90wrap_params__get__npoiper’:
/proj/plasma/CODE/ert/SIMPLE/build/python/_pysimplemodule.c:38529:83: warning: unused parameter ‘capi_self’ [-Wunused-parameter]
38529 | static PyObject *f2py_rout__pysimple_f90wrap_params__get__npoiper(const PyObject *capi_self,
      |                                                                   ~~~~~~~~~~~~~~~~^~~~~~~~~
/proj/plasma/CODE/ert/SIMPLE/build/python/_pysimplemodule.c: In function ‘f2py_rout__pysimple_f90wrap_params__set__npoiper’:
/proj/plasma/CODE/ert/SIMPLE/build/python/_pysimplemodule.c:38605:83: warning: unused parameter ‘capi_self’ [-Wunused-parameter]
38605 | static PyObject *f2py_rout__pysimple_f90wrap_params__set__npoiper(const PyObject *capi_self,
      |                                                                   ~~~~~~~~~~~~~~~~^~~~~~~~~
/proj/plasma/CODE/ert/SIMPLE/build/python/_pysimplemodule.c: In function ‘f2py_rout__pysimple_f90wrap_params__get__npoiper2’:
/proj/plasma/CODE/ert/SIMPLE/build/python/_pysimplemodule.c:38685:84: warning: unused parameter ‘capi_self’ [-Wunused-parameter]
38685 | static PyObject *f2py_rout__pysimple_f90wrap_params__get__npoiper2(const PyObject *capi_self,
      |                                                                    ~~~~~~~~~~~~~~~~^~~~~~~~~
/proj/plasma/CODE/ert/SIMPLE/build/python/_pysimplemodule.c: In function ‘f2py_rout__pysimple_f90wrap_params__set__npoiper2’:
/proj/plasma/CODE/ert/SIMPLE/build/python/_pysimplemodule.c:38761:84: warning: unused parameter ‘capi_self’ [-Wunused-parameter]
38761 | static PyObject *f2py_rout__pysimple_f90wrap_params__set__npoiper2(const PyObject *capi_self,
      |                                                                    ~~~~~~~~~~~~~~~~^~~~~~~~~
/proj/plasma/CODE/ert/SIMPLE/build/python/_pysimplemodule.c: In function ‘f2py_rout__pysimple_f90wrap_params__get__n_e’:
/proj/plasma/CODE/ert/SIMPLE/build/python/_pysimplemodule.c:38841:79: warning: unused parameter ‘capi_self’ [-Wunused-parameter]
38841 | static PyObject *f2py_rout__pysimple_f90wrap_params__get__n_e(const PyObject *capi_self,
      |                                                               ~~~~~~~~~~~~~~~~^~~~~~~~~
/proj/plasma/CODE/ert/SIMPLE/build/python/_pysimplemodule.c: In function ‘f2py_rout__pysimple_f90wrap_params__set__n_e’:
/proj/plasma/CODE/ert/SIMPLE/build/python/_pysimplemodule.c:38917:79: warning: unused parameter ‘capi_self’ [-Wunused-parameter]
38917 | static PyObject *f2py_rout__pysimple_f90wrap_params__set__n_e(const PyObject *capi_self,
      |                                                               ~~~~~~~~~~~~~~~~^~~~~~~~~
/proj/plasma/CODE/ert/SIMPLE/build/python/_pysimplemodule.c: In function ‘f2py_rout__pysimple_f90wrap_params__get__n_d’:
/proj/plasma/CODE/ert/SIMPLE/build/python/_pysimplemodule.c:38997:79: warning: unused parameter ‘capi_self’ [-Wunused-parameter]
38997 | static PyObject *f2py_rout__pysimple_f90wrap_params__get__n_d(const PyObject *capi_self,
      |                                                               ~~~~~~~~~~~~~~~~^~~~~~~~~
/proj/plasma/CODE/ert/SIMPLE/build/python/_pysimplemodule.c: In function ‘f2py_rout__pysimple_f90wrap_params__set__n_d’:
/proj/plasma/CODE/ert/SIMPLE/build/python/_pysimplemodule.c:39073:79: warning: unused parameter ‘capi_self’ [-Wunused-parameter]
39073 | static PyObject *f2py_rout__pysimple_f90wrap_params__set__n_d(const PyObject *capi_self,
      |                                                               ~~~~~~~~~~~~~~~~^~~~~~~~~
/proj/plasma/CODE/ert/SIMPLE/build/python/_pysimplemodule.c: In function ‘f2py_rout__pysimple_f90wrap_params__get__v0’:
/proj/plasma/CODE/ert/SIMPLE/build/python/_pysimplemodule.c:39153:78: warning: unused parameter ‘capi_self’ [-Wunused-parameter]
39153 | static PyObject *f2py_rout__pysimple_f90wrap_params__get__v0(const PyObject *capi_self,
      |                                                              ~~~~~~~~~~~~~~~~^~~~~~~~~
/proj/plasma/CODE/ert/SIMPLE/build/python/_pysimplemodule.c: In function ‘f2py_rout__pysimple_f90wrap_params__set__v0’:
/proj/plasma/CODE/ert/SIMPLE/build/python/_pysimplemodule.c:39229:78: warning: unused parameter ‘capi_self’ [-Wunused-parameter]
39229 | static PyObject *f2py_rout__pysimple_f90wrap_params__set__v0(const PyObject *capi_self,
      |                                                              ~~~~~~~~~~~~~~~~^~~~~~~~~
/proj/plasma/CODE/ert/SIMPLE/build/python/_pysimplemodule.c: In function ‘f2py_rout__pysimple_f90wrap_params__get__debug’:
/proj/plasma/CODE/ert/SIMPLE/build/python/_pysimplemodule.c:39309:81: warning: unused parameter ‘capi_self’ [-Wunused-parameter]
39309 | static PyObject *f2py_rout__pysimple_f90wrap_params__get__debug(const PyObject *capi_self,
      |                                                                 ~~~~~~~~~~~~~~~~^~~~~~~~~
/proj/plasma/CODE/ert/SIMPLE/build/python/_pysimplemodule.c: In function ‘f2py_rout__pysimple_f90wrap_params__set__debug’:
/proj/plasma/CODE/ert/SIMPLE/build/python/_pysimplemodule.c:39385:81: warning: unused parameter ‘capi_self’ [-Wunused-parameter]
39385 | static PyObject *f2py_rout__pysimple_f90wrap_params__set__debug(const PyObject *capi_self,
      |                                                                 ~~~~~~~~~~~~~~~~^~~~~~~~~
/proj/plasma/CODE/ert/SIMPLE/build/python/_pysimplemodule.c: In function ‘f2py_rout__pysimple_f90wrap_params__get__ierr’:
/proj/plasma/CODE/ert/SIMPLE/build/python/_pysimplemodule.c:39466:80: warning: unused parameter ‘capi_self’ [-Wunused-parameter]
39466 | static PyObject *f2py_rout__pysimple_f90wrap_params__get__ierr(const PyObject *capi_self,
      |                                                                ~~~~~~~~~~~~~~~~^~~~~~~~~
/proj/plasma/CODE/ert/SIMPLE/build/python/_pysimplemodule.c: In function ‘f2py_rout__pysimple_f90wrap_params__set__ierr’:
/proj/plasma/CODE/ert/SIMPLE/build/python/_pysimplemodule.c:39542:80: warning: unused parameter ‘capi_self’ [-Wunused-parameter]
39542 | static PyObject *f2py_rout__pysimple_f90wrap_params__set__ierr(const PyObject *capi_self,
      |                                                                ~~~~~~~~~~~~~~~~^~~~~~~~~
/proj/plasma/CODE/ert/SIMPLE/build/python/_pysimplemodule.c: In function ‘f2py_rout__pysimple_f90wrap_params__get__batch_size’:
/proj/plasma/CODE/ert/SIMPLE/build/python/_pysimplemodule.c:39622:86: warning: unused parameter ‘capi_self’ [-Wunused-parameter]
39622 | static PyObject *f2py_rout__pysimple_f90wrap_params__get__batch_size(const PyObject *capi_self,
      |                                                                      ~~~~~~~~~~~~~~~~^~~~~~~~~
/proj/plasma/CODE/ert/SIMPLE/build/python/_pysimplemodule.c: In function ‘f2py_rout__pysimple_f90wrap_params__set__batch_size’:
/proj/plasma/CODE/ert/SIMPLE/build/python/_pysimplemodule.c:39698:86: warning: unused parameter ‘capi_self’ [-Wunused-parameter]
39698 | static PyObject *f2py_rout__pysimple_f90wrap_params__set__batch_size(const PyObject *capi_self,
      |                                                                      ~~~~~~~~~~~~~~~~^~~~~~~~~
/proj/plasma/CODE/ert/SIMPLE/build/python/_pysimplemodule.c: In function ‘f2py_rout__pysimple_f90wrap_params__get__ran_seed’:
/proj/plasma/CODE/ert/SIMPLE/build/python/_pysimplemodule.c:39778:84: warning: unused parameter ‘capi_self’ [-Wunused-parameter]
39778 | static PyObject *f2py_rout__pysimple_f90wrap_params__get__ran_seed(const PyObject *capi_self,
      |                                                                    ~~~~~~~~~~~~~~~~^~~~~~~~~
/proj/plasma/CODE/ert/SIMPLE/build/python/_pysimplemodule.c: In function ‘f2py_rout__pysimple_f90wrap_params__set__ran_seed’:
/proj/plasma/CODE/ert/SIMPLE/build/python/_pysimplemodule.c:39854:84: warning: unused parameter ‘capi_self’ [-Wunused-parameter]
39854 | static PyObject *f2py_rout__pysimple_f90wrap_params__set__ran_seed(const PyObject *capi_self,
      |                                                                    ~~~~~~~~~~~~~~~~^~~~~~~~~
/proj/plasma/CODE/ert/SIMPLE/build/python/_pysimplemodule.c: In function ‘f2py_rout__pysimple_f90wrap_params__get__num_surf’:
/proj/plasma/CODE/ert/SIMPLE/build/python/_pysimplemodule.c:39934:84: warning: unused parameter ‘capi_self’ [-Wunused-parameter]
39934 | static PyObject *f2py_rout__pysimple_f90wrap_params__get__num_surf(const PyObject *capi_self,
      |                                                                    ~~~~~~~~~~~~~~~~^~~~~~~~~
/proj/plasma/CODE/ert/SIMPLE/build/python/_pysimplemodule.c: In function ‘f2py_rout__pysimple_f90wrap_params__set__num_surf’:
/proj/plasma/CODE/ert/SIMPLE/build/python/_pysimplemodule.c:40010:84: warning: unused parameter ‘capi_self’ [-Wunused-parameter]
40010 | static PyObject *f2py_rout__pysimple_f90wrap_params__set__num_surf(const PyObject *capi_self,
      |                                                                    ~~~~~~~~~~~~~~~~^~~~~~~~~
/proj/plasma/CODE/ert/SIMPLE/build/python/_pysimplemodule.c: In function ‘f2py_rout__pysimple_f90wrap_params__get__reuse_batch’:
/proj/plasma/CODE/ert/SIMPLE/build/python/_pysimplemodule.c:40090:87: warning: unused parameter ‘capi_self’ [-Wunused-parameter]
40090 | static PyObject *f2py_rout__pysimple_f90wrap_params__get__reuse_batch(const PyObject *capi_self,
      |                                                                       ~~~~~~~~~~~~~~~~^~~~~~~~~
/proj/plasma/CODE/ert/SIMPLE/build/python/_pysimplemodule.c: In function ‘f2py_rout__pysimple_f90wrap_params__set__reuse_batch’:
/proj/plasma/CODE/ert/SIMPLE/build/python/_pysimplemodule.c:40166:87: warning: unused parameter ‘capi_self’ [-Wunused-parameter]
40166 | static PyObject *f2py_rout__pysimple_f90wrap_params__set__reuse_batch(const PyObject *capi_self,
      |                                                                       ~~~~~~~~~~~~~~~~^~~~~~~~~
/proj/plasma/CODE/ert/SIMPLE/build/python/_pysimplemodule.c: In function ‘f2py_rout__pysimple_f90wrap_params__array__idx’:
/proj/plasma/CODE/ert/SIMPLE/build/python/_pysimplemodule.c:40252:81: warning: unused parameter ‘capi_self’ [-Wunused-parameter]
40252 | static PyObject *f2py_rout__pysimple_f90wrap_params__array__idx(const PyObject *capi_self,
      |                                                                 ~~~~~~~~~~~~~~~~^~~~~~~~~
/proj/plasma/CODE/ert/SIMPLE/build/python/_pysimplemodule.c: In function ‘f2py_rout__pysimple_f90wrap_params__get__field_input’:
/proj/plasma/CODE/ert/SIMPLE/build/python/_pysimplemodule.c:40379:87: warning: unused parameter ‘capi_self’ [-Wunused-parameter]
40379 | static PyObject *f2py_rout__pysimple_f90wrap_params__get__field_input(const PyObject *capi_self,
      |                                                                       ~~~~~~~~~~~~~~~~^~~~~~~~~
/proj/plasma/CODE/ert/SIMPLE/build/python/_pysimplemodule.c: In function ‘f2py_rout__pysimple_f90wrap_params__set__field_input’:
/proj/plasma/CODE/ert/SIMPLE/build/python/_pysimplemodule.c:40464:87: warning: unused parameter ‘capi_self’ [-Wunused-parameter]
40464 | static PyObject *f2py_rout__pysimple_f90wrap_params__set__field_input(const PyObject *capi_self,
      |                                                                       ~~~~~~~~~~~~~~~~^~~~~~~~~
/proj/plasma/CODE/ert/SIMPLE/build/python/_pysimplemodule.c: In function ‘f2py_rout__pysimple_f90wrap_vmecin_sub__vmecin’:
/proj/plasma/CODE/ert/SIMPLE/build/python/_pysimplemodule.c:40564:81: warning: unused parameter ‘capi_self’ [-Wunused-parameter]
40564 | static PyObject *f2py_rout__pysimple_f90wrap_vmecin_sub__vmecin(const PyObject *capi_self,
      |                                                                 ~~~~~~~~~~~~~~~~^~~~~~~~~
/proj/plasma/CODE/ert/SIMPLE/build/python/_pysimplemodule.c: In function ‘f2py_rout__pysimple_f90wrap_vmecin_sub__stevvo’:
/proj/plasma/CODE/ert/SIMPLE/build/python/_pysimplemodule.c:41062:81: warning: unused parameter ‘capi_self’ [-Wunused-parameter]
41062 | static PyObject *f2py_rout__pysimple_f90wrap_vmecin_sub__stevvo(const PyObject *capi_self,
      |                                                                 ~~~~~~~~~~~~~~~~^~~~~~~~~
/proj/plasma/CODE/ert/SIMPLE/build/python/_pysimplemodule.c: In function ‘f2py_rout__pysimple_f90wrap_vmec_alloc_sub__new_allocate_vmec_stuff’:
/proj/plasma/CODE/ert/SIMPLE/build/python/_pysimplemodule.c:41176:102: warning: unused parameter ‘capi_self’ [-Wunused-parameter]
41176 | static PyObject *f2py_rout__pysimple_f90wrap_vmec_alloc_sub__new_allocate_vmec_stuff(const PyObject *capi_self,
      |                                                                                      ~~~~~~~~~~~~~~~~^~~~~~~~~
/proj/plasma/CODE/ert/SIMPLE/build/python/_pysimplemodule.c: In function ‘f2py_rout__pysimple_f90wrap_vmec_alloc_sub__new_deallocate_vmec_stuff’:
/proj/plasma/CODE/ert/SIMPLE/build/python/_pysimplemodule.c:41248:104: warning: unused parameter ‘capi_self’ [-Wunused-parameter]
41248 | static PyObject *f2py_rout__pysimple_f90wrap_vmec_alloc_sub__new_deallocate_vmec_stuff(const PyObject *capi_self,
      |                                                                                        ~~~~~~~~~~~~~~~~^~~~~~~~~
/proj/plasma/CODE/ert/SIMPLE/build/python/_pysimplemodule.c: In function ‘f2py_rout__pysimple_f90wrap_spline_vmec_sub__splint_iota’:
/proj/plasma/CODE/ert/SIMPLE/build/python/_pysimplemodule.c:41323:91: warning: unused parameter ‘capi_self’ [-Wunused-parameter]
41323 | static PyObject *f2py_rout__pysimple_f90wrap_spline_vmec_sub__splint_iota(const PyObject *capi_self,
      |                                                                           ~~~~~~~~~~~~~~~~^~~~~~~~~
/proj/plasma/CODE/ert/SIMPLE/build/python/_pysimplemodule.c: In function ‘f2py_rout__pysimple_f90wrap_spline_vmec_sub__determine_nheal_for_axis’:
/proj/plasma/CODE/ert/SIMPLE/build/python/_pysimplemodule.c:41421:104: warning: unused parameter ‘capi_self’ [-Wunused-parameter]
41421 | static PyObject *f2py_rout__pysimple_f90wrap_spline_vmec_sub__determine_nheal_for_axis(const PyObject *capi_self,
      |                                                                                        ~~~~~~~~~~~~~~~~^~~~~~~~~
/proj/plasma/CODE/ert/SIMPLE/build/python/_pysimplemodule.c: In function ‘f2py_rout__pysimple_f90wrap_spline_vmec_sub__compute_metric_tensor’:
/proj/plasma/CODE/ert/SIMPLE/build/python/_pysimplemodule.c:41553:101: warning: unused parameter ‘capi_self’ [-Wunused-parameter]
41553 | static PyObject *f2py_rout__pysimple_f90wrap_spline_vmec_sub__compute_metric_tensor(const PyObject *capi_self,
      |                                                                                     ~~~~~~~~~~~~~~~~^~~~~~~~~
/proj/plasma/CODE/ert/SIMPLE/build/python/_pysimplemodule.c: In function ‘f2py_rout__pysimple_f90wrap_spline_vmec_sub__vmec_field’:
/proj/plasma/CODE/ert/SIMPLE/build/python/_pysimplemodule.c:41741:90: warning: unused parameter ‘capi_self’ [-Wunused-parameter]
41741 | static PyObject *f2py_rout__pysimple_f90wrap_spline_vmec_sub__vmec_field(const PyObject *capi_self,
      |                                                                          ~~~~~~~~~~~~~~~~^~~~~~~~~
/proj/plasma/CODE/ert/SIMPLE/build/python/_pysimplemodule.c: In function ‘f2py_rout__pysimple_f90wrap_spline_vmec_sub__splint_lambda’:
/proj/plasma/CODE/ert/SIMPLE/build/python/_pysimplemodule.c:41884:93: warning: unused parameter ‘capi_self’ [-Wunused-parameter]
41884 | static PyObject *f2py_rout__pysimple_f90wrap_spline_vmec_sub__splint_lambda(const PyObject *capi_self,
      |                                                                             ~~~~~~~~~~~~~~~~^~~~~~~~~
/proj/plasma/CODE/ert/SIMPLE/build/python/_pysimplemodule.c: In function ‘f2py_rout__pysimple_f90wrap_spline_vmec_sub__s_to_rho_healaxis’:
/proj/plasma/CODE/ert/SIMPLE/build/python/_pysimplemodule.c:41997:97: warning: unused parameter ‘capi_self’ [-Wunused-parameter]
41997 | static PyObject *f2py_rout__pysimple_f90wrap_spline_vmec_sub__s_to_rho_healaxis(const PyObject *capi_self,
      |                                                                                 ~~~~~~~~~~~~~~~~^~~~~~~~~
/proj/plasma/CODE/ert/SIMPLE/build/python/_pysimplemodule.c: In function ‘f2py_rout__pysimple_f90wrap_spline_vmec_sub__spline_vmec_data’:
/proj/plasma/CODE/ert/SIMPLE/build/python/_pysimplemodule.c:42157:96: warning: unused parameter ‘capi_self’ [-Wunused-parameter]
42157 | static PyObject *f2py_rout__pysimple_f90wrap_spline_vmec_sub__spline_vmec_data(const PyObject *capi_self,
      |                                                                                ~~~~~~~~~~~~~~~~^~~~~~~~~
/proj/plasma/CODE/ert/SIMPLE/build/python/_pysimplemodule.c: In function ‘f2py_rout__pysimple_f90wrap_spline_vmec_sub__volume_and_b00’:
/proj/plasma/CODE/ert/SIMPLE/build/python/_pysimplemodule.c:42231:94: warning: unused parameter ‘capi_self’ [-Wunused-parameter]
42231 | static PyObject *f2py_rout__pysimple_f90wrap_spline_vmec_sub__volume_and_b00(const PyObject *capi_self,
      |                                                                              ~~~~~~~~~~~~~~~~^~~~~~~~~
/proj/plasma/CODE/ert/SIMPLE/build/python/_pysimplemodule.c: In function ‘f2py_rout__pysimple_f90wrap_spline_vmec_sub__compute_field_components’:
/proj/plasma/CODE/ert/SIMPLE/build/python/_pysimplemodule.c:42336:104: warning: unused parameter ‘capi_self’ [-Wunused-parameter]
42336 | static PyObject *f2py_rout__pysimple_f90wrap_spline_vmec_sub__compute_field_components(const PyObject *capi_self,
      |                                                                                        ~~~~~~~~~~~~~~~~^~~~~~~~~
/proj/plasma/CODE/ert/SIMPLE/build/python/_pysimplemodule.c: In function ‘f2py_rout__pysimple_f90wrap_spline_vmec_sub__deallocate_vmec_spline’:
/proj/plasma/CODE/ert/SIMPLE/build/python/_pysimplemodule.c:42511:102: warning: unused parameter ‘capi_self’ [-Wunused-parameter]
42511 | static PyObject *f2py_rout__pysimple_f90wrap_spline_vmec_sub__deallocate_vmec_spline(const PyObject *capi_self,
      |                                                                                      ~~~~~~~~~~~~~~~~^~~~~~~~~
/proj/plasma/CODE/ert/SIMPLE/build/python/_pysimplemodule.c: In function ‘f2py_rout__pysimple_f90wrap_spline_vmec_sub__splint_vmec_data’:
/proj/plasma/CODE/ert/SIMPLE/build/python/_pysimplemodule.c:42611:96: warning: unused parameter ‘capi_self’ [-Wunused-parameter]
42611 | static PyObject *f2py_rout__pysimple_f90wrap_spline_vmec_sub__splint_vmec_data(const PyObject *capi_self,
      |                                                                                ~~~~~~~~~~~~~~~~^~~~~~~~~
/proj/plasma/CODE/ert/SIMPLE/build/python/_pysimplemodule.c: In function ‘f2py_rout__pysimple_f90wrap_magfie_sub__init_magfie’:
/proj/plasma/CODE/ert/SIMPLE/build/python/_pysimplemodule.c:42756:86: warning: unused parameter ‘capi_self’ [-Wunused-parameter]
42756 | static PyObject *f2py_rout__pysimple_f90wrap_magfie_sub__init_magfie(const PyObject *capi_self,
      |                                                                      ~~~~~~~~~~~~~~~~^~~~~~~~~
/proj/plasma/CODE/ert/SIMPLE/build/python/_pysimplemodule.c: In function ‘f2py_rout__pysimple_f90wrap_magfie_sub__magfie_boozer’:
/proj/plasma/CODE/ert/SIMPLE/build/python/_pysimplemodule.c:42843:88: warning: unused parameter ‘capi_self’ [-Wunused-parameter]
42843 | static PyObject *f2py_rout__pysimple_f90wrap_magfie_sub__magfie_boozer(const PyObject *capi_self,
      |                                                                        ~~~~~~~~~~~~~~~~^~~~~~~~~
/proj/plasma/CODE/ert/SIMPLE/build/python/_pysimplemodule.c: In function ‘f2py_rout__pysimple_f90wrap_magfie_sub__magfie_can’:
/proj/plasma/CODE/ert/SIMPLE/build/python/_pysimplemodule.c:43049:85: warning: unused parameter ‘capi_self’ [-Wunused-parameter]
43049 | static PyObject *f2py_rout__pysimple_f90wrap_magfie_sub__magfie_can(const PyObject *capi_self,
      |                                                                     ~~~~~~~~~~~~~~~~^~~~~~~~~
/proj/plasma/CODE/ert/SIMPLE/build/python/_pysimplemodule.c: In function ‘f2py_rout__pysimple_f90wrap_magfie_sub__magfie_vmec’:
/proj/plasma/CODE/ert/SIMPLE/build/python/_pysimplemodule.c:43255:86: warning: unused parameter ‘capi_self’ [-Wunused-parameter]
43255 | static PyObject *f2py_rout__pysimple_f90wrap_magfie_sub__magfie_vmec(const PyObject *capi_self,
      |                                                                      ~~~~~~~~~~~~~~~~^~~~~~~~~
/proj/plasma/CODE/ert/SIMPLE/build/python/_pysimplemodule.c: In function ‘f2py_rout__pysimple_f90wrap_magfie_sub__get__test’:
/proj/plasma/CODE/ert/SIMPLE/build/python/_pysimplemodule.c:43454:84: warning: unused parameter ‘capi_self’ [-Wunused-parameter]
43454 | static PyObject *f2py_rout__pysimple_f90wrap_magfie_sub__get__test(const PyObject *capi_self,
      |                                                                    ~~~~~~~~~~~~~~~~^~~~~~~~~
/proj/plasma/CODE/ert/SIMPLE/build/python/_pysimplemodule.c: In function ‘f2py_rout__pysimple_f90wrap_magfie_sub__get__canflux’:
/proj/plasma/CODE/ert/SIMPLE/build/python/_pysimplemodule.c:43530:87: warning: unused parameter ‘capi_self’ [-Wunused-parameter]
43530 | static PyObject *f2py_rout__pysimple_f90wrap_magfie_sub__get__canflux(const PyObject *capi_self,
      |                                                                       ~~~~~~~~~~~~~~~~^~~~~~~~~
/proj/plasma/CODE/ert/SIMPLE/build/python/_pysimplemodule.c: In function ‘f2py_rout__pysimple_f90wrap_magfie_sub__get__vmec’:
/proj/plasma/CODE/ert/SIMPLE/build/python/_pysimplemodule.c:43606:84: warning: unused parameter ‘capi_self’ [-Wunused-parameter]
43606 | static PyObject *f2py_rout__pysimple_f90wrap_magfie_sub__get__vmec(const PyObject *capi_self,
      |                                                                    ~~~~~~~~~~~~~~~~^~~~~~~~~
/proj/plasma/CODE/ert/SIMPLE/build/python/_pysimplemodule.c: In function ‘f2py_rout__pysimple_f90wrap_magfie_sub__get__boozer’:
/proj/plasma/CODE/ert/SIMPLE/build/python/_pysimplemodule.c:43682:86: warning: unused parameter ‘capi_self’ [-Wunused-parameter]
43682 | static PyObject *f2py_rout__pysimple_f90wrap_magfie_sub__get__boozer(const PyObject *capi_self,
      |                                                                      ~~~~~~~~~~~~~~~~^~~~~~~~~
/proj/plasma/CODE/ert/SIMPLE/build/python/_pysimplemodule.c: In function ‘f2py_rout__pysimple_f90wrap_magfie_sub__get__meiss’:
/proj/plasma/CODE/ert/SIMPLE/build/python/_pysimplemodule.c:43758:85: warning: unused parameter ‘capi_self’ [-Wunused-parameter]
43758 | static PyObject *f2py_rout__pysimple_f90wrap_magfie_sub__get__meiss(const PyObject *capi_self,
      |                                                                     ~~~~~~~~~~~~~~~~^~~~~~~~~
/proj/plasma/CODE/ert/SIMPLE/build/python/_pysimplemodule.c: In function ‘f2py_rout__pysimple_f90wrap_magfie_sub__get__albert’:
/proj/plasma/CODE/ert/SIMPLE/build/python/_pysimplemodule.c:43834:86: warning: unused parameter ‘capi_self’ [-Wunused-parameter]
43834 | static PyObject *f2py_rout__pysimple_f90wrap_magfie_sub__get__albert(const PyObject *capi_self,
      |                                                                      ~~~~~~~~~~~~~~~~^~~~~~~~~
/proj/plasma/CODE/ert/SIMPLE/build/python/_pysimplemodule.c: In function ‘f2py_rout__pysimple_f90wrap_chamb_mod__get__rnegflag’:
/proj/plasma/CODE/ert/SIMPLE/build/python/_pysimplemodule.c:43910:87: warning: unused parameter ‘capi_self’ [-Wunused-parameter]
43910 | static PyObject *f2py_rout__pysimple_f90wrap_chamb_mod__get__rnegflag(const PyObject *capi_self,
      |                                                                       ~~~~~~~~~~~~~~~~^~~~~~~~~
/proj/plasma/CODE/ert/SIMPLE/build/python/_pysimplemodule.c: In function ‘f2py_rout__pysimple_f90wrap_chamb_mod__set__rnegflag’:
/proj/plasma/CODE/ert/SIMPLE/build/python/_pysimplemodule.c:43986:87: warning: unused parameter ‘capi_self’ [-Wunused-parameter]
43986 | static PyObject *f2py_rout__pysimple_f90wrap_chamb_mod__set__rnegflag(const PyObject *capi_self,
      |                                                                       ~~~~~~~~~~~~~~~~^~~~~~~~~
/proj/plasma/CODE/ert/SIMPLE/build/python/_pysimplemodule.c: In function ‘f2py_rout__pysimple_f90wrap_parmot_mod__get__rmu’:
/proj/plasma/CODE/ert/SIMPLE/build/python/_pysimplemodule.c:44067:83: warning: unused parameter ‘capi_self’ [-Wunused-parameter]
44067 | static PyObject *f2py_rout__pysimple_f90wrap_parmot_mod__get__rmu(const PyObject *capi_self,
      |                                                                   ~~~~~~~~~~~~~~~~^~~~~~~~~
/proj/plasma/CODE/ert/SIMPLE/build/python/_pysimplemodule.c: In function ‘f2py_rout__pysimple_f90wrap_parmot_mod__set__rmu’:
/proj/plasma/CODE/ert/SIMPLE/build/python/_pysimplemodule.c:44143:83: warning: unused parameter ‘capi_self’ [-Wunused-parameter]
44143 | static PyObject *f2py_rout__pysimple_f90wrap_parmot_mod__set__rmu(const PyObject *capi_self,
      |                                                                   ~~~~~~~~~~~~~~~~^~~~~~~~~
/proj/plasma/CODE/ert/SIMPLE/build/python/_pysimplemodule.c: In function ‘f2py_rout__pysimple_f90wrap_parmot_mod__get__ro0’:
/proj/plasma/CODE/ert/SIMPLE/build/python/_pysimplemodule.c:44223:83: warning: unused parameter ‘capi_self’ [-Wunused-parameter]
44223 | static PyObject *f2py_rout__pysimple_f90wrap_parmot_mod__get__ro0(const PyObject *capi_self,
      |                                                                   ~~~~~~~~~~~~~~~~^~~~~~~~~
/proj/plasma/CODE/ert/SIMPLE/build/python/_pysimplemodule.c: In function ‘f2py_rout__pysimple_f90wrap_parmot_mod__set__ro0’:
/proj/plasma/CODE/ert/SIMPLE/build/python/_pysimplemodule.c:44299:83: warning: unused parameter ‘capi_self’ [-Wunused-parameter]
44299 | static PyObject *f2py_rout__pysimple_f90wrap_parmot_mod__set__ro0(const PyObject *capi_self,
      |                                                                   ~~~~~~~~~~~~~~~~^~~~~~~~~
/proj/plasma/CODE/ert/SIMPLE/build/python/_pysimplemodule.c: In function ‘f2py_rout__pysimple_f90wrap_parmot_mod__get__eeff’:
/proj/plasma/CODE/ert/SIMPLE/build/python/_pysimplemodule.c:44379:84: warning: unused parameter ‘capi_self’ [-Wunused-parameter]
44379 | static PyObject *f2py_rout__pysimple_f90wrap_parmot_mod__get__eeff(const PyObject *capi_self,
      |                                                                    ~~~~~~~~~~~~~~~~^~~~~~~~~
/proj/plasma/CODE/ert/SIMPLE/build/python/_pysimplemodule.c: In function ‘f2py_rout__pysimple_f90wrap_parmot_mod__set__eeff’:
/proj/plasma/CODE/ert/SIMPLE/build/python/_pysimplemodule.c:44455:84: warning: unused parameter ‘capi_self’ [-Wunused-parameter]
44455 | static PyObject *f2py_rout__pysimple_f90wrap_parmot_mod__set__eeff(const PyObject *capi_self,
      |                                                                    ~~~~~~~~~~~~~~~~^~~~~~~~~
/proj/plasma/CODE/ert/SIMPLE/build/python/_pysimplemodule.c: In function ‘f2py_rout__pysimple_f90wrap_new_vmec_stuff_mod__get__nsurfm’:
/proj/plasma/CODE/ert/SIMPLE/build/python/_pysimplemodule.c:44535:94: warning: unused parameter ‘capi_self’ [-Wunused-parameter]
44535 | static PyObject *f2py_rout__pysimple_f90wrap_new_vmec_stuff_mod__get__nsurfm(const PyObject *capi_self,
      |                                                                              ~~~~~~~~~~~~~~~~^~~~~~~~~
/proj/plasma/CODE/ert/SIMPLE/build/python/_pysimplemodule.c: In function ‘f2py_rout__pysimple_f90wrap_new_vmec_stuff_mod__set__nsurfm’:
/proj/plasma/CODE/ert/SIMPLE/build/python/_pysimplemodule.c:44611:94: warning: unused parameter ‘capi_self’ [-Wunused-parameter]
44611 | static PyObject *f2py_rout__pysimple_f90wrap_new_vmec_stuff_mod__set__nsurfm(const PyObject *capi_self,
      |                                                                              ~~~~~~~~~~~~~~~~^~~~~~~~~
/proj/plasma/CODE/ert/SIMPLE/build/python/_pysimplemodule.c: In function ‘f2py_rout__pysimple_f90wrap_new_vmec_stuff_mod__get__nstrm’:
/proj/plasma/CODE/ert/SIMPLE/build/python/_pysimplemodule.c:44691:93: warning: unused parameter ‘capi_self’ [-Wunused-parameter]
44691 | static PyObject *f2py_rout__pysimple_f90wrap_new_vmec_stuff_mod__get__nstrm(const PyObject *capi_self,
      |                                                                             ~~~~~~~~~~~~~~~~^~~~~~~~~
/proj/plasma/CODE/ert/SIMPLE/build/python/_pysimplemodule.c: In function ‘f2py_rout__pysimple_f90wrap_new_vmec_stuff_mod__set__nstrm’:
/proj/plasma/CODE/ert/SIMPLE/build/python/_pysimplemodule.c:44767:93: warning: unused parameter ‘capi_self’ [-Wunused-parameter]
44767 | static PyObject *f2py_rout__pysimple_f90wrap_new_vmec_stuff_mod__set__nstrm(const PyObject *capi_self,
      |                                                                             ~~~~~~~~~~~~~~~~^~~~~~~~~
/proj/plasma/CODE/ert/SIMPLE/build/python/_pysimplemodule.c: In function ‘f2py_rout__pysimple_f90wrap_new_vmec_stuff_mod__get__nper’:
/proj/plasma/CODE/ert/SIMPLE/build/python/_pysimplemodule.c:44847:92: warning: unused parameter ‘capi_self’ [-Wunused-parameter]
44847 | static PyObject *f2py_rout__pysimple_f90wrap_new_vmec_stuff_mod__get__nper(const PyObject *capi_self,
      |                                                                            ~~~~~~~~~~~~~~~~^~~~~~~~~
/proj/plasma/CODE/ert/SIMPLE/build/python/_pysimplemodule.c: In function ‘f2py_rout__pysimple_f90wrap_new_vmec_stuff_mod__set__nper’:
/proj/plasma/CODE/ert/SIMPLE/build/python/_pysimplemodule.c:44923:92: warning: unused parameter ‘capi_self’ [-Wunused-parameter]
44923 | static PyObject *f2py_rout__pysimple_f90wrap_new_vmec_stuff_mod__set__nper(const PyObject *capi_self,
      |                                                                            ~~~~~~~~~~~~~~~~^~~~~~~~~
/proj/plasma/CODE/ert/SIMPLE/build/python/_pysimplemodule.c: In function ‘f2py_rout__pysimple_f90wrap_new_vmec_stuff_mod__get__kpar’:
/proj/plasma/CODE/ert/SIMPLE/build/python/_pysimplemodule.c:45003:92: warning: unused parameter ‘capi_self’ [-Wunused-parameter]
45003 | static PyObject *f2py_rout__pysimple_f90wrap_new_vmec_stuff_mod__get__kpar(const PyObject *capi_self,
      |                                                                            ~~~~~~~~~~~~~~~~^~~~~~~~~
/proj/plasma/CODE/ert/SIMPLE/build/python/_pysimplemodule.c: In function ‘f2py_rout__pysimple_f90wrap_new_vmec_stuff_mod__set__kpar’:
/proj/plasma/CODE/ert/SIMPLE/build/python/_pysimplemodule.c:45079:92: warning: unused parameter ‘capi_self’ [-Wunused-parameter]
45079 | static PyObject *f2py_rout__pysimple_f90wrap_new_vmec_stuff_mod__set__kpar(const PyObject *capi_self,
      |                                                                            ~~~~~~~~~~~~~~~~^~~~~~~~~
/proj/plasma/CODE/ert/SIMPLE/build/python/_pysimplemodule.c: In function ‘f2py_rout__pysimple_f90wrap_new_vmec_stuff_mod__get__multharm’:
/proj/plasma/CODE/ert/SIMPLE/build/python/_pysimplemodule.c:45159:96: warning: unused parameter ‘capi_self’ [-Wunused-parameter]
45159 | static PyObject *f2py_rout__pysimple_f90wrap_new_vmec_stuff_mod__get__multharm(const PyObject *capi_self,
      |                                                                                ~~~~~~~~~~~~~~~~^~~~~~~~~
/proj/plasma/CODE/ert/SIMPLE/build/python/_pysimplemodule.c: In function ‘f2py_rout__pysimple_f90wrap_new_vmec_stuff_mod__set__multharm’:
/proj/plasma/CODE/ert/SIMPLE/build/python/_pysimplemodule.c:45235:96: warning: unused parameter ‘capi_self’ [-Wunused-parameter]
45235 | static PyObject *f2py_rout__pysimple_f90wrap_new_vmec_stuff_mod__set__multharm(const PyObject *capi_self,
      |                                                                                ~~~~~~~~~~~~~~~~^~~~~~~~~
/proj/plasma/CODE/ert/SIMPLE/build/python/_pysimplemodule.c: In function ‘f2py_rout__pysimple_f90wrap_new_vmec_stuff_mod__get__n_theta’:
/proj/plasma/CODE/ert/SIMPLE/build/python/_pysimplemodule.c:45315:95: warning: unused parameter ‘capi_self’ [-Wunused-parameter]
45315 | static PyObject *f2py_rout__pysimple_f90wrap_new_vmec_stuff_mod__get__n_theta(const PyObject *capi_self,
      |                                                                               ~~~~~~~~~~~~~~~~^~~~~~~~~
/proj/plasma/CODE/ert/SIMPLE/build/python/_pysimplemodule.c: In function ‘f2py_rout__pysimple_f90wrap_new_vmec_stuff_mod__set__n_theta’:
/proj/plasma/CODE/ert/SIMPLE/build/python/_pysimplemodule.c:45391:95: warning: unused parameter ‘capi_self’ [-Wunused-parameter]
45391 | static PyObject *f2py_rout__pysimple_f90wrap_new_vmec_stuff_mod__set__n_theta(const PyObject *capi_self,
      |                                                                               ~~~~~~~~~~~~~~~~^~~~~~~~~
/proj/plasma/CODE/ert/SIMPLE/build/python/_pysimplemodule.c: In function ‘f2py_rout__pysimple_f90wrap_new_vmec_stuff_mod__get__n_phi’:
/proj/plasma/CODE/ert/SIMPLE/build/python/_pysimplemodule.c:45471:93: warning: unused parameter ‘capi_self’ [-Wunused-parameter]
45471 | static PyObject *f2py_rout__pysimple_f90wrap_new_vmec_stuff_mod__get__n_phi(const PyObject *capi_self,
      |                                                                             ~~~~~~~~~~~~~~~~^~~~~~~~~
/proj/plasma/CODE/ert/SIMPLE/build/python/_pysimplemodule.c: In function ‘f2py_rout__pysimple_f90wrap_new_vmec_stuff_mod__set__n_phi’:
/proj/plasma/CODE/ert/SIMPLE/build/python/_pysimplemodule.c:45547:93: warning: unused parameter ‘capi_self’ [-Wunused-parameter]
45547 | static PyObject *f2py_rout__pysimple_f90wrap_new_vmec_stuff_mod__set__n_phi(const PyObject *capi_self,
      |                                                                             ~~~~~~~~~~~~~~~~^~~~~~~~~
/proj/plasma/CODE/ert/SIMPLE/build/python/_pysimplemodule.c: In function ‘f2py_rout__pysimple_f90wrap_new_vmec_stuff_mod__get__ns_a’:
/proj/plasma/CODE/ert/SIMPLE/build/python/_pysimplemodule.c:45627:92: warning: unused parameter ‘capi_self’ [-Wunused-parameter]
45627 | static PyObject *f2py_rout__pysimple_f90wrap_new_vmec_stuff_mod__get__ns_a(const PyObject *capi_self,
      |                                                                            ~~~~~~~~~~~~~~~~^~~~~~~~~
/proj/plasma/CODE/ert/SIMPLE/build/python/_pysimplemodule.c: In function ‘f2py_rout__pysimple_f90wrap_new_vmec_stuff_mod__set__ns_a’:
/proj/plasma/CODE/ert/SIMPLE/build/python/_pysimplemodule.c:45703:92: warning: unused parameter ‘capi_self’ [-Wunused-parameter]
45703 | static PyObject *f2py_rout__pysimple_f90wrap_new_vmec_stuff_mod__set__ns_a(const PyObject *capi_self,
      |                                                                            ~~~~~~~~~~~~~~~~^~~~~~~~~
/proj/plasma/CODE/ert/SIMPLE/build/python/_pysimplemodule.c: In function ‘f2py_rout__pysimple_f90wrap_new_vmec_stuff_mod__get__ns_s’:
/proj/plasma/CODE/ert/SIMPLE/build/python/_pysimplemodule.c:45783:92: warning: unused parameter ‘capi_self’ [-Wunused-parameter]
45783 | static PyObject *f2py_rout__pysimple_f90wrap_new_vmec_stuff_mod__get__ns_s(const PyObject *capi_self,
      |                                                                            ~~~~~~~~~~~~~~~~^~~~~~~~~
/proj/plasma/CODE/ert/SIMPLE/build/python/_pysimplemodule.c: In function ‘f2py_rout__pysimple_f90wrap_new_vmec_stuff_mod__set__ns_s’:
/proj/plasma/CODE/ert/SIMPLE/build/python/_pysimplemodule.c:45859:92: warning: unused parameter ‘capi_self’ [-Wunused-parameter]
45859 | static PyObject *f2py_rout__pysimple_f90wrap_new_vmec_stuff_mod__set__ns_s(const PyObject *capi_self,
      |                                                                            ~~~~~~~~~~~~~~~~^~~~~~~~~
/proj/plasma/CODE/ert/SIMPLE/build/python/_pysimplemodule.c: In function ‘f2py_rout__pysimple_f90wrap_new_vmec_stuff_mod__get__ns_tp’:
/proj/plasma/CODE/ert/SIMPLE/build/python/_pysimplemodule.c:45939:93: warning: unused parameter ‘capi_self’ [-Wunused-parameter]
45939 | static PyObject *f2py_rout__pysimple_f90wrap_new_vmec_stuff_mod__get__ns_tp(const PyObject *capi_self,
      |                                                                             ~~~~~~~~~~~~~~~~^~~~~~~~~
/proj/plasma/CODE/ert/SIMPLE/build/python/_pysimplemodule.c: In function ‘f2py_rout__pysimple_f90wrap_new_vmec_stuff_mod__set__ns_tp’:
/proj/plasma/CODE/ert/SIMPLE/build/python/_pysimplemodule.c:46015:93: warning: unused parameter ‘capi_self’ [-Wunused-parameter]
46015 | static PyObject *f2py_rout__pysimple_f90wrap_new_vmec_stuff_mod__set__ns_tp(const PyObject *capi_self,
      |                                                                             ~~~~~~~~~~~~~~~~^~~~~~~~~
/proj/plasma/CODE/ert/SIMPLE/build/python/_pysimplemodule.c: In function ‘f2py_rout__pysimple_f90wrap_new_vmec_stuff_mod__get__rmajor’:
/proj/plasma/CODE/ert/SIMPLE/build/python/_pysimplemodule.c:46095:94: warning: unused parameter ‘capi_self’ [-Wunused-parameter]
46095 | static PyObject *f2py_rout__pysimple_f90wrap_new_vmec_stuff_mod__get__rmajor(const PyObject *capi_self,
      |                                                                              ~~~~~~~~~~~~~~~~^~~~~~~~~
/proj/plasma/CODE/ert/SIMPLE/build/python/_pysimplemodule.c: In function ‘f2py_rout__pysimple_f90wrap_new_vmec_stuff_mod__set__rmajor’:
/proj/plasma/CODE/ert/SIMPLE/build/python/_pysimplemodule.c:46171:94: warning: unused parameter ‘capi_self’ [-Wunused-parameter]
46171 | static PyObject *f2py_rout__pysimple_f90wrap_new_vmec_stuff_mod__set__rmajor(const PyObject *capi_self,
      |                                                                              ~~~~~~~~~~~~~~~~^~~~~~~~~
/proj/plasma/CODE/ert/SIMPLE/build/python/_pysimplemodule.c: In function ‘f2py_rout__pysimple_f90wrap_new_vmec_stuff_mod__get__h_theta’:
/proj/plasma/CODE/ert/SIMPLE/build/python/_pysimplemodule.c:46251:95: warning: unused parameter ‘capi_self’ [-Wunused-parameter]
46251 | static PyObject *f2py_rout__pysimple_f90wrap_new_vmec_stuff_mod__get__h_theta(const PyObject *capi_self,
      |                                                                               ~~~~~~~~~~~~~~~~^~~~~~~~~
/proj/plasma/CODE/ert/SIMPLE/build/python/_pysimplemodule.c: In function ‘f2py_rout__pysimple_f90wrap_new_vmec_stuff_mod__set__h_theta’:
/proj/plasma/CODE/ert/SIMPLE/build/python/_pysimplemodule.c:46327:95: warning: unused parameter ‘capi_self’ [-Wunused-parameter]
46327 | static PyObject *f2py_rout__pysimple_f90wrap_new_vmec_stuff_mod__set__h_theta(const PyObject *capi_self,
      |                                                                               ~~~~~~~~~~~~~~~~^~~~~~~~~
/proj/plasma/CODE/ert/SIMPLE/build/python/_pysimplemodule.c: In function ‘f2py_rout__pysimple_f90wrap_new_vmec_stuff_mod__get__h_phi’:
/proj/plasma/CODE/ert/SIMPLE/build/python/_pysimplemodule.c:46407:93: warning: unused parameter ‘capi_self’ [-Wunused-parameter]
46407 | static PyObject *f2py_rout__pysimple_f90wrap_new_vmec_stuff_mod__get__h_phi(const PyObject *capi_self,
      |                                                                             ~~~~~~~~~~~~~~~~^~~~~~~~~
/proj/plasma/CODE/ert/SIMPLE/build/python/_pysimplemodule.c: In function ‘f2py_rout__pysimple_f90wrap_new_vmec_stuff_mod__set__h_phi’:
/proj/plasma/CODE/ert/SIMPLE/build/python/_pysimplemodule.c:46483:93: warning: unused parameter ‘capi_self’ [-Wunused-parameter]
46483 | static PyObject *f2py_rout__pysimple_f90wrap_new_vmec_stuff_mod__set__h_phi(const PyObject *capi_self,
      |                                                                             ~~~~~~~~~~~~~~~~^~~~~~~~~
/proj/plasma/CODE/ert/SIMPLE/build/python/_pysimplemodule.c: In function ‘f2py_rout__pysimple_f90wrap_new_vmec_stuff_mod__get__vmec_b_scale’:
/proj/plasma/CODE/ert/SIMPLE/build/python/_pysimplemodule.c:46563:100: warning: unused parameter ‘capi_self’ [-Wunused-parameter]
46563 | static PyObject *f2py_rout__pysimple_f90wrap_new_vmec_stuff_mod__get__vmec_b_scale(const PyObject *capi_self,
      |                                                                                    ~~~~~~~~~~~~~~~~^~~~~~~~~
/proj/plasma/CODE/ert/SIMPLE/build/python/_pysimplemodule.c: In function ‘f2py_rout__pysimple_f90wrap_new_vmec_stuff_mod__set__vmec_b_scale’:
/proj/plasma/CODE/ert/SIMPLE/build/python/_pysimplemodule.c:46639:100: warning: unused parameter ‘capi_self’ [-Wunused-parameter]
46639 | static PyObject *f2py_rout__pysimple_f90wrap_new_vmec_stuff_mod__set__vmec_b_scale(const PyObject *capi_self,
      |                                                                                    ~~~~~~~~~~~~~~~~^~~~~~~~~
/proj/plasma/CODE/ert/SIMPLE/build/python/_pysimplemodule.c: In function ‘f2py_rout__pysimple_f90wrap_new_vmec_stuff_mod__get__vmec_rz_scale’:
/proj/plasma/CODE/ert/SIMPLE/build/python/_pysimplemodule.c:46719:101: warning: unused parameter ‘capi_self’ [-Wunused-parameter]
46719 | static PyObject *f2py_rout__pysimple_f90wrap_new_vmec_stuff_mod__get__vmec_rz_scale(const PyObject *capi_self,
      |                                                                                     ~~~~~~~~~~~~~~~~^~~~~~~~~
/proj/plasma/CODE/ert/SIMPLE/build/python/_pysimplemodule.c: In function ‘f2py_rout__pysimple_f90wrap_new_vmec_stuff_mod__set__vmec_rz_scale’:
/proj/plasma/CODE/ert/SIMPLE/build/python/_pysimplemodule.c:46795:101: warning: unused parameter ‘capi_self’ [-Wunused-parameter]
46795 | static PyObject *f2py_rout__pysimple_f90wrap_new_vmec_stuff_mod__set__vmec_rz_scale(const PyObject *capi_self,
      |                                                                                     ~~~~~~~~~~~~~~~~^~~~~~~~~
/proj/plasma/CODE/ert/SIMPLE/build/python/_pysimplemodule.c: In function ‘f2py_rout__pysimple_f90wrap_new_vmec_stuff_mod__array__axm’:
/proj/plasma/CODE/ert/SIMPLE/build/python/_pysimplemodule.c:46880:93: warning: unused parameter ‘capi_self’ [-Wunused-parameter]
46880 | static PyObject *f2py_rout__pysimple_f90wrap_new_vmec_stuff_mod__array__axm(const PyObject *capi_self,
      |                                                                             ~~~~~~~~~~~~~~~~^~~~~~~~~
/proj/plasma/CODE/ert/SIMPLE/build/python/_pysimplemodule.c: In function ‘f2py_rout__pysimple_f90wrap_new_vmec_stuff_mod__array__axn’:
/proj/plasma/CODE/ert/SIMPLE/build/python/_pysimplemodule.c:47012:93: warning: unused parameter ‘capi_self’ [-Wunused-parameter]
47012 | static PyObject *f2py_rout__pysimple_f90wrap_new_vmec_stuff_mod__array__axn(const PyObject *capi_self,
      |                                                                             ~~~~~~~~~~~~~~~~^~~~~~~~~
/proj/plasma/CODE/ert/SIMPLE/build/python/_pysimplemodule.c: In function ‘f2py_rout__pysimple_f90wrap_new_vmec_stuff_mod__array__soa’:
/proj/plasma/CODE/ert/SIMPLE/build/python/_pysimplemodule.c:47144:93: warning: unused parameter ‘capi_self’ [-Wunused-parameter]
47144 | static PyObject *f2py_rout__pysimple_f90wrap_new_vmec_stuff_mod__array__soa(const PyObject *capi_self,
      |                                                                             ~~~~~~~~~~~~~~~~^~~~~~~~~
/proj/plasma/CODE/ert/SIMPLE/build/python/_pysimplemodule.c: In function ‘f2py_rout__pysimple_f90wrap_new_vmec_stuff_mod__array__aiota’:
/proj/plasma/CODE/ert/SIMPLE/build/python/_pysimplemodule.c:47276:95: warning: unused parameter ‘capi_self’ [-Wunused-parameter]
47276 | static PyObject *f2py_rout__pysimple_f90wrap_new_vmec_stuff_mod__array__aiota(const PyObject *capi_self,
      |                                                                               ~~~~~~~~~~~~~~~~^~~~~~~~~
/proj/plasma/CODE/ert/SIMPLE/build/python/_pysimplemodule.c: In function ‘f2py_rout__pysimple_f90wrap_new_vmec_stuff_mod__array__s’:
/proj/plasma/CODE/ert/SIMPLE/build/python/_pysimplemodule.c:47408:91: warning: unused parameter ‘capi_self’ [-Wunused-parameter]
47408 | static PyObject *f2py_rout__pysimple_f90wrap_new_vmec_stuff_mod__array__s(const PyObject *capi_self,
      |                                                                           ~~~~~~~~~~~~~~~~^~~~~~~~~
/proj/plasma/CODE/ert/SIMPLE/build/python/_pysimplemodule.c: In function ‘f2py_rout__pysimple_f90wrap_new_vmec_stuff_mod__array__sps’:
/proj/plasma/CODE/ert/SIMPLE/build/python/_pysimplemodule.c:47540:93: warning: unused parameter ‘capi_self’ [-Wunused-parameter]
47540 | static PyObject *f2py_rout__pysimple_f90wrap_new_vmec_stuff_mod__array__sps(const PyObject *capi_self,
      |                                                                             ~~~~~~~~~~~~~~~~^~~~~~~~~
/proj/plasma/CODE/ert/SIMPLE/build/python/_pysimplemodule.c: In function ‘f2py_rout__pysimple_f90wrap_new_vmec_stuff_mod__array__phi’:
/proj/plasma/CODE/ert/SIMPLE/build/python/_pysimplemodule.c:47672:93: warning: unused parameter ‘capi_self’ [-Wunused-parameter]
47672 | static PyObject *f2py_rout__pysimple_f90wrap_new_vmec_stuff_mod__array__phi(const PyObject *capi_self,
      |                                                                             ~~~~~~~~~~~~~~~~^~~~~~~~~
/proj/plasma/CODE/ert/SIMPLE/build/python/_pysimplemodule.c: In function ‘f2py_rout__pysimple_f90wrap_new_vmec_stuff_mod__array__almnc’:
/proj/plasma/CODE/ert/SIMPLE/build/python/_pysimplemodule.c:47804:95: warning: unused parameter ‘capi_self’ [-Wunused-parameter]
47804 | static PyObject *f2py_rout__pysimple_f90wrap_new_vmec_stuff_mod__array__almnc(const PyObject *capi_self,
      |                                                                               ~~~~~~~~~~~~~~~~^~~~~~~~~
/proj/plasma/CODE/ert/SIMPLE/build/python/_pysimplemodule.c: In function ‘f2py_rout__pysimple_f90wrap_new_vmec_stuff_mod__array__rmnc’:
/proj/plasma/CODE/ert/SIMPLE/build/python/_pysimplemodule.c:47936:94: warning: unused parameter ‘capi_self’ [-Wunused-parameter]
47936 | static PyObject *f2py_rout__pysimple_f90wrap_new_vmec_stuff_mod__array__rmnc(const PyObject *capi_self,
      |                                                                              ~~~~~~~~~~~~~~~~^~~~~~~~~
/proj/plasma/CODE/ert/SIMPLE/build/python/_pysimplemodule.c: In function ‘f2py_rout__pysimple_f90wrap_new_vmec_stuff_mod__array__zmnc’:
/proj/plasma/CODE/ert/SIMPLE/build/python/_pysimplemodule.c:48068:94: warning: unused parameter ‘capi_self’ [-Wunused-parameter]
48068 | static PyObject *f2py_rout__pysimple_f90wrap_new_vmec_stuff_mod__array__zmnc(const PyObject *capi_self,
      |                                                                              ~~~~~~~~~~~~~~~~^~~~~~~~~
/proj/plasma/CODE/ert/SIMPLE/build/python/_pysimplemodule.c: In function ‘f2py_rout__pysimple_f90wrap_new_vmec_stuff_mod__array__almns’:
/proj/plasma/CODE/ert/SIMPLE/build/python/_pysimplemodule.c:48200:95: warning: unused parameter ‘capi_self’ [-Wunused-parameter]
48200 | static PyObject *f2py_rout__pysimple_f90wrap_new_vmec_stuff_mod__array__almns(const PyObject *capi_self,
      |                                                                               ~~~~~~~~~~~~~~~~^~~~~~~~~
/proj/plasma/CODE/ert/SIMPLE/build/python/_pysimplemodule.c: In function ‘f2py_rout__pysimple_f90wrap_new_vmec_stuff_mod__array__rmns’:
/proj/plasma/CODE/ert/SIMPLE/build/python/_pysimplemodule.c:48332:94: warning: unused parameter ‘capi_self’ [-Wunused-parameter]
48332 | static PyObject *f2py_rout__pysimple_f90wrap_new_vmec_stuff_mod__array__rmns(const PyObject *capi_self,
      |                                                                              ~~~~~~~~~~~~~~~~^~~~~~~~~
/proj/plasma/CODE/ert/SIMPLE/build/python/_pysimplemodule.c: In function ‘f2py_rout__pysimple_f90wrap_new_vmec_stuff_mod__array__zmns’:
/proj/plasma/CODE/ert/SIMPLE/build/python/_pysimplemodule.c:48464:94: warning: unused parameter ‘capi_self’ [-Wunused-parameter]
48464 | static PyObject *f2py_rout__pysimple_f90wrap_new_vmec_stuff_mod__array__zmns(const PyObject *capi_self,
      |                                                                              ~~~~~~~~~~~~~~~~^~~~~~~~~
/proj/plasma/CODE/ert/SIMPLE/build/python/_pysimplemodule.c: In function ‘f2py_rout__pysimple_f90wrap_new_vmec_stuff_mod__array__sr’:
/proj/plasma/CODE/ert/SIMPLE/build/python/_pysimplemodule.c:48596:92: warning: unused parameter ‘capi_self’ [-Wunused-parameter]
48596 | static PyObject *f2py_rout__pysimple_f90wrap_new_vmec_stuff_mod__array__sr(const PyObject *capi_self,
      |                                                                            ~~~~~~~~~~~~~~~~^~~~~~~~~
/proj/plasma/CODE/ert/SIMPLE/build/python/_pysimplemodule.c: In function ‘f2py_rout__pysimple_f90wrap_new_vmec_stuff_mod__array__sz’:
/proj/plasma/CODE/ert/SIMPLE/build/python/_pysimplemodule.c:48728:92: warning: unused parameter ‘capi_self’ [-Wunused-parameter]
48728 | static PyObject *f2py_rout__pysimple_f90wrap_new_vmec_stuff_mod__array__sz(const PyObject *capi_self,
      |                                                                            ~~~~~~~~~~~~~~~~^~~~~~~~~
/proj/plasma/CODE/ert/SIMPLE/build/python/_pysimplemodule.c: In function ‘f2py_rout__pysimple_f90wrap_new_vmec_stuff_mod__array__slam’:
/proj/plasma/CODE/ert/SIMPLE/build/python/_pysimplemodule.c:48860:94: warning: unused parameter ‘capi_self’ [-Wunused-parameter]
48860 | static PyObject *f2py_rout__pysimple_f90wrap_new_vmec_stuff_mod__array__slam(const PyObject *capi_self,
      |                                                                              ~~~~~~~~~~~~~~~~^~~~~~~~~
/proj/plasma/CODE/ert/SIMPLE/build/python/_pysimplemodule.c: In function ‘f2py_rout__pysimple_f90wrap_new_vmec_stuff_mod__get__old_axis_healing’:
/proj/plasma/CODE/ert/SIMPLE/build/python/_pysimplemodule.c:48987:104: warning: unused parameter ‘capi_self’ [-Wunused-parameter]
48987 | static PyObject *f2py_rout__pysimple_f90wrap_new_vmec_stuff_mod__get__old_axis_healing(const PyObject *capi_self,
      |                                                                                        ~~~~~~~~~~~~~~~~^~~~~~~~~
/proj/plasma/CODE/ert/SIMPLE/build/python/_pysimplemodule.c: In function ‘f2py_rout__pysimple_f90wrap_new_vmec_stuff_mod__set__old_axis_healing’:
/proj/plasma/CODE/ert/SIMPLE/build/python/_pysimplemodule.c:49063:104: warning: unused parameter ‘capi_self’ [-Wunused-parameter]
49063 | static PyObject *f2py_rout__pysimple_f90wrap_new_vmec_stuff_mod__set__old_axis_healing(const PyObject *capi_self,
      |                                                                                        ~~~~~~~~~~~~~~~~^~~~~~~~~
/proj/plasma/CODE/ert/SIMPLE/build/python/_pysimplemodule.c: In function ‘f2py_rout__pysimple_f90wrap_new_vmec_stuff_mod__get__old_axis_healing_boundary’:
/proj/plasma/CODE/ert/SIMPLE/build/python/_pysimplemodule.c:49144:113: warning: unused parameter ‘capi_self’ [-Wunused-parameter]
49144 | static PyObject *f2py_rout__pysimple_f90wrap_new_vmec_stuff_mod__get__old_axis_healing_boundary(const PyObject *capi_self,
      |                                                                                                 ~~~~~~~~~~~~~~~~^~~~~~~~~
/proj/plasma/CODE/ert/SIMPLE/build/python/_pysimplemodule.c: In function ‘f2py_rout__pysimple_f90wrap_new_vmec_stuff_mod__set__old_axis_healing_boundary’:
/proj/plasma/CODE/ert/SIMPLE/build/python/_pysimplemodule.c:49220:113: warning: unused parameter ‘capi_self’ [-Wunused-parameter]
49220 | static PyObject *f2py_rout__pysimple_f90wrap_new_vmec_stuff_mod__set__old_axis_healing_boundary(const PyObject *capi_self,
      |                                                                                                 ~~~~~~~~~~~~~~~~^~~~~~~~~
/proj/plasma/CODE/ert/SIMPLE/build/python/_pysimplemodule.c: In function ‘f2py_rout__pysimple_f90wrap_vector_potentail_mod__get__ns’:
/proj/plasma/CODE/ert/SIMPLE/build/python/_pysimplemodule.c:49301:92: warning: unused parameter ‘capi_self’ [-Wunused-parameter]
49301 | static PyObject *f2py_rout__pysimple_f90wrap_vector_potentail_mod__get__ns(const PyObject *capi_self,
      |                                                                            ~~~~~~~~~~~~~~~~^~~~~~~~~
/proj/plasma/CODE/ert/SIMPLE/build/python/_pysimplemodule.c: In function ‘f2py_rout__pysimple_f90wrap_vector_potentail_mod__set__ns’:
/proj/plasma/CODE/ert/SIMPLE/build/python/_pysimplemodule.c:49377:92: warning: unused parameter ‘capi_self’ [-Wunused-parameter]
49377 | static PyObject *f2py_rout__pysimple_f90wrap_vector_potentail_mod__set__ns(const PyObject *capi_self,
      |                                                                            ~~~~~~~~~~~~~~~~^~~~~~~~~
/proj/plasma/CODE/ert/SIMPLE/build/python/_pysimplemodule.c: In function ‘f2py_rout__pysimple_f90wrap_vector_potentail_mod__get__hs’:
/proj/plasma/CODE/ert/SIMPLE/build/python/_pysimplemodule.c:49457:92: warning: unused parameter ‘capi_self’ [-Wunused-parameter]
49457 | static PyObject *f2py_rout__pysimple_f90wrap_vector_potentail_mod__get__hs(const PyObject *capi_self,
      |                                                                            ~~~~~~~~~~~~~~~~^~~~~~~~~
/proj/plasma/CODE/ert/SIMPLE/build/python/_pysimplemodule.c: In function ‘f2py_rout__pysimple_f90wrap_vector_potentail_mod__set__hs’:
/proj/plasma/CODE/ert/SIMPLE/build/python/_pysimplemodule.c:49533:92: warning: unused parameter ‘capi_self’ [-Wunused-parameter]
49533 | static PyObject *f2py_rout__pysimple_f90wrap_vector_potentail_mod__set__hs(const PyObject *capi_self,
      |                                                                            ~~~~~~~~~~~~~~~~^~~~~~~~~
/proj/plasma/CODE/ert/SIMPLE/build/python/_pysimplemodule.c: In function ‘f2py_rout__pysimple_f90wrap_vector_potentail_mod__get__torflux’:
/proj/plasma/CODE/ert/SIMPLE/build/python/_pysimplemodule.c:49613:97: warning: unused parameter ‘capi_self’ [-Wunused-parameter]
49613 | static PyObject *f2py_rout__pysimple_f90wrap_vector_potentail_mod__get__torflux(const PyObject *capi_self,
      |                                                                                 ~~~~~~~~~~~~~~~~^~~~~~~~~
/proj/plasma/CODE/ert/SIMPLE/build/python/_pysimplemodule.c: In function ‘f2py_rout__pysimple_f90wrap_vector_potentail_mod__set__torflux’:
/proj/plasma/CODE/ert/SIMPLE/build/python/_pysimplemodule.c:49689:97: warning: unused parameter ‘capi_self’ [-Wunused-parameter]
49689 | static PyObject *f2py_rout__pysimple_f90wrap_vector_potentail_mod__set__torflux(const PyObject *capi_self,
      |                                                                                 ~~~~~~~~~~~~~~~~^~~~~~~~~
/proj/plasma/CODE/ert/SIMPLE/build/python/_pysimplemodule.c: In function ‘f2py_rout__pysimple_f90wrap_vector_potentail_mod__array__sa_phi’:
/proj/plasma/CODE/ert/SIMPLE/build/python/_pysimplemodule.c:49774:98: warning: unused parameter ‘capi_self’ [-Wunused-parameter]
49774 | static PyObject *f2py_rout__pysimple_f90wrap_vector_potentail_mod__array__sa_phi(const PyObject *capi_self,
      |                                                                                  ~~~~~~~~~~~~~~~~^~~~~~~~~
/proj/plasma/CODE/ert/SIMPLE/build/python/_pysimplemodule.c: In function ‘f2py_rout__pysimple_f90wrap_canonical_coordinates_mod__get__ns_max’:
/proj/plasma/CODE/ert/SIMPLE/build/python/_pysimplemodule.c:49901:101: warning: unused parameter ‘capi_self’ [-Wunused-parameter]
49901 | static PyObject *f2py_rout__pysimple_f90wrap_canonical_coordinates_mod__get__ns_max(const PyObject *capi_self,
      |                                                                                     ~~~~~~~~~~~~~~~~^~~~~~~~~
/proj/plasma/CODE/ert/SIMPLE/build/python/_pysimplemodule.c: In function ‘f2py_rout__pysimple_f90wrap_canonical_coordinates_mod__get__n_qua’:
/proj/plasma/CODE/ert/SIMPLE/build/python/_pysimplemodule.c:49977:100: warning: unused parameter ‘capi_self’ [-Wunused-parameter]
49977 | static PyObject *f2py_rout__pysimple_f90wrap_canonical_coordinates_mod__get__n_qua(const PyObject *capi_self,
      |                                                                                    ~~~~~~~~~~~~~~~~^~~~~~~~~
/proj/plasma/CODE/ert/SIMPLE/build/python/_pysimplemodule.c: In function ‘f2py_rout__pysimple_f90wrap_canonical_coordinates_mod__get__ns_s_c’:
/proj/plasma/CODE/ert/SIMPLE/build/python/_pysimplemodule.c:50053:101: warning: unused parameter ‘capi_self’ [-Wunused-parameter]
50053 | static PyObject *f2py_rout__pysimple_f90wrap_canonical_coordinates_mod__get__ns_s_c(const PyObject *capi_self,
      |                                                                                     ~~~~~~~~~~~~~~~~^~~~~~~~~
/proj/plasma/CODE/ert/SIMPLE/build/python/_pysimplemodule.c: In function ‘f2py_rout__pysimple_f90wrap_canonical_coordinates_mod__set__ns_s_c’:
/proj/plasma/CODE/ert/SIMPLE/build/python/_pysimplemodule.c:50129:101: warning: unused parameter ‘capi_self’ [-Wunused-parameter]
50129 | static PyObject *f2py_rout__pysimple_f90wrap_canonical_coordinates_mod__set__ns_s_c(const PyObject *capi_self,
      |                                                                                     ~~~~~~~~~~~~~~~~^~~~~~~~~
/proj/plasma/CODE/ert/SIMPLE/build/python/_pysimplemodule.c: In function ‘f2py_rout__pysimple_f90wrap_canonical_coordinates_mod__get__ns_tp_c’:
/proj/plasma/CODE/ert/SIMPLE/build/python/_pysimplemodule.c:50209:102: warning: unused parameter ‘capi_self’ [-Wunused-parameter]
50209 | static PyObject *f2py_rout__pysimple_f90wrap_canonical_coordinates_mod__get__ns_tp_c(const PyObject *capi_self,
      |                                                                                      ~~~~~~~~~~~~~~~~^~~~~~~~~
/proj/plasma/CODE/ert/SIMPLE/build/python/_pysimplemodule.c: In function ‘f2py_rout__pysimple_f90wrap_canonical_coordinates_mod__set__ns_tp_c’:
/proj/plasma/CODE/ert/SIMPLE/build/python/_pysimplemodule.c:50285:102: warning: unused parameter ‘capi_self’ [-Wunused-parameter]
50285 | static PyObject *f2py_rout__pysimple_f90wrap_canonical_coordinates_mod__set__ns_tp_c(const PyObject *capi_self,
      |                                                                                      ~~~~~~~~~~~~~~~~^~~~~~~~~
/proj/plasma/CODE/ert/SIMPLE/build/python/_pysimplemodule.c: In function ‘f2py_rout__pysimple_f90wrap_canonical_coordinates_mod__get__ns_c’:
/proj/plasma/CODE/ert/SIMPLE/build/python/_pysimplemodule.c:50365:99: warning: unused parameter ‘capi_self’ [-Wunused-parameter]
50365 | static PyObject *f2py_rout__pysimple_f90wrap_canonical_coordinates_mod__get__ns_c(const PyObject *capi_self,
      |                                                                                   ~~~~~~~~~~~~~~~~^~~~~~~~~
/proj/plasma/CODE/ert/SIMPLE/build/python/_pysimplemodule.c: In function ‘f2py_rout__pysimple_f90wrap_canonical_coordinates_mod__set__ns_c’:
/proj/plasma/CODE/ert/SIMPLE/build/python/_pysimplemodule.c:50441:99: warning: unused parameter ‘capi_self’ [-Wunused-parameter]
50441 | static PyObject *f2py_rout__pysimple_f90wrap_canonical_coordinates_mod__set__ns_c(const PyObject *capi_self,
      |                                                                                   ~~~~~~~~~~~~~~~~^~~~~~~~~
/proj/plasma/CODE/ert/SIMPLE/build/python/_pysimplemodule.c: In function ‘f2py_rout__pysimple_f90wrap_canonical_coordinates_mod__get__n_theta_c’:
/proj/plasma/CODE/ert/SIMPLE/build/python/_pysimplemodule.c:50521:104: warning: unused parameter ‘capi_self’ [-Wunused-parameter]
50521 | static PyObject *f2py_rout__pysimple_f90wrap_canonical_coordinates_mod__get__n_theta_c(const PyObject *capi_self,
      |                                                                                        ~~~~~~~~~~~~~~~~^~~~~~~~~
/proj/plasma/CODE/ert/SIMPLE/build/python/_pysimplemodule.c: In function ‘f2py_rout__pysimple_f90wrap_canonical_coordinates_mod__set__n_theta_c’:
/proj/plasma/CODE/ert/SIMPLE/build/python/_pysimplemodule.c:50597:104: warning: unused parameter ‘capi_self’ [-Wunused-parameter]
50597 | static PyObject *f2py_rout__pysimple_f90wrap_canonical_coordinates_mod__set__n_theta_c(const PyObject *capi_self,
      |                                                                                        ~~~~~~~~~~~~~~~~^~~~~~~~~
/proj/plasma/CODE/ert/SIMPLE/build/python/_pysimplemodule.c: In function ‘f2py_rout__pysimple_f90wrap_canonical_coordinates_mod__get__n_phi_c’:
/proj/plasma/CODE/ert/SIMPLE/build/python/_pysimplemodule.c:50677:102: warning: unused parameter ‘capi_self’ [-Wunused-parameter]
50677 | static PyObject *f2py_rout__pysimple_f90wrap_canonical_coordinates_mod__get__n_phi_c(const PyObject *capi_self,
      |                                                                                      ~~~~~~~~~~~~~~~~^~~~~~~~~
/proj/plasma/CODE/ert/SIMPLE/build/python/_pysimplemodule.c: In function ‘f2py_rout__pysimple_f90wrap_canonical_coordinates_mod__set__n_phi_c’:
/proj/plasma/CODE/ert/SIMPLE/build/python/_pysimplemodule.c:50753:102: warning: unused parameter ‘capi_self’ [-Wunused-parameter]
50753 | static PyObject *f2py_rout__pysimple_f90wrap_canonical_coordinates_mod__set__n_phi_c(const PyObject *capi_self,
      |                                                                                      ~~~~~~~~~~~~~~~~^~~~~~~~~
/proj/plasma/CODE/ert/SIMPLE/build/python/_pysimplemodule.c: In function ‘f2py_rout__pysimple_f90wrap_canonical_coordinates_mod__get__nh_stencil’:
/proj/plasma/CODE/ert/SIMPLE/build/python/_pysimplemodule.c:50833:105: warning: unused parameter ‘capi_self’ [-Wunused-parameter]
50833 | static PyObject *f2py_rout__pysimple_f90wrap_canonical_coordinates_mod__get__nh_stencil(const PyObject *capi_self,
      |                                                                                         ~~~~~~~~~~~~~~~~^~~~~~~~~
/proj/plasma/CODE/ert/SIMPLE/build/python/_pysimplemodule.c: In function ‘f2py_rout__pysimple_f90wrap_canonical_coordinates_mod__get__hs_c’:
/proj/plasma/CODE/ert/SIMPLE/build/python/_pysimplemodule.c:50909:99: warning: unused parameter ‘capi_self’ [-Wunused-parameter]
50909 | static PyObject *f2py_rout__pysimple_f90wrap_canonical_coordinates_mod__get__hs_c(const PyObject *capi_self,
      |                                                                                   ~~~~~~~~~~~~~~~~^~~~~~~~~
/proj/plasma/CODE/ert/SIMPLE/build/python/_pysimplemodule.c: In function ‘f2py_rout__pysimple_f90wrap_canonical_coordinates_mod__set__hs_c’:
/proj/plasma/CODE/ert/SIMPLE/build/python/_pysimplemodule.c:50985:99: warning: unused parameter ‘capi_self’ [-Wunused-parameter]
50985 | static PyObject *f2py_rout__pysimple_f90wrap_canonical_coordinates_mod__set__hs_c(const PyObject *capi_self,
      |                                                                                   ~~~~~~~~~~~~~~~~^~~~~~~~~
/proj/plasma/CODE/ert/SIMPLE/build/python/_pysimplemodule.c: In function ‘f2py_rout__pysimple_f90wrap_canonical_coordinates_mod__get__h_theta_c’:
/proj/plasma/CODE/ert/SIMPLE/build/python/_pysimplemodule.c:51065:104: warning: unused parameter ‘capi_self’ [-Wunused-parameter]
51065 | static PyObject *f2py_rout__pysimple_f90wrap_canonical_coordinates_mod__get__h_theta_c(const PyObject *capi_self,
      |                                                                                        ~~~~~~~~~~~~~~~~^~~~~~~~~
/proj/plasma/CODE/ert/SIMPLE/build/python/_pysimplemodule.c: In function ‘f2py_rout__pysimple_f90wrap_canonical_coordinates_mod__set__h_theta_c’:
/proj/plasma/CODE/ert/SIMPLE/build/python/_pysimplemodule.c:51141:104: warning: unused parameter ‘capi_self’ [-Wunused-parameter]
51141 | static PyObject *f2py_rout__pysimple_f90wrap_canonical_coordinates_mod__set__h_theta_c(const PyObject *capi_self,
      |                                                                                        ~~~~~~~~~~~~~~~~^~~~~~~~~
/proj/plasma/CODE/ert/SIMPLE/build/python/_pysimplemodule.c: In function ‘f2py_rout__pysimple_f90wrap_canonical_coordinates_mod__get__h_phi_c’:
/proj/plasma/CODE/ert/SIMPLE/build/python/_pysimplemodule.c:51221:102: warning: unused parameter ‘capi_self’ [-Wunused-parameter]
51221 | static PyObject *f2py_rout__pysimple_f90wrap_canonical_coordinates_mod__get__h_phi_c(const PyObject *capi_self,
      |                                                                                      ~~~~~~~~~~~~~~~~^~~~~~~~~
/proj/plasma/CODE/ert/SIMPLE/build/python/_pysimplemodule.c: In function ‘f2py_rout__pysimple_f90wrap_canonical_coordinates_mod__set__h_phi_c’:
/proj/plasma/CODE/ert/SIMPLE/build/python/_pysimplemodule.c:51297:102: warning: unused parameter ‘capi_self’ [-Wunused-parameter]
51297 | static PyObject *f2py_rout__pysimple_f90wrap_canonical_coordinates_mod__set__h_phi_c(const PyObject *capi_self,
      |                                                                                      ~~~~~~~~~~~~~~~~^~~~~~~~~
/proj/plasma/CODE/ert/SIMPLE/build/python/_pysimplemodule.c: In function ‘f2py_rout__pysimple_f90wrap_canonical_coordinates_mod__array__g_c’:
/proj/plasma/CODE/ert/SIMPLE/build/python/_pysimplemodule.c:51382:100: warning: unused parameter ‘capi_self’ [-Wunused-parameter]
51382 | static PyObject *f2py_rout__pysimple_f90wrap_canonical_coordinates_mod__array__g_c(const PyObject *capi_self,
      |                                                                                    ~~~~~~~~~~~~~~~~^~~~~~~~~
/proj/plasma/CODE/ert/SIMPLE/build/python/_pysimplemodule.c: In function ‘f2py_rout__pysimple_f90wrap_canonical_coordinates_mod__array__sqg_c’:
/proj/plasma/CODE/ert/SIMPLE/build/python/_pysimplemodule.c:51514:102: warning: unused parameter ‘capi_self’ [-Wunused-parameter]
51514 | static PyObject *f2py_rout__pysimple_f90wrap_canonical_coordinates_mod__array__sqg_c(const PyObject *capi_self,
      |                                                                                      ~~~~~~~~~~~~~~~~^~~~~~~~~
/proj/plasma/CODE/ert/SIMPLE/build/python/_pysimplemodule.c: In function ‘f2py_rout__pysimple_f90wrap_canonical_coordinates_mod__array__b_vartheta_c’:
/proj/plasma/CODE/ert/SIMPLE/build/python/_pysimplemodule.c:51646:109: warning: unused parameter ‘capi_self’ [-Wunused-parameter]
51646 | static PyObject *f2py_rout__pysimple_f90wrap_canonical_coordinates_mod__array__b_vartheta_c(const PyObject *capi_self,
      |                                                                                             ~~~~~~~~~~~~~~~~^~~~~~~~~
/proj/plasma/CODE/ert/SIMPLE/build/python/_pysimplemodule.c: In function ‘f2py_rout__pysimple_f90wrap_canonical_coordinates_mod__array__b_varphi_c’:
/proj/plasma/CODE/ert/SIMPLE/build/python/_pysimplemodule.c:51778:107: warning: unused parameter ‘capi_self’ [-Wunused-parameter]
51778 | static PyObject *f2py_rout__pysimple_f90wrap_canonical_coordinates_mod__array__b_varphi_c(const PyObject *capi_self,
      |                                                                                           ~~~~~~~~~~~~~~~~^~~~~~~~~
/proj/plasma/CODE/ert/SIMPLE/build/python/_pysimplemodule.c: In function ‘f2py_rout__pysimple_f90wrap_canonical_coordinates_mod__array__a_vartheta_c’:
/proj/plasma/CODE/ert/SIMPLE/build/python/_pysimplemodule.c:51910:109: warning: unused parameter ‘capi_self’ [-Wunused-parameter]
51910 | static PyObject *f2py_rout__pysimple_f90wrap_canonical_coordinates_mod__array__a_vartheta_c(const PyObject *capi_self,
      |                                                                                             ~~~~~~~~~~~~~~~~^~~~~~~~~
/proj/plasma/CODE/ert/SIMPLE/build/python/_pysimplemodule.c: In function ‘f2py_rout__pysimple_f90wrap_canonical_coordinates_mod__array__a_varphi_c’:
/proj/plasma/CODE/ert/SIMPLE/build/python/_pysimplemodule.c:52042:107: warning: unused parameter ‘capi_self’ [-Wunused-parameter]
52042 | static PyObject *f2py_rout__pysimple_f90wrap_canonical_coordinates_mod__array__a_varphi_c(const PyObject *capi_self,
      |                                                                                           ~~~~~~~~~~~~~~~~^~~~~~~~~
/proj/plasma/CODE/ert/SIMPLE/build/python/_pysimplemodule.c: In function ‘f2py_rout__pysimple_f90wrap_canonical_coordinates_mod__array__delta_varphi_c’:
/proj/plasma/CODE/ert/SIMPLE/build/python/_pysimplemodule.c:52174:111: warning: unused parameter ‘capi_self’ [-Wunused-parameter]
52174 | static PyObject *f2py_rout__pysimple_f90wrap_canonical_coordinates_mod__array__delta_varphi_c(const PyObject *capi_self,
      |                                                                                               ~~~~~~~~~~~~~~~~^~~~~~~~~
/proj/plasma/CODE/ert/SIMPLE/build/python/_pysimplemodule.c: In function ‘f2py_rout__pysimple_f90wrap_canonical_coordinates_mod__array__chi_gauge’:
/proj/plasma/CODE/ert/SIMPLE/build/python/_pysimplemodule.c:52306:106: warning: unused parameter ‘capi_self’ [-Wunused-parameter]
52306 | static PyObject *f2py_rout__pysimple_f90wrap_canonical_coordinates_mod__array__chi_gauge(const PyObject *capi_self,
      |                                                                                          ~~~~~~~~~~~~~~~~^~~~~~~~~
/proj/plasma/CODE/ert/SIMPLE/build/python/_pysimplemodule.c: In function ‘f2py_rout__pysimple_f90wrap_canonical_coordinates_mod__array__bmod_c’:
/proj/plasma/CODE/ert/SIMPLE/build/python/_pysimplemodule.c:52438:103: warning: unused parameter ‘capi_self’ [-Wunused-parameter]
52438 | static PyObject *f2py_rout__pysimple_f90wrap_canonical_coordinates_mod__array__bmod_c(const PyObject *capi_self,
      |                                                                                       ~~~~~~~~~~~~~~~~^~~~~~~~~
/proj/plasma/CODE/ert/SIMPLE/build/python/_pysimplemodule.c: In function ‘f2py_rout__pysimple_f90wrap_canonical_coordinates_mod__array__derf1’:
/proj/plasma/CODE/ert/SIMPLE/build/python/_pysimplemodule.c:52570:102: warning: unused parameter ‘capi_self’ [-Wunused-parameter]
52570 | static PyObject *f2py_rout__pysimple_f90wrap_canonical_coordinates_mod__array__derf1(const PyObject *capi_self,
      |                                                                                      ~~~~~~~~~~~~~~~~^~~~~~~~~
/proj/plasma/CODE/ert/SIMPLE/build/python/_pysimplemodule.c: In function ‘f2py_rout__pysimple_f90wrap_canonical_coordinates_mod__array__derf2’:
/proj/plasma/CODE/ert/SIMPLE/build/python/_pysimplemodule.c:52702:102: warning: unused parameter ‘capi_self’ [-Wunused-parameter]
52702 | static PyObject *f2py_rout__pysimple_f90wrap_canonical_coordinates_mod__array__derf2(const PyObject *capi_self,
      |                                                                                      ~~~~~~~~~~~~~~~~^~~~~~~~~
/proj/plasma/CODE/ert/SIMPLE/build/python/_pysimplemodule.c: In function ‘f2py_rout__pysimple_f90wrap_canonical_coordinates_mod__array__derf3’:
/proj/plasma/CODE/ert/SIMPLE/build/python/_pysimplemodule.c:52834:102: warning: unused parameter ‘capi_self’ [-Wunused-parameter]
52834 | static PyObject *f2py_rout__pysimple_f90wrap_canonical_coordinates_mod__array__derf3(const PyObject *capi_self,
      |                                                                                      ~~~~~~~~~~~~~~~~^~~~~~~~~
/proj/plasma/CODE/ert/SIMPLE/build/python/_pysimplemodule.c: In function ‘f2py_rout__pysimple_f90wrap_canonical_coordinates_mod__array__s_g_c’:
/proj/plasma/CODE/ert/SIMPLE/build/python/_pysimplemodule.c:52966:102: warning: unused parameter ‘capi_self’ [-Wunused-parameter]
52966 | static PyObject *f2py_rout__pysimple_f90wrap_canonical_coordinates_mod__array__s_g_c(const PyObject *capi_self,
      |                                                                                      ~~~~~~~~~~~~~~~~^~~~~~~~~
/proj/plasma/CODE/ert/SIMPLE/build/python/_pysimplemodule.c: In function ‘f2py_rout__pysimple_f90wrap_canonical_coordinates_mod__array__s_sqg_bt_bp’:
/proj/plasma/CODE/ert/SIMPLE/build/python/_pysimplemodule.c:53098:108: warning: unused parameter ‘capi_self’ [-Wunused-parameter]
53098 | static PyObject *f2py_rout__pysimple_f90wrap_canonical_coordinates_mod__array__s_sqg_bt_bp(const PyObject *capi_self,
      |                                                                                            ~~~~~~~~~~~~~~~~^~~~~~~~~
/proj/plasma/CODE/ert/SIMPLE/build/python/_pysimplemodule.c: In function ‘f2py_rout__pysimple_f90wrap_canonical_coordinates_new_mod__get__ns_max’:
/proj/plasma/CODE/ert/SIMPLE/build/python/_pysimplemodule.c:53225:105: warning: unused parameter ‘capi_self’ [-Wunused-parameter]
53225 | static PyObject *f2py_rout__pysimple_f90wrap_canonical_coordinates_new_mod__get__ns_max(const PyObject *capi_self,
      |                                                                                         ~~~~~~~~~~~~~~~~^~~~~~~~~
/proj/plasma/CODE/ert/SIMPLE/build/python/_pysimplemodule.c: In function ‘f2py_rout__pysimple_f90wrap_canonical_coordinates_new_mod__get__n_qua’:
/proj/plasma/CODE/ert/SIMPLE/build/python/_pysimplemodule.c:53301:104: warning: unused parameter ‘capi_self’ [-Wunused-parameter]
53301 | static PyObject *f2py_rout__pysimple_f90wrap_canonical_coordinates_new_mod__get__n_qua(const PyObject *capi_self,
      |                                                                                        ~~~~~~~~~~~~~~~~^~~~~~~~~
/proj/plasma/CODE/ert/SIMPLE/build/python/_pysimplemodule.c: In function ‘f2py_rout__pysimple_f90wrap_canonical_coordinates_new_mod__get__ns_s_c’:
/proj/plasma/CODE/ert/SIMPLE/build/python/_pysimplemodule.c:53377:105: warning: unused parameter ‘capi_self’ [-Wunused-parameter]
53377 | static PyObject *f2py_rout__pysimple_f90wrap_canonical_coordinates_new_mod__get__ns_s_c(const PyObject *capi_self,
      |                                                                                         ~~~~~~~~~~~~~~~~^~~~~~~~~
/proj/plasma/CODE/ert/SIMPLE/build/python/_pysimplemodule.c: In function ‘f2py_rout__pysimple_f90wrap_canonical_coordinates_new_mod__set__ns_s_c’:
/proj/plasma/CODE/ert/SIMPLE/build/python/_pysimplemodule.c:53453:105: warning: unused parameter ‘capi_self’ [-Wunused-parameter]
53453 | static PyObject *f2py_rout__pysimple_f90wrap_canonical_coordinates_new_mod__set__ns_s_c(const PyObject *capi_self,
      |                                                                                         ~~~~~~~~~~~~~~~~^~~~~~~~~
/proj/plasma/CODE/ert/SIMPLE/build/python/_pysimplemodule.c: In function ‘f2py_rout__pysimple_f90wrap_canonical_coordinates_new_mod__get__ns_tp_c’:
/proj/plasma/CODE/ert/SIMPLE/build/python/_pysimplemodule.c:53533:106: warning: unused parameter ‘capi_self’ [-Wunused-parameter]
53533 | static PyObject *f2py_rout__pysimple_f90wrap_canonical_coordinates_new_mod__get__ns_tp_c(const PyObject *capi_self,
      |                                                                                          ~~~~~~~~~~~~~~~~^~~~~~~~~
/proj/plasma/CODE/ert/SIMPLE/build/python/_pysimplemodule.c: In function ‘f2py_rout__pysimple_f90wrap_canonical_coordinates_new_mod__set__ns_tp_c’:
/proj/plasma/CODE/ert/SIMPLE/build/python/_pysimplemodule.c:53609:106: warning: unused parameter ‘capi_self’ [-Wunused-parameter]
53609 | static PyObject *f2py_rout__pysimple_f90wrap_canonical_coordinates_new_mod__set__ns_tp_c(const PyObject *capi_self,
      |                                                                                          ~~~~~~~~~~~~~~~~^~~~~~~~~
/proj/plasma/CODE/ert/SIMPLE/build/python/_pysimplemodule.c: In function ‘f2py_rout__pysimple_f90wrap_canonical_coordinates_new_mod__get__ns_c’:
/proj/plasma/CODE/ert/SIMPLE/build/python/_pysimplemodule.c:53689:103: warning: unused parameter ‘capi_self’ [-Wunused-parameter]
53689 | static PyObject *f2py_rout__pysimple_f90wrap_canonical_coordinates_new_mod__get__ns_c(const PyObject *capi_self,
      |                                                                                       ~~~~~~~~~~~~~~~~^~~~~~~~~
/proj/plasma/CODE/ert/SIMPLE/build/python/_pysimplemodule.c: In function ‘f2py_rout__pysimple_f90wrap_canonical_coordinates_new_mod__set__ns_c’:
/proj/plasma/CODE/ert/SIMPLE/build/python/_pysimplemodule.c:53765:103: warning: unused parameter ‘capi_self’ [-Wunused-parameter]
53765 | static PyObject *f2py_rout__pysimple_f90wrap_canonical_coordinates_new_mod__set__ns_c(const PyObject *capi_self,
      |                                                                                       ~~~~~~~~~~~~~~~~^~~~~~~~~
/proj/plasma/CODE/ert/SIMPLE/build/python/_pysimplemodule.c: In function ‘f2py_rout__pysimple_f90wrap_canonical_coordinates_new_mod__get__n_theta_c’:
/proj/plasma/CODE/ert/SIMPLE/build/python/_pysimplemodule.c:53845:108: warning: unused parameter ‘capi_self’ [-Wunused-parameter]
53845 | static PyObject *f2py_rout__pysimple_f90wrap_canonical_coordinates_new_mod__get__n_theta_c(const PyObject *capi_self,
      |                                                                                            ~~~~~~~~~~~~~~~~^~~~~~~~~
/proj/plasma/CODE/ert/SIMPLE/build/python/_pysimplemodule.c: In function ‘f2py_rout__pysimple_f90wrap_canonical_coordinates_new_mod__set__n_theta_c’:
/proj/plasma/CODE/ert/SIMPLE/build/python/_pysimplemodule.c:53921:108: warning: unused parameter ‘capi_self’ [-Wunused-parameter]
53921 | static PyObject *f2py_rout__pysimple_f90wrap_canonical_coordinates_new_mod__set__n_theta_c(const PyObject *capi_self,
      |                                                                                            ~~~~~~~~~~~~~~~~^~~~~~~~~
/proj/plasma/CODE/ert/SIMPLE/build/python/_pysimplemodule.c: In function ‘f2py_rout__pysimple_f90wrap_canonical_coordinates_new_mod__get__n_phi_c’:
/proj/plasma/CODE/ert/SIMPLE/build/python/_pysimplemodule.c:54001:106: warning: unused parameter ‘capi_self’ [-Wunused-parameter]
54001 | static PyObject *f2py_rout__pysimple_f90wrap_canonical_coordinates_new_mod__get__n_phi_c(const PyObject *capi_self,
      |                                                                                          ~~~~~~~~~~~~~~~~^~~~~~~~~
/proj/plasma/CODE/ert/SIMPLE/build/python/_pysimplemodule.c: In function ‘f2py_rout__pysimple_f90wrap_canonical_coordinates_new_mod__set__n_phi_c’:
/proj/plasma/CODE/ert/SIMPLE/build/python/_pysimplemodule.c:54077:106: warning: unused parameter ‘capi_self’ [-Wunused-parameter]
54077 | static PyObject *f2py_rout__pysimple_f90wrap_canonical_coordinates_new_mod__set__n_phi_c(const PyObject *capi_self,
      |                                                                                          ~~~~~~~~~~~~~~~~^~~~~~~~~
/proj/plasma/CODE/ert/SIMPLE/build/python/_pysimplemodule.c: In function ‘f2py_rout__pysimple_f90wrap_canonical_coordinates_new_mod__get__nh_stencil’:
/proj/plasma/CODE/ert/SIMPLE/build/python/_pysimplemodule.c:54157:109: warning: unused parameter ‘capi_self’ [-Wunused-parameter]
54157 | static PyObject *f2py_rout__pysimple_f90wrap_canonical_coordinates_new_mod__get__nh_stencil(const PyObject *capi_self,
      |                                                                                             ~~~~~~~~~~~~~~~~^~~~~~~~~
/proj/plasma/CODE/ert/SIMPLE/build/python/_pysimplemodule.c: In function ‘f2py_rout__pysimple_f90wrap_canonical_coordinates_new_mod__get__hs_c’:
/proj/plasma/CODE/ert/SIMPLE/build/python/_pysimplemodule.c:54233:103: warning: unused parameter ‘capi_self’ [-Wunused-parameter]
54233 | static PyObject *f2py_rout__pysimple_f90wrap_canonical_coordinates_new_mod__get__hs_c(const PyObject *capi_self,
      |                                                                                       ~~~~~~~~~~~~~~~~^~~~~~~~~
/proj/plasma/CODE/ert/SIMPLE/build/python/_pysimplemodule.c: In function ‘f2py_rout__pysimple_f90wrap_canonical_coordinates_new_mod__set__hs_c’:
/proj/plasma/CODE/ert/SIMPLE/build/python/_pysimplemodule.c:54309:103: warning: unused parameter ‘capi_self’ [-Wunused-parameter]
54309 | static PyObject *f2py_rout__pysimple_f90wrap_canonical_coordinates_new_mod__set__hs_c(const PyObject *capi_self,
      |                                                                                       ~~~~~~~~~~~~~~~~^~~~~~~~~
/proj/plasma/CODE/ert/SIMPLE/build/python/_pysimplemodule.c: In function ‘f2py_rout__pysimple_f90wrap_canonical_coordinates_new_mod__get__h_theta_c’:
/proj/plasma/CODE/ert/SIMPLE/build/python/_pysimplemodule.c:54389:108: warning: unused parameter ‘capi_self’ [-Wunused-parameter]
54389 | static PyObject *f2py_rout__pysimple_f90wrap_canonical_coordinates_new_mod__get__h_theta_c(const PyObject *capi_self,
      |                                                                                            ~~~~~~~~~~~~~~~~^~~~~~~~~
/proj/plasma/CODE/ert/SIMPLE/build/python/_pysimplemodule.c: In function ‘f2py_rout__pysimple_f90wrap_canonical_coordinates_new_mod__set__h_theta_c’:
/proj/plasma/CODE/ert/SIMPLE/build/python/_pysimplemodule.c:54465:108: warning: unused parameter ‘capi_self’ [-Wunused-parameter]
54465 | static PyObject *f2py_rout__pysimple_f90wrap_canonical_coordinates_new_mod__set__h_theta_c(const PyObject *capi_self,
      |                                                                                            ~~~~~~~~~~~~~~~~^~~~~~~~~
/proj/plasma/CODE/ert/SIMPLE/build/python/_pysimplemodule.c: In function ‘f2py_rout__pysimple_f90wrap_canonical_coordinates_new_mod__get__h_phi_c’:
/proj/plasma/CODE/ert/SIMPLE/build/python/_pysimplemodule.c:54545:106: warning: unused parameter ‘capi_self’ [-Wunused-parameter]
54545 | static PyObject *f2py_rout__pysimple_f90wrap_canonical_coordinates_new_mod__get__h_phi_c(const PyObject *capi_self,
      |                                                                                          ~~~~~~~~~~~~~~~~^~~~~~~~~
/proj/plasma/CODE/ert/SIMPLE/build/python/_pysimplemodule.c: In function ‘f2py_rout__pysimple_f90wrap_canonical_coordinates_new_mod__set__h_phi_c’:
/proj/plasma/CODE/ert/SIMPLE/build/python/_pysimplemodule.c:54621:106: warning: unused parameter ‘capi_self’ [-Wunused-parameter]
54621 | static PyObject *f2py_rout__pysimple_f90wrap_canonical_coordinates_new_mod__set__h_phi_c(const PyObject *capi_self,
      |                                                                                          ~~~~~~~~~~~~~~~~^~~~~~~~~
/proj/plasma/CODE/ert/SIMPLE/build/python/_pysimplemodule.c: In function ‘f2py_rout__pysimple_f90wrap_canonical_coordinates_new_mod__array__delta_varphi_c’:
/proj/plasma/CODE/ert/SIMPLE/build/python/_pysimplemodule.c:54706:115: warning: unused parameter ‘capi_self’ [-Wunused-parameter]
54706 | static PyObject *f2py_rout__pysimple_f90wrap_canonical_coordinates_new_mod__array__delta_varphi_c(const PyObject *capi_self,
      |                                                                                                   ~~~~~~~~~~~~~~~~^~~~~~~~~
/proj/plasma/CODE/ert/SIMPLE/build/python/_pysimplemodule.c: In function ‘f2py_rout__pysimple_f90wrap_canonical_coordinates_new_mod__array__h_vartheta_c’:
/proj/plasma/CODE/ert/SIMPLE/build/python/_pysimplemodule.c:54838:113: warning: unused parameter ‘capi_self’ [-Wunused-parameter]
54838 | static PyObject *f2py_rout__pysimple_f90wrap_canonical_coordinates_new_mod__array__h_vartheta_c(const PyObject *capi_self,
      |                                                                                                 ~~~~~~~~~~~~~~~~^~~~~~~~~
/proj/plasma/CODE/ert/SIMPLE/build/python/_pysimplemodule.c: In function ‘f2py_rout__pysimple_f90wrap_canonical_coordinates_new_mod__array__h_varphi_c’:
/proj/plasma/CODE/ert/SIMPLE/build/python/_pysimplemodule.c:54970:111: warning: unused parameter ‘capi_self’ [-Wunused-parameter]
54970 | static PyObject *f2py_rout__pysimple_f90wrap_canonical_coordinates_new_mod__array__h_varphi_c(const PyObject *capi_self,
      |                                                                                               ~~~~~~~~~~~~~~~~^~~~~~~~~
/proj/plasma/CODE/ert/SIMPLE/build/python/_pysimplemodule.c: In function ‘f2py_rout__pysimple_f90wrap_canonical_coordinates_new_mod__array__a_vartheta_c’:
/proj/plasma/CODE/ert/SIMPLE/build/python/_pysimplemodule.c:55102:113: warning: unused parameter ‘capi_self’ [-Wunused-parameter]
55102 | static PyObject *f2py_rout__pysimple_f90wrap_canonical_coordinates_new_mod__array__a_vartheta_c(const PyObject *capi_self,
      |                                                                                                 ~~~~~~~~~~~~~~~~^~~~~~~~~
/proj/plasma/CODE/ert/SIMPLE/build/python/_pysimplemodule.c: In function ‘f2py_rout__pysimple_f90wrap_canonical_coordinates_new_mod__array__a_varphi_c’:
/proj/plasma/CODE/ert/SIMPLE/build/python/_pysimplemodule.c:55234:111: warning: unused parameter ‘capi_self’ [-Wunused-parameter]
55234 | static PyObject *f2py_rout__pysimple_f90wrap_canonical_coordinates_new_mod__array__a_varphi_c(const PyObject *capi_self,
      |                                                                                               ~~~~~~~~~~~~~~~~^~~~~~~~~
/proj/plasma/CODE/ert/SIMPLE/build/python/_pysimplemodule.c: In function ‘f2py_rout__pysimple_f90wrap_canonical_coordinates_new_mod__array__chi_gauge’:
/proj/plasma/CODE/ert/SIMPLE/build/python/_pysimplemodule.c:55366:110: warning: unused parameter ‘capi_self’ [-Wunused-parameter]
55366 | static PyObject *f2py_rout__pysimple_f90wrap_canonical_coordinates_new_mod__array__chi_gauge(const PyObject *capi_self,
      |                                                                                              ~~~~~~~~~~~~~~~~^~~~~~~~~
/proj/plasma/CODE/ert/SIMPLE/build/python/_pysimplemodule.c: In function ‘f2py_rout__pysimple_f90wrap_canonical_coordinates_new_mod__array__bmod_c’:
/proj/plasma/CODE/ert/SIMPLE/build/python/_pysimplemodule.c:55498:107: warning: unused parameter ‘capi_self’ [-Wunused-parameter]
55498 | static PyObject *f2py_rout__pysimple_f90wrap_canonical_coordinates_new_mod__array__bmod_c(const PyObject *capi_self,
      |                                                                                           ~~~~~~~~~~~~~~~~^~~~~~~~~
/proj/plasma/CODE/ert/SIMPLE/build/python/_pysimplemodule.c: In function ‘f2py_rout__pysimple_f90wrap_canonical_coordinates_new_mod__array__derf1’:
/proj/plasma/CODE/ert/SIMPLE/build/python/_pysimplemodule.c:55630:106: warning: unused parameter ‘capi_self’ [-Wunused-parameter]
55630 | static PyObject *f2py_rout__pysimple_f90wrap_canonical_coordinates_new_mod__array__derf1(const PyObject *capi_self,
      |                                                                                          ~~~~~~~~~~~~~~~~^~~~~~~~~
/proj/plasma/CODE/ert/SIMPLE/build/python/_pysimplemodule.c: In function ‘f2py_rout__pysimple_f90wrap_canonical_coordinates_new_mod__array__derf2’:
/proj/plasma/CODE/ert/SIMPLE/build/python/_pysimplemodule.c:55762:106: warning: unused parameter ‘capi_self’ [-Wunused-parameter]
55762 | static PyObject *f2py_rout__pysimple_f90wrap_canonical_coordinates_new_mod__array__derf2(const PyObject *capi_self,
      |                                                                                          ~~~~~~~~~~~~~~~~^~~~~~~~~
/proj/plasma/CODE/ert/SIMPLE/build/python/_pysimplemodule.c: In function ‘f2py_rout__pysimple_f90wrap_canonical_coordinates_new_mod__array__derf3’:
/proj/plasma/CODE/ert/SIMPLE/build/python/_pysimplemodule.c:55894:106: warning: unused parameter ‘capi_self’ [-Wunused-parameter]
55894 | static PyObject *f2py_rout__pysimple_f90wrap_canonical_coordinates_new_mod__array__derf3(const PyObject *capi_self,
      |                                                                                          ~~~~~~~~~~~~~~~~^~~~~~~~~
/proj/plasma/CODE/ert/SIMPLE/build/python/_pysimplemodule.c: In function ‘f2py_rout__pysimple_f90wrap_canonical_coordinates_new_mod__array__s_delta_varphi_c’:
/proj/plasma/CODE/ert/SIMPLE/build/python/_pysimplemodule.c:56026:117: warning: unused parameter ‘capi_self’ [-Wunused-parameter]
56026 | static PyObject *f2py_rout__pysimple_f90wrap_canonical_coordinates_new_mod__array__s_delta_varphi_c(const PyObject *capi_self,
      |                                                                                                     ~~~~~~~~~~~~~~~~^~~~~~~~~
/proj/plasma/CODE/ert/SIMPLE/build/python/_pysimplemodule.c: In function ‘f2py_rout__pysimple_f90wrap_canonical_coordinates_new_mod__array__s_bmod_b_a’:
/proj/plasma/CODE/ert/SIMPLE/build/python/_pysimplemodule.c:56158:111: warning: unused parameter ‘capi_self’ [-Wunused-parameter]
56158 | static PyObject *f2py_rout__pysimple_f90wrap_canonical_coordinates_new_mod__array__s_bmod_b_a(const PyObject *capi_self,
      |                                                                                               ~~~~~~~~~~~~~~~~^~~~~~~~~
/proj/plasma/CODE/ert/SIMPLE/build/python/_pysimplemodule.c: In function ‘f2py_rout__pysimple_f90wrap_boozer_coordinates_mod__get__ns_max’:
/proj/plasma/CODE/ert/SIMPLE/build/python/_pysimplemodule.c:56285:98: warning: unused parameter ‘capi_self’ [-Wunused-parameter]
56285 | static PyObject *f2py_rout__pysimple_f90wrap_boozer_coordinates_mod__get__ns_max(const PyObject *capi_self,
      |                                                                                  ~~~~~~~~~~~~~~~~^~~~~~~~~
/proj/plasma/CODE/ert/SIMPLE/build/python/_pysimplemodule.c: In function ‘f2py_rout__pysimple_f90wrap_boozer_coordinates_mod__get__n_qua’:
/proj/plasma/CODE/ert/SIMPLE/build/python/_pysimplemodule.c:56361:97: warning: unused parameter ‘capi_self’ [-Wunused-parameter]
56361 | static PyObject *f2py_rout__pysimple_f90wrap_boozer_coordinates_mod__get__n_qua(const PyObject *capi_self,
      |                                                                                 ~~~~~~~~~~~~~~~~^~~~~~~~~
/proj/plasma/CODE/ert/SIMPLE/build/python/_pysimplemodule.c: In function ‘f2py_rout__pysimple_f90wrap_boozer_coordinates_mod__get__use_b_r’:
/proj/plasma/CODE/ert/SIMPLE/build/python/_pysimplemodule.c:56437:99: warning: unused parameter ‘capi_self’ [-Wunused-parameter]
56437 | static PyObject *f2py_rout__pysimple_f90wrap_boozer_coordinates_mod__get__use_b_r(const PyObject *capi_self,
      |                                                                                   ~~~~~~~~~~~~~~~~^~~~~~~~~
/proj/plasma/CODE/ert/SIMPLE/build/python/_pysimplemodule.c: In function ‘f2py_rout__pysimple_f90wrap_boozer_coordinates_mod__set__use_b_r’:
/proj/plasma/CODE/ert/SIMPLE/build/python/_pysimplemodule.c:56513:99: warning: unused parameter ‘capi_self’ [-Wunused-parameter]
56513 | static PyObject *f2py_rout__pysimple_f90wrap_boozer_coordinates_mod__set__use_b_r(const PyObject *capi_self,
      |                                                                                   ~~~~~~~~~~~~~~~~^~~~~~~~~
/proj/plasma/CODE/ert/SIMPLE/build/python/_pysimplemodule.c: In function ‘f2py_rout__pysimple_f90wrap_boozer_coordinates_mod__get__use_del_tp_b’:
/proj/plasma/CODE/ert/SIMPLE/build/python/_pysimplemodule.c:56594:104: warning: unused parameter ‘capi_self’ [-Wunused-parameter]
56594 | static PyObject *f2py_rout__pysimple_f90wrap_boozer_coordinates_mod__get__use_del_tp_b(const PyObject *capi_self,
      |                                                                                        ~~~~~~~~~~~~~~~~^~~~~~~~~
/proj/plasma/CODE/ert/SIMPLE/build/python/_pysimplemodule.c: In function ‘f2py_rout__pysimple_f90wrap_boozer_coordinates_mod__set__use_del_tp_b’:
/proj/plasma/CODE/ert/SIMPLE/build/python/_pysimplemodule.c:56670:104: warning: unused parameter ‘capi_self’ [-Wunused-parameter]
56670 | static PyObject *f2py_rout__pysimple_f90wrap_boozer_coordinates_mod__set__use_del_tp_b(const PyObject *capi_self,
      |                                                                                        ~~~~~~~~~~~~~~~~^~~~~~~~~
/proj/plasma/CODE/ert/SIMPLE/build/python/_pysimplemodule.c: In function ‘f2py_rout__pysimple_f90wrap_boozer_coordinates_mod__get__ns_s_b’:
/proj/plasma/CODE/ert/SIMPLE/build/python/_pysimplemodule.c:56751:98: warning: unused parameter ‘capi_self’ [-Wunused-parameter]
56751 | static PyObject *f2py_rout__pysimple_f90wrap_boozer_coordinates_mod__get__ns_s_b(const PyObject *capi_self,
      |                                                                                  ~~~~~~~~~~~~~~~~^~~~~~~~~
/proj/plasma/CODE/ert/SIMPLE/build/python/_pysimplemodule.c: In function ‘f2py_rout__pysimple_f90wrap_boozer_coordinates_mod__set__ns_s_b’:
/proj/plasma/CODE/ert/SIMPLE/build/python/_pysimplemodule.c:56827:98: warning: unused parameter ‘capi_self’ [-Wunused-parameter]
56827 | static PyObject *f2py_rout__pysimple_f90wrap_boozer_coordinates_mod__set__ns_s_b(const PyObject *capi_self,
      |                                                                                  ~~~~~~~~~~~~~~~~^~~~~~~~~
/proj/plasma/CODE/ert/SIMPLE/build/python/_pysimplemodule.c: In function ‘f2py_rout__pysimple_f90wrap_boozer_coordinates_mod__get__ns_tp_b’:
/proj/plasma/CODE/ert/SIMPLE/build/python/_pysimplemodule.c:56907:99: warning: unused parameter ‘capi_self’ [-Wunused-parameter]
56907 | static PyObject *f2py_rout__pysimple_f90wrap_boozer_coordinates_mod__get__ns_tp_b(const PyObject *capi_self,
      |                                                                                   ~~~~~~~~~~~~~~~~^~~~~~~~~
/proj/plasma/CODE/ert/SIMPLE/build/python/_pysimplemodule.c: In function ‘f2py_rout__pysimple_f90wrap_boozer_coordinates_mod__set__ns_tp_b’:
/proj/plasma/CODE/ert/SIMPLE/build/python/_pysimplemodule.c:56983:99: warning: unused parameter ‘capi_self’ [-Wunused-parameter]
56983 | static PyObject *f2py_rout__pysimple_f90wrap_boozer_coordinates_mod__set__ns_tp_b(const PyObject *capi_self,
      |                                                                                   ~~~~~~~~~~~~~~~~^~~~~~~~~
/proj/plasma/CODE/ert/SIMPLE/build/python/_pysimplemodule.c: In function ‘f2py_rout__pysimple_f90wrap_boozer_coordinates_mod__get__ns_b’:
/proj/plasma/CODE/ert/SIMPLE/build/python/_pysimplemodule.c:57063:96: warning: unused parameter ‘capi_self’ [-Wunused-parameter]
57063 | static PyObject *f2py_rout__pysimple_f90wrap_boozer_coordinates_mod__get__ns_b(const PyObject *capi_self,
      |                                                                                ~~~~~~~~~~~~~~~~^~~~~~~~~
/proj/plasma/CODE/ert/SIMPLE/build/python/_pysimplemodule.c: In function ‘f2py_rout__pysimple_f90wrap_boozer_coordinates_mod__set__ns_b’:
/proj/plasma/CODE/ert/SIMPLE/build/python/_pysimplemodule.c:57139:96: warning: unused parameter ‘capi_self’ [-Wunused-parameter]
57139 | static PyObject *f2py_rout__pysimple_f90wrap_boozer_coordinates_mod__set__ns_b(const PyObject *capi_self,
      |                                                                                ~~~~~~~~~~~~~~~~^~~~~~~~~
/proj/plasma/CODE/ert/SIMPLE/build/python/_pysimplemodule.c: In function ‘f2py_rout__pysimple_f90wrap_boozer_coordinates_mod__get__n_theta_b’:
/proj/plasma/CODE/ert/SIMPLE/build/python/_pysimplemodule.c:57219:101: warning: unused parameter ‘capi_self’ [-Wunused-parameter]
57219 | static PyObject *f2py_rout__pysimple_f90wrap_boozer_coordinates_mod__get__n_theta_b(const PyObject *capi_self,
      |                                                                                     ~~~~~~~~~~~~~~~~^~~~~~~~~
/proj/plasma/CODE/ert/SIMPLE/build/python/_pysimplemodule.c: In function ‘f2py_rout__pysimple_f90wrap_boozer_coordinates_mod__set__n_theta_b’:
/proj/plasma/CODE/ert/SIMPLE/build/python/_pysimplemodule.c:57295:101: warning: unused parameter ‘capi_self’ [-Wunused-parameter]
57295 | static PyObject *f2py_rout__pysimple_f90wrap_boozer_coordinates_mod__set__n_theta_b(const PyObject *capi_self,
      |                                                                                     ~~~~~~~~~~~~~~~~^~~~~~~~~
/proj/plasma/CODE/ert/SIMPLE/build/python/_pysimplemodule.c: In function ‘f2py_rout__pysimple_f90wrap_boozer_coordinates_mod__get__n_phi_b’:
/proj/plasma/CODE/ert/SIMPLE/build/python/_pysimplemodule.c:57375:99: warning: unused parameter ‘capi_self’ [-Wunused-parameter]
57375 | static PyObject *f2py_rout__pysimple_f90wrap_boozer_coordinates_mod__get__n_phi_b(const PyObject *capi_self,
      |                                                                                   ~~~~~~~~~~~~~~~~^~~~~~~~~
/proj/plasma/CODE/ert/SIMPLE/build/python/_pysimplemodule.c: In function ‘f2py_rout__pysimple_f90wrap_boozer_coordinates_mod__set__n_phi_b’:
/proj/plasma/CODE/ert/SIMPLE/build/python/_pysimplemodule.c:57451:99: warning: unused parameter ‘capi_self’ [-Wunused-parameter]
57451 | static PyObject *f2py_rout__pysimple_f90wrap_boozer_coordinates_mod__set__n_phi_b(const PyObject *capi_self,
      |                                                                                   ~~~~~~~~~~~~~~~~^~~~~~~~~
/proj/plasma/CODE/ert/SIMPLE/build/python/_pysimplemodule.c: In function ‘f2py_rout__pysimple_f90wrap_boozer_coordinates_mod__get__hs_b’:
/proj/plasma/CODE/ert/SIMPLE/build/python/_pysimplemodule.c:57531:96: warning: unused parameter ‘capi_self’ [-Wunused-parameter]
57531 | static PyObject *f2py_rout__pysimple_f90wrap_boozer_coordinates_mod__get__hs_b(const PyObject *capi_self,
      |                                                                                ~~~~~~~~~~~~~~~~^~~~~~~~~
/proj/plasma/CODE/ert/SIMPLE/build/python/_pysimplemodule.c: In function ‘f2py_rout__pysimple_f90wrap_boozer_coordinates_mod__set__hs_b’:
/proj/plasma/CODE/ert/SIMPLE/build/python/_pysimplemodule.c:57607:96: warning: unused parameter ‘capi_self’ [-Wunused-parameter]
57607 | static PyObject *f2py_rout__pysimple_f90wrap_boozer_coordinates_mod__set__hs_b(const PyObject *capi_self,
      |                                                                                ~~~~~~~~~~~~~~~~^~~~~~~~~
/proj/plasma/CODE/ert/SIMPLE/build/python/_pysimplemodule.c: In function ‘f2py_rout__pysimple_f90wrap_boozer_coordinates_mod__get__h_theta_b’:
/proj/plasma/CODE/ert/SIMPLE/build/python/_pysimplemodule.c:57687:101: warning: unused parameter ‘capi_self’ [-Wunused-parameter]
57687 | static PyObject *f2py_rout__pysimple_f90wrap_boozer_coordinates_mod__get__h_theta_b(const PyObject *capi_self,
      |                                                                                     ~~~~~~~~~~~~~~~~^~~~~~~~~
/proj/plasma/CODE/ert/SIMPLE/build/python/_pysimplemodule.c: In function ‘f2py_rout__pysimple_f90wrap_boozer_coordinates_mod__set__h_theta_b’:
/proj/plasma/CODE/ert/SIMPLE/build/python/_pysimplemodule.c:57763:101: warning: unused parameter ‘capi_self’ [-Wunused-parameter]
57763 | static PyObject *f2py_rout__pysimple_f90wrap_boozer_coordinates_mod__set__h_theta_b(const PyObject *capi_self,
      |                                                                                     ~~~~~~~~~~~~~~~~^~~~~~~~~
/proj/plasma/CODE/ert/SIMPLE/build/python/_pysimplemodule.c: In function ‘f2py_rout__pysimple_f90wrap_boozer_coordinates_mod__get__h_phi_b’:
/proj/plasma/CODE/ert/SIMPLE/build/python/_pysimplemodule.c:57843:99: warning: unused parameter ‘capi_self’ [-Wunused-parameter]
57843 | static PyObject *f2py_rout__pysimple_f90wrap_boozer_coordinates_mod__get__h_phi_b(const PyObject *capi_self,
      |                                                                                   ~~~~~~~~~~~~~~~~^~~~~~~~~
/proj/plasma/CODE/ert/SIMPLE/build/python/_pysimplemodule.c: In function ‘f2py_rout__pysimple_f90wrap_boozer_coordinates_mod__set__h_phi_b’:
/proj/plasma/CODE/ert/SIMPLE/build/python/_pysimplemodule.c:57919:99: warning: unused parameter ‘capi_self’ [-Wunused-parameter]
57919 | static PyObject *f2py_rout__pysimple_f90wrap_boozer_coordinates_mod__set__h_phi_b(const PyObject *capi_self,
      |                                                                                   ~~~~~~~~~~~~~~~~^~~~~~~~~
/proj/plasma/CODE/ert/SIMPLE/build/python/_pysimplemodule.c: In function ‘f2py_rout__pysimple_f90wrap_boozer_coordinates_mod__array__derf1’:
/proj/plasma/CODE/ert/SIMPLE/build/python/_pysimplemodule.c:58004:99: warning: unused parameter ‘capi_self’ [-Wunused-parameter]
58004 | static PyObject *f2py_rout__pysimple_f90wrap_boozer_coordinates_mod__array__derf1(const PyObject *capi_self,
      |                                                                                   ~~~~~~~~~~~~~~~~^~~~~~~~~
/proj/plasma/CODE/ert/SIMPLE/build/python/_pysimplemodule.c: In function ‘f2py_rout__pysimple_f90wrap_boozer_coordinates_mod__array__derf2’:
/proj/plasma/CODE/ert/SIMPLE/build/python/_pysimplemodule.c:58136:99: warning: unused parameter ‘capi_self’ [-Wunused-parameter]
58136 | static PyObject *f2py_rout__pysimple_f90wrap_boozer_coordinates_mod__array__derf2(const PyObject *capi_self,
      |                                                                                   ~~~~~~~~~~~~~~~~^~~~~~~~~
/proj/plasma/CODE/ert/SIMPLE/build/python/_pysimplemodule.c: In function ‘f2py_rout__pysimple_f90wrap_boozer_coordinates_mod__array__derf3’:
/proj/plasma/CODE/ert/SIMPLE/build/python/_pysimplemodule.c:58268:99: warning: unused parameter ‘capi_self’ [-Wunused-parameter]
58268 | static PyObject *f2py_rout__pysimple_f90wrap_boozer_coordinates_mod__array__derf3(const PyObject *capi_self,
      |                                                                                   ~~~~~~~~~~~~~~~~^~~~~~~~~
/proj/plasma/CODE/ert/SIMPLE/build/python/_pysimplemodule.c: In function ‘f2py_rout__pysimple_f90wrap_boozer_coordinates_mod__array__s_bcovar_tp_b’:
/proj/plasma/CODE/ert/SIMPLE/build/python/_pysimplemodule.c:58400:107: warning: unused parameter ‘capi_self’ [-Wunused-parameter]
58400 | static PyObject *f2py_rout__pysimple_f90wrap_boozer_coordinates_mod__array__s_bcovar_tp_b(const PyObject *capi_self,
      |                                                                                           ~~~~~~~~~~~~~~~~^~~~~~~~~
/proj/plasma/CODE/ert/SIMPLE/build/python/_pysimplemodule.c: In function ‘f2py_rout__pysimple_f90wrap_boozer_coordinates_mod__array__s_bmod_b’:
/proj/plasma/CODE/ert/SIMPLE/build/python/_pysimplemodule.c:58532:102: warning: unused parameter ‘capi_self’ [-Wunused-parameter]
58532 | static PyObject *f2py_rout__pysimple_f90wrap_boozer_coordinates_mod__array__s_bmod_b(const PyObject *capi_self,
      |                                                                                      ~~~~~~~~~~~~~~~~^~~~~~~~~
/proj/plasma/CODE/ert/SIMPLE/build/python/_pysimplemodule.c: In function ‘f2py_rout__pysimple_f90wrap_boozer_coordinates_mod__array__s_bcovar_r_b’:
/proj/plasma/CODE/ert/SIMPLE/build/python/_pysimplemodule.c:58664:106: warning: unused parameter ‘capi_self’ [-Wunused-parameter]
58664 | static PyObject *f2py_rout__pysimple_f90wrap_boozer_coordinates_mod__array__s_bcovar_r_b(const PyObject *capi_self,
      |                                                                                          ~~~~~~~~~~~~~~~~^~~~~~~~~
/proj/plasma/CODE/ert/SIMPLE/build/python/_pysimplemodule.c: In function ‘f2py_rout__pysimple_f90wrap_boozer_coordinates_mod__array__s_delt_delp_v’:
/proj/plasma/CODE/ert/SIMPLE/build/python/_pysimplemodule.c:58796:107: warning: unused parameter ‘capi_self’ [-Wunused-parameter]
58796 | static PyObject *f2py_rout__pysimple_f90wrap_boozer_coordinates_mod__array__s_delt_delp_v(const PyObject *capi_self,
      |                                                                                           ~~~~~~~~~~~~~~~~^~~~~~~~~
/proj/plasma/CODE/ert/SIMPLE/build/python/_pysimplemodule.c: In function ‘f2py_rout__pysimple_f90wrap_boozer_coordinates_mod__array__s_delt_delp_b’:
/proj/plasma/CODE/ert/SIMPLE/build/python/_pysimplemodule.c:58928:107: warning: unused parameter ‘capi_self’ [-Wunused-parameter]
58928 | static PyObject *f2py_rout__pysimple_f90wrap_boozer_coordinates_mod__array__s_delt_delp_b(const PyObject *capi_self,
      |                                                                                           ~~~~~~~~~~~~~~~~^~~~~~~~~
/proj/plasma/CODE/ert/SIMPLE/build/python/_pysimplemodule.c: In function ‘f2py_rout__pysimple_f90wrap_velo_mod__get__isw_field_type’:
/proj/plasma/CODE/ert/SIMPLE/build/python/_pysimplemodule.c:59055:92: warning: unused parameter ‘capi_self’ [-Wunused-parameter]
59055 | static PyObject *f2py_rout__pysimple_f90wrap_velo_mod__get__isw_field_type(const PyObject *capi_self,
      |                                                                            ~~~~~~~~~~~~~~~~^~~~~~~~~
/proj/plasma/CODE/ert/SIMPLE/build/python/_pysimplemodule.c: In function ‘f2py_rout__pysimple_f90wrap_velo_mod__set__isw_field_type’:
/proj/plasma/CODE/ert/SIMPLE/build/python/_pysimplemodule.c:59131:92: warning: unused parameter ‘capi_self’ [-Wunused-parameter]
59131 | static PyObject *f2py_rout__pysimple_f90wrap_velo_mod__set__isw_field_type(const PyObject *capi_self,
      |                                                                            ~~~~~~~~~~~~~~~~^~~~~~~~~
/proj/plasma/CODE/ert/SIMPLE/build/python/_pysimplemodule.c: In function ‘f2py_rout__pysimple_f90wrap_gbpi_mod__get__ierrfield’:
/proj/plasma/CODE/ert/SIMPLE/build/python/_pysimplemodule.c:59211:87: warning: unused parameter ‘capi_self’ [-Wunused-parameter]
59211 | static PyObject *f2py_rout__pysimple_f90wrap_gbpi_mod__get__ierrfield(const PyObject *capi_self,
      |                                                                       ~~~~~~~~~~~~~~~~^~~~~~~~~
/proj/plasma/CODE/ert/SIMPLE/build/python/_pysimplemodule.c: In function ‘f2py_rout__pysimple_f90wrap_gbpi_mod__set__ierrfield’:
/proj/plasma/CODE/ert/SIMPLE/build/python/_pysimplemodule.c:59287:87: warning: unused parameter ‘capi_self’ [-Wunused-parameter]
59287 | static PyObject *f2py_rout__pysimple_f90wrap_gbpi_mod__set__ierrfield(const PyObject *capi_self,
      |                                                                       ~~~~~~~~~~~~~~~~^~~~~~~~~
/proj/plasma/CODE/ert/SIMPLE/build/python/_pysimplemodule.c: In function ‘f2py_rout__pysimple_f90wrap_diag_mod__get__dodiag’:
/proj/plasma/CODE/ert/SIMPLE/build/python/_pysimplemodule.c:59367:84: warning: unused parameter ‘capi_self’ [-Wunused-parameter]
59367 | static PyObject *f2py_rout__pysimple_f90wrap_diag_mod__get__dodiag(const PyObject *capi_self,
      |                                                                    ~~~~~~~~~~~~~~~~^~~~~~~~~
/proj/plasma/CODE/ert/SIMPLE/build/python/_pysimplemodule.c: In function ‘f2py_rout__pysimple_f90wrap_diag_mod__set__dodiag’:
/proj/plasma/CODE/ert/SIMPLE/build/python/_pysimplemodule.c:59443:84: warning: unused parameter ‘capi_self’ [-Wunused-parameter]
59443 | static PyObject *f2py_rout__pysimple_f90wrap_diag_mod__set__dodiag(const PyObject *capi_self,
      |                                                                    ~~~~~~~~~~~~~~~~^~~~~~~~~
/proj/plasma/CODE/ert/SIMPLE/build/python/_pysimplemodule.c: In function ‘f2py_rout__pysimple_f90wrap_diag_mod__get__icounter’:
/proj/plasma/CODE/ert/SIMPLE/build/python/_pysimplemodule.c:59524:86: warning: unused parameter ‘capi_self’ [-Wunused-parameter]
59524 | static PyObject *f2py_rout__pysimple_f90wrap_diag_mod__get__icounter(const PyObject *capi_self,
      |                                                                      ~~~~~~~~~~~~~~~~^~~~~~~~~
/proj/plasma/CODE/ert/SIMPLE/build/python/_pysimplemodule.c: In function ‘f2py_rout__pysimple_f90wrap_diag_mod__set__icounter’:
/proj/plasma/CODE/ert/SIMPLE/build/python/_pysimplemodule.c:59600:86: warning: unused parameter ‘capi_self’ [-Wunused-parameter]
59600 | static PyObject *f2py_rout__pysimple_f90wrap_diag_mod__set__icounter(const PyObject *capi_self,
      |                                                                      ~~~~~~~~~~~~~~~~^~~~~~~~~
/proj/plasma/CODE/ert/SIMPLE/build/python/_pysimplemodule.c: At top level:
/proj/plasma/CODE/ert/SIMPLE/build/python/_pysimplemodule.c:59687:159: warning: cast between incompatible function types from ‘PyObject * (*)(const PyObject *, PyObject *, PyObject *, void (*)(void))’ {aka ‘struct _object * (*)(const struct _object *, struct _object *, struct _object *, void (*)(void))’} to ‘void (*)(int *, npy_intp *, void (*)(char *, npy_intp *), int *)’ {aka ‘void (*)(int *, long int *, void (*)(char *, long int *), int *)’} [-Wcast-function-type]
59687 |     {"f90wrap_simple_main__print_parameters",-1,{{-1}},0,0,(char *)  F_FUNC_US(f90wrap_simple_main__print_parameters,F90WRAP_SIMPLE_MAIN__PRINT_PARAMETERS),  (f2py_init_func)f2py_rout__pysimple_f90wrap_simple_main__print_parameters,doc_f2py_rout__pysimple_f90wrap_simple_main__print_parameters},
      |                                                                                                                                                               ^
/proj/plasma/CODE/ert/SIMPLE/build/python/_pysimplemodule.c:59688:180: warning: cast between incompatible function types from ‘PyObject * (*)(const PyObject *, PyObject *, PyObject *, void (*)(int *, int *))’ {aka ‘struct _object * (*)(const struct _object *, struct _object *, struct _object *, void (*)(int *, int *))’} to ‘void (*)(int *, npy_intp *, void (*)(char *, npy_intp *), int *)’ {aka ‘void (*)(int *, long int *, void (*)(char *, long int *), int *)’} [-Wcast-function-type]
59688 |     {"f90wrap_simple_main__increase_confined_count",-1,{{-1}},0,0,(char *)  F_FUNC_US(f90wrap_simple_main__increase_confined_count,F90WRAP_SIMPLE_MAIN__INCREASE_CONFINED_COUNT),  (f2py_init_func)f2py_rout__pysimple_f90wrap_simple_main__increase_confined_count,doc_f2py_rout__pysimple_f90wrap_simple_main__increase_confined_count},
      |                                                                                                                                                                                    ^
/proj/plasma/CODE/ert/SIMPLE/build/python/_pysimplemodule.c:59689:132: warning: cast between incompatible function types from ‘PyObject * (*)(const PyObject *, PyObject *, PyObject *, void (*)(double *, double *))’ {aka ‘struct _object * (*)(const struct _object *, struct _object *, struct _object *, void (*)(double *, double *))’} to ‘void (*)(int *, npy_intp *, void (*)(char *, npy_intp *), int *)’ {aka ‘void (*)(int *, long int *, void (*)(char *, long int *), int *)’} [-Wcast-function-type]
59689 |     {"f90wrap_simple_main__collide",-1,{{-1}},0,0,(char *)  F_FUNC_US(f90wrap_simple_main__collide,F90WRAP_SIMPLE_MAIN__COLLIDE),  (f2py_init_func)f2py_rout__pysimple_f90wrap_simple_main__collide,doc_f2py_rout__pysimple_f90wrap_simple_main__collide},
      |                                                                                                                                    ^
/proj/plasma/CODE/ert/SIMPLE/build/python/_pysimplemodule.c:59690:147: warning: cast between incompatible function types from ‘PyObject * (*)(const PyObject *, PyObject *, PyObject *, void (*)(void))’ {aka ‘struct _object * (*)(const struct _object *, struct _object *, struct _object *, void (*)(void))’} to ‘void (*)(int *, npy_intp *, void (*)(char *, npy_intp *), int *)’ {aka ‘void (*)(int *, long int *, void (*)(char *, long int *), int *)’} [-Wcast-function-type]
59690 |     {"f90wrap_simple_main__write_output",-1,{{-1}},0,0,(char *)  F_FUNC_US(f90wrap_simple_main__write_output,F90WRAP_SIMPLE_MAIN__WRITE_OUTPUT),  (f2py_init_func)f2py_rout__pysimple_f90wrap_simple_main__write_output,doc_f2py_rout__pysimple_f90wrap_simple_main__write_output},
      |                                                                                                                                                   ^
/proj/plasma/CODE/ert/SIMPLE/build/python/_pysimplemodule.c:59691:138: warning: cast between incompatible function types from ‘PyObject * (*)(const PyObject *, PyObject *, PyObject *, void (*)(int *, double *, long_long *, int *))’ {aka ‘struct _object * (*)(const struct _object *, struct _object *, struct _object *, void (*)(int *, double *, long long int *, int *))’} to ‘void (*)(int *, npy_intp *, void (*)(char *, npy_intp *), int *)’ {aka ‘void (*)(int *, long int *, void (*)(char *, long int *), int *)’} [-Wcast-function-type]
59691 |     {"f90wrap_simple_main__macrostep",-1,{{-1}},0,0,(char *)  F_FUNC_US(f90wrap_simple_main__macrostep,F90WRAP_SIMPLE_MAIN__MACROSTEP),  (f2py_init_func)f2py_rout__pysimple_f90wrap_simple_main__macrostep,doc_f2py_rout__pysimple_f90wrap_simple_main__macrostep},
      |                                                                                                                                          ^
/proj/plasma/CODE/ert/SIMPLE/build/python/_pysimplemodule.c:59692:150: warning: cast between incompatible function types from ‘PyObject * (*)(const PyObject *, PyObject *, PyObject *, void (*)(void))’ {aka ‘struct _object * (*)(const struct _object *, struct _object *, struct _object *, void (*)(void))’} to ‘void (*)(int *, npy_intp *, void (*)(char *, npy_intp *), int *)’ {aka ‘void (*)(int *, long int *, void (*)(char *, long int *), int *)’} [-Wcast-function-type]
59692 |     {"f90wrap_simple_main__init_counters",-1,{{-1}},0,0,(char *)  F_FUNC_US(f90wrap_simple_main__init_counters,F90WRAP_SIMPLE_MAIN__INIT_COUNTERS),  (f2py_init_func)f2py_rout__pysimple_f90wrap_simple_main__init_counters,doc_f2py_rout__pysimple_f90wrap_simple_main__init_counters},
      |                                                                                                                                                      ^
/proj/plasma/CODE/ert/SIMPLE/build/python/_pysimplemodule.c:59693:189: warning: cast between incompatible function types from ‘PyObject * (*)(const PyObject *, PyObject *, PyObject *, void (*)(double *, int *, double *, double *))’ {aka ‘struct _object * (*)(const struct _object *, struct _object *, struct _object *, void (*)(double *, int *, double *, double *))’} to ‘void (*)(int *, npy_intp *, void (*)(char *, npy_intp *), int *)’ {aka ‘void (*)(int *, long int *, void (*)(char *, long int *), int *)’} [-Wcast-function-type]
59693 |     {"f90wrap_simple_main__compute_pitch_angle_params",-1,{{-1}},0,0,(char *)  F_FUNC_US(f90wrap_simple_main__compute_pitch_angle_params,F90WRAP_SIMPLE_MAIN__COMPUTE_PITCH_ANGLE_PARAMS),  (f2py_init_func)f2py_rout__pysimple_f90wrap_simple_main__compute_pitch_angle_params,doc_f2py_rout__pysimple_f90wrap_simple_main__compute_pitch_angle_params},
      |                                                                                                                                                                                             ^
/proj/plasma/CODE/ert/SIMPLE/build/python/_pysimplemodule.c:59694:141: warning: cast between incompatible function types from ‘PyObject * (*)(const PyObject *, PyObject *, PyObject *, void (*)(int *, char *, int *, int *, int *, int *, size_t))’ {aka ‘struct _object * (*)(const struct _object *, struct _object *, struct _object *, void (*)(int *, char *, int *, int *, int *, int *, long unsigned int))’} to ‘void (*)(int *, npy_intp *, void (*)(char *, npy_intp *), int *)’ {aka ‘void (*)(int *, long int *, void (*)(char *, long int *), int *)’} [-Wcast-function-type]
59694 |     {"f90wrap_simple_main__init_field",-1,{{-1}},0,0,(char *)  F_FUNC_US(f90wrap_simple_main__init_field,F90WRAP_SIMPLE_MAIN__INIT_FIELD),  (f2py_init_func)f2py_rout__pysimple_f90wrap_simple_main__init_field,doc_f2py_rout__pysimple_f90wrap_simple_main__init_field},
      |                                                                                                                                             ^
/proj/plasma/CODE/ert/SIMPLE/build/python/_pysimplemodule.c:59695:147: warning: cast between incompatible function types from ‘PyObject * (*)(const PyObject *, PyObject *, PyObject *, void (*)(double *, double *))’ {aka ‘struct _object * (*)(const struct _object *, struct _object *, struct _object *, void (*)(double *, double *))’} to ‘void (*)(int *, npy_intp *, void (*)(char *, npy_intp *), int *)’ {aka ‘void (*)(int *, long int *, void (*)(char *, long int *), int *)’} [-Wcast-function-type]
59695 |     {"f90wrap_simple_main__compute_bmod",-1,{{-1}},0,0,(char *)  F_FUNC_US(f90wrap_simple_main__compute_bmod,F90WRAP_SIMPLE_MAIN__COMPUTE_BMOD),  (f2py_init_func)f2py_rout__pysimple_f90wrap_simple_main__compute_bmod,doc_f2py_rout__pysimple_f90wrap_simple_main__compute_bmod},
      |                                                                                                                                                   ^
/proj/plasma/CODE/ert/SIMPLE/build/python/_pysimplemodule.c:59696:156: warning: cast between incompatible function types from ‘PyObject * (*)(const PyObject *, PyObject *, PyObject *, void (*)(void))’ {aka ‘struct _object * (*)(const struct _object *, struct _object *, struct _object *, void (*)(void))’} to ‘void (*)(int *, npy_intp *, void (*)(char *, npy_intp *), int *)’ {aka ‘void (*)(int *, long int *, void (*)(char *, long int *), int *)’} [-Wcast-function-type]
59696 |     {"f90wrap_simple_main__init_collisions",-1,{{-1}},0,0,(char *)  F_FUNC_US(f90wrap_simple_main__init_collisions,F90WRAP_SIMPLE_MAIN__INIT_COLLISIONS),  (f2py_init_func)f2py_rout__pysimple_f90wrap_simple_main__init_collisions,doc_f2py_rout__pysimple_f90wrap_simple_main__init_collisions},
      |                                                                                                                                                            ^
/proj/plasma/CODE/ert/SIMPLE/build/python/_pysimplemodule.c:59697:186: warning: cast between incompatible function types from ‘PyObject * (*)(const PyObject *, PyObject *, PyObject *, void (*)(int *, double *))’ {aka ‘struct _object * (*)(const struct _object *, struct _object *, struct _object *, void (*)(int *, double *))’} to ‘void (*)(int *, npy_intp *, void (*)(char *, npy_intp *), int *)’ {aka ‘void (*)(int *, long int *, void (*)(char *, long int *), int *)’} [-Wcast-function-type]
59697 |     {"f90wrap_simple_main__to_standard_z_coordinates",-1,{{-1}},0,0,(char *)  F_FUNC_US(f90wrap_simple_main__to_standard_z_coordinates,F90WRAP_SIMPLE_MAIN__TO_STANDARD_Z_COORDINATES),  (f2py_init_func)f2py_rout__pysimple_f90wrap_simple_main__to_standard_z_coordinates,doc_f2py_rout__pysimple_f90wrap_simple_main__to_standard_z_coordinates},
      |                                                                                                                                                                                          ^
/proj/plasma/CODE/ert/SIMPLE/build/python/_pysimplemodule.c:59698:120: warning: cast between incompatible function types from ‘PyObject * (*)(const PyObject *, PyObject *, PyObject *, void (*)(int *))’ {aka ‘struct _object * (*)(const struct _object *, struct _object *, struct _object *, void (*)(int *))’} to ‘void (*)(int *, npy_intp *, void (*)(char *, npy_intp *), int *)’ {aka ‘void (*)(int *, long int *, void (*)(char *, long int *), int *)’} [-Wcast-function-type]
59698 |     {"f90wrap_simple_main__run",-1,{{-1}},0,0,(char *)  F_FUNC_US(f90wrap_simple_main__run,F90WRAP_SIMPLE_MAIN__RUN),  (f2py_init_func)f2py_rout__pysimple_f90wrap_simple_main__run,doc_f2py_rout__pysimple_f90wrap_simple_main__run},
      |                                                                                                                        ^
/proj/plasma/CODE/ert/SIMPLE/build/python/_pysimplemodule.c:59699:144: warning: cast between incompatible function types from ‘PyObject * (*)(const PyObject *, PyObject *, PyObject *, void (*)(int *, int *))’ {aka ‘struct _object * (*)(const struct _object *, struct _object *, struct _object *, void (*)(int *, int *))’} to ‘void (*)(int *, npy_intp *, void (*)(char *, npy_intp *), int *)’ {aka ‘void (*)(int *, long int *, void (*)(char *, long int *), int *)’} [-Wcast-function-type]
59699 |     {"f90wrap_simple_main__trace_orbit",-1,{{-1}},0,0,(char *)  F_FUNC_US(f90wrap_simple_main__trace_orbit,F90WRAP_SIMPLE_MAIN__TRACE_ORBIT),  (f2py_init_func)f2py_rout__pysimple_f90wrap_simple_main__trace_orbit,doc_f2py_rout__pysimple_f90wrap_simple_main__trace_orbit},
      |                                                                                                                                                ^
/proj/plasma/CODE/ert/SIMPLE/build/python/_pysimplemodule.c:59700:156: warning: cast between incompatible function types from ‘PyObject * (*)(const PyObject *, PyObject *, PyObject *, void (*)(int *, double *))’ {aka ‘struct _object * (*)(const struct _object *, struct _object *, struct _object *, void (*)(int *, double *))’} to ‘void (*)(int *, npy_intp *, void (*)(char *, npy_intp *), int *)’ {aka ‘void (*)(int *, long int *, void (*)(char *, long int *), int *)’} [-Wcast-function-type]
59700 |     {"f90wrap_simple_main__update_momentum",-1,{{-1}},0,0,(char *)  F_FUNC_US(f90wrap_simple_main__update_momentum,F90WRAP_SIMPLE_MAIN__UPDATE_MOMENTUM),  (f2py_init_func)f2py_rout__pysimple_f90wrap_simple_main__update_momentum,doc_f2py_rout__pysimple_f90wrap_simple_main__update_momentum},
      |                                                                                                                                                            ^
/proj/plasma/CODE/ert/SIMPLE/build/python/_pysimplemodule.c:59701:123: warning: cast between incompatible function types from ‘PyObject * (*)(const PyObject *, PyObject *, PyObject *, void (*)(int *, double *))’ {aka ‘struct _object * (*)(const struct _object *, struct _object *, struct _object *, void (*)(int *, double *))’} to ‘void (*)(int *, npy_intp *, void (*)(char *, npy_intp *), int *)’ {aka ‘void (*)(int *, long int *, void (*)(char *, long int *), int *)’} [-Wcast-function-type]
59701 |     {"f90wrap_tracer__get__fper",-1,{{-1}},0,0,(char *)  F_FUNC_US(f90wrap_tracer__get__fper,F90WRAP_TRACER__GET__FPER),  (f2py_init_func)f2py_rout__pysimple_f90wrap_tracer__get__fper,doc_f2py_rout__pysimple_f90wrap_tracer__get__fper},
      |                                                                                                                           ^
/proj/plasma/CODE/ert/SIMPLE/build/python/_pysimplemodule.c:59702:123: warning: cast between incompatible function types from ‘PyObject * (*)(const PyObject *, PyObject *, PyObject *, void (*)(int *, double *))’ {aka ‘struct _object * (*)(const struct _object *, struct _object *, struct _object *, void (*)(int *, double *))’} to ‘void (*)(int *, npy_intp *, void (*)(char *, npy_intp *), int *)’ {aka ‘void (*)(int *, long int *, void (*)(char *, long int *), int *)’} [-Wcast-function-type]
59702 |     {"f90wrap_tracer__set__fper",-1,{{-1}},0,0,(char *)  F_FUNC_US(f90wrap_tracer__set__fper,F90WRAP_TRACER__SET__FPER),  (f2py_init_func)f2py_rout__pysimple_f90wrap_tracer__set__fper,doc_f2py_rout__pysimple_f90wrap_tracer__set__fper},
      |                                                                                                                           ^
/proj/plasma/CODE/ert/SIMPLE/build/python/_pysimplemodule.c:59703:123: warning: cast between incompatible function types from ‘PyObject * (*)(const PyObject *, PyObject *, PyObject *, void (*)(int *, double *))’ {aka ‘struct _object * (*)(const struct _object *, struct _object *, struct _object *, void (*)(int *, double *))’} to ‘void (*)(int *, npy_intp *, void (*)(char *, npy_intp *), int *)’ {aka ‘void (*)(int *, long int *, void (*)(char *, long int *), int *)’} [-Wcast-function-type]
59703 |     {"f90wrap_tracer__get__dtau",-1,{{-1}},0,0,(char *)  F_FUNC_US(f90wrap_tracer__get__dtau,F90WRAP_TRACER__GET__DTAU),  (f2py_init_func)f2py_rout__pysimple_f90wrap_tracer__get__dtau,doc_f2py_rout__pysimple_f90wrap_tracer__get__dtau},
      |                                                                                                                           ^
/proj/plasma/CODE/ert/SIMPLE/build/python/_pysimplemodule.c:59704:123: warning: cast between incompatible function types from ‘PyObject * (*)(const PyObject *, PyObject *, PyObject *, void (*)(int *, double *))’ {aka ‘struct _object * (*)(const struct _object *, struct _object *, struct _object *, void (*)(int *, double *))’} to ‘void (*)(int *, npy_intp *, void (*)(char *, npy_intp *), int *)’ {aka ‘void (*)(int *, long int *, void (*)(char *, long int *), int *)’} [-Wcast-function-type]
59704 |     {"f90wrap_tracer__set__dtau",-1,{{-1}},0,0,(char *)  F_FUNC_US(f90wrap_tracer__set__dtau,F90WRAP_TRACER__SET__DTAU),  (f2py_init_func)f2py_rout__pysimple_f90wrap_tracer__set__dtau,doc_f2py_rout__pysimple_f90wrap_tracer__set__dtau},
      |                                                                                                                           ^
/proj/plasma/CODE/ert/SIMPLE/build/python/_pysimplemodule.c:59705:132: warning: cast between incompatible function types from ‘PyObject * (*)(const PyObject *, PyObject *, PyObject *, void (*)(int *, double *))’ {aka ‘struct _object * (*)(const struct _object *, struct _object *, struct _object *, void (*)(int *, double *))’} to ‘void (*)(int *, npy_intp *, void (*)(char *, npy_intp *), int *)’ {aka ‘void (*)(int *, long int *, void (*)(char *, long int *), int *)’} [-Wcast-function-type]
59705 |     {"f90wrap_tracer__get__dtaumin",-1,{{-1}},0,0,(char *)  F_FUNC_US(f90wrap_tracer__get__dtaumin,F90WRAP_TRACER__GET__DTAUMIN),  (f2py_init_func)f2py_rout__pysimple_f90wrap_tracer__get__dtaumin,doc_f2py_rout__pysimple_f90wrap_tracer__get__dtaumin},
      |                                                                                                                                    ^
/proj/plasma/CODE/ert/SIMPLE/build/python/_pysimplemodule.c:59706:132: warning: cast between incompatible function types from ‘PyObject * (*)(const PyObject *, PyObject *, PyObject *, void (*)(int *, double *))’ {aka ‘struct _object * (*)(const struct _object *, struct _object *, struct _object *, void (*)(int *, double *))’} to ‘void (*)(int *, npy_intp *, void (*)(char *, npy_intp *), int *)’ {aka ‘void (*)(int *, long int *, void (*)(char *, long int *), int *)’} [-Wcast-function-type]
59706 |     {"f90wrap_tracer__set__dtaumin",-1,{{-1}},0,0,(char *)  F_FUNC_US(f90wrap_tracer__set__dtaumin,F90WRAP_TRACER__SET__DTAUMIN),  (f2py_init_func)f2py_rout__pysimple_f90wrap_tracer__set__dtaumin,doc_f2py_rout__pysimple_f90wrap_tracer__set__dtaumin},
      |                                                                                                                                    ^
/proj/plasma/CODE/ert/SIMPLE/build/python/_pysimplemodule.c:59707:117: warning: cast between incompatible function types from ‘PyObject * (*)(const PyObject *, PyObject *, PyObject *, void (*)(int *, double *))’ {aka ‘struct _object * (*)(const struct _object *, struct _object *, struct _object *, void (*)(int *, double *))’} to ‘void (*)(int *, npy_intp *, void (*)(char *, npy_intp *), int *)’ {aka ‘void (*)(int *, long int *, void (*)(char *, long int *), int *)’} [-Wcast-function-type]
59707 |     {"f90wrap_tracer__get__v0",-1,{{-1}},0,0,(char *)  F_FUNC_US(f90wrap_tracer__get__v0,F90WRAP_TRACER__GET__V0),  (f2py_init_func)f2py_rout__pysimple_f90wrap_tracer__get__v0,doc_f2py_rout__pysimple_f90wrap_tracer__get__v0},
      |                                                                                                                     ^
/proj/plasma/CODE/ert/SIMPLE/build/python/_pysimplemodule.c:59708:117: warning: cast between incompatible function types from ‘PyObject * (*)(const PyObject *, PyObject *, PyObject *, void (*)(int *, double *))’ {aka ‘struct _object * (*)(const struct _object *, struct _object *, struct _object *, void (*)(int *, double *))’} to ‘void (*)(int *, npy_intp *, void (*)(char *, npy_intp *), int *)’ {aka ‘void (*)(int *, long int *, void (*)(char *, long int *), int *)’} [-Wcast-function-type]
59708 |     {"f90wrap_tracer__set__v0",-1,{{-1}},0,0,(char *)  F_FUNC_US(f90wrap_tracer__set__v0,F90WRAP_TRACER__SET__V0),  (f2py_init_func)f2py_rout__pysimple_f90wrap_tracer__set__v0,doc_f2py_rout__pysimple_f90wrap_tracer__set__v0},
      |                                                                                                                     ^
/proj/plasma/CODE/ert/SIMPLE/build/python/_pysimplemodule.c:59709:120: warning: cast between incompatible function types from ‘PyObject * (*)(const PyObject *, PyObject *, PyObject *, void (*)(int *, int *))’ {aka ‘struct _object * (*)(const struct _object *, struct _object *, struct _object *, void (*)(int *, int *))’} to ‘void (*)(int *, npy_intp *, void (*)(char *, npy_intp *), int *)’ {aka ‘void (*)(int *, long int *, void (*)(char *, long int *), int *)’} [-Wcast-function-type]
59709 |     {"f90wrap_tracer__get__n_e",-1,{{-1}},0,0,(char *)  F_FUNC_US(f90wrap_tracer__get__n_e,F90WRAP_TRACER__GET__N_E),  (f2py_init_func)f2py_rout__pysimple_f90wrap_tracer__get__n_e,doc_f2py_rout__pysimple_f90wrap_tracer__get__n_e},
      |                                                                                                                        ^
/proj/plasma/CODE/ert/SIMPLE/build/python/_pysimplemodule.c:59710:120: warning: cast between incompatible function types from ‘PyObject * (*)(const PyObject *, PyObject *, PyObject *, void (*)(int *, int *))’ {aka ‘struct _object * (*)(const struct _object *, struct _object *, struct _object *, void (*)(int *, int *))’} to ‘void (*)(int *, npy_intp *, void (*)(char *, npy_intp *), int *)’ {aka ‘void (*)(int *, long int *, void (*)(char *, long int *), int *)’} [-Wcast-function-type]
59710 |     {"f90wrap_tracer__set__n_e",-1,{{-1}},0,0,(char *)  F_FUNC_US(f90wrap_tracer__set__n_e,F90WRAP_TRACER__SET__N_E),  (f2py_init_func)f2py_rout__pysimple_f90wrap_tracer__set__n_e,doc_f2py_rout__pysimple_f90wrap_tracer__set__n_e},
      |                                                                                                                        ^
/proj/plasma/CODE/ert/SIMPLE/build/python/_pysimplemodule.c:59711:120: warning: cast between incompatible function types from ‘PyObject * (*)(const PyObject *, PyObject *, PyObject *, void (*)(int *, int *))’ {aka ‘struct _object * (*)(const struct _object *, struct _object *, struct _object *, void (*)(int *, int *))’} to ‘void (*)(int *, npy_intp *, void (*)(char *, npy_intp *), int *)’ {aka ‘void (*)(int *, long int *, void (*)(char *, long int *), int *)’} [-Wcast-function-type]
59711 |     {"f90wrap_tracer__get__n_d",-1,{{-1}},0,0,(char *)  F_FUNC_US(f90wrap_tracer__get__n_d,F90WRAP_TRACER__GET__N_D),  (f2py_init_func)f2py_rout__pysimple_f90wrap_tracer__get__n_d,doc_f2py_rout__pysimple_f90wrap_tracer__get__n_d},
      |                                                                                                                        ^
/proj/plasma/CODE/ert/SIMPLE/build/python/_pysimplemodule.c:59712:120: warning: cast between incompatible function types from ‘PyObject * (*)(const PyObject *, PyObject *, PyObject *, void (*)(int *, int *))’ {aka ‘struct _object * (*)(const struct _object *, struct _object *, struct _object *, void (*)(int *, int *))’} to ‘void (*)(int *, npy_intp *, void (*)(char *, npy_intp *), int *)’ {aka ‘void (*)(int *, long int *, void (*)(char *, long int *), int *)’} [-Wcast-function-type]
59712 |     {"f90wrap_tracer__set__n_d",-1,{{-1}},0,0,(char *)  F_FUNC_US(f90wrap_tracer__set__n_d,F90WRAP_TRACER__SET__N_D),  (f2py_init_func)f2py_rout__pysimple_f90wrap_tracer__set__n_d,doc_f2py_rout__pysimple_f90wrap_tracer__set__n_d},
      |                                                                                                                        ^
/proj/plasma/CODE/ert/SIMPLE/build/python/_pysimplemodule.c:59713:138: warning: cast between incompatible function types from ‘PyObject * (*)(const PyObject *, PyObject *, PyObject *, void (*)(int *, int *))’ {aka ‘struct _object * (*)(const struct _object *, struct _object *, struct _object *, void (*)(int *, int *))’} to ‘void (*)(int *, npy_intp *, void (*)(char *, npy_intp *), int *)’ {aka ‘void (*)(int *, long int *, void (*)(char *, long int *), int *)’} [-Wcast-function-type]
59713 |     {"f90wrap_tracer__get__integmode",-1,{{-1}},0,0,(char *)  F_FUNC_US(f90wrap_tracer__get__integmode,F90WRAP_TRACER__GET__INTEGMODE),  (f2py_init_func)f2py_rout__pysimple_f90wrap_tracer__get__integmode,doc_f2py_rout__pysimple_f90wrap_tracer__get__integmode},
      |                                                                                                                                          ^
/proj/plasma/CODE/ert/SIMPLE/build/python/_pysimplemodule.c:59714:138: warning: cast between incompatible function types from ‘PyObject * (*)(const PyObject *, PyObject *, PyObject *, void (*)(int *, int *))’ {aka ‘struct _object * (*)(const struct _object *, struct _object *, struct _object *, void (*)(int *, int *))’} to ‘void (*)(int *, npy_intp *, void (*)(char *, npy_intp *), int *)’ {aka ‘void (*)(int *, long int *, void (*)(char *, long int *), int *)’} [-Wcast-function-type]
59714 |     {"f90wrap_tracer__set__integmode",-1,{{-1}},0,0,(char *)  F_FUNC_US(f90wrap_tracer__set__integmode,F90WRAP_TRACER__SET__INTEGMODE),  (f2py_init_func)f2py_rout__pysimple_f90wrap_tracer__set__integmode,doc_f2py_rout__pysimple_f90wrap_tracer__set__integmode},
      |                                                                                                                                          ^
/proj/plasma/CODE/ert/SIMPLE/build/python/_pysimplemodule.c:59715:129: warning: cast between incompatible function types from ‘PyObject * (*)(const PyObject *, PyObject *, PyObject *, void (*)(int *, double *))’ {aka ‘struct _object * (*)(const struct _object *, struct _object *, struct _object *, void (*)(int *, double *))’} to ‘void (*)(int *, npy_intp *, void (*)(char *, npy_intp *), int *)’ {aka ‘void (*)(int *, long int *, void (*)(char *, long int *), int *)’} [-Wcast-function-type]
59715 |     {"f90wrap_tracer__get__relerr",-1,{{-1}},0,0,(char *)  F_FUNC_US(f90wrap_tracer__get__relerr,F90WRAP_TRACER__GET__RELERR),  (f2py_init_func)f2py_rout__pysimple_f90wrap_tracer__get__relerr,doc_f2py_rout__pysimple_f90wrap_tracer__get__relerr},
      |                                                                                                                                 ^
/proj/plasma/CODE/ert/SIMPLE/build/python/_pysimplemodule.c:59716:129: warning: cast between incompatible function types from ‘PyObject * (*)(const PyObject *, PyObject *, PyObject *, void (*)(int *, double *))’ {aka ‘struct _object * (*)(const struct _object *, struct _object *, struct _object *, void (*)(int *, double *))’} to ‘void (*)(int *, npy_intp *, void (*)(char *, npy_intp *), int *)’ {aka ‘void (*)(int *, long int *, void (*)(char *, long int *), int *)’} [-Wcast-function-type]
59716 |     {"f90wrap_tracer__set__relerr",-1,{{-1}},0,0,(char *)  F_FUNC_US(f90wrap_tracer__set__relerr,F90WRAP_TRACER__SET__RELERR),  (f2py_init_func)f2py_rout__pysimple_f90wrap_tracer__set__relerr,doc_f2py_rout__pysimple_f90wrap_tracer__set__relerr},
      |                                                                                                                                 ^
/proj/plasma/CODE/ert/SIMPLE/build/python/_pysimplemodule.c:59717:114: warning: cast between incompatible function types from ‘PyObject * (*)(const PyObject *, PyObject *, PyObject *, void (*)(int *, int *))’ {aka ‘struct _object * (*)(const struct _object *, struct _object *, struct _object *, void (*)(int *, int *))’} to ‘void (*)(int *, npy_intp *, void (*)(char *, npy_intp *), int *)’ {aka ‘void (*)(int *, long int *, void (*)(char *, long int *), int *)’} [-Wcast-function-type]
59717 |     {"f90wrap_tracer__get__f",-1,{{-1}},0,0,(char *)  F_FUNC_US(f90wrap_tracer__get__f,F90WRAP_TRACER__GET__F),  (f2py_init_func)f2py_rout__pysimple_f90wrap_tracer__get__f,doc_f2py_rout__pysimple_f90wrap_tracer__get__f},
      |                                                                                                                  ^
/proj/plasma/CODE/ert/SIMPLE/build/python/_pysimplemodule.c:59718:114: warning: cast between incompatible function types from ‘PyObject * (*)(const PyObject *, PyObject *, PyObject *, void (*)(int *, int *))’ {aka ‘struct _object * (*)(const struct _object *, struct _object *, struct _object *, void (*)(int *, int *))’} to ‘void (*)(int *, npy_intp *, void (*)(char *, npy_intp *), int *)’ {aka ‘void (*)(int *, long int *, void (*)(char *, long int *), int *)’} [-Wcast-function-type]
59718 |     {"f90wrap_tracer__set__f",-1,{{-1}},0,0,(char *)  F_FUNC_US(f90wrap_tracer__set__f,F90WRAP_TRACER__SET__F),  (f2py_init_func)f2py_rout__pysimple_f90wrap_tracer__set__f,doc_f2py_rout__pysimple_f90wrap_tracer__set__f},
      |                                                                                                                  ^
/proj/plasma/CODE/ert/SIMPLE/build/python/_pysimplemodule.c:59719:117: warning: cast between incompatible function types from ‘PyObject * (*)(const PyObject *, PyObject *, PyObject *, void (*)(int *, int *))’ {aka ‘struct _object * (*)(const struct _object *, struct _object *, struct _object *, void (*)(int *, int *))’} to ‘void (*)(int *, npy_intp *, void (*)(char *, npy_intp *), int *)’ {aka ‘void (*)(int *, long int *, void (*)(char *, long int *), int *)’} [-Wcast-function-type]
59719 |     {"f90wrap_tracer__get__si",-1,{{-1}},0,0,(char *)  F_FUNC_US(f90wrap_tracer__get__si,F90WRAP_TRACER__GET__SI),  (f2py_init_func)f2py_rout__pysimple_f90wrap_tracer__get__si,doc_f2py_rout__pysimple_f90wrap_tracer__get__si},
      |                                                                                                                     ^
/proj/plasma/CODE/ert/SIMPLE/build/python/_pysimplemodule.c:59720:117: warning: cast between incompatible function types from ‘PyObject * (*)(const PyObject *, PyObject *, PyObject *, void (*)(int *, int *))’ {aka ‘struct _object * (*)(const struct _object *, struct _object *, struct _object *, void (*)(int *, int *))’} to ‘void (*)(int *, npy_intp *, void (*)(char *, npy_intp *), int *)’ {aka ‘void (*)(int *, long int *, void (*)(char *, long int *), int *)’} [-Wcast-function-type]
59720 |     {"f90wrap_tracer__set__si",-1,{{-1}},0,0,(char *)  F_FUNC_US(f90wrap_tracer__set__si,F90WRAP_TRACER__SET__SI),  (f2py_init_func)f2py_rout__pysimple_f90wrap_tracer__set__si,doc_f2py_rout__pysimple_f90wrap_tracer__set__si},
      |                                                                                                                     ^
/proj/plasma/CODE/ert/SIMPLE/build/python/_pysimplemodule.c:59721:117: warning: cast between incompatible function types from ‘PyObject * (*)(const PyObject *, PyObject *, PyObject *, void (*)(int *, int *))’ {aka ‘struct _object * (*)(const struct _object *, struct _object *, struct _object *, void (*)(int *, int *))’} to ‘void (*)(int *, npy_intp *, void (*)(char *, npy_intp *), int *)’ {aka ‘void (*)(int *, long int *, void (*)(char *, long int *), int *)’} [-Wcast-function-type]
59721 |     {"f90wrap_tracer__get__mi",-1,{{-1}},0,0,(char *)  F_FUNC_US(f90wrap_tracer__get__mi,F90WRAP_TRACER__GET__MI),  (f2py_init_func)f2py_rout__pysimple_f90wrap_tracer__get__mi,doc_f2py_rout__pysimple_f90wrap_tracer__get__mi},
      |                                                                                                                     ^
/proj/plasma/CODE/ert/SIMPLE/build/python/_pysimplemodule.c:59722:117: warning: cast between incompatible function types from ‘PyObject * (*)(const PyObject *, PyObject *, PyObject *, void (*)(int *, int *))’ {aka ‘struct _object * (*)(const struct _object *, struct _object *, struct _object *, void (*)(int *, int *))’} to ‘void (*)(int *, npy_intp *, void (*)(char *, npy_intp *), int *)’ {aka ‘void (*)(int *, long int *, void (*)(char *, long int *), int *)’} [-Wcast-function-type]
59722 |     {"f90wrap_tracer__set__mi",-1,{{-1}},0,0,(char *)  F_FUNC_US(f90wrap_tracer__set__mi,F90WRAP_TRACER__SET__MI),  (f2py_init_func)f2py_rout__pysimple_f90wrap_tracer__set__mi,doc_f2py_rout__pysimple_f90wrap_tracer__set__mi},
      |                                                                                                                     ^
/proj/plasma/CODE/ert/SIMPLE/build/python/_pysimplemodule.c:59723:147: warning: cast between incompatible function types from ‘PyObject * (*)(const PyObject *, PyObject *, PyObject *, void (*)(int *))’ {aka ‘struct _object * (*)(const struct _object *, struct _object *, struct _object *, void (*)(int *))’} to ‘void (*)(int *, npy_intp *, void (*)(char *, npy_intp *), int *)’ {aka ‘void (*)(int *, long int *, void (*)(char *, long int *), int *)’} [-Wcast-function-type]
59723 |     {"f90wrap_simple__tracer_initialise",-1,{{-1}},0,0,(char *)  F_FUNC_US(f90wrap_simple__tracer_initialise,F90WRAP_SIMPLE__TRACER_INITIALISE),  (f2py_init_func)f2py_rout__pysimple_f90wrap_simple__tracer_initialise,doc_f2py_rout__pysimple_f90wrap_simple__tracer_initialise},
      |                                                                                                                                                   ^
/proj/plasma/CODE/ert/SIMPLE/build/python/_pysimplemodule.c:59724:141: warning: cast between incompatible function types from ‘PyObject * (*)(const PyObject *, PyObject *, PyObject *, void (*)(int *))’ {aka ‘struct _object * (*)(const struct _object *, struct _object *, struct _object *, void (*)(int *))’} to ‘void (*)(int *, npy_intp *, void (*)(char *, npy_intp *), int *)’ {aka ‘void (*)(int *, long int *, void (*)(char *, long int *), int *)’} [-Wcast-function-type]
59724 |     {"f90wrap_simple__tracer_finalise",-1,{{-1}},0,0,(char *)  F_FUNC_US(f90wrap_simple__tracer_finalise,F90WRAP_SIMPLE__TRACER_FINALISE),  (f2py_init_func)f2py_rout__pysimple_f90wrap_simple__tracer_finalise,doc_f2py_rout__pysimple_f90wrap_simple__tracer_finalise},
      |                                                                                                                                             ^
/proj/plasma/CODE/ert/SIMPLE/build/python/_pysimplemodule.c:59725:126: warning: cast between incompatible function types from ‘PyObject * (*)(const PyObject *, PyObject *, PyObject *, void (*)(int *, int *, int *, double *, double *, double *, double *, int *))’ {aka ‘struct _object * (*)(const struct _object *, struct _object *, struct _object *, void (*)(int *, int *, int *, double *, double *, double *, double *, int *))’} to ‘void (*)(int *, npy_intp *, void (*)(char *, npy_intp *), int *)’ {aka ‘void (*)(int *, long int *, void (*)(char *, long int *), int *)’} [-Wcast-function-type]
59725 |     {"f90wrap_simple__init_sympl",-1,{{-1}},0,0,(char *)  F_FUNC_US(f90wrap_simple__init_sympl,F90WRAP_SIMPLE__INIT_SYMPL),  (f2py_init_func)f2py_rout__pysimple_f90wrap_simple__init_sympl,doc_f2py_rout__pysimple_f90wrap_simple__init_sympl},
      |                                                                                                                              ^
/proj/plasma/CODE/ert/SIMPLE/build/python/_pysimplemodule.c:59726:129: warning: cast between incompatible function types from ‘PyObject * (*)(const PyObject *, PyObject *, PyObject *, void (*)(int *, int *, int *, double *, int *, int *, double *))’ {aka ‘struct _object * (*)(const struct _object *, struct _object *, struct _object *, void (*)(int *, int *, int *, double *, int *, int *, double *))’} to ‘void (*)(int *, npy_intp *, void (*)(char *, npy_intp *), int *)’ {aka ‘void (*)(int *, long int *, void (*)(char *, long int *), int *)’} [-Wcast-function-type]
59726 |     {"f90wrap_simple__init_params",-1,{{-1}},0,0,(char *)  F_FUNC_US(f90wrap_simple__init_params,F90WRAP_SIMPLE__INIT_PARAMS),  (f2py_init_func)f2py_rout__pysimple_f90wrap_simple__init_params,doc_f2py_rout__pysimple_f90wrap_simple__init_params},
      |                                                                                                                                 ^
/proj/plasma/CODE/ert/SIMPLE/build/python/_pysimplemodule.c:59727:123: warning: cast between incompatible function types from ‘PyObject * (*)(const PyObject *, PyObject *, PyObject *, void (*)(char *, int *, int *, int *, double *, size_t))’ {aka ‘struct _object * (*)(const struct _object *, struct _object *, struct _object *, void (*)(char *, int *, int *, int *, double *, long unsigned int))’} to ‘void (*)(int *, npy_intp *, void (*)(char *, npy_intp *), int *)’ {aka ‘void (*)(int *, long int *, void (*)(char *, long int *), int *)’} [-Wcast-function-type]
59727 |     {"f90wrap_simple__init_vmec",-1,{{-1}},0,0,(char *)  F_FUNC_US(f90wrap_simple__init_vmec,F90WRAP_SIMPLE__INIT_VMEC),  (f2py_init_func)f2py_rout__pysimple_f90wrap_simple__init_vmec,doc_f2py_rout__pysimple_f90wrap_simple__init_vmec},
      |                                                                                                                           ^
/proj/plasma/CODE/ert/SIMPLE/build/python/_pysimplemodule.c:59728:120: warning: cast between incompatible function types from ‘PyObject * (*)(const PyObject *, PyObject *, PyObject *, void (*)(int *, double *, double *, double *, double *, int *))’ {aka ‘struct _object * (*)(const struct _object *, struct _object *, struct _object *, void (*)(int *, double *, double *, double *, double *, int *))’} to ‘void (*)(int *, npy_intp *, void (*)(char *, npy_intp *), int *)’ {aka ‘void (*)(int *, long int *, void (*)(char *, long int *), int *)’} [-Wcast-function-type]
59728 |     {"f90wrap_simple__timestep",-1,{{-1}},0,0,(char *)  F_FUNC_US(f90wrap_simple__timestep,F90WRAP_SIMPLE__TIMESTEP),  (f2py_init_func)f2py_rout__pysimple_f90wrap_simple__timestep,doc_f2py_rout__pysimple_f90wrap_simple__timestep},
      |                                                                                                                        ^
/proj/plasma/CODE/ert/SIMPLE/build/python/_pysimplemodule.c:59729:144: warning: cast between incompatible function types from ‘PyObject * (*)(const PyObject *, PyObject *, PyObject *, void (*)(int *, int *, int *, double *, int *))’ {aka ‘struct _object * (*)(const struct _object *, struct _object *, struct _object *, void (*)(int *, int *, int *, double *, int *))’} to ‘void (*)(int *, npy_intp *, void (*)(char *, npy_intp *), int *)’ {aka ‘void (*)(int *, long int *, void (*)(char *, long int *), int *)’} [-Wcast-function-type]
59729 |     {"f90wrap_simple__timestep_sympl_z",-1,{{-1}},0,0,(char *)  F_FUNC_US(f90wrap_simple__timestep_sympl_z,F90WRAP_SIMPLE__TIMESTEP_SYMPL_Z),  (f2py_init_func)f2py_rout__pysimple_f90wrap_simple__timestep_sympl_z,doc_f2py_rout__pysimple_f90wrap_simple__timestep_sympl_z},
      |                                                                                                                                                ^
/proj/plasma/CODE/ert/SIMPLE/build/python/_pysimplemodule.c:59730:126: warning: cast between incompatible function types from ‘PyObject * (*)(const PyObject *, PyObject *, PyObject *, void (*)(int *, int *, double *, int *))’ {aka ‘struct _object * (*)(const struct _object *, struct _object *, struct _object *, void (*)(int *, int *, double *, int *))’} to ‘void (*)(int *, npy_intp *, void (*)(char *, npy_intp *), int *)’ {aka ‘void (*)(int *, long int *, void (*)(char *, long int *), int *)’} [-Wcast-function-type]
59730 |     {"f90wrap_simple__timestep_z",-1,{{-1}},0,0,(char *)  F_FUNC_US(f90wrap_simple__timestep_z,F90WRAP_SIMPLE__TIMESTEP_Z),  (f2py_init_func)f2py_rout__pysimple_f90wrap_simple__timestep_z,doc_f2py_rout__pysimple_f90wrap_simple__timestep_z},
      |                                                                                                                              ^
/proj/plasma/CODE/ert/SIMPLE/build/python/_pysimplemodule.c:59731:138: warning: cast between incompatible function types from ‘PyObject * (*)(const PyObject *, PyObject *, PyObject *, void (*)(int *, double *))’ {aka ‘struct _object * (*)(const struct _object *, struct _object *, struct _object *, void (*)(int *, double *))’} to ‘void (*)(int *, npy_intp *, void (*)(char *, npy_intp *), int *)’ {aka ‘void (*)(int *, long int *, void (*)(char *, long int *), int *)’} [-Wcast-function-type]
59731 |     {"f90wrap_cutdetector__get__fper",-1,{{-1}},0,0,(char *)  F_FUNC_US(f90wrap_cutdetector__get__fper,F90WRAP_CUTDETECTOR__GET__FPER),  (f2py_init_func)f2py_rout__pysimple_f90wrap_cutdetector__get__fper,doc_f2py_rout__pysimple_f90wrap_cutdetector__get__fper},
      |                                                                                                                                          ^
/proj/plasma/CODE/ert/SIMPLE/build/python/_pysimplemodule.c:59732:138: warning: cast between incompatible function types from ‘PyObject * (*)(const PyObject *, PyObject *, PyObject *, void (*)(int *, double *))’ {aka ‘struct _object * (*)(const struct _object *, struct _object *, struct _object *, void (*)(int *, double *))’} to ‘void (*)(int *, npy_intp *, void (*)(char *, npy_intp *), int *)’ {aka ‘void (*)(int *, long int *, void (*)(char *, long int *), int *)’} [-Wcast-function-type]
59732 |     {"f90wrap_cutdetector__set__fper",-1,{{-1}},0,0,(char *)  F_FUNC_US(f90wrap_cutdetector__set__fper,F90WRAP_CUTDETECTOR__SET__FPER),  (f2py_init_func)f2py_rout__pysimple_f90wrap_cutdetector__set__fper,doc_f2py_rout__pysimple_f90wrap_cutdetector__set__fper},
      |                                                                                                                                          ^
/proj/plasma/CODE/ert/SIMPLE/build/python/_pysimplemodule.c:59733:153: warning: cast between incompatible function types from ‘PyObject * (*)(const PyObject *, PyObject *, PyObject *, void (*)(int *, double *))’ {aka ‘struct _object * (*)(const struct _object *, struct _object *, struct _object *, void (*)(int *, double *))’} to ‘void (*)(int *, npy_intp *, void (*)(char *, npy_intp *), int *)’ {aka ‘void (*)(int *, long int *, void (*)(char *, long int *), int *)’} [-Wcast-function-type]
59733 |     {"f90wrap_cutdetector__get__alam_prev",-1,{{-1}},0,0,(char *)  F_FUNC_US(f90wrap_cutdetector__get__alam_prev,F90WRAP_CUTDETECTOR__GET__ALAM_PREV),  (f2py_init_func)f2py_rout__pysimple_f90wrap_cutdetector__get__alam_prev,doc_f2py_rout__pysimple_f90wrap_cutdetector__get__alam_prev},
      |                                                                                                                                                         ^
/proj/plasma/CODE/ert/SIMPLE/build/python/_pysimplemodule.c:59734:153: warning: cast between incompatible function types from ‘PyObject * (*)(const PyObject *, PyObject *, PyObject *, void (*)(int *, double *))’ {aka ‘struct _object * (*)(const struct _object *, struct _object *, struct _object *, void (*)(int *, double *))’} to ‘void (*)(int *, npy_intp *, void (*)(char *, npy_intp *), int *)’ {aka ‘void (*)(int *, long int *, void (*)(char *, long int *), int *)’} [-Wcast-function-type]
59734 |     {"f90wrap_cutdetector__set__alam_prev",-1,{{-1}},0,0,(char *)  F_FUNC_US(f90wrap_cutdetector__set__alam_prev,F90WRAP_CUTDETECTOR__SET__ALAM_PREV),  (f2py_init_func)f2py_rout__pysimple_f90wrap_cutdetector__set__alam_prev,doc_f2py_rout__pysimple_f90wrap_cutdetector__set__alam_prev},
      |                                                                                                                                                         ^
/proj/plasma/CODE/ert/SIMPLE/build/python/_pysimplemodule.c:59735:147: warning: cast between incompatible function types from ‘PyObject * (*)(const PyObject *, PyObject *, PyObject *, void (*)(int *, double *))’ {aka ‘struct _object * (*)(const struct _object *, struct _object *, struct _object *, void (*)(int *, double *))’} to ‘void (*)(int *, npy_intp *, void (*)(char *, npy_intp *), int *)’ {aka ‘void (*)(int *, long int *, void (*)(char *, long int *), int *)’} [-Wcast-function-type]
59735 |     {"f90wrap_cutdetector__get__par_inv",-1,{{-1}},0,0,(char *)  F_FUNC_US(f90wrap_cutdetector__get__par_inv,F90WRAP_CUTDETECTOR__GET__PAR_INV),  (f2py_init_func)f2py_rout__pysimple_f90wrap_cutdetector__get__par_inv,doc_f2py_rout__pysimple_f90wrap_cutdetector__get__par_inv},
      |                                                                                                                                                   ^
/proj/plasma/CODE/ert/SIMPLE/build/python/_pysimplemodule.c:59736:147: warning: cast between incompatible function types from ‘PyObject * (*)(const PyObject *, PyObject *, PyObject *, void (*)(int *, double *))’ {aka ‘struct _object * (*)(const struct _object *, struct _object *, struct _object *, void (*)(int *, double *))’} to ‘void (*)(int *, npy_intp *, void (*)(char *, npy_intp *), int *)’ {aka ‘void (*)(int *, long int *, void (*)(char *, long int *), int *)’} [-Wcast-function-type]
59736 |     {"f90wrap_cutdetector__set__par_inv",-1,{{-1}},0,0,(char *)  F_FUNC_US(f90wrap_cutdetector__set__par_inv,F90WRAP_CUTDETECTOR__SET__PAR_INV),  (f2py_init_func)f2py_rout__pysimple_f90wrap_cutdetector__set__par_inv,doc_f2py_rout__pysimple_f90wrap_cutdetector__set__par_inv},
      |                                                                                                                                                   ^
/proj/plasma/CODE/ert/SIMPLE/build/python/_pysimplemodule.c:59737:138: warning: cast between incompatible function types from ‘PyObject * (*)(const PyObject *, PyObject *, PyObject *, void (*)(int *, int *))’ {aka ‘struct _object * (*)(const struct _object *, struct _object *, struct _object *, void (*)(int *, int *))’} to ‘void (*)(int *, npy_intp *, void (*)(char *, npy_intp *), int *)’ {aka ‘void (*)(int *, long int *, void (*)(char *, long int *), int *)’} [-Wcast-function-type]
59737 |     {"f90wrap_cutdetector__get__iper",-1,{{-1}},0,0,(char *)  F_FUNC_US(f90wrap_cutdetector__get__iper,F90WRAP_CUTDETECTOR__GET__IPER),  (f2py_init_func)f2py_rout__pysimple_f90wrap_cutdetector__get__iper,doc_f2py_rout__pysimple_f90wrap_cutdetector__get__iper},
      |                                                                                                                                          ^
/proj/plasma/CODE/ert/SIMPLE/build/python/_pysimplemodule.c:59738:138: warning: cast between incompatible function types from ‘PyObject * (*)(const PyObject *, PyObject *, PyObject *, void (*)(int *, int *))’ {aka ‘struct _object * (*)(const struct _object *, struct _object *, struct _object *, void (*)(int *, int *))’} to ‘void (*)(int *, npy_intp *, void (*)(char *, npy_intp *), int *)’ {aka ‘void (*)(int *, long int *, void (*)(char *, long int *), int *)’} [-Wcast-function-type]
59738 |     {"f90wrap_cutdetector__set__iper",-1,{{-1}},0,0,(char *)  F_FUNC_US(f90wrap_cutdetector__set__iper,F90WRAP_CUTDETECTOR__SET__IPER),  (f2py_init_func)f2py_rout__pysimple_f90wrap_cutdetector__set__iper,doc_f2py_rout__pysimple_f90wrap_cutdetector__set__iper},
      |                                                                                                                                          ^
/proj/plasma/CODE/ert/SIMPLE/build/python/_pysimplemodule.c:59739:138: warning: cast between incompatible function types from ‘PyObject * (*)(const PyObject *, PyObject *, PyObject *, void (*)(int *, int *))’ {aka ‘struct _object * (*)(const struct _object *, struct _object *, struct _object *, void (*)(int *, int *))’} to ‘void (*)(int *, npy_intp *, void (*)(char *, npy_intp *), int *)’ {aka ‘void (*)(int *, long int *, void (*)(char *, long int *), int *)’} [-Wcast-function-type]
59739 |     {"f90wrap_cutdetector__get__itip",-1,{{-1}},0,0,(char *)  F_FUNC_US(f90wrap_cutdetector__get__itip,F90WRAP_CUTDETECTOR__GET__ITIP),  (f2py_init_func)f2py_rout__pysimple_f90wrap_cutdetector__get__itip,doc_f2py_rout__pysimple_f90wrap_cutdetector__get__itip},
      |                                                                                                                                          ^
/proj/plasma/CODE/ert/SIMPLE/build/python/_pysimplemodule.c:59740:138: warning: cast between incompatible function types from ‘PyObject * (*)(const PyObject *, PyObject *, PyObject *, void (*)(int *, int *))’ {aka ‘struct _object * (*)(const struct _object *, struct _object *, struct _object *, void (*)(int *, int *))’} to ‘void (*)(int *, npy_intp *, void (*)(char *, npy_intp *), int *)’ {aka ‘void (*)(int *, long int *, void (*)(char *, long int *), int *)’} [-Wcast-function-type]
59740 |     {"f90wrap_cutdetector__set__itip",-1,{{-1}},0,0,(char *)  F_FUNC_US(f90wrap_cutdetector__set__itip,F90WRAP_CUTDETECTOR__SET__ITIP),  (f2py_init_func)f2py_rout__pysimple_f90wrap_cutdetector__set__itip,doc_f2py_rout__pysimple_f90wrap_cutdetector__set__itip},
      |                                                                                                                                          ^
/proj/plasma/CODE/ert/SIMPLE/build/python/_pysimplemodule.c:59741:138: warning: cast between incompatible function types from ‘PyObject * (*)(const PyObject *, PyObject *, PyObject *, void (*)(int *, int *))’ {aka ‘struct _object * (*)(const struct _object *, struct _object *, struct _object *, void (*)(int *, int *))’} to ‘void (*)(int *, npy_intp *, void (*)(char *, npy_intp *), int *)’ {aka ‘void (*)(int *, long int *, void (*)(char *, long int *), int *)’} [-Wcast-function-type]
59741 |     {"f90wrap_cutdetector__get__kper",-1,{{-1}},0,0,(char *)  F_FUNC_US(f90wrap_cutdetector__get__kper,F90WRAP_CUTDETECTOR__GET__KPER),  (f2py_init_func)f2py_rout__pysimple_f90wrap_cutdetector__get__kper,doc_f2py_rout__pysimple_f90wrap_cutdetector__get__kper},
      |                                                                                                                                          ^
/proj/plasma/CODE/ert/SIMPLE/build/python/_pysimplemodule.c:59742:138: warning: cast between incompatible function types from ‘PyObject * (*)(const PyObject *, PyObject *, PyObject *, void (*)(int *, int *))’ {aka ‘struct _object * (*)(const struct _object *, struct _object *, struct _object *, void (*)(int *, int *))’} to ‘void (*)(int *, npy_intp *, void (*)(char *, npy_intp *), int *)’ {aka ‘void (*)(int *, long int *, void (*)(char *, long int *), int *)’} [-Wcast-function-type]
59742 |     {"f90wrap_cutdetector__set__kper",-1,{{-1}},0,0,(char *)  F_FUNC_US(f90wrap_cutdetector__set__kper,F90WRAP_CUTDETECTOR__SET__KPER),  (f2py_init_func)f2py_rout__pysimple_f90wrap_cutdetector__set__kper,doc_f2py_rout__pysimple_f90wrap_cutdetector__set__kper},
      |                                                                                                                                          ^
/proj/plasma/CODE/ert/SIMPLE/build/python/_pysimplemodule.c:59743:156: warning: cast between incompatible function types from ‘PyObject * (*)(const PyObject *, PyObject *, PyObject *, void (*)(int *, int *, int *, int *, long_long *))’ {aka ‘struct _object * (*)(const struct _object *, struct _object *, struct _object *, void (*)(int *, int *, int *, int *, long long int *))’} to ‘void (*)(int *, npy_intp *, void (*)(char *, npy_intp *), int *)’ {aka ‘void (*)(int *, long int *, void (*)(char *, long int *), int *)’} [-Wcast-function-type]
59743 |     {"f90wrap_cutdetector__array__orb_sten",-1,{{-1}},0,0,(char *)  F_FUNC_US(f90wrap_cutdetector__array__orb_sten,F90WRAP_CUTDETECTOR__ARRAY__ORB_STEN),  (f2py_init_func)f2py_rout__pysimple_f90wrap_cutdetector__array__orb_sten,doc_f2py_rout__pysimple_f90wrap_cutdetector__array__orb_sten},
      |                                                                                                                                                            ^
/proj/plasma/CODE/ert/SIMPLE/build/python/_pysimplemodule.c:59744:144: warning: cast between incompatible function types from ‘PyObject * (*)(const PyObject *, PyObject *, PyObject *, void (*)(int *, int *, int *, int *, long_long *))’ {aka ‘struct _object * (*)(const struct _object *, struct _object *, struct _object *, void (*)(int *, int *, int *, int *, long long int *))’} to ‘void (*)(int *, npy_intp *, void (*)(char *, npy_intp *), int *)’ {aka ‘void (*)(int *, long int *, void (*)(char *, long int *), int *)’} [-Wcast-function-type]
59744 |     {"f90wrap_cutdetector__array__coef",-1,{{-1}},0,0,(char *)  F_FUNC_US(f90wrap_cutdetector__array__coef,F90WRAP_CUTDETECTOR__ARRAY__COEF),  (f2py_init_func)f2py_rout__pysimple_f90wrap_cutdetector__array__coef,doc_f2py_rout__pysimple_f90wrap_cutdetector__array__coef},
      |                                                                                                                                                ^
/proj/plasma/CODE/ert/SIMPLE/build/python/_pysimplemodule.c:59745:144: warning: cast between incompatible function types from ‘PyObject * (*)(const PyObject *, PyObject *, PyObject *, void (*)(int *, int *, int *, int *, long_long *))’ {aka ‘struct _object * (*)(const struct _object *, struct _object *, struct _object *, void (*)(int *, int *, int *, int *, long long int *))’} to ‘void (*)(int *, npy_intp *, void (*)(char *, npy_intp *), int *)’ {aka ‘void (*)(int *, long int *, void (*)(char *, long int *), int *)’} [-Wcast-function-type]
59745 |     {"f90wrap_cutdetector__array__ipoi",-1,{{-1}},0,0,(char *)  F_FUNC_US(f90wrap_cutdetector__array__ipoi,F90WRAP_CUTDETECTOR__ARRAY__IPOI),  (f2py_init_func)f2py_rout__pysimple_f90wrap_cutdetector__array__ipoi,doc_f2py_rout__pysimple_f90wrap_cutdetector__array__ipoi},
      |                                                                                                                                                ^
/proj/plasma/CODE/ert/SIMPLE/build/python/_pysimplemodule.c:59746:180: warning: cast between incompatible function types from ‘PyObject * (*)(const PyObject *, PyObject *, PyObject *, void (*)(int *))’ {aka ‘struct _object * (*)(const struct _object *, struct _object *, struct _object *, void (*)(int *))’} to ‘void (*)(int *, npy_intp *, void (*)(char *, npy_intp *), int *)’ {aka ‘void (*)(int *, long int *, void (*)(char *, long int *), int *)’} [-Wcast-function-type]
59746 |     {"f90wrap_cut_detector__cutdetector_initialise",-1,{{-1}},0,0,(char *)  F_FUNC_US(f90wrap_cut_detector__cutdetector_initialise,F90WRAP_CUT_DETECTOR__CUTDETECTOR_INITIALISE),  (f2py_init_func)f2py_rout__pysimple_f90wrap_cut_detector__cutdetector_initialise,doc_f2py_rout__pysimple_f90wrap_cut_detector__cutdetector_initialise},
      |                                                                                                                                                                                    ^
/proj/plasma/CODE/ert/SIMPLE/build/python/_pysimplemodule.c:59747:174: warning: cast between incompatible function types from ‘PyObject * (*)(const PyObject *, PyObject *, PyObject *, void (*)(int *))’ {aka ‘struct _object * (*)(const struct _object *, struct _object *, struct _object *, void (*)(int *))’} to ‘void (*)(int *, npy_intp *, void (*)(char *, npy_intp *), int *)’ {aka ‘void (*)(int *, long int *, void (*)(char *, long int *), int *)’} [-Wcast-function-type]
59747 |     {"f90wrap_cut_detector__cutdetector_finalise",-1,{{-1}},0,0,(char *)  F_FUNC_US(f90wrap_cut_detector__cutdetector_finalise,F90WRAP_CUT_DETECTOR__CUTDETECTOR_FINALISE),  (f2py_init_func)f2py_rout__pysimple_f90wrap_cut_detector__cutdetector_finalise,doc_f2py_rout__pysimple_f90wrap_cut_detector__cutdetector_finalise},
      |                                                                                                                                                                              ^
/proj/plasma/CODE/ert/SIMPLE/build/python/_pysimplemodule.c:59748:150: warning: cast between incompatible function types from ‘PyObject * (*)(const PyObject *, PyObject *, PyObject *, void (*)(int *, int *, int *, int *, int *, double *, double *, int *, int *))’ {aka ‘struct _object * (*)(const struct _object *, struct _object *, struct _object *, void (*)(int *, int *, int *, int *, int *, double *, double *, int *, int *))’} to ‘void (*)(int *, npy_intp *, void (*)(char *, npy_intp *), int *)’ {aka ‘void (*)(int *, long int *, void (*)(char *, long int *), int *)’} [-Wcast-function-type]
59748 |     {"f90wrap_cut_detector__trace_to_cut",-1,{{-1}},0,0,(char *)  F_FUNC_US(f90wrap_cut_detector__trace_to_cut,F90WRAP_CUT_DETECTOR__TRACE_TO_CUT),  (f2py_init_func)f2py_rout__pysimple_f90wrap_cut_detector__trace_to_cut,doc_f2py_rout__pysimple_f90wrap_cut_detector__trace_to_cut},
      |                                                                                                                                                      ^
/proj/plasma/CODE/ert/SIMPLE/build/python/_pysimplemodule.c:59749:159: warning: cast between incompatible function types from ‘PyObject * (*)(const PyObject *, PyObject *, PyObject *, void (*)(int *, int *, double *, double *))’ {aka ‘struct _object * (*)(const struct _object *, struct _object *, struct _object *, void (*)(int *, int *, double *, double *))’} to ‘void (*)(int *, npy_intp *, void (*)(char *, npy_intp *), int *)’ {aka ‘void (*)(int *, long int *, void (*)(char *, long int *), int *)’} [-Wcast-function-type]
59749 |     {"f90wrap_cut_detector__fract_dimension",-1,{{-1}},0,0,(char *)  F_FUNC_US(f90wrap_cut_detector__fract_dimension,F90WRAP_CUT_DETECTOR__FRACT_DIMENSION),  (f2py_init_func)f2py_rout__pysimple_f90wrap_cut_detector__fract_dimension,doc_f2py_rout__pysimple_f90wrap_cut_detector__fract_dimension},
      |                                                                                                                                                               ^
/proj/plasma/CODE/ert/SIMPLE/build/python/_pysimplemodule.c:59750:126: warning: cast between incompatible function types from ‘PyObject * (*)(const PyObject *, PyObject *, PyObject *, void (*)(int *, int *, double *, double *))’ {aka ‘struct _object * (*)(const struct _object *, struct _object *, struct _object *, void (*)(int *, int *, double *, double *))’} to ‘void (*)(int *, npy_intp *, void (*)(char *, npy_intp *), int *)’ {aka ‘void (*)(int *, long int *, void (*)(char *, long int *), int *)’} [-Wcast-function-type]
59750 |     {"f90wrap_cut_detector__init",-1,{{-1}},0,0,(char *)  F_FUNC_US(f90wrap_cut_detector__init,F90WRAP_CUT_DETECTOR__INIT),  (f2py_init_func)f2py_rout__pysimple_f90wrap_cut_detector__init,doc_f2py_rout__pysimple_f90wrap_cut_detector__init},
      |                                                                                                                              ^
/proj/plasma/CODE/ert/SIMPLE/build/python/_pysimplemodule.c:59751:159: warning: cast between incompatible function types from ‘PyObject * (*)(const PyObject *, PyObject *, PyObject *, void (*)(int *))’ {aka ‘struct _object * (*)(const struct _object *, struct _object *, struct _object *, void (*)(int *))’} to ‘void (*)(int *, npy_intp *, void (*)(char *, npy_intp *), int *)’ {aka ‘void (*)(int *, long int *, void (*)(char *, long int *), int *)’} [-Wcast-function-type]
59751 |     {"f90wrap_cut_detector__get__n_tip_vars",-1,{{-1}},0,0,(char *)  F_FUNC_US(f90wrap_cut_detector__get__n_tip_vars,F90WRAP_CUT_DETECTOR__GET__N_TIP_VARS),  (f2py_init_func)f2py_rout__pysimple_f90wrap_cut_detector__get__n_tip_vars,doc_f2py_rout__pysimple_f90wrap_cut_detector__get__n_tip_vars},
      |                                                                                                                                                               ^
/proj/plasma/CODE/ert/SIMPLE/build/python/_pysimplemodule.c:59752:147: warning: cast between incompatible function types from ‘PyObject * (*)(const PyObject *, PyObject *, PyObject *, void (*)(int *))’ {aka ‘struct _object * (*)(const struct _object *, struct _object *, struct _object *, void (*)(int *))’} to ‘void (*)(int *, npy_intp *, void (*)(char *, npy_intp *), int *)’ {aka ‘void (*)(int *, long int *, void (*)(char *, long int *), int *)’} [-Wcast-function-type]
59752 |     {"f90wrap_cut_detector__get__nplagr",-1,{{-1}},0,0,(char *)  F_FUNC_US(f90wrap_cut_detector__get__nplagr,F90WRAP_CUT_DETECTOR__GET__NPLAGR),  (f2py_init_func)f2py_rout__pysimple_f90wrap_cut_detector__get__nplagr,doc_f2py_rout__pysimple_f90wrap_cut_detector__get__nplagr},
      |                                                                                                                                                   ^
/proj/plasma/CODE/ert/SIMPLE/build/python/_pysimplemodule.c:59753:141: warning: cast between incompatible function types from ‘PyObject * (*)(const PyObject *, PyObject *, PyObject *, void (*)(int *))’ {aka ‘struct _object * (*)(const struct _object *, struct _object *, struct _object *, void (*)(int *))’} to ‘void (*)(int *, npy_intp *, void (*)(char *, npy_intp *), int *)’ {aka ‘void (*)(int *, long int *, void (*)(char *, long int *), int *)’} [-Wcast-function-type]
59753 |     {"f90wrap_cut_detector__get__nder",-1,{{-1}},0,0,(char *)  F_FUNC_US(f90wrap_cut_detector__get__nder,F90WRAP_CUT_DETECTOR__GET__NDER),  (f2py_init_func)f2py_rout__pysimple_f90wrap_cut_detector__get__nder,doc_f2py_rout__pysimple_f90wrap_cut_detector__get__nder},
      |                                                                                                                                             ^
/proj/plasma/CODE/ert/SIMPLE/build/python/_pysimplemodule.c:59754:165: warning: cast between incompatible function types from ‘PyObject * (*)(const PyObject *, PyObject *, PyObject *, void (*)(int *, double *))’ {aka ‘struct _object * (*)(const struct _object *, struct _object *, struct _object *, void (*)(int *, double *))’} to ‘void (*)(int *, npy_intp *, void (*)(char *, npy_intp *), int *)’ {aka ‘void (*)(int *, long int *, void (*)(char *, long int *), int *)’} [-Wcast-function-type]
59754 |     {"f90wrap_symplecticintegrator__get__atol",-1,{{-1}},0,0,(char *)  F_FUNC_US(f90wrap_symplecticintegrator__get__atol,F90WRAP_SYMPLECTICINTEGRATOR__GET__ATOL),  (f2py_init_func)f2py_rout__pysimple_f90wrap_symplecticintegrator__get__atol,doc_f2py_rout__pysimple_f90wrap_symplecticintegrator__get__atol},
      |                                                                                                                                                                     ^
/proj/plasma/CODE/ert/SIMPLE/build/python/_pysimplemodule.c:59755:165: warning: cast between incompatible function types from ‘PyObject * (*)(const PyObject *, PyObject *, PyObject *, void (*)(int *, double *))’ {aka ‘struct _object * (*)(const struct _object *, struct _object *, struct _object *, void (*)(int *, double *))’} to ‘void (*)(int *, npy_intp *, void (*)(char *, npy_intp *), int *)’ {aka ‘void (*)(int *, long int *, void (*)(char *, long int *), int *)’} [-Wcast-function-type]
59755 |     {"f90wrap_symplecticintegrator__set__atol",-1,{{-1}},0,0,(char *)  F_FUNC_US(f90wrap_symplecticintegrator__set__atol,F90WRAP_SYMPLECTICINTEGRATOR__SET__ATOL),  (f2py_init_func)f2py_rout__pysimple_f90wrap_symplecticintegrator__set__atol,doc_f2py_rout__pysimple_f90wrap_symplecticintegrator__set__atol},
      |                                                                                                                                                                     ^
/proj/plasma/CODE/ert/SIMPLE/build/python/_pysimplemodule.c:59756:165: warning: cast between incompatible function types from ‘PyObject * (*)(const PyObject *, PyObject *, PyObject *, void (*)(int *, double *))’ {aka ‘struct _object * (*)(const struct _object *, struct _object *, struct _object *, void (*)(int *, double *))’} to ‘void (*)(int *, npy_intp *, void (*)(char *, npy_intp *), int *)’ {aka ‘void (*)(int *, long int *, void (*)(char *, long int *), int *)’} [-Wcast-function-type]
59756 |     {"f90wrap_symplecticintegrator__get__rtol",-1,{{-1}},0,0,(char *)  F_FUNC_US(f90wrap_symplecticintegrator__get__rtol,F90WRAP_SYMPLECTICINTEGRATOR__GET__RTOL),  (f2py_init_func)f2py_rout__pysimple_f90wrap_symplecticintegrator__get__rtol,doc_f2py_rout__pysimple_f90wrap_symplecticintegrator__get__rtol},
      |                                                                                                                                                                     ^
/proj/plasma/CODE/ert/SIMPLE/build/python/_pysimplemodule.c:59757:165: warning: cast between incompatible function types from ‘PyObject * (*)(const PyObject *, PyObject *, PyObject *, void (*)(int *, double *))’ {aka ‘struct _object * (*)(const struct _object *, struct _object *, struct _object *, void (*)(int *, double *))’} to ‘void (*)(int *, npy_intp *, void (*)(char *, npy_intp *), int *)’ {aka ‘void (*)(int *, long int *, void (*)(char *, long int *), int *)’} [-Wcast-function-type]
59757 |     {"f90wrap_symplecticintegrator__set__rtol",-1,{{-1}},0,0,(char *)  F_FUNC_US(f90wrap_symplecticintegrator__set__rtol,F90WRAP_SYMPLECTICINTEGRATOR__SET__RTOL),  (f2py_init_func)f2py_rout__pysimple_f90wrap_symplecticintegrator__set__rtol,doc_f2py_rout__pysimple_f90wrap_symplecticintegrator__set__rtol},
      |                                                                                                                                                                     ^
/proj/plasma/CODE/ert/SIMPLE/build/python/_pysimplemodule.c:59758:162: warning: cast between incompatible function types from ‘PyObject * (*)(const PyObject *, PyObject *, PyObject *, void (*)(int *, int *, int *, int *, long_long *))’ {aka ‘struct _object * (*)(const struct _object *, struct _object *, struct _object *, void (*)(int *, int *, int *, int *, long long int *))’} to ‘void (*)(int *, npy_intp *, void (*)(char *, npy_intp *), int *)’ {aka ‘void (*)(int *, long int *, void (*)(char *, long int *), int *)’} [-Wcast-function-type]
59758 |     {"f90wrap_symplecticintegrator__array__z",-1,{{-1}},0,0,(char *)  F_FUNC_US(f90wrap_symplecticintegrator__array__z,F90WRAP_SYMPLECTICINTEGRATOR__ARRAY__Z),  (f2py_init_func)f2py_rout__pysimple_f90wrap_symplecticintegrator__array__z,doc_f2py_rout__pysimple_f90wrap_symplecticintegrator__array__z},
      |                                                                                                                                                                  ^
/proj/plasma/CODE/ert/SIMPLE/build/python/_pysimplemodule.c:59759:171: warning: cast between incompatible function types from ‘PyObject * (*)(const PyObject *, PyObject *, PyObject *, void (*)(int *, double *))’ {aka ‘struct _object * (*)(const struct _object *, struct _object *, struct _object *, void (*)(int *, double *))’} to ‘void (*)(int *, npy_intp *, void (*)(char *, npy_intp *), int *)’ {aka ‘void (*)(int *, long int *, void (*)(char *, long int *), int *)’} [-Wcast-function-type]
59759 |     {"f90wrap_symplecticintegrator__get__pthold",-1,{{-1}},0,0,(char *)  F_FUNC_US(f90wrap_symplecticintegrator__get__pthold,F90WRAP_SYMPLECTICINTEGRATOR__GET__PTHOLD),  (f2py_init_func)f2py_rout__pysimple_f90wrap_symplecticintegrator__get__pthold,doc_f2py_rout__pysimple_f90wrap_symplecticintegrator__get__pthold},
      |                                                                                                                                                                           ^
/proj/plasma/CODE/ert/SIMPLE/build/python/_pysimplemodule.c:59760:171: warning: cast between incompatible function types from ‘PyObject * (*)(const PyObject *, PyObject *, PyObject *, void (*)(int *, double *))’ {aka ‘struct _object * (*)(const struct _object *, struct _object *, struct _object *, void (*)(int *, double *))’} to ‘void (*)(int *, npy_intp *, void (*)(char *, npy_intp *), int *)’ {aka ‘void (*)(int *, long int *, void (*)(char *, long int *), int *)’} [-Wcast-function-type]
59760 |     {"f90wrap_symplecticintegrator__set__pthold",-1,{{-1}},0,0,(char *)  F_FUNC_US(f90wrap_symplecticintegrator__set__pthold,F90WRAP_SYMPLECTICINTEGRATOR__SET__PTHOLD),  (f2py_init_func)f2py_rout__pysimple_f90wrap_symplecticintegrator__set__pthold,doc_f2py_rout__pysimple_f90wrap_symplecticintegrator__set__pthold},
      |                                                                                                                                                                           ^
/proj/plasma/CODE/ert/SIMPLE/build/python/_pysimplemodule.c:59761:165: warning: cast between incompatible function types from ‘PyObject * (*)(const PyObject *, PyObject *, PyObject *, void (*)(int *, int *))’ {aka ‘struct _object * (*)(const struct _object *, struct _object *, struct _object *, void (*)(int *, int *))’} to ‘void (*)(int *, npy_intp *, void (*)(char *, npy_intp *), int *)’ {aka ‘void (*)(int *, long int *, void (*)(char *, long int *), int *)’} [-Wcast-function-type]
59761 |     {"f90wrap_symplecticintegrator__get__ntau",-1,{{-1}},0,0,(char *)  F_FUNC_US(f90wrap_symplecticintegrator__get__ntau,F90WRAP_SYMPLECTICINTEGRATOR__GET__NTAU),  (f2py_init_func)f2py_rout__pysimple_f90wrap_symplecticintegrator__get__ntau,doc_f2py_rout__pysimple_f90wrap_symplecticintegrator__get__ntau},
      |                                                                                                                                                                     ^
/proj/plasma/CODE/ert/SIMPLE/build/python/_pysimplemodule.c:59762:165: warning: cast between incompatible function types from ‘PyObject * (*)(const PyObject *, PyObject *, PyObject *, void (*)(int *, int *))’ {aka ‘struct _object * (*)(const struct _object *, struct _object *, struct _object *, void (*)(int *, int *))’} to ‘void (*)(int *, npy_intp *, void (*)(char *, npy_intp *), int *)’ {aka ‘void (*)(int *, long int *, void (*)(char *, long int *), int *)’} [-Wcast-function-type]
59762 |     {"f90wrap_symplecticintegrator__set__ntau",-1,{{-1}},0,0,(char *)  F_FUNC_US(f90wrap_symplecticintegrator__set__ntau,F90WRAP_SYMPLECTICINTEGRATOR__SET__NTAU),  (f2py_init_func)f2py_rout__pysimple_f90wrap_symplecticintegrator__set__ntau,doc_f2py_rout__pysimple_f90wrap_symplecticintegrator__set__ntau},
      |                                                                                                                                                                     ^
/proj/plasma/CODE/ert/SIMPLE/build/python/_pysimplemodule.c:59763:159: warning: cast between incompatible function types from ‘PyObject * (*)(const PyObject *, PyObject *, PyObject *, void (*)(int *, double *))’ {aka ‘struct _object * (*)(const struct _object *, struct _object *, struct _object *, void (*)(int *, double *))’} to ‘void (*)(int *, npy_intp *, void (*)(char *, npy_intp *), int *)’ {aka ‘void (*)(int *, long int *, void (*)(char *, long int *), int *)’} [-Wcast-function-type]
59763 |     {"f90wrap_symplecticintegrator__get__dt",-1,{{-1}},0,0,(char *)  F_FUNC_US(f90wrap_symplecticintegrator__get__dt,F90WRAP_SYMPLECTICINTEGRATOR__GET__DT),  (f2py_init_func)f2py_rout__pysimple_f90wrap_symplecticintegrator__get__dt,doc_f2py_rout__pysimple_f90wrap_symplecticintegrator__get__dt},
      |                                                                                                                                                               ^
/proj/plasma/CODE/ert/SIMPLE/build/python/_pysimplemodule.c:59764:159: warning: cast between incompatible function types from ‘PyObject * (*)(const PyObject *, PyObject *, PyObject *, void (*)(int *, double *))’ {aka ‘struct _object * (*)(const struct _object *, struct _object *, struct _object *, void (*)(int *, double *))’} to ‘void (*)(int *, npy_intp *, void (*)(char *, npy_intp *), int *)’ {aka ‘void (*)(int *, long int *, void (*)(char *, long int *), int *)’} [-Wcast-function-type]
59764 |     {"f90wrap_symplecticintegrator__set__dt",-1,{{-1}},0,0,(char *)  F_FUNC_US(f90wrap_symplecticintegrator__set__dt,F90WRAP_SYMPLECTICINTEGRATOR__SET__DT),  (f2py_init_func)f2py_rout__pysimple_f90wrap_symplecticintegrator__set__dt,doc_f2py_rout__pysimple_f90wrap_symplecticintegrator__set__dt},
      |                                                                                                                                                               ^
/proj/plasma/CODE/ert/SIMPLE/build/python/_pysimplemodule.c:59765:165: warning: cast between incompatible function types from ‘PyObject * (*)(const PyObject *, PyObject *, PyObject *, void (*)(int *, double *))’ {aka ‘struct _object * (*)(const struct _object *, struct _object *, struct _object *, void (*)(int *, double *))’} to ‘void (*)(int *, npy_intp *, void (*)(char *, npy_intp *), int *)’ {aka ‘void (*)(int *, long int *, void (*)(char *, long int *), int *)’} [-Wcast-function-type]
59765 |     {"f90wrap_symplecticintegrator__get__pabs",-1,{{-1}},0,0,(char *)  F_FUNC_US(f90wrap_symplecticintegrator__get__pabs,F90WRAP_SYMPLECTICINTEGRATOR__GET__PABS),  (f2py_init_func)f2py_rout__pysimple_f90wrap_symplecticintegrator__get__pabs,doc_f2py_rout__pysimple_f90wrap_symplecticintegrator__get__pabs},
      |                                                                                                                                                                     ^
/proj/plasma/CODE/ert/SIMPLE/build/python/_pysimplemodule.c:59766:165: warning: cast between incompatible function types from ‘PyObject * (*)(const PyObject *, PyObject *, PyObject *, void (*)(int *, double *))’ {aka ‘struct _object * (*)(const struct _object *, struct _object *, struct _object *, void (*)(int *, double *))’} to ‘void (*)(int *, npy_intp *, void (*)(char *, npy_intp *), int *)’ {aka ‘void (*)(int *, long int *, void (*)(char *, long int *), int *)’} [-Wcast-function-type]
59766 |     {"f90wrap_symplecticintegrator__set__pabs",-1,{{-1}},0,0,(char *)  F_FUNC_US(f90wrap_symplecticintegrator__set__pabs,F90WRAP_SYMPLECTICINTEGRATOR__SET__PABS),  (f2py_init_func)f2py_rout__pysimple_f90wrap_symplecticintegrator__set__pabs,doc_f2py_rout__pysimple_f90wrap_symplecticintegrator__set__pabs},
      |                                                                                                                                                                     ^
/proj/plasma/CODE/ert/SIMPLE/build/python/_pysimplemodule.c:59767:234: warning: cast between incompatible function types from ‘PyObject * (*)(const PyObject *, PyObject *, PyObject *, void (*)(int *))’ {aka ‘struct _object * (*)(const struct _object *, struct _object *, struct _object *, void (*)(int *))’} to ‘void (*)(int *, npy_intp *, void (*)(char *, npy_intp *), int *)’ {aka ‘void (*)(int *, long int *, void (*)(char *, long int *), int *)’} [-Wcast-function-type]
59767 |     {"f90wrap_orbit_symplectic_base__symplecticintegrator_initialise",-1,{{-1}},0,0,(char *)  F_FUNC_US(f90wrap_orbit_symplectic_base__symplecticintegrator_initialise,F90WRAP_ORBIT_SYMPLECTIC_BASE__SYMPLECTICINTEGRATOR_INITIALISE),  (f2py_init_func)f2py_rout__pysimple_f90wrap_orbit_symplectic_base__symplecticintegrator_initialise,doc_f2py_rout__pysimple_f90wrap_orbit_symplectic_base__symplecticintegrator_initialise},
      |                                                                                                                                                                                                                                          ^
/proj/plasma/CODE/ert/SIMPLE/build/python/_pysimplemodule.c:59768:228: warning: cast between incompatible function types from ‘PyObject * (*)(const PyObject *, PyObject *, PyObject *, void (*)(int *))’ {aka ‘struct _object * (*)(const struct _object *, struct _object *, struct _object *, void (*)(int *))’} to ‘void (*)(int *, npy_intp *, void (*)(char *, npy_intp *), int *)’ {aka ‘void (*)(int *, long int *, void (*)(char *, long int *), int *)’} [-Wcast-function-type]
59768 |     {"f90wrap_orbit_symplectic_base__symplecticintegrator_finalise",-1,{{-1}},0,0,(char *)  F_FUNC_US(f90wrap_orbit_symplectic_base__symplecticintegrator_finalise,F90WRAP_ORBIT_SYMPLECTIC_BASE__SYMPLECTICINTEGRATOR_FINALISE),  (f2py_init_func)f2py_rout__pysimple_f90wrap_orbit_symplectic_base__symplecticintegrator_finalise,doc_f2py_rout__pysimple_f90wrap_orbit_symplectic_base__symplecticintegrator_finalise},
      |                                                                                                                                                                                                                                    ^
/proj/plasma/CODE/ert/SIMPLE/build/python/_pysimplemodule.c:59769:156: warning: cast between incompatible function types from ‘PyObject * (*)(const PyObject *, PyObject *, PyObject *, void (*)(int *, int *))’ {aka ‘struct _object * (*)(const struct _object *, struct _object *, struct _object *, void (*)(int *, int *))’} to ‘void (*)(int *, npy_intp *, void (*)(char *, npy_intp *), int *)’ {aka ‘void (*)(int *, long int *, void (*)(char *, long int *), int *)’} [-Wcast-function-type]
59769 |     {"f90wrap_multistageintegrator__get__s",-1,{{-1}},0,0,(char *)  F_FUNC_US(f90wrap_multistageintegrator__get__s,F90WRAP_MULTISTAGEINTEGRATOR__GET__S),  (f2py_init_func)f2py_rout__pysimple_f90wrap_multistageintegrator__get__s,doc_f2py_rout__pysimple_f90wrap_multistageintegrator__get__s},
      |                                                                                                                                                            ^
/proj/plasma/CODE/ert/SIMPLE/build/python/_pysimplemodule.c:59770:156: warning: cast between incompatible function types from ‘PyObject * (*)(const PyObject *, PyObject *, PyObject *, void (*)(int *, int *))’ {aka ‘struct _object * (*)(const struct _object *, struct _object *, struct _object *, void (*)(int *, int *))’} to ‘void (*)(int *, npy_intp *, void (*)(char *, npy_intp *), int *)’ {aka ‘void (*)(int *, long int *, void (*)(char *, long int *), int *)’} [-Wcast-function-type]
59770 |     {"f90wrap_multistageintegrator__set__s",-1,{{-1}},0,0,(char *)  F_FUNC_US(f90wrap_multistageintegrator__set__s,F90WRAP_MULTISTAGEINTEGRATOR__SET__S),  (f2py_init_func)f2py_rout__pysimple_f90wrap_multistageintegrator__set__s,doc_f2py_rout__pysimple_f90wrap_multistageintegrator__set__s},
      |                                                                                                                                                            ^
/proj/plasma/CODE/ert/SIMPLE/build/python/_pysimplemodule.c:59771:174: warning: cast between incompatible function types from ‘PyObject * (*)(const PyObject *, PyObject *, PyObject *, void (*)(int *, int *, int *, int *, long_long *))’ {aka ‘struct _object * (*)(const struct _object *, struct _object *, struct _object *, void (*)(int *, int *, int *, int *, long long int *))’} to ‘void (*)(int *, npy_intp *, void (*)(char *, npy_intp *), int *)’ {aka ‘void (*)(int *, long int *, void (*)(char *, long int *), int *)’} [-Wcast-function-type]
59771 |     {"f90wrap_multistageintegrator__array__alpha",-1,{{-1}},0,0,(char *)  F_FUNC_US(f90wrap_multistageintegrator__array__alpha,F90WRAP_MULTISTAGEINTEGRATOR__ARRAY__ALPHA),  (f2py_init_func)f2py_rout__pysimple_f90wrap_multistageintegrator__array__alpha,doc_f2py_rout__pysimple_f90wrap_multistageintegrator__array__alpha},
      |                                                                                                                                                                              ^
/proj/plasma/CODE/ert/SIMPLE/build/python/_pysimplemodule.c:59772:171: warning: cast between incompatible function types from ‘PyObject * (*)(const PyObject *, PyObject *, PyObject *, void (*)(int *, int *, int *, int *, long_long *))’ {aka ‘struct _object * (*)(const struct _object *, struct _object *, struct _object *, void (*)(int *, int *, int *, int *, long long int *))’} to ‘void (*)(int *, npy_intp *, void (*)(char *, npy_intp *), int *)’ {aka ‘void (*)(int *, long int *, void (*)(char *, long int *), int *)’} [-Wcast-function-type]
59772 |     {"f90wrap_multistageintegrator__array__beta",-1,{{-1}},0,0,(char *)  F_FUNC_US(f90wrap_multistageintegrator__array__beta,F90WRAP_MULTISTAGEINTEGRATOR__ARRAY__BETA),  (f2py_init_func)f2py_rout__pysimple_f90wrap_multistageintegrator__array__beta,doc_f2py_rout__pysimple_f90wrap_multistageintegrator__array__beta},
      |                                                                                                                                                                           ^
/proj/plasma/CODE/ert/SIMPLE/build/python/_pysimplemodule.c:59773:201: warning: cast between incompatible function types from ‘PyObject * (*)(const PyObject *, PyObject *, PyObject *, void (*)(int *, int *, int *))’ {aka ‘struct _object * (*)(const struct _object *, struct _object *, struct _object *, void (*)(int *, int *, int *))’} to ‘void (*)(int *, npy_intp *, void (*)(char *, npy_intp *), int *)’ {aka ‘void (*)(int *, long int *, void (*)(char *, long int *), int *)’} [-Wcast-function-type]
59773 |     {"f90wrap_multistageintegrator__array_getitem__stages",-1,{{-1}},0,0,(char *)  F_FUNC_US(f90wrap_multistageintegrator__array_getitem__stages,F90WRAP_MULTISTAGEINTEGRATOR__ARRAY_GETITEM__STAGES),  (f2py_init_func)f2py_rout__pysimple_f90wrap_multistageintegrator__array_getitem__stages,doc_f2py_rout__pysimple_f90wrap_multistageintegrator__array_getitem__stages},
      |                                                                                                                                                                                                         ^
/proj/plasma/CODE/ert/SIMPLE/build/python/_pysimplemodule.c:59774:201: warning: cast between incompatible function types from ‘PyObject * (*)(const PyObject *, PyObject *, PyObject *, void (*)(int *, int *, int *))’ {aka ‘struct _object * (*)(const struct _object *, struct _object *, struct _object *, void (*)(int *, int *, int *))’} to ‘void (*)(int *, npy_intp *, void (*)(char *, npy_intp *), int *)’ {aka ‘void (*)(int *, long int *, void (*)(char *, long int *), int *)’} [-Wcast-function-type]
59774 |     {"f90wrap_multistageintegrator__array_setitem__stages",-1,{{-1}},0,0,(char *)  F_FUNC_US(f90wrap_multistageintegrator__array_setitem__stages,F90WRAP_MULTISTAGEINTEGRATOR__ARRAY_SETITEM__STAGES),  (f2py_init_func)f2py_rout__pysimple_f90wrap_multistageintegrator__array_setitem__stages,doc_f2py_rout__pysimple_f90wrap_multistageintegrator__array_setitem__stages},
      |                                                                                                                                                                                                         ^
/proj/plasma/CODE/ert/SIMPLE/build/python/_pysimplemodule.c:59775:189: warning: cast between incompatible function types from ‘PyObject * (*)(const PyObject *, PyObject *, PyObject *, void (*)(int *, int *))’ {aka ‘struct _object * (*)(const struct _object *, struct _object *, struct _object *, void (*)(int *, int *))’} to ‘void (*)(int *, npy_intp *, void (*)(char *, npy_intp *), int *)’ {aka ‘void (*)(int *, long int *, void (*)(char *, long int *), int *)’} [-Wcast-function-type]
59775 |     {"f90wrap_multistageintegrator__array_len__stages",-1,{{-1}},0,0,(char *)  F_FUNC_US(f90wrap_multistageintegrator__array_len__stages,F90WRAP_MULTISTAGEINTEGRATOR__ARRAY_LEN__STAGES),  (f2py_init_func)f2py_rout__pysimple_f90wrap_multistageintegrator__array_len__stages,doc_f2py_rout__pysimple_f90wrap_multistageintegrator__array_len__stages},
      |                                                                                                                                                                                             ^
/proj/plasma/CODE/ert/SIMPLE/build/python/_pysimplemodule.c:59776:234: warning: cast between incompatible function types from ‘PyObject * (*)(const PyObject *, PyObject *, PyObject *, void (*)(int *))’ {aka ‘struct _object * (*)(const struct _object *, struct _object *, struct _object *, void (*)(int *))’} to ‘void (*)(int *, npy_intp *, void (*)(char *, npy_intp *), int *)’ {aka ‘void (*)(int *, long int *, void (*)(char *, long int *), int *)’} [-Wcast-function-type]
59776 |     {"f90wrap_orbit_symplectic_base__multistageintegrator_initialise",-1,{{-1}},0,0,(char *)  F_FUNC_US(f90wrap_orbit_symplectic_base__multistageintegrator_initialise,F90WRAP_ORBIT_SYMPLECTIC_BASE__MULTISTAGEINTEGRATOR_INITIALISE),  (f2py_init_func)f2py_rout__pysimple_f90wrap_orbit_symplectic_base__multistageintegrator_initialise,doc_f2py_rout__pysimple_f90wrap_orbit_symplectic_base__multistageintegrator_initialise},
      |                                                                                                                                                                                                                                          ^
/proj/plasma/CODE/ert/SIMPLE/build/python/_pysimplemodule.c:59777:228: warning: cast between incompatible function types from ‘PyObject * (*)(const PyObject *, PyObject *, PyObject *, void (*)(int *))’ {aka ‘struct _object * (*)(const struct _object *, struct _object *, struct _object *, void (*)(int *))’} to ‘void (*)(int *, npy_intp *, void (*)(char *, npy_intp *), int *)’ {aka ‘void (*)(int *, long int *, void (*)(char *, long int *), int *)’} [-Wcast-function-type]
59777 |     {"f90wrap_orbit_symplectic_base__multistageintegrator_finalise",-1,{{-1}},0,0,(char *)  F_FUNC_US(f90wrap_orbit_symplectic_base__multistageintegrator_finalise,F90WRAP_ORBIT_SYMPLECTIC_BASE__MULTISTAGEINTEGRATOR_FINALISE),  (f2py_init_func)f2py_rout__pysimple_f90wrap_orbit_symplectic_base__multistageintegrator_finalise,doc_f2py_rout__pysimple_f90wrap_orbit_symplectic_base__multistageintegrator_finalise},
      |                                                                                                                                                                                                                                    ^
/proj/plasma/CODE/ert/SIMPLE/build/python/_pysimplemodule.c:59778:183: warning: cast between incompatible function types from ‘PyObject * (*)(const PyObject *, PyObject *, PyObject *, void (*)(int *, int *, int *, int *, int *, double *, double *, double *))’ {aka ‘struct _object * (*)(const struct _object *, struct _object *, struct _object *, void (*)(int *, int *, int *, int *, int *, double *, double *, double *))’} to ‘void (*)(int *, npy_intp *, void (*)(char *, npy_intp *), int *)’ {aka ‘void (*)(int *, long int *, void (*)(char *, long int *), int *)’} [-Wcast-function-type]
59778 |     {"f90wrap_orbit_symplectic_base__coeff_rk_gauss",-1,{{-1}},0,0,(char *)  F_FUNC_US(f90wrap_orbit_symplectic_base__coeff_rk_gauss,F90WRAP_ORBIT_SYMPLECTIC_BASE__COEFF_RK_GAUSS),  (f2py_init_func)f2py_rout__pysimple_f90wrap_orbit_symplectic_base__coeff_rk_gauss,doc_f2py_rout__pysimple_f90wrap_orbit_symplectic_base__coeff_rk_gauss},
      |                                                                                                                                                                                       ^
/proj/plasma/CODE/ert/SIMPLE/build/python/_pysimplemodule.c:59779:189: warning: cast between incompatible function types from ‘PyObject * (*)(const PyObject *, PyObject *, PyObject *, void (*)(int *, int *, int *, int *, int *, int *, int *, double *, double *, double *, double *))’ {aka ‘struct _object * (*)(const struct _object *, struct _object *, struct _object *, void (*)(int *, int *, int *, int *, int *, int *, int *, double *, double *, double *, double *))’} to ‘void (*)(int *, npy_intp *, void (*)(char *, npy_intp *), int *)’ {aka ‘void (*)(int *, long int *, void (*)(char *, long int *), int *)’} [-Wcast-function-type]
59779 |     {"f90wrap_orbit_symplectic_base__coeff_rk_lobatto",-1,{{-1}},0,0,(char *)  F_FUNC_US(f90wrap_orbit_symplectic_base__coeff_rk_lobatto,F90WRAP_ORBIT_SYMPLECTIC_BASE__COEFF_RK_LOBATTO),  (f2py_init_func)f2py_rout__pysimple_f90wrap_orbit_symplectic_base__coeff_rk_lobatto,doc_f2py_rout__pysimple_f90wrap_orbit_symplectic_base__coeff_rk_lobatto},
      |                                                                                                                                                                                             ^
/proj/plasma/CODE/ert/SIMPLE/build/python/_pysimplemodule.c:59780:192: warning: cast between incompatible function types from ‘PyObject * (*)(const PyObject *, PyObject *, PyObject *, void (*)(int *))’ {aka ‘struct _object * (*)(const struct _object *, struct _object *, struct _object *, void (*)(int *))’} to ‘void (*)(int *, npy_intp *, void (*)(char *, npy_intp *), int *)’ {aka ‘void (*)(int *, long int *, void (*)(char *, long int *), int *)’} [-Wcast-function-type]
59780 |     {"f90wrap_orbit_symplectic_base__get__extrap_field",-1,{{-1}},0,0,(char *)  F_FUNC_US(f90wrap_orbit_symplectic_base__get__extrap_field,F90WRAP_ORBIT_SYMPLECTIC_BASE__GET__EXTRAP_FIELD),  (f2py_init_func)f2py_rout__pysimple_f90wrap_orbit_symplectic_base__get__extrap_field,doc_f2py_rout__pysimple_f90wrap_orbit_symplectic_base__get__extrap_field},
      |                                                                                                                                                                                                ^
/proj/plasma/CODE/ert/SIMPLE/build/python/_pysimplemodule.c:59781:168: warning: cast between incompatible function types from ‘PyObject * (*)(const PyObject *, PyObject *, PyObject *, void (*)(int *))’ {aka ‘struct _object * (*)(const struct _object *, struct _object *, struct _object *, void (*)(int *))’} to ‘void (*)(int *, npy_intp *, void (*)(char *, npy_intp *), int *)’ {aka ‘void (*)(int *, long int *, void (*)(char *, long int *), int *)’} [-Wcast-function-type]
59781 |     {"f90wrap_orbit_symplectic_base__get__rk45",-1,{{-1}},0,0,(char *)  F_FUNC_US(f90wrap_orbit_symplectic_base__get__rk45,F90WRAP_ORBIT_SYMPLECTIC_BASE__GET__RK45),  (f2py_init_func)f2py_rout__pysimple_f90wrap_orbit_symplectic_base__get__rk45,doc_f2py_rout__pysimple_f90wrap_orbit_symplectic_base__get__rk45},
      |                                                                                                                                                                        ^
/proj/plasma/CODE/ert/SIMPLE/build/python/_pysimplemodule.c:59782:201: warning: cast between incompatible function types from ‘PyObject * (*)(const PyObject *, PyObject *, PyObject *, void (*)(int *))’ {aka ‘struct _object * (*)(const struct _object *, struct _object *, struct _object *, void (*)(int *))’} to ‘void (*)(int *, npy_intp *, void (*)(char *, npy_intp *), int *)’ {aka ‘void (*)(int *, long int *, void (*)(char *, long int *), int *)’} [-Wcast-function-type]
59782 |     {"f90wrap_orbit_symplectic_base__get__expl_impl_euler",-1,{{-1}},0,0,(char *)  F_FUNC_US(f90wrap_orbit_symplectic_base__get__expl_impl_euler,F90WRAP_ORBIT_SYMPLECTIC_BASE__GET__EXPL_IMPL_EULER),  (f2py_init_func)f2py_rout__pysimple_f90wrap_orbit_symplectic_base__get__expl_impl_euler,doc_f2py_rout__pysimple_f90wrap_orbit_symplectic_base__get__expl_impl_euler},
      |                                                                                                                                                                                                         ^
/proj/plasma/CODE/ert/SIMPLE/build/python/_pysimplemodule.c:59783:201: warning: cast between incompatible function types from ‘PyObject * (*)(const PyObject *, PyObject *, PyObject *, void (*)(int *))’ {aka ‘struct _object * (*)(const struct _object *, struct _object *, struct _object *, void (*)(int *))’} to ‘void (*)(int *, npy_intp *, void (*)(char *, npy_intp *), int *)’ {aka ‘void (*)(int *, long int *, void (*)(char *, long int *), int *)’} [-Wcast-function-type]
59783 |     {"f90wrap_orbit_symplectic_base__get__impl_expl_euler",-1,{{-1}},0,0,(char *)  F_FUNC_US(f90wrap_orbit_symplectic_base__get__impl_expl_euler,F90WRAP_ORBIT_SYMPLECTIC_BASE__GET__IMPL_EXPL_EULER),  (f2py_init_func)f2py_rout__pysimple_f90wrap_orbit_symplectic_base__get__impl_expl_euler,doc_f2py_rout__pysimple_f90wrap_orbit_symplectic_base__get__impl_expl_euler},
      |                                                                                                                                                                                                         ^
/proj/plasma/CODE/ert/SIMPLE/build/python/_pysimplemodule.c:59784:180: warning: cast between incompatible function types from ‘PyObject * (*)(const PyObject *, PyObject *, PyObject *, void (*)(int *))’ {aka ‘struct _object * (*)(const struct _object *, struct _object *, struct _object *, void (*)(int *))’} to ‘void (*)(int *, npy_intp *, void (*)(char *, npy_intp *), int *)’ {aka ‘void (*)(int *, long int *, void (*)(char *, long int *), int *)’} [-Wcast-function-type]
59784 |     {"f90wrap_orbit_symplectic_base__get__midpoint",-1,{{-1}},0,0,(char *)  F_FUNC_US(f90wrap_orbit_symplectic_base__get__midpoint,F90WRAP_ORBIT_SYMPLECTIC_BASE__GET__MIDPOINT),  (f2py_init_func)f2py_rout__pysimple_f90wrap_orbit_symplectic_base__get__midpoint,doc_f2py_rout__pysimple_f90wrap_orbit_symplectic_base__get__midpoint},
      |                                                                                                                                                                                    ^
/proj/plasma/CODE/ert/SIMPLE/build/python/_pysimplemodule.c:59785:174: warning: cast between incompatible function types from ‘PyObject * (*)(const PyObject *, PyObject *, PyObject *, void (*)(int *))’ {aka ‘struct _object * (*)(const struct _object *, struct _object *, struct _object *, void (*)(int *))’} to ‘void (*)(int *, npy_intp *, void (*)(char *, npy_intp *), int *)’ {aka ‘void (*)(int *, long int *, void (*)(char *, long int *), int *)’} [-Wcast-function-type]
59785 |     {"f90wrap_orbit_symplectic_base__get__gauss1",-1,{{-1}},0,0,(char *)  F_FUNC_US(f90wrap_orbit_symplectic_base__get__gauss1,F90WRAP_ORBIT_SYMPLECTIC_BASE__GET__GAUSS1),  (f2py_init_func)f2py_rout__pysimple_f90wrap_orbit_symplectic_base__get__gauss1,doc_f2py_rout__pysimple_f90wrap_orbit_symplectic_base__get__gauss1},
      |                                                                                                                                                                              ^
/proj/plasma/CODE/ert/SIMPLE/build/python/_pysimplemodule.c:59786:174: warning: cast between incompatible function types from ‘PyObject * (*)(const PyObject *, PyObject *, PyObject *, void (*)(int *))’ {aka ‘struct _object * (*)(const struct _object *, struct _object *, struct _object *, void (*)(int *))’} to ‘void (*)(int *, npy_intp *, void (*)(char *, npy_intp *), int *)’ {aka ‘void (*)(int *, long int *, void (*)(char *, long int *), int *)’} [-Wcast-function-type]
59786 |     {"f90wrap_orbit_symplectic_base__get__gauss2",-1,{{-1}},0,0,(char *)  F_FUNC_US(f90wrap_orbit_symplectic_base__get__gauss2,F90WRAP_ORBIT_SYMPLECTIC_BASE__GET__GAUSS2),  (f2py_init_func)f2py_rout__pysimple_f90wrap_orbit_symplectic_base__get__gauss2,doc_f2py_rout__pysimple_f90wrap_orbit_symplectic_base__get__gauss2},
      |                                                                                                                                                                              ^
/proj/plasma/CODE/ert/SIMPLE/build/python/_pysimplemodule.c:59787:174: warning: cast between incompatible function types from ‘PyObject * (*)(const PyObject *, PyObject *, PyObject *, void (*)(int *))’ {aka ‘struct _object * (*)(const struct _object *, struct _object *, struct _object *, void (*)(int *))’} to ‘void (*)(int *, npy_intp *, void (*)(char *, npy_intp *), int *)’ {aka ‘void (*)(int *, long int *, void (*)(char *, long int *), int *)’} [-Wcast-function-type]
59787 |     {"f90wrap_orbit_symplectic_base__get__gauss3",-1,{{-1}},0,0,(char *)  F_FUNC_US(f90wrap_orbit_symplectic_base__get__gauss3,F90WRAP_ORBIT_SYMPLECTIC_BASE__GET__GAUSS3),  (f2py_init_func)f2py_rout__pysimple_f90wrap_orbit_symplectic_base__get__gauss3,doc_f2py_rout__pysimple_f90wrap_orbit_symplectic_base__get__gauss3},
      |                                                                                                                                                                              ^
/proj/plasma/CODE/ert/SIMPLE/build/python/_pysimplemodule.c:59788:174: warning: cast between incompatible function types from ‘PyObject * (*)(const PyObject *, PyObject *, PyObject *, void (*)(int *))’ {aka ‘struct _object * (*)(const struct _object *, struct _object *, struct _object *, void (*)(int *))’} to ‘void (*)(int *, npy_intp *, void (*)(char *, npy_intp *), int *)’ {aka ‘void (*)(int *, long int *, void (*)(char *, long int *), int *)’} [-Wcast-function-type]
59788 |     {"f90wrap_orbit_symplectic_base__get__gauss4",-1,{{-1}},0,0,(char *)  F_FUNC_US(f90wrap_orbit_symplectic_base__get__gauss4,F90WRAP_ORBIT_SYMPLECTIC_BASE__GET__GAUSS4),  (f2py_init_func)f2py_rout__pysimple_f90wrap_orbit_symplectic_base__get__gauss4,doc_f2py_rout__pysimple_f90wrap_orbit_symplectic_base__get__gauss4},
      |                                                                                                                                                                              ^
/proj/plasma/CODE/ert/SIMPLE/build/python/_pysimplemodule.c:59789:180: warning: cast between incompatible function types from ‘PyObject * (*)(const PyObject *, PyObject *, PyObject *, void (*)(int *))’ {aka ‘struct _object * (*)(const struct _object *, struct _object *, struct _object *, void (*)(int *))’} to ‘void (*)(int *, npy_intp *, void (*)(char *, npy_intp *), int *)’ {aka ‘void (*)(int *, long int *, void (*)(char *, long int *), int *)’} [-Wcast-function-type]
59789 |     {"f90wrap_orbit_symplectic_base__get__lobatto3",-1,{{-1}},0,0,(char *)  F_FUNC_US(f90wrap_orbit_symplectic_base__get__lobatto3,F90WRAP_ORBIT_SYMPLECTIC_BASE__GET__LOBATTO3),  (f2py_init_func)f2py_rout__pysimple_f90wrap_orbit_symplectic_base__get__lobatto3,doc_f2py_rout__pysimple_f90wrap_orbit_symplectic_base__get__lobatto3},
      |                                                                                                                                                                                    ^
/proj/plasma/CODE/ert/SIMPLE/build/python/_pysimplemodule.c:59790:171: warning: cast between incompatible function types from ‘PyObject * (*)(const PyObject *, PyObject *, PyObject *, void (*)(int *))’ {aka ‘struct _object * (*)(const struct _object *, struct _object *, struct _object *, void (*)(int *))’} to ‘void (*)(int *, npy_intp *, void (*)(char *, npy_intp *), int *)’ {aka ‘void (*)(int *, long int *, void (*)(char *, long int *), int *)’} [-Wcast-function-type]
59790 |     {"f90wrap_orbit_symplectic_base__get__s_max",-1,{{-1}},0,0,(char *)  F_FUNC_US(f90wrap_orbit_symplectic_base__get__s_max,F90WRAP_ORBIT_SYMPLECTIC_BASE__GET__S_MAX),  (f2py_init_func)f2py_rout__pysimple_f90wrap_orbit_symplectic_base__get__s_max,doc_f2py_rout__pysimple_f90wrap_orbit_symplectic_base__get__s_max},
      |                                                                                                                                                                           ^
/proj/plasma/CODE/ert/SIMPLE/build/python/_pysimplemodule.c:59791:174: warning: cast between incompatible function types from ‘PyObject * (*)(const PyObject *, PyObject *, PyObject *, void (*)(int *, int *, int *, double *, double *, int *, double *, int *))’ {aka ‘struct _object * (*)(const struct _object *, struct _object *, struct _object *, void (*)(int *, int *, int *, double *, double *, int *, double *, int *))’} to ‘void (*)(int *, npy_intp *, void (*)(char *, npy_intp *), int *)’ {aka ‘void (*)(int *, long int *, void (*)(char *, long int *), int *)’} [-Wcast-function-type]
59791 |     {"f90wrap_orbit_symplectic__orbit_sympl_init",-1,{{-1}},0,0,(char *)  F_FUNC_US(f90wrap_orbit_symplectic__orbit_sympl_init,F90WRAP_ORBIT_SYMPLECTIC__ORBIT_SYMPL_INIT),  (f2py_init_func)f2py_rout__pysimple_f90wrap_orbit_symplectic__orbit_sympl_init,doc_f2py_rout__pysimple_f90wrap_orbit_symplectic__orbit_sympl_init},
      |                                                                                                                                                                              ^
/proj/plasma/CODE/ert/SIMPLE/build/python/_pysimplemodule.c:59792:207: warning: cast between incompatible function types from ‘PyObject * (*)(const PyObject *, PyObject *, PyObject *, void (*)(int *))’ {aka ‘struct _object * (*)(const struct _object *, struct _object *, struct _object *, void (*)(int *))’} to ‘void (*)(int *, npy_intp *, void (*)(char *, npy_intp *), int *)’ {aka ‘void (*)(int *, long int *, void (*)(char *, long int *), int *)’} [-Wcast-function-type]
59792 |     {"f90wrap_orbit_symplectic__orbit_timestep_quasi_gauss3",-1,{{-1}},0,0,(char *)  F_FUNC_US(f90wrap_orbit_symplectic__orbit_timestep_quasi_gauss3,F90WRAP_ORBIT_SYMPLECTIC__ORBIT_TIMESTEP_QUASI_GAUSS3),  (f2py_init_func)f2py_rout__pysimple_f90wrap_orbit_symplectic__orbit_timestep_quasi_gauss3,doc_f2py_rout__pysimple_f90wrap_orbit_symplectic__orbit_timestep_quasi_gauss3},
      |                                                                                                                                                                                                               ^
/proj/plasma/CODE/ert/SIMPLE/build/python/_pysimplemodule.c:59793:147: warning: cast between incompatible function types from ‘PyObject * (*)(const PyObject *, PyObject *, PyObject *, void (*)(int *, int *, int *, int *, double *, int *, double *))’ {aka ‘struct _object * (*)(const struct _object *, struct _object *, struct _object *, void (*)(int *, int *, int *, int *, double *, int *, double *))’} to ‘void (*)(int *, npy_intp *, void (*)(char *, npy_intp *), int *)’ {aka ‘void (*)(int *, long int *, void (*)(char *, long int *), int *)’} [-Wcast-function-type]
59793 |     {"f90wrap_orbit_symplectic__newton1",-1,{{-1}},0,0,(char *)  F_FUNC_US(f90wrap_orbit_symplectic__newton1,F90WRAP_ORBIT_SYMPLECTIC__NEWTON1),  (f2py_init_func)f2py_rout__pysimple_f90wrap_orbit_symplectic__newton1,doc_f2py_rout__pysimple_f90wrap_orbit_symplectic__newton1},
      |                                                                                                                                                   ^
/proj/plasma/CODE/ert/SIMPLE/build/python/_pysimplemodule.c:59794:174: warning: cast between incompatible function types from ‘PyObject * (*)(const PyObject *, PyObject *, PyObject *, void (*)(int *, int *, int *, int *, int *, double *, double *))’ {aka ‘struct _object * (*)(const struct _object *, struct _object *, struct _object *, void (*)(int *, int *, int *, int *, int *, double *, double *))’} to ‘void (*)(int *, npy_intp *, void (*)(char *, npy_intp *), int *)’ {aka ‘void (*)(int *, long int *, void (*)(char *, long int *), int *)’} [-Wcast-function-type]
59794 |     {"f90wrap_orbit_symplectic__f_midpoint_part1",-1,{{-1}},0,0,(char *)  F_FUNC_US(f90wrap_orbit_symplectic__f_midpoint_part1,F90WRAP_ORBIT_SYMPLECTIC__F_MIDPOINT_PART1),  (f2py_init_func)f2py_rout__pysimple_f90wrap_orbit_symplectic__f_midpoint_part1,doc_f2py_rout__pysimple_f90wrap_orbit_symplectic__f_midpoint_part1},
      |                                                                                                                                                                              ^
/proj/plasma/CODE/ert/SIMPLE/build/python/_pysimplemodule.c:59795:174: warning: cast between incompatible function types from ‘PyObject * (*)(const PyObject *, PyObject *, PyObject *, void (*)(int *, int *, int *, double *, double *))’ {aka ‘struct _object * (*)(const struct _object *, struct _object *, struct _object *, void (*)(int *, int *, int *, double *, double *))’} to ‘void (*)(int *, npy_intp *, void (*)(char *, npy_intp *), int *)’ {aka ‘void (*)(int *, long int *, void (*)(char *, long int *), int *)’} [-Wcast-function-type]
59795 |     {"f90wrap_orbit_symplectic__jac_sympl_euler1",-1,{{-1}},0,0,(char *)  F_FUNC_US(f90wrap_orbit_symplectic__jac_sympl_euler1,F90WRAP_ORBIT_SYMPLECTIC__JAC_SYMPL_EULER1),  (f2py_init_func)f2py_rout__pysimple_f90wrap_orbit_symplectic__jac_sympl_euler1,doc_f2py_rout__pysimple_f90wrap_orbit_symplectic__jac_sympl_euler1},
      |                                                                                                                                                                              ^
/proj/plasma/CODE/ert/SIMPLE/build/python/_pysimplemodule.c:59796:180: warning: cast between incompatible function types from ‘PyObject * (*)(const PyObject *, PyObject *, PyObject *, void (*)(int *, int *, int *, double *, double *))’ {aka ‘struct _object * (*)(const struct _object *, struct _object *, struct _object *, void (*)(int *, int *, int *, double *, double *))’} to ‘void (*)(int *, npy_intp *, void (*)(char *, npy_intp *), int *)’ {aka ‘void (*)(int *, long int *, void (*)(char *, long int *), int *)’} [-Wcast-function-type]
59796 |     {"f90wrap_orbit_symplectic__jac_midpoint_part1",-1,{{-1}},0,0,(char *)  F_FUNC_US(f90wrap_orbit_symplectic__jac_midpoint_part1,F90WRAP_ORBIT_SYMPLECTIC__JAC_MIDPOINT_PART1),  (f2py_init_func)f2py_rout__pysimple_f90wrap_orbit_symplectic__jac_midpoint_part1,doc_f2py_rout__pysimple_f90wrap_orbit_symplectic__jac_midpoint_part1},
      |                                                                                                                                                                                    ^
/proj/plasma/CODE/ert/SIMPLE/build/python/_pysimplemodule.c:59797:207: warning: cast between incompatible function types from ‘PyObject * (*)(const PyObject *, PyObject *, PyObject *, void (*)(int *))’ {aka ‘struct _object * (*)(const struct _object *, struct _object *, struct _object *, void (*)(int *))’} to ‘void (*)(int *, npy_intp *, void (*)(char *, npy_intp *), int *)’ {aka ‘void (*)(int *, long int *, void (*)(char *, long int *), int *)’} [-Wcast-function-type]
59797 |     {"f90wrap_orbit_symplectic__orbit_timestep_quasi_gauss2",-1,{{-1}},0,0,(char *)  F_FUNC_US(f90wrap_orbit_symplectic__orbit_timestep_quasi_gauss2,F90WRAP_ORBIT_SYMPLECTIC__ORBIT_TIMESTEP_QUASI_GAUSS2),  (f2py_init_func)f2py_rout__pysimple_f90wrap_orbit_symplectic__orbit_timestep_quasi_gauss2,doc_f2py_rout__pysimple_f90wrap_orbit_symplectic__orbit_timestep_quasi_gauss2},
      |                                                                                                                                                                                                               ^
/proj/plasma/CODE/ert/SIMPLE/build/python/_pysimplemodule.c:59798:213: warning: cast between incompatible function types from ‘PyObject * (*)(const PyObject *, PyObject *, PyObject *, void (*)(int *, int *, int *, int *))’ {aka ‘struct _object * (*)(const struct _object *, struct _object *, struct _object *, void (*)(int *, int *, int *, int *))’} to ‘void (*)(int *, npy_intp *, void (*)(char *, npy_intp *), int *)’ {aka ‘void (*)(int *, long int *, void (*)(char *, long int *), int *)’} [-Wcast-function-type]
59798 |     {"f90wrap_orbit_symplectic__orbit_timestep_sympl_rk_gauss",-1,{{-1}},0,0,(char *)  F_FUNC_US(f90wrap_orbit_symplectic__orbit_timestep_sympl_rk_gauss,F90WRAP_ORBIT_SYMPLECTIC__ORBIT_TIMESTEP_SYMPL_RK_GAUSS),  (f2py_init_func)f2py_rout__pysimple_f90wrap_orbit_symplectic__orbit_timestep_sympl_rk_gauss,doc_f2py_rout__pysimple_f90wrap_orbit_symplectic__orbit_timestep_sympl_rk_gauss},
      |                                                                                                                                                                                                                     ^
/proj/plasma/CODE/ert/SIMPLE/build/python/_pysimplemodule.c:59799:213: warning: cast between incompatible function types from ‘PyObject * (*)(const PyObject *, PyObject *, PyObject *, void (*)(int *, int *, int *))’ {aka ‘struct _object * (*)(const struct _object *, struct _object *, struct _object *, void (*)(int *, int *, int *))’} to ‘void (*)(int *, npy_intp *, void (*)(char *, npy_intp *), int *)’ {aka ‘void (*)(int *, long int *, void (*)(char *, long int *), int *)’} [-Wcast-function-type]
59799 |     {"f90wrap_orbit_symplectic__orbit_timestep_sympl_lobatto3",-1,{{-1}},0,0,(char *)  F_FUNC_US(f90wrap_orbit_symplectic__orbit_timestep_sympl_lobatto3,F90WRAP_ORBIT_SYMPLECTIC__ORBIT_TIMESTEP_SYMPL_LOBATTO3),  (f2py_init_func)f2py_rout__pysimple_f90wrap_orbit_symplectic__orbit_timestep_sympl_lobatto3,doc_f2py_rout__pysimple_f90wrap_orbit_symplectic__orbit_timestep_sympl_lobatto3},
      |                                                                                                                                                                                                                     ^
/proj/plasma/CODE/ert/SIMPLE/build/python/_pysimplemodule.c:59800:219: warning: cast between incompatible function types from ‘PyObject * (*)(const PyObject *, PyObject *, PyObject *, void (*)(int *, int *, int *, int *))’ {aka ‘struct _object * (*)(const struct _object *, struct _object *, struct _object *, void (*)(int *, int *, int *, int *))’} to ‘void (*)(int *, npy_intp *, void (*)(char *, npy_intp *), int *)’ {aka ‘void (*)(int *, long int *, void (*)(char *, long int *), int *)’} [-Wcast-function-type]
59800 |     {"f90wrap_orbit_symplectic__orbit_timestep_sympl_rk_lobatto",-1,{{-1}},0,0,(char *)  F_FUNC_US(f90wrap_orbit_symplectic__orbit_timestep_sympl_rk_lobatto,F90WRAP_ORBIT_SYMPLECTIC__ORBIT_TIMESTEP_SYMPL_RK_LOBATTO),  (f2py_init_func)f2py_rout__pysimple_f90wrap_orbit_symplectic__orbit_timestep_sympl_rk_lobatto,doc_f2py_rout__pysimple_f90wrap_orbit_symplectic__orbit_timestep_sympl_rk_lobatto},
      |                                                                                                                                                                                                                           ^
/proj/plasma/CODE/ert/SIMPLE/build/python/_pysimplemodule.c:59801:174: warning: cast between incompatible function types from ‘PyObject * (*)(const PyObject *, PyObject *, PyObject *, void (*)(int *, int *, int *, int *, int *, double *, double *))’ {aka ‘struct _object * (*)(const struct _object *, struct _object *, struct _object *, void (*)(int *, int *, int *, int *, int *, double *, double *))’} to ‘void (*)(int *, npy_intp *, void (*)(char *, npy_intp *), int *)’ {aka ‘void (*)(int *, long int *, void (*)(char *, long int *), int *)’} [-Wcast-function-type]
59801 |     {"f90wrap_orbit_symplectic__f_midpoint_part2",-1,{{-1}},0,0,(char *)  F_FUNC_US(f90wrap_orbit_symplectic__f_midpoint_part2,F90WRAP_ORBIT_SYMPLECTIC__F_MIDPOINT_PART2),  (f2py_init_func)f2py_rout__pysimple_f90wrap_orbit_symplectic__f_midpoint_part2,doc_f2py_rout__pysimple_f90wrap_orbit_symplectic__f_midpoint_part2},
      |                                                                                                                                                                              ^
/proj/plasma/CODE/ert/SIMPLE/build/python/_pysimplemodule.c:59802:195: warning: cast between incompatible function types from ‘PyObject * (*)(const PyObject *, PyObject *, PyObject *, void (*)(int *, int *, int *, double *, double *, int *, double *))’ {aka ‘struct _object * (*)(const struct _object *, struct _object *, struct _object *, void (*)(int *, int *, int *, double *, double *, int *, double *))’} to ‘void (*)(int *, npy_intp *, void (*)(char *, npy_intp *), int *)’ {aka ‘void (*)(int *, long int *, void (*)(char *, long int *), int *)’} [-Wcast-function-type]
59802 |     {"f90wrap_orbit_symplectic__orbit_sympl_init_kahan6",-1,{{-1}},0,0,(char *)  F_FUNC_US(f90wrap_orbit_symplectic__orbit_sympl_init_kahan6,F90WRAP_ORBIT_SYMPLECTIC__ORBIT_SYMPL_INIT_KAHAN6),  (f2py_init_func)f2py_rout__pysimple_f90wrap_orbit_symplectic__orbit_sympl_init_kahan6,doc_f2py_rout__pysimple_f90wrap_orbit_symplectic__orbit_sympl_init_kahan6},
      |                                                                                                                                                                                                   ^
/proj/plasma/CODE/ert/SIMPLE/build/python/_pysimplemodule.c:59803:204: warning: cast between incompatible function types from ‘PyObject * (*)(const PyObject *, PyObject *, PyObject *, void (*)(int *, int *, int *))’ {aka ‘struct _object * (*)(const struct _object *, struct _object *, struct _object *, void (*)(int *, int *, int *))’} to ‘void (*)(int *, npy_intp *, void (*)(char *, npy_intp *), int *)’ {aka ‘void (*)(int *, long int *, void (*)(char *, long int *), int *)’} [-Wcast-function-type]
59803 |     {"f90wrap_orbit_symplectic__orbit_timestep_sympl_multi",-1,{{-1}},0,0,(char *)  F_FUNC_US(f90wrap_orbit_symplectic__orbit_timestep_sympl_multi,F90WRAP_ORBIT_SYMPLECTIC__ORBIT_TIMESTEP_SYMPL_MULTI),  (f2py_init_func)f2py_rout__pysimple_f90wrap_orbit_symplectic__orbit_timestep_sympl_multi,doc_f2py_rout__pysimple_f90wrap_orbit_symplectic__orbit_timestep_sympl_multi},
      |                                                                                                                                                                                                            ^
/proj/plasma/CODE/ert/SIMPLE/build/python/_pysimplemodule.c:59804:207: warning: cast between incompatible function types from ‘PyObject * (*)(const PyObject *, PyObject *, PyObject *, void (*)(int *, int *, int *))’ {aka ‘struct _object * (*)(const struct _object *, struct _object *, struct _object *, void (*)(int *, int *, int *))’} to ‘void (*)(int *, npy_intp *, void (*)(char *, npy_intp *), int *)’ {aka ‘void (*)(int *, long int *, void (*)(char *, long int *), int *)’} [-Wcast-function-type]
59804 |     {"f90wrap_orbit_symplectic__orbit_timestep_sympl_gauss3",-1,{{-1}},0,0,(char *)  F_FUNC_US(f90wrap_orbit_symplectic__orbit_timestep_sympl_gauss3,F90WRAP_ORBIT_SYMPLECTIC__ORBIT_TIMESTEP_SYMPL_GAUSS3),  (f2py_init_func)f2py_rout__pysimple_f90wrap_orbit_symplectic__orbit_timestep_sympl_gauss3,doc_f2py_rout__pysimple_f90wrap_orbit_symplectic__orbit_timestep_sympl_gauss3},
      |                                                                                                                                                                                                               ^
/proj/plasma/CODE/ert/SIMPLE/build/python/_pysimplemodule.c:59805:207: warning: cast between incompatible function types from ‘PyObject * (*)(const PyObject *, PyObject *, PyObject *, void (*)(int *, int *, int *))’ {aka ‘struct _object * (*)(const struct _object *, struct _object *, struct _object *, void (*)(int *, int *, int *))’} to ‘void (*)(int *, npy_intp *, void (*)(char *, npy_intp *), int *)’ {aka ‘void (*)(int *, long int *, void (*)(char *, long int *), int *)’} [-Wcast-function-type]
59805 |     {"f90wrap_orbit_symplectic__orbit_timestep_sympl_gauss1",-1,{{-1}},0,0,(char *)  F_FUNC_US(f90wrap_orbit_symplectic__orbit_timestep_sympl_gauss1,F90WRAP_ORBIT_SYMPLECTIC__ORBIT_TIMESTEP_SYMPL_GAUSS1),  (f2py_init_func)f2py_rout__pysimple_f90wrap_orbit_symplectic__orbit_timestep_sympl_gauss1,doc_f2py_rout__pysimple_f90wrap_orbit_symplectic__orbit_timestep_sympl_gauss1},
      |                                                                                                                                                                                                               ^
/proj/plasma/CODE/ert/SIMPLE/build/python/_pysimplemodule.c:59806:195: warning: cast between incompatible function types from ‘PyObject * (*)(const PyObject *, PyObject *, PyObject *, void (*)(int *, int *, int *, double *, double *, int *, double *))’ {aka ‘struct _object * (*)(const struct _object *, struct _object *, struct _object *, void (*)(int *, int *, int *, double *, double *, int *, double *))’} to ‘void (*)(int *, npy_intp *, void (*)(char *, npy_intp *), int *)’ {aka ‘void (*)(int *, long int *, void (*)(char *, long int *), int *)’} [-Wcast-function-type]
59806 |     {"f90wrap_orbit_symplectic__orbit_sympl_init_order4",-1,{{-1}},0,0,(char *)  F_FUNC_US(f90wrap_orbit_symplectic__orbit_sympl_init_order4,F90WRAP_ORBIT_SYMPLECTIC__ORBIT_SYMPL_INIT_ORDER4),  (f2py_init_func)f2py_rout__pysimple_f90wrap_orbit_symplectic__orbit_sympl_init_order4,doc_f2py_rout__pysimple_f90wrap_orbit_symplectic__orbit_sympl_init_order4},
      |                                                                                                                                                                                                   ^
/proj/plasma/CODE/ert/SIMPLE/build/python/_pysimplemodule.c:59807:207: warning: cast between incompatible function types from ‘PyObject * (*)(const PyObject *, PyObject *, PyObject *, void (*)(int *, int *, int *, double *, double *, int *, double *))’ {aka ‘struct _object * (*)(const struct _object *, struct _object *, struct _object *, void (*)(int *, int *, int *, double *, double *, int *, double *))’} to ‘void (*)(int *, npy_intp *, void (*)(char *, npy_intp *), int *)’ {aka ‘void (*)(int *, long int *, void (*)(char *, long int *), int *)’} [-Wcast-function-type]
59807 |     {"f90wrap_orbit_symplectic__orbit_sympl_init_mclachlan4",-1,{{-1}},0,0,(char *)  F_FUNC_US(f90wrap_orbit_symplectic__orbit_sympl_init_mclachlan4,F90WRAP_ORBIT_SYMPLECTIC__ORBIT_SYMPL_INIT_MCLACHLAN4),  (f2py_init_func)f2py_rout__pysimple_f90wrap_orbit_symplectic__orbit_sympl_init_mclachlan4,doc_f2py_rout__pysimple_f90wrap_orbit_symplectic__orbit_sympl_init_mclachlan4},
      |                                                                                                                                                                                                               ^
/proj/plasma/CODE/ert/SIMPLE/build/python/_pysimplemodule.c:59808:195: warning: cast between incompatible function types from ‘PyObject * (*)(const PyObject *, PyObject *, PyObject *, void (*)(int *, int *, int *, double *, double *, int *, double *))’ {aka ‘struct _object * (*)(const struct _object *, struct _object *, struct _object *, void (*)(int *, int *, int *, double *, double *, int *, double *))’} to ‘void (*)(int *, npy_intp *, void (*)(char *, npy_intp *), int *)’ {aka ‘void (*)(int *, long int *, void (*)(char *, long int *), int *)’} [-Wcast-function-type]
59808 |     {"f90wrap_orbit_symplectic__orbit_sympl_init_kahan8",-1,{{-1}},0,0,(char *)  F_FUNC_US(f90wrap_orbit_symplectic__orbit_sympl_init_kahan8,F90WRAP_ORBIT_SYMPLECTIC__ORBIT_SYMPL_INIT_KAHAN8),  (f2py_init_func)f2py_rout__pysimple_f90wrap_orbit_symplectic__orbit_sympl_init_kahan8,doc_f2py_rout__pysimple_f90wrap_orbit_symplectic__orbit_sympl_init_kahan8},
      |                                                                                                                                                                                                   ^
/proj/plasma/CODE/ert/SIMPLE/build/python/_pysimplemodule.c:59809:180: warning: cast between incompatible function types from ‘PyObject * (*)(const PyObject *, PyObject *, PyObject *, void (*)(int *, int *, int *, int *, double *, double *))’ {aka ‘struct _object * (*)(const struct _object *, struct _object *, struct _object *, void (*)(int *, int *, int *, int *, double *, double *))’} to ‘void (*)(int *, npy_intp *, void (*)(char *, npy_intp *), int *)’ {aka ‘void (*)(int *, long int *, void (*)(char *, long int *), int *)’} [-Wcast-function-type]
59809 |     {"f90wrap_orbit_symplectic__jac_midpoint_part2",-1,{{-1}},0,0,(char *)  F_FUNC_US(f90wrap_orbit_symplectic__jac_midpoint_part2,F90WRAP_ORBIT_SYMPLECTIC__JAC_MIDPOINT_PART2),  (f2py_init_func)f2py_rout__pysimple_f90wrap_orbit_symplectic__jac_midpoint_part2,doc_f2py_rout__pysimple_f90wrap_orbit_symplectic__jac_midpoint_part2},
      |                                                                                                                                                                                    ^
/proj/plasma/CODE/ert/SIMPLE/build/python/_pysimplemodule.c:59810:174: warning: cast between incompatible function types from ‘PyObject * (*)(const PyObject *, PyObject *, PyObject *, void (*)(int *, int *, int *, double *, double *))’ {aka ‘struct _object * (*)(const struct _object *, struct _object *, struct _object *, void (*)(int *, int *, int *, double *, double *))’} to ‘void (*)(int *, npy_intp *, void (*)(char *, npy_intp *), int *)’ {aka ‘void (*)(int *, long int *, void (*)(char *, long int *), int *)’} [-Wcast-function-type]
59810 |     {"f90wrap_orbit_symplectic__jac_sympl_euler2",-1,{{-1}},0,0,(char *)  F_FUNC_US(f90wrap_orbit_symplectic__jac_sympl_euler2,F90WRAP_ORBIT_SYMPLECTIC__JAC_SYMPL_EULER2),  (f2py_init_func)f2py_rout__pysimple_f90wrap_orbit_symplectic__jac_sympl_euler2,doc_f2py_rout__pysimple_f90wrap_orbit_symplectic__jac_sympl_euler2},
      |                                                                                                                                                                              ^
/proj/plasma/CODE/ert/SIMPLE/build/python/_pysimplemodule.c:59811:207: warning: cast between incompatible function types from ‘PyObject * (*)(const PyObject *, PyObject *, PyObject *, void (*)(int *, int *, int *))’ {aka ‘struct _object * (*)(const struct _object *, struct _object *, struct _object *, void (*)(int *, int *, int *))’} to ‘void (*)(int *, npy_intp *, void (*)(char *, npy_intp *), int *)’ {aka ‘void (*)(int *, long int *, void (*)(char *, long int *), int *)’} [-Wcast-function-type]
59811 |     {"f90wrap_orbit_symplectic__orbit_timestep_sympl_gauss4",-1,{{-1}},0,0,(char *)  F_FUNC_US(f90wrap_orbit_symplectic__orbit_timestep_sympl_gauss4,F90WRAP_ORBIT_SYMPLECTIC__ORBIT_TIMESTEP_SYMPL_GAUSS4),  (f2py_init_func)f2py_rout__pysimple_f90wrap_orbit_symplectic__orbit_timestep_sympl_gauss4,doc_f2py_rout__pysimple_f90wrap_orbit_symplectic__orbit_timestep_sympl_gauss4},
      |                                                                                                                                                                                                               ^
/proj/plasma/CODE/ert/SIMPLE/build/python/_pysimplemodule.c:59812:207: warning: cast between incompatible function types from ‘PyObject * (*)(const PyObject *, PyObject *, PyObject *, void (*)(int *))’ {aka ‘struct _object * (*)(const struct _object *, struct _object *, struct _object *, void (*)(int *))’} to ‘void (*)(int *, npy_intp *, void (*)(char *, npy_intp *), int *)’ {aka ‘void (*)(int *, long int *, void (*)(char *, long int *), int *)’} [-Wcast-function-type]
59812 |     {"f90wrap_orbit_symplectic__orbit_timestep_quasi_gauss1",-1,{{-1}},0,0,(char *)  F_FUNC_US(f90wrap_orbit_symplectic__orbit_timestep_quasi_gauss1,F90WRAP_ORBIT_SYMPLECTIC__ORBIT_TIMESTEP_QUASI_GAUSS1),  (f2py_init_func)f2py_rout__pysimple_f90wrap_orbit_symplectic__orbit_timestep_quasi_gauss1,doc_f2py_rout__pysimple_f90wrap_orbit_symplectic__orbit_timestep_quasi_gauss1},
      |                                                                                                                                                                                                               ^
/proj/plasma/CODE/ert/SIMPLE/build/python/_pysimplemodule.c:59813:207: warning: cast between incompatible function types from ‘PyObject * (*)(const PyObject *, PyObject *, PyObject *, void (*)(int *))’ {aka ‘struct _object * (*)(const struct _object *, struct _object *, struct _object *, void (*)(int *))’} to ‘void (*)(int *, npy_intp *, void (*)(char *, npy_intp *), int *)’ {aka ‘void (*)(int *, long int *, void (*)(char *, long int *), int *)’} [-Wcast-function-type]
59813 |     {"f90wrap_orbit_symplectic__orbit_timestep_quasi_gauss4",-1,{{-1}},0,0,(char *)  F_FUNC_US(f90wrap_orbit_symplectic__orbit_timestep_quasi_gauss4,F90WRAP_ORBIT_SYMPLECTIC__ORBIT_TIMESTEP_QUASI_GAUSS4),  (f2py_init_func)f2py_rout__pysimple_f90wrap_orbit_symplectic__orbit_timestep_quasi_gauss4,doc_f2py_rout__pysimple_f90wrap_orbit_symplectic__orbit_timestep_quasi_gauss4},
      |                                                                                                                                                                                                               ^
/proj/plasma/CODE/ert/SIMPLE/build/python/_pysimplemodule.c:59814:207: warning: cast between incompatible function types from ‘PyObject * (*)(const PyObject *, PyObject *, PyObject *, void (*)(int *, int *, int *))’ {aka ‘struct _object * (*)(const struct _object *, struct _object *, struct _object *, void (*)(int *, int *, int *))’} to ‘void (*)(int *, npy_intp *, void (*)(char *, npy_intp *), int *)’ {aka ‘void (*)(int *, long int *, void (*)(char *, long int *), int *)’} [-Wcast-function-type]
59814 |     {"f90wrap_orbit_symplectic__orbit_timestep_sympl_gauss2",-1,{{-1}},0,0,(char *)  F_FUNC_US(f90wrap_orbit_symplectic__orbit_timestep_sympl_gauss2,F90WRAP_ORBIT_SYMPLECTIC__ORBIT_TIMESTEP_SYMPL_GAUSS2),  (f2py_init_func)f2py_rout__pysimple_f90wrap_orbit_symplectic__orbit_timestep_sympl_gauss2,doc_f2py_rout__pysimple_f90wrap_orbit_symplectic__orbit_timestep_sympl_gauss2},
      |                                                                                                                                                                                                               ^
/proj/plasma/CODE/ert/SIMPLE/build/python/_pysimplemodule.c:59815:147: warning: cast between incompatible function types from ‘PyObject * (*)(const PyObject *, PyObject *, PyObject *, void (*)(int *, int *, int *, int *, double *, double *, double *, int *, double *))’ {aka ‘struct _object * (*)(const struct _object *, struct _object *, struct _object *, void (*)(int *, int *, int *, int *, double *, double *, double *, int *, double *))’} to ‘void (*)(int *, npy_intp *, void (*)(char *, npy_intp *), int *)’ {aka ‘void (*)(int *, long int *, void (*)(char *, long int *), int *)’} [-Wcast-function-type]
59815 |     {"f90wrap_orbit_symplectic__newton2",-1,{{-1}},0,0,(char *)  F_FUNC_US(f90wrap_orbit_symplectic__newton2,F90WRAP_ORBIT_SYMPLECTIC__NEWTON2),  (f2py_init_func)f2py_rout__pysimple_f90wrap_orbit_symplectic__newton2,doc_f2py_rout__pysimple_f90wrap_orbit_symplectic__newton2},
      |                                                                                                                                                   ^
/proj/plasma/CODE/ert/SIMPLE/build/python/_pysimplemodule.c:59816:171: warning: cast between incompatible function types from ‘PyObject * (*)(const PyObject *, PyObject *, PyObject *, void (*)(int *, int *, int *, int *, double *, double *, double *, int *, double *))’ {aka ‘struct _object * (*)(const struct _object *, struct _object *, struct _object *, void (*)(int *, int *, int *, int *, double *, double *, double *, int *, double *))’} to ‘void (*)(int *, npy_intp *, void (*)(char *, npy_intp *), int *)’ {aka ‘void (*)(int *, long int *, void (*)(char *, long int *), int *)’} [-Wcast-function-type]
59816 |     {"f90wrap_orbit_symplectic__newton_midpoint",-1,{{-1}},0,0,(char *)  F_FUNC_US(f90wrap_orbit_symplectic__newton_midpoint,F90WRAP_ORBIT_SYMPLECTIC__NEWTON_MIDPOINT),  (f2py_init_func)f2py_rout__pysimple_f90wrap_orbit_symplectic__newton_midpoint,doc_f2py_rout__pysimple_f90wrap_orbit_symplectic__newton_midpoint},
      |                                                                                                                                                                           ^
/proj/plasma/CODE/ert/SIMPLE/build/python/_pysimplemodule.c:59817:168: warning: cast between incompatible function types from ‘PyObject * (*)(const PyObject *, PyObject *, PyObject *, void (*)(int *, int *, int *, int *, int *, double *, double *, int *))’ {aka ‘struct _object * (*)(const struct _object *, struct _object *, struct _object *, void (*)(int *, int *, int *, int *, int *, double *, double *, int *))’} to ‘void (*)(int *, npy_intp *, void (*)(char *, npy_intp *), int *)’ {aka ‘void (*)(int *, long int *, void (*)(char *, long int *), int *)’} [-Wcast-function-type]
59817 |     {"f90wrap_orbit_symplectic__f_sympl_euler1",-1,{{-1}},0,0,(char *)  F_FUNC_US(f90wrap_orbit_symplectic__f_sympl_euler1,F90WRAP_ORBIT_SYMPLECTIC__F_SYMPL_EULER1),  (f2py_init_func)f2py_rout__pysimple_f90wrap_orbit_symplectic__f_sympl_euler1,doc_f2py_rout__pysimple_f90wrap_orbit_symplectic__f_sympl_euler1},
      |                                                                                                                                                                        ^
/proj/plasma/CODE/ert/SIMPLE/build/python/_pysimplemodule.c:59818:234: warning: cast between incompatible function types from ‘PyObject * (*)(const PyObject *, PyObject *, PyObject *, void (*)(int *, int *, int *))’ {aka ‘struct _object * (*)(const struct _object *, struct _object *, struct _object *, void (*)(int *, int *, int *))’} to ‘void (*)(int *, npy_intp *, void (*)(char *, npy_intp *), int *)’ {aka ‘void (*)(int *, long int *, void (*)(char *, long int *), int *)’} [-Wcast-function-type]
59818 |     {"f90wrap_orbit_symplectic__orbit_timestep_sympl_impl_expl_euler",-1,{{-1}},0,0,(char *)  F_FUNC_US(f90wrap_orbit_symplectic__orbit_timestep_sympl_impl_expl_euler,F90WRAP_ORBIT_SYMPLECTIC__ORBIT_TIMESTEP_SYMPL_IMPL_EXPL_EULER),  (f2py_init_func)f2py_rout__pysimple_f90wrap_orbit_symplectic__orbit_timestep_sympl_impl_expl_euler,doc_f2py_rout__pysimple_f90wrap_orbit_symplectic__orbit_timestep_sympl_impl_expl_euler},
      |                                                                                                                                                                                                                                          ^
/proj/plasma/CODE/ert/SIMPLE/build/python/_pysimplemodule.c:59819:213: warning: cast between incompatible function types from ‘PyObject * (*)(const PyObject *, PyObject *, PyObject *, void (*)(int *))’ {aka ‘struct _object * (*)(const struct _object *, struct _object *, struct _object *, void (*)(int *))’} to ‘void (*)(int *, npy_intp *, void (*)(char *, npy_intp *), int *)’ {aka ‘void (*)(int *, long int *, void (*)(char *, long int *), int *)’} [-Wcast-function-type]
59819 |     {"f90wrap_orbit_symplectic__orbit_timestep_quasi_lobatto3",-1,{{-1}},0,0,(char *)  F_FUNC_US(f90wrap_orbit_symplectic__orbit_timestep_quasi_lobatto3,F90WRAP_ORBIT_SYMPLECTIC__ORBIT_TIMESTEP_QUASI_LOBATTO3),  (f2py_init_func)f2py_rout__pysimple_f90wrap_orbit_symplectic__orbit_timestep_quasi_lobatto3,doc_f2py_rout__pysimple_f90wrap_orbit_symplectic__orbit_timestep_quasi_lobatto3},
      |                                                                                                                                                                                                                     ^
/proj/plasma/CODE/ert/SIMPLE/build/python/_pysimplemodule.c:59820:192: warning: cast between incompatible function types from ‘PyObject * (*)(const PyObject *, PyObject *, PyObject *, void (*)(int *, int *, int *, int *, int *, double *, double *, int *, double *, double *, double *))’ {aka ‘struct _object * (*)(const struct _object *, struct _object *, struct _object *, void (*)(int *, int *, int *, int *, int *, double *, double *, int *, double *, double *, double *))’} to ‘void (*)(int *, npy_intp *, void (*)(char *, npy_intp *), int *)’ {aka ‘void (*)(int *, long int *, void (*)(char *, long int *), int *)’} [-Wcast-function-type]
59820 |     {"f90wrap_orbit_symplectic__orbit_sympl_init_multi",-1,{{-1}},0,0,(char *)  F_FUNC_US(f90wrap_orbit_symplectic__orbit_sympl_init_multi,F90WRAP_ORBIT_SYMPLECTIC__ORBIT_SYMPL_INIT_MULTI),  (f2py_init_func)f2py_rout__pysimple_f90wrap_orbit_symplectic__orbit_sympl_init_multi,doc_f2py_rout__pysimple_f90wrap_orbit_symplectic__orbit_sympl_init_multi},
      |                                                                                                                                                                                                ^
/proj/plasma/CODE/ert/SIMPLE/build/python/_pysimplemodule.c:59821:213: warning: cast between incompatible function types from ‘PyObject * (*)(const PyObject *, PyObject *, PyObject *, void (*)(int *, int *, int *))’ {aka ‘struct _object * (*)(const struct _object *, struct _object *, struct _object *, void (*)(int *, int *, int *))’} to ‘void (*)(int *, npy_intp *, void (*)(char *, npy_intp *), int *)’ {aka ‘void (*)(int *, long int *, void (*)(char *, long int *), int *)’} [-Wcast-function-type]
59821 |     {"f90wrap_orbit_symplectic__orbit_timestep_sympl_midpoint",-1,{{-1}},0,0,(char *)  F_FUNC_US(f90wrap_orbit_symplectic__orbit_timestep_sympl_midpoint,F90WRAP_ORBIT_SYMPLECTIC__ORBIT_TIMESTEP_SYMPL_MIDPOINT),  (f2py_init_func)f2py_rout__pysimple_f90wrap_orbit_symplectic__orbit_timestep_sympl_midpoint,doc_f2py_rout__pysimple_f90wrap_orbit_symplectic__orbit_timestep_sympl_midpoint},
      |                                                                                                                                                                                                                     ^
/proj/plasma/CODE/ert/SIMPLE/build/python/_pysimplemodule.c:59822:198: warning: cast between incompatible function types from ‘PyObject * (*)(const PyObject *, PyObject *, PyObject *, void (*)(int *, int *, int *, double *, double *, int *, double *))’ {aka ‘struct _object * (*)(const struct _object *, struct _object *, struct _object *, void (*)(int *, int *, int *, double *, double *, int *, double *))’} to ‘void (*)(int *, npy_intp *, void (*)(char *, npy_intp *), int *)’ {aka ‘void (*)(int *, long int *, void (*)(char *, long int *), int *)’} [-Wcast-function-type]
59822 |     {"f90wrap_orbit_symplectic__orbit_sympl_init_blanes4",-1,{{-1}},0,0,(char *)  F_FUNC_US(f90wrap_orbit_symplectic__orbit_sympl_init_blanes4,F90WRAP_ORBIT_SYMPLECTIC__ORBIT_SYMPL_INIT_BLANES4),  (f2py_init_func)f2py_rout__pysimple_f90wrap_orbit_symplectic__orbit_sympl_init_blanes4,doc_f2py_rout__pysimple_f90wrap_orbit_symplectic__orbit_sympl_init_blanes4},
      |                                                                                                                                                                                                      ^
/proj/plasma/CODE/ert/SIMPLE/build/python/_pysimplemodule.c:59823:234: warning: cast between incompatible function types from ‘PyObject * (*)(const PyObject *, PyObject *, PyObject *, void (*)(int *, int *, int *))’ {aka ‘struct _object * (*)(const struct _object *, struct _object *, struct _object *, void (*)(int *, int *, int *))’} to ‘void (*)(int *, npy_intp *, void (*)(char *, npy_intp *), int *)’ {aka ‘void (*)(int *, long int *, void (*)(char *, long int *), int *)’} [-Wcast-function-type]
59823 |     {"f90wrap_orbit_symplectic__orbit_timestep_sympl_expl_impl_euler",-1,{{-1}},0,0,(char *)  F_FUNC_US(f90wrap_orbit_symplectic__orbit_timestep_sympl_expl_impl_euler,F90WRAP_ORBIT_SYMPLECTIC__ORBIT_TIMESTEP_SYMPL_EXPL_IMPL_EULER),  (f2py_init_func)f2py_rout__pysimple_f90wrap_orbit_symplectic__orbit_timestep_sympl_expl_impl_euler,doc_f2py_rout__pysimple_f90wrap_orbit_symplectic__orbit_timestep_sympl_expl_impl_euler},
      |                                                                                                                                                                                                                                          ^
/proj/plasma/CODE/ert/SIMPLE/build/python/_pysimplemodule.c:59824:195: warning: cast between incompatible function types from ‘PyObject * (*)(const PyObject *, PyObject *, PyObject *, void (*)(int *, int *, int *, double *, double *, int *, double *))’ {aka ‘struct _object * (*)(const struct _object *, struct _object *, struct _object *, void (*)(int *, int *, int *, double *, double *, int *, double *))’} to ‘void (*)(int *, npy_intp *, void (*)(char *, npy_intp *), int *)’ {aka ‘void (*)(int *, long int *, void (*)(char *, long int *), int *)’} [-Wcast-function-type]
59824 |     {"f90wrap_orbit_symplectic__orbit_sympl_init_verlet",-1,{{-1}},0,0,(char *)  F_FUNC_US(f90wrap_orbit_symplectic__orbit_sympl_init_verlet,F90WRAP_ORBIT_SYMPLECTIC__ORBIT_SYMPL_INIT_VERLET),  (f2py_init_func)f2py_rout__pysimple_f90wrap_orbit_symplectic__orbit_sympl_init_verlet,doc_f2py_rout__pysimple_f90wrap_orbit_symplectic__orbit_sympl_init_verlet},
      |                                                                                                                                                                                                   ^
/proj/plasma/CODE/ert/SIMPLE/build/python/_pysimplemodule.c:59825:168: warning: cast between incompatible function types from ‘PyObject * (*)(const PyObject *, PyObject *, PyObject *, void (*)(int *, int *, int *, int *, int *, double *, double *, int *))’ {aka ‘struct _object * (*)(const struct _object *, struct _object *, struct _object *, void (*)(int *, int *, int *, int *, int *, double *, double *, int *))’} to ‘void (*)(int *, npy_intp *, void (*)(char *, npy_intp *), int *)’ {aka ‘void (*)(int *, long int *, void (*)(char *, long int *), int *)’} [-Wcast-function-type]
59825 |     {"f90wrap_orbit_symplectic__f_sympl_euler2",-1,{{-1}},0,0,(char *)  F_FUNC_US(f90wrap_orbit_symplectic__f_sympl_euler2,F90WRAP_ORBIT_SYMPLECTIC__F_SYMPL_EULER2),  (f2py_init_func)f2py_rout__pysimple_f90wrap_orbit_symplectic__f_sympl_euler2,doc_f2py_rout__pysimple_f90wrap_orbit_symplectic__f_sympl_euler2},
      |                                                                                                                                                                        ^
/proj/plasma/CODE/ert/SIMPLE/build/python/_pysimplemodule.c:59826:126: warning: cast between incompatible function types from ‘PyObject * (*)(const PyObject *, PyObject *, PyObject *, void (*)(int *, double *))’ {aka ‘struct _object * (*)(const struct _object *, struct _object *, struct _object *, void (*)(int *, double *))’} to ‘void (*)(int *, npy_intp *, void (*)(char *, npy_intp *), int *)’ {aka ‘void (*)(int *, long int *, void (*)(char *, long int *), int *)’} [-Wcast-function-type]
59826 |     {"f90wrap_fieldcan__get__ath",-1,{{-1}},0,0,(char *)  F_FUNC_US(f90wrap_fieldcan__get__ath,F90WRAP_FIELDCAN__GET__ATH),  (f2py_init_func)f2py_rout__pysimple_f90wrap_fieldcan__get__ath,doc_f2py_rout__pysimple_f90wrap_fieldcan__get__ath},
      |                                                                                                                              ^
/proj/plasma/CODE/ert/SIMPLE/build/python/_pysimplemodule.c:59827:126: warning: cast between incompatible function types from ‘PyObject * (*)(const PyObject *, PyObject *, PyObject *, void (*)(int *, double *))’ {aka ‘struct _object * (*)(const struct _object *, struct _object *, struct _object *, void (*)(int *, double *))’} to ‘void (*)(int *, npy_intp *, void (*)(char *, npy_intp *), int *)’ {aka ‘void (*)(int *, long int *, void (*)(char *, long int *), int *)’} [-Wcast-function-type]
59827 |     {"f90wrap_fieldcan__set__ath",-1,{{-1}},0,0,(char *)  F_FUNC_US(f90wrap_fieldcan__set__ath,F90WRAP_FIELDCAN__SET__ATH),  (f2py_init_func)f2py_rout__pysimple_f90wrap_fieldcan__set__ath,doc_f2py_rout__pysimple_f90wrap_fieldcan__set__ath},
      |                                                                                                                              ^
/proj/plasma/CODE/ert/SIMPLE/build/python/_pysimplemodule.c:59828:126: warning: cast between incompatible function types from ‘PyObject * (*)(const PyObject *, PyObject *, PyObject *, void (*)(int *, double *))’ {aka ‘struct _object * (*)(const struct _object *, struct _object *, struct _object *, void (*)(int *, double *))’} to ‘void (*)(int *, npy_intp *, void (*)(char *, npy_intp *), int *)’ {aka ‘void (*)(int *, long int *, void (*)(char *, long int *), int *)’} [-Wcast-function-type]
59828 |     {"f90wrap_fieldcan__get__aph",-1,{{-1}},0,0,(char *)  F_FUNC_US(f90wrap_fieldcan__get__aph,F90WRAP_FIELDCAN__GET__APH),  (f2py_init_func)f2py_rout__pysimple_f90wrap_fieldcan__get__aph,doc_f2py_rout__pysimple_f90wrap_fieldcan__get__aph},
      |                                                                                                                              ^
/proj/plasma/CODE/ert/SIMPLE/build/python/_pysimplemodule.c:59829:126: warning: cast between incompatible function types from ‘PyObject * (*)(const PyObject *, PyObject *, PyObject *, void (*)(int *, double *))’ {aka ‘struct _object * (*)(const struct _object *, struct _object *, struct _object *, void (*)(int *, double *))’} to ‘void (*)(int *, npy_intp *, void (*)(char *, npy_intp *), int *)’ {aka ‘void (*)(int *, long int *, void (*)(char *, long int *), int *)’} [-Wcast-function-type]
59829 |     {"f90wrap_fieldcan__set__aph",-1,{{-1}},0,0,(char *)  F_FUNC_US(f90wrap_fieldcan__set__aph,F90WRAP_FIELDCAN__SET__APH),  (f2py_init_func)f2py_rout__pysimple_f90wrap_fieldcan__set__aph,doc_f2py_rout__pysimple_f90wrap_fieldcan__set__aph},
      |                                                                                                                              ^
/proj/plasma/CODE/ert/SIMPLE/build/python/_pysimplemodule.c:59830:126: warning: cast between incompatible function types from ‘PyObject * (*)(const PyObject *, PyObject *, PyObject *, void (*)(int *, double *))’ {aka ‘struct _object * (*)(const struct _object *, struct _object *, struct _object *, void (*)(int *, double *))’} to ‘void (*)(int *, npy_intp *, void (*)(char *, npy_intp *), int *)’ {aka ‘void (*)(int *, long int *, void (*)(char *, long int *), int *)’} [-Wcast-function-type]
59830 |     {"f90wrap_fieldcan__get__hth",-1,{{-1}},0,0,(char *)  F_FUNC_US(f90wrap_fieldcan__get__hth,F90WRAP_FIELDCAN__GET__HTH),  (f2py_init_func)f2py_rout__pysimple_f90wrap_fieldcan__get__hth,doc_f2py_rout__pysimple_f90wrap_fieldcan__get__hth},
      |                                                                                                                              ^
/proj/plasma/CODE/ert/SIMPLE/build/python/_pysimplemodule.c:59831:126: warning: cast between incompatible function types from ‘PyObject * (*)(const PyObject *, PyObject *, PyObject *, void (*)(int *, double *))’ {aka ‘struct _object * (*)(const struct _object *, struct _object *, struct _object *, void (*)(int *, double *))’} to ‘void (*)(int *, npy_intp *, void (*)(char *, npy_intp *), int *)’ {aka ‘void (*)(int *, long int *, void (*)(char *, long int *), int *)’} [-Wcast-function-type]
59831 |     {"f90wrap_fieldcan__set__hth",-1,{{-1}},0,0,(char *)  F_FUNC_US(f90wrap_fieldcan__set__hth,F90WRAP_FIELDCAN__SET__HTH),  (f2py_init_func)f2py_rout__pysimple_f90wrap_fieldcan__set__hth,doc_f2py_rout__pysimple_f90wrap_fieldcan__set__hth},
      |                                                                                                                              ^
/proj/plasma/CODE/ert/SIMPLE/build/python/_pysimplemodule.c:59832:126: warning: cast between incompatible function types from ‘PyObject * (*)(const PyObject *, PyObject *, PyObject *, void (*)(int *, double *))’ {aka ‘struct _object * (*)(const struct _object *, struct _object *, struct _object *, void (*)(int *, double *))’} to ‘void (*)(int *, npy_intp *, void (*)(char *, npy_intp *), int *)’ {aka ‘void (*)(int *, long int *, void (*)(char *, long int *), int *)’} [-Wcast-function-type]
59832 |     {"f90wrap_fieldcan__get__hph",-1,{{-1}},0,0,(char *)  F_FUNC_US(f90wrap_fieldcan__get__hph,F90WRAP_FIELDCAN__GET__HPH),  (f2py_init_func)f2py_rout__pysimple_f90wrap_fieldcan__get__hph,doc_f2py_rout__pysimple_f90wrap_fieldcan__get__hph},
      |                                                                                                                              ^
/proj/plasma/CODE/ert/SIMPLE/build/python/_pysimplemodule.c:59833:126: warning: cast between incompatible function types from ‘PyObject * (*)(const PyObject *, PyObject *, PyObject *, void (*)(int *, double *))’ {aka ‘struct _object * (*)(const struct _object *, struct _object *, struct _object *, void (*)(int *, double *))’} to ‘void (*)(int *, npy_intp *, void (*)(char *, npy_intp *), int *)’ {aka ‘void (*)(int *, long int *, void (*)(char *, long int *), int *)’} [-Wcast-function-type]
59833 |     {"f90wrap_fieldcan__set__hph",-1,{{-1}},0,0,(char *)  F_FUNC_US(f90wrap_fieldcan__set__hph,F90WRAP_FIELDCAN__SET__HPH),  (f2py_init_func)f2py_rout__pysimple_f90wrap_fieldcan__set__hph,doc_f2py_rout__pysimple_f90wrap_fieldcan__set__hph},
      |                                                                                                                              ^
/proj/plasma/CODE/ert/SIMPLE/build/python/_pysimplemodule.c:59834:129: warning: cast between incompatible function types from ‘PyObject * (*)(const PyObject *, PyObject *, PyObject *, void (*)(int *, double *))’ {aka ‘struct _object * (*)(const struct _object *, struct _object *, struct _object *, void (*)(int *, double *))’} to ‘void (*)(int *, npy_intp *, void (*)(char *, npy_intp *), int *)’ {aka ‘void (*)(int *, long int *, void (*)(char *, long int *), int *)’} [-Wcast-function-type]
59834 |     {"f90wrap_fieldcan__get__bmod",-1,{{-1}},0,0,(char *)  F_FUNC_US(f90wrap_fieldcan__get__bmod,F90WRAP_FIELDCAN__GET__BMOD),  (f2py_init_func)f2py_rout__pysimple_f90wrap_fieldcan__get__bmod,doc_f2py_rout__pysimple_f90wrap_fieldcan__get__bmod},
      |                                                                                                                                 ^
/proj/plasma/CODE/ert/SIMPLE/build/python/_pysimplemodule.c:59835:129: warning: cast between incompatible function types from ‘PyObject * (*)(const PyObject *, PyObject *, PyObject *, void (*)(int *, double *))’ {aka ‘struct _object * (*)(const struct _object *, struct _object *, struct _object *, void (*)(int *, double *))’} to ‘void (*)(int *, npy_intp *, void (*)(char *, npy_intp *), int *)’ {aka ‘void (*)(int *, long int *, void (*)(char *, long int *), int *)’} [-Wcast-function-type]
59835 |     {"f90wrap_fieldcan__set__bmod",-1,{{-1}},0,0,(char *)  F_FUNC_US(f90wrap_fieldcan__set__bmod,F90WRAP_FIELDCAN__SET__BMOD),  (f2py_init_func)f2py_rout__pysimple_f90wrap_fieldcan__set__bmod,doc_f2py_rout__pysimple_f90wrap_fieldcan__set__bmod},
      |                                                                                                                                 ^
/proj/plasma/CODE/ert/SIMPLE/build/python/_pysimplemodule.c:59836:135: warning: cast between incompatible function types from ‘PyObject * (*)(const PyObject *, PyObject *, PyObject *, void (*)(int *, int *, int *, int *, long_long *))’ {aka ‘struct _object * (*)(const struct _object *, struct _object *, struct _object *, void (*)(int *, int *, int *, int *, long long int *))’} to ‘void (*)(int *, npy_intp *, void (*)(char *, npy_intp *), int *)’ {aka ‘void (*)(int *, long int *, void (*)(char *, long int *), int *)’} [-Wcast-function-type]
59836 |     {"f90wrap_fieldcan__array__dath",-1,{{-1}},0,0,(char *)  F_FUNC_US(f90wrap_fieldcan__array__dath,F90WRAP_FIELDCAN__ARRAY__DATH),  (f2py_init_func)f2py_rout__pysimple_f90wrap_fieldcan__array__dath,doc_f2py_rout__pysimple_f90wrap_fieldcan__array__dath},
      |                                                                                                                                       ^
/proj/plasma/CODE/ert/SIMPLE/build/python/_pysimplemodule.c:59837:135: warning: cast between incompatible function types from ‘PyObject * (*)(const PyObject *, PyObject *, PyObject *, void (*)(int *, int *, int *, int *, long_long *))’ {aka ‘struct _object * (*)(const struct _object *, struct _object *, struct _object *, void (*)(int *, int *, int *, int *, long long int *))’} to ‘void (*)(int *, npy_intp *, void (*)(char *, npy_intp *), int *)’ {aka ‘void (*)(int *, long int *, void (*)(char *, long int *), int *)’} [-Wcast-function-type]
59837 |     {"f90wrap_fieldcan__array__daph",-1,{{-1}},0,0,(char *)  F_FUNC_US(f90wrap_fieldcan__array__daph,F90WRAP_FIELDCAN__ARRAY__DAPH),  (f2py_init_func)f2py_rout__pysimple_f90wrap_fieldcan__array__daph,doc_f2py_rout__pysimple_f90wrap_fieldcan__array__daph},
      |                                                                                                                                       ^
/proj/plasma/CODE/ert/SIMPLE/build/python/_pysimplemodule.c:59838:135: warning: cast between incompatible function types from ‘PyObject * (*)(const PyObject *, PyObject *, PyObject *, void (*)(int *, int *, int *, int *, long_long *))’ {aka ‘struct _object * (*)(const struct _object *, struct _object *, struct _object *, void (*)(int *, int *, int *, int *, long long int *))’} to ‘void (*)(int *, npy_intp *, void (*)(char *, npy_intp *), int *)’ {aka ‘void (*)(int *, long int *, void (*)(char *, long int *), int *)’} [-Wcast-function-type]
59838 |     {"f90wrap_fieldcan__array__dhth",-1,{{-1}},0,0,(char *)  F_FUNC_US(f90wrap_fieldcan__array__dhth,F90WRAP_FIELDCAN__ARRAY__DHTH),  (f2py_init_func)f2py_rout__pysimple_f90wrap_fieldcan__array__dhth,doc_f2py_rout__pysimple_f90wrap_fieldcan__array__dhth},
      |                                                                                                                                       ^
/proj/plasma/CODE/ert/SIMPLE/build/python/_pysimplemodule.c:59839:135: warning: cast between incompatible function types from ‘PyObject * (*)(const PyObject *, PyObject *, PyObject *, void (*)(int *, int *, int *, int *, long_long *))’ {aka ‘struct _object * (*)(const struct _object *, struct _object *, struct _object *, void (*)(int *, int *, int *, int *, long long int *))’} to ‘void (*)(int *, npy_intp *, void (*)(char *, npy_intp *), int *)’ {aka ‘void (*)(int *, long int *, void (*)(char *, long int *), int *)’} [-Wcast-function-type]
59839 |     {"f90wrap_fieldcan__array__dhph",-1,{{-1}},0,0,(char *)  F_FUNC_US(f90wrap_fieldcan__array__dhph,F90WRAP_FIELDCAN__ARRAY__DHPH),  (f2py_init_func)f2py_rout__pysimple_f90wrap_fieldcan__array__dhph,doc_f2py_rout__pysimple_f90wrap_fieldcan__array__dhph},
      |                                                                                                                                       ^
/proj/plasma/CODE/ert/SIMPLE/build/python/_pysimplemodule.c:59840:138: warning: cast between incompatible function types from ‘PyObject * (*)(const PyObject *, PyObject *, PyObject *, void (*)(int *, int *, int *, int *, long_long *))’ {aka ‘struct _object * (*)(const struct _object *, struct _object *, struct _object *, void (*)(int *, int *, int *, int *, long long int *))’} to ‘void (*)(int *, npy_intp *, void (*)(char *, npy_intp *), int *)’ {aka ‘void (*)(int *, long int *, void (*)(char *, long int *), int *)’} [-Wcast-function-type]
59840 |     {"f90wrap_fieldcan__array__dbmod",-1,{{-1}},0,0,(char *)  F_FUNC_US(f90wrap_fieldcan__array__dbmod,F90WRAP_FIELDCAN__ARRAY__DBMOD),  (f2py_init_func)f2py_rout__pysimple_f90wrap_fieldcan__array__dbmod,doc_f2py_rout__pysimple_f90wrap_fieldcan__array__dbmod},
      |                                                                                                                                          ^
/proj/plasma/CODE/ert/SIMPLE/build/python/_pysimplemodule.c:59841:138: warning: cast between incompatible function types from ‘PyObject * (*)(const PyObject *, PyObject *, PyObject *, void (*)(int *, int *, int *, int *, long_long *))’ {aka ‘struct _object * (*)(const struct _object *, struct _object *, struct _object *, void (*)(int *, int *, int *, int *, long long int *))’} to ‘void (*)(int *, npy_intp *, void (*)(char *, npy_intp *), int *)’ {aka ‘void (*)(int *, long int *, void (*)(char *, long int *), int *)’} [-Wcast-function-type]
59841 |     {"f90wrap_fieldcan__array__d2ath",-1,{{-1}},0,0,(char *)  F_FUNC_US(f90wrap_fieldcan__array__d2ath,F90WRAP_FIELDCAN__ARRAY__D2ATH),  (f2py_init_func)f2py_rout__pysimple_f90wrap_fieldcan__array__d2ath,doc_f2py_rout__pysimple_f90wrap_fieldcan__array__d2ath},
      |                                                                                                                                          ^
/proj/plasma/CODE/ert/SIMPLE/build/python/_pysimplemodule.c:59842:138: warning: cast between incompatible function types from ‘PyObject * (*)(const PyObject *, PyObject *, PyObject *, void (*)(int *, int *, int *, int *, long_long *))’ {aka ‘struct _object * (*)(const struct _object *, struct _object *, struct _object *, void (*)(int *, int *, int *, int *, long long int *))’} to ‘void (*)(int *, npy_intp *, void (*)(char *, npy_intp *), int *)’ {aka ‘void (*)(int *, long int *, void (*)(char *, long int *), int *)’} [-Wcast-function-type]
59842 |     {"f90wrap_fieldcan__array__d2aph",-1,{{-1}},0,0,(char *)  F_FUNC_US(f90wrap_fieldcan__array__d2aph,F90WRAP_FIELDCAN__ARRAY__D2APH),  (f2py_init_func)f2py_rout__pysimple_f90wrap_fieldcan__array__d2aph,doc_f2py_rout__pysimple_f90wrap_fieldcan__array__d2aph},
      |                                                                                                                                          ^
/proj/plasma/CODE/ert/SIMPLE/build/python/_pysimplemodule.c:59843:138: warning: cast between incompatible function types from ‘PyObject * (*)(const PyObject *, PyObject *, PyObject *, void (*)(int *, int *, int *, int *, long_long *))’ {aka ‘struct _object * (*)(const struct _object *, struct _object *, struct _object *, void (*)(int *, int *, int *, int *, long long int *))’} to ‘void (*)(int *, npy_intp *, void (*)(char *, npy_intp *), int *)’ {aka ‘void (*)(int *, long int *, void (*)(char *, long int *), int *)’} [-Wcast-function-type]
59843 |     {"f90wrap_fieldcan__array__d2hth",-1,{{-1}},0,0,(char *)  F_FUNC_US(f90wrap_fieldcan__array__d2hth,F90WRAP_FIELDCAN__ARRAY__D2HTH),  (f2py_init_func)f2py_rout__pysimple_f90wrap_fieldcan__array__d2hth,doc_f2py_rout__pysimple_f90wrap_fieldcan__array__d2hth},
      |                                                                                                                                          ^
/proj/plasma/CODE/ert/SIMPLE/build/python/_pysimplemodule.c:59844:138: warning: cast between incompatible function types from ‘PyObject * (*)(const PyObject *, PyObject *, PyObject *, void (*)(int *, int *, int *, int *, long_long *))’ {aka ‘struct _object * (*)(const struct _object *, struct _object *, struct _object *, void (*)(int *, int *, int *, int *, long long int *))’} to ‘void (*)(int *, npy_intp *, void (*)(char *, npy_intp *), int *)’ {aka ‘void (*)(int *, long int *, void (*)(char *, long int *), int *)’} [-Wcast-function-type]
59844 |     {"f90wrap_fieldcan__array__d2hph",-1,{{-1}},0,0,(char *)  F_FUNC_US(f90wrap_fieldcan__array__d2hph,F90WRAP_FIELDCAN__ARRAY__D2HPH),  (f2py_init_func)f2py_rout__pysimple_f90wrap_fieldcan__array__d2hph,doc_f2py_rout__pysimple_f90wrap_fieldcan__array__d2hph},
      |                                                                                                                                          ^
/proj/plasma/CODE/ert/SIMPLE/build/python/_pysimplemodule.c:59845:141: warning: cast between incompatible function types from ‘PyObject * (*)(const PyObject *, PyObject *, PyObject *, void (*)(int *, int *, int *, int *, long_long *))’ {aka ‘struct _object * (*)(const struct _object *, struct _object *, struct _object *, void (*)(int *, int *, int *, int *, long long int *))’} to ‘void (*)(int *, npy_intp *, void (*)(char *, npy_intp *), int *)’ {aka ‘void (*)(int *, long int *, void (*)(char *, long int *), int *)’} [-Wcast-function-type]
59845 |     {"f90wrap_fieldcan__array__d2bmod",-1,{{-1}},0,0,(char *)  F_FUNC_US(f90wrap_fieldcan__array__d2bmod,F90WRAP_FIELDCAN__ARRAY__D2BMOD),  (f2py_init_func)f2py_rout__pysimple_f90wrap_fieldcan__array__d2bmod,doc_f2py_rout__pysimple_f90wrap_fieldcan__array__d2bmod},
      |                                                                                                                                             ^
/proj/plasma/CODE/ert/SIMPLE/build/python/_pysimplemodule.c:59846:120: warning: cast between incompatible function types from ‘PyObject * (*)(const PyObject *, PyObject *, PyObject *, void (*)(int *, double *))’ {aka ‘struct _object * (*)(const struct _object *, struct _object *, struct _object *, void (*)(int *, double *))’} to ‘void (*)(int *, npy_intp *, void (*)(char *, npy_intp *), int *)’ {aka ‘void (*)(int *, long int *, void (*)(char *, long int *), int *)’} [-Wcast-function-type]
59846 |     {"f90wrap_fieldcan__get__h",-1,{{-1}},0,0,(char *)  F_FUNC_US(f90wrap_fieldcan__get__h,F90WRAP_FIELDCAN__GET__H),  (f2py_init_func)f2py_rout__pysimple_f90wrap_fieldcan__get__h,doc_f2py_rout__pysimple_f90wrap_fieldcan__get__h},
      |                                                                                                                        ^
/proj/plasma/CODE/ert/SIMPLE/build/python/_pysimplemodule.c:59847:120: warning: cast between incompatible function types from ‘PyObject * (*)(const PyObject *, PyObject *, PyObject *, void (*)(int *, double *))’ {aka ‘struct _object * (*)(const struct _object *, struct _object *, struct _object *, void (*)(int *, double *))’} to ‘void (*)(int *, npy_intp *, void (*)(char *, npy_intp *), int *)’ {aka ‘void (*)(int *, long int *, void (*)(char *, long int *), int *)’} [-Wcast-function-type]
59847 |     {"f90wrap_fieldcan__set__h",-1,{{-1}},0,0,(char *)  F_FUNC_US(f90wrap_fieldcan__set__h,F90WRAP_FIELDCAN__SET__H),  (f2py_init_func)f2py_rout__pysimple_f90wrap_fieldcan__set__h,doc_f2py_rout__pysimple_f90wrap_fieldcan__set__h},
      |                                                                                                                        ^
/proj/plasma/CODE/ert/SIMPLE/build/python/_pysimplemodule.c:59848:126: warning: cast between incompatible function types from ‘PyObject * (*)(const PyObject *, PyObject *, PyObject *, void (*)(int *, double *))’ {aka ‘struct _object * (*)(const struct _object *, struct _object *, struct _object *, void (*)(int *, double *))’} to ‘void (*)(int *, npy_intp *, void (*)(char *, npy_intp *), int *)’ {aka ‘void (*)(int *, long int *, void (*)(char *, long int *), int *)’} [-Wcast-function-type]
59848 |     {"f90wrap_fieldcan__get__pth",-1,{{-1}},0,0,(char *)  F_FUNC_US(f90wrap_fieldcan__get__pth,F90WRAP_FIELDCAN__GET__PTH),  (f2py_init_func)f2py_rout__pysimple_f90wrap_fieldcan__get__pth,doc_f2py_rout__pysimple_f90wrap_fieldcan__get__pth},
      |                                                                                                                              ^
/proj/plasma/CODE/ert/SIMPLE/build/python/_pysimplemodule.c:59849:126: warning: cast between incompatible function types from ‘PyObject * (*)(const PyObject *, PyObject *, PyObject *, void (*)(int *, double *))’ {aka ‘struct _object * (*)(const struct _object *, struct _object *, struct _object *, void (*)(int *, double *))’} to ‘void (*)(int *, npy_intp *, void (*)(char *, npy_intp *), int *)’ {aka ‘void (*)(int *, long int *, void (*)(char *, long int *), int *)’} [-Wcast-function-type]
59849 |     {"f90wrap_fieldcan__set__pth",-1,{{-1}},0,0,(char *)  F_FUNC_US(f90wrap_fieldcan__set__pth,F90WRAP_FIELDCAN__SET__PTH),  (f2py_init_func)f2py_rout__pysimple_f90wrap_fieldcan__set__pth,doc_f2py_rout__pysimple_f90wrap_fieldcan__set__pth},
      |                                                                                                                              ^
/proj/plasma/CODE/ert/SIMPLE/build/python/_pysimplemodule.c:59850:129: warning: cast between incompatible function types from ‘PyObject * (*)(const PyObject *, PyObject *, PyObject *, void (*)(int *, double *))’ {aka ‘struct _object * (*)(const struct _object *, struct _object *, struct _object *, void (*)(int *, double *))’} to ‘void (*)(int *, npy_intp *, void (*)(char *, npy_intp *), int *)’ {aka ‘void (*)(int *, long int *, void (*)(char *, long int *), int *)’} [-Wcast-function-type]
59850 |     {"f90wrap_fieldcan__get__vpar",-1,{{-1}},0,0,(char *)  F_FUNC_US(f90wrap_fieldcan__get__vpar,F90WRAP_FIELDCAN__GET__VPAR),  (f2py_init_func)f2py_rout__pysimple_f90wrap_fieldcan__get__vpar,doc_f2py_rout__pysimple_f90wrap_fieldcan__get__vpar},
      |                                                                                                                                 ^
/proj/plasma/CODE/ert/SIMPLE/build/python/_pysimplemodule.c:59851:129: warning: cast between incompatible function types from ‘PyObject * (*)(const PyObject *, PyObject *, PyObject *, void (*)(int *, double *))’ {aka ‘struct _object * (*)(const struct _object *, struct _object *, struct _object *, void (*)(int *, double *))’} to ‘void (*)(int *, npy_intp *, void (*)(char *, npy_intp *), int *)’ {aka ‘void (*)(int *, long int *, void (*)(char *, long int *), int *)’} [-Wcast-function-type]
59851 |     {"f90wrap_fieldcan__set__vpar",-1,{{-1}},0,0,(char *)  F_FUNC_US(f90wrap_fieldcan__set__vpar,F90WRAP_FIELDCAN__SET__VPAR),  (f2py_init_func)f2py_rout__pysimple_f90wrap_fieldcan__set__vpar,doc_f2py_rout__pysimple_f90wrap_fieldcan__set__vpar},
      |                                                                                                                                 ^
/proj/plasma/CODE/ert/SIMPLE/build/python/_pysimplemodule.c:59852:138: warning: cast between incompatible function types from ‘PyObject * (*)(const PyObject *, PyObject *, PyObject *, void (*)(int *, int *, int *, int *, long_long *))’ {aka ‘struct _object * (*)(const struct _object *, struct _object *, struct _object *, void (*)(int *, int *, int *, int *, long long int *))’} to ‘void (*)(int *, npy_intp *, void (*)(char *, npy_intp *), int *)’ {aka ‘void (*)(int *, long int *, void (*)(char *, long int *), int *)’} [-Wcast-function-type]
59852 |     {"f90wrap_fieldcan__array__dvpar",-1,{{-1}},0,0,(char *)  F_FUNC_US(f90wrap_fieldcan__array__dvpar,F90WRAP_FIELDCAN__ARRAY__DVPAR),  (f2py_init_func)f2py_rout__pysimple_f90wrap_fieldcan__array__dvpar,doc_f2py_rout__pysimple_f90wrap_fieldcan__array__dvpar},
      |                                                                                                                                          ^
/proj/plasma/CODE/ert/SIMPLE/build/python/_pysimplemodule.c:59853:129: warning: cast between incompatible function types from ‘PyObject * (*)(const PyObject *, PyObject *, PyObject *, void (*)(int *, int *, int *, int *, long_long *))’ {aka ‘struct _object * (*)(const struct _object *, struct _object *, struct _object *, void (*)(int *, int *, int *, int *, long long int *))’} to ‘void (*)(int *, npy_intp *, void (*)(char *, npy_intp *), int *)’ {aka ‘void (*)(int *, long int *, void (*)(char *, long int *), int *)’} [-Wcast-function-type]
59853 |     {"f90wrap_fieldcan__array__dh",-1,{{-1}},0,0,(char *)  F_FUNC_US(f90wrap_fieldcan__array__dh,F90WRAP_FIELDCAN__ARRAY__DH),  (f2py_init_func)f2py_rout__pysimple_f90wrap_fieldcan__array__dh,doc_f2py_rout__pysimple_f90wrap_fieldcan__array__dh},
      |                                                                                                                                 ^
/proj/plasma/CODE/ert/SIMPLE/build/python/_pysimplemodule.c:59854:135: warning: cast between incompatible function types from ‘PyObject * (*)(const PyObject *, PyObject *, PyObject *, void (*)(int *, int *, int *, int *, long_long *))’ {aka ‘struct _object * (*)(const struct _object *, struct _object *, struct _object *, void (*)(int *, int *, int *, int *, long long int *))’} to ‘void (*)(int *, npy_intp *, void (*)(char *, npy_intp *), int *)’ {aka ‘void (*)(int *, long int *, void (*)(char *, long int *), int *)’} [-Wcast-function-type]
59854 |     {"f90wrap_fieldcan__array__dpth",-1,{{-1}},0,0,(char *)  F_FUNC_US(f90wrap_fieldcan__array__dpth,F90WRAP_FIELDCAN__ARRAY__DPTH),  (f2py_init_func)f2py_rout__pysimple_f90wrap_fieldcan__array__dpth,doc_f2py_rout__pysimple_f90wrap_fieldcan__array__dpth},
      |                                                                                                                                       ^
/proj/plasma/CODE/ert/SIMPLE/build/python/_pysimplemodule.c:59855:141: warning: cast between incompatible function types from ‘PyObject * (*)(const PyObject *, PyObject *, PyObject *, void (*)(int *, int *, int *, int *, long_long *))’ {aka ‘struct _object * (*)(const struct _object *, struct _object *, struct _object *, void (*)(int *, int *, int *, int *, long long int *))’} to ‘void (*)(int *, npy_intp *, void (*)(char *, npy_intp *), int *)’ {aka ‘void (*)(int *, long int *, void (*)(char *, long int *), int *)’} [-Wcast-function-type]
59855 |     {"f90wrap_fieldcan__array__d2vpar",-1,{{-1}},0,0,(char *)  F_FUNC_US(f90wrap_fieldcan__array__d2vpar,F90WRAP_FIELDCAN__ARRAY__D2VPAR),  (f2py_init_func)f2py_rout__pysimple_f90wrap_fieldcan__array__d2vpar,doc_f2py_rout__pysimple_f90wrap_fieldcan__array__d2vpar},
      |                                                                                                                                             ^
/proj/plasma/CODE/ert/SIMPLE/build/python/_pysimplemodule.c:59856:132: warning: cast between incompatible function types from ‘PyObject * (*)(const PyObject *, PyObject *, PyObject *, void (*)(int *, int *, int *, int *, long_long *))’ {aka ‘struct _object * (*)(const struct _object *, struct _object *, struct _object *, void (*)(int *, int *, int *, int *, long long int *))’} to ‘void (*)(int *, npy_intp *, void (*)(char *, npy_intp *), int *)’ {aka ‘void (*)(int *, long int *, void (*)(char *, long int *), int *)’} [-Wcast-function-type]
59856 |     {"f90wrap_fieldcan__array__d2h",-1,{{-1}},0,0,(char *)  F_FUNC_US(f90wrap_fieldcan__array__d2h,F90WRAP_FIELDCAN__ARRAY__D2H),  (f2py_init_func)f2py_rout__pysimple_f90wrap_fieldcan__array__d2h,doc_f2py_rout__pysimple_f90wrap_fieldcan__array__d2h},
      |                                                                                                                                    ^
/proj/plasma/CODE/ert/SIMPLE/build/python/_pysimplemodule.c:59857:138: warning: cast between incompatible function types from ‘PyObject * (*)(const PyObject *, PyObject *, PyObject *, void (*)(int *, int *, int *, int *, long_long *))’ {aka ‘struct _object * (*)(const struct _object *, struct _object *, struct _object *, void (*)(int *, int *, int *, int *, long long int *))’} to ‘void (*)(int *, npy_intp *, void (*)(char *, npy_intp *), int *)’ {aka ‘void (*)(int *, long int *, void (*)(char *, long int *), int *)’} [-Wcast-function-type]
59857 |     {"f90wrap_fieldcan__array__d2pth",-1,{{-1}},0,0,(char *)  F_FUNC_US(f90wrap_fieldcan__array__d2pth,F90WRAP_FIELDCAN__ARRAY__D2PTH),  (f2py_init_func)f2py_rout__pysimple_f90wrap_fieldcan__array__d2pth,doc_f2py_rout__pysimple_f90wrap_fieldcan__array__d2pth},
      |                                                                                                                                          ^
/proj/plasma/CODE/ert/SIMPLE/build/python/_pysimplemodule.c:59858:123: warning: cast between incompatible function types from ‘PyObject * (*)(const PyObject *, PyObject *, PyObject *, void (*)(int *, double *))’ {aka ‘struct _object * (*)(const struct _object *, struct _object *, struct _object *, void (*)(int *, double *))’} to ‘void (*)(int *, npy_intp *, void (*)(char *, npy_intp *), int *)’ {aka ‘void (*)(int *, long int *, void (*)(char *, long int *), int *)’} [-Wcast-function-type]
59858 |     {"f90wrap_fieldcan__get__mu",-1,{{-1}},0,0,(char *)  F_FUNC_US(f90wrap_fieldcan__get__mu,F90WRAP_FIELDCAN__GET__MU),  (f2py_init_func)f2py_rout__pysimple_f90wrap_fieldcan__get__mu,doc_f2py_rout__pysimple_f90wrap_fieldcan__get__mu},
      |                                                                                                                           ^
/proj/plasma/CODE/ert/SIMPLE/build/python/_pysimplemodule.c:59859:123: warning: cast between incompatible function types from ‘PyObject * (*)(const PyObject *, PyObject *, PyObject *, void (*)(int *, double *))’ {aka ‘struct _object * (*)(const struct _object *, struct _object *, struct _object *, void (*)(int *, double *))’} to ‘void (*)(int *, npy_intp *, void (*)(char *, npy_intp *), int *)’ {aka ‘void (*)(int *, long int *, void (*)(char *, long int *), int *)’} [-Wcast-function-type]
59859 |     {"f90wrap_fieldcan__set__mu",-1,{{-1}},0,0,(char *)  F_FUNC_US(f90wrap_fieldcan__set__mu,F90WRAP_FIELDCAN__SET__MU),  (f2py_init_func)f2py_rout__pysimple_f90wrap_fieldcan__set__mu,doc_f2py_rout__pysimple_f90wrap_fieldcan__set__mu},
      |                                                                                                                           ^
/proj/plasma/CODE/ert/SIMPLE/build/python/_pysimplemodule.c:59860:126: warning: cast between incompatible function types from ‘PyObject * (*)(const PyObject *, PyObject *, PyObject *, void (*)(int *, double *))’ {aka ‘struct _object * (*)(const struct _object *, struct _object *, struct _object *, void (*)(int *, double *))’} to ‘void (*)(int *, npy_intp *, void (*)(char *, npy_intp *), int *)’ {aka ‘void (*)(int *, long int *, void (*)(char *, long int *), int *)’} [-Wcast-function-type]
59860 |     {"f90wrap_fieldcan__get__ro0",-1,{{-1}},0,0,(char *)  F_FUNC_US(f90wrap_fieldcan__get__ro0,F90WRAP_FIELDCAN__GET__RO0),  (f2py_init_func)f2py_rout__pysimple_f90wrap_fieldcan__get__ro0,doc_f2py_rout__pysimple_f90wrap_fieldcan__get__ro0},
      |                                                                                                                              ^
/proj/plasma/CODE/ert/SIMPLE/build/python/_pysimplemodule.c:59861:126: warning: cast between incompatible function types from ‘PyObject * (*)(const PyObject *, PyObject *, PyObject *, void (*)(int *, double *))’ {aka ‘struct _object * (*)(const struct _object *, struct _object *, struct _object *, void (*)(int *, double *))’} to ‘void (*)(int *, npy_intp *, void (*)(char *, npy_intp *), int *)’ {aka ‘void (*)(int *, long int *, void (*)(char *, long int *), int *)’} [-Wcast-function-type]
59861 |     {"f90wrap_fieldcan__set__ro0",-1,{{-1}},0,0,(char *)  F_FUNC_US(f90wrap_fieldcan__set__ro0,F90WRAP_FIELDCAN__SET__RO0),  (f2py_init_func)f2py_rout__pysimple_f90wrap_fieldcan__set__ro0,doc_f2py_rout__pysimple_f90wrap_fieldcan__set__ro0},
      |                                                                                                                              ^
/proj/plasma/CODE/ert/SIMPLE/build/python/_pysimplemodule.c:59862:177: warning: cast between incompatible function types from ‘PyObject * (*)(const PyObject *, PyObject *, PyObject *, void (*)(int *))’ {aka ‘struct _object * (*)(const struct _object *, struct _object *, struct _object *, void (*)(int *))’} to ‘void (*)(int *, npy_intp *, void (*)(char *, npy_intp *), int *)’ {aka ‘void (*)(int *, long int *, void (*)(char *, long int *), int *)’} [-Wcast-function-type]
59862 |     {"f90wrap_field_can_base__fieldcan_initialise",-1,{{-1}},0,0,(char *)  F_FUNC_US(f90wrap_field_can_base__fieldcan_initialise,F90WRAP_FIELD_CAN_BASE__FIELDCAN_INITIALISE),  (f2py_init_func)f2py_rout__pysimple_f90wrap_field_can_base__fieldcan_initialise,doc_f2py_rout__pysimple_f90wrap_field_can_base__fieldcan_initialise},
      |                                                                                                                                                                                 ^
/proj/plasma/CODE/ert/SIMPLE/build/python/_pysimplemodule.c:59863:171: warning: cast between incompatible function types from ‘PyObject * (*)(const PyObject *, PyObject *, PyObject *, void (*)(int *))’ {aka ‘struct _object * (*)(const struct _object *, struct _object *, struct _object *, void (*)(int *))’} to ‘void (*)(int *, npy_intp *, void (*)(char *, npy_intp *), int *)’ {aka ‘void (*)(int *, long int *, void (*)(char *, long int *), int *)’} [-Wcast-function-type]
59863 |     {"f90wrap_field_can_base__fieldcan_finalise",-1,{{-1}},0,0,(char *)  F_FUNC_US(f90wrap_field_can_base__fieldcan_finalise,F90WRAP_FIELD_CAN_BASE__FIELDCAN_FINALISE),  (f2py_init_func)f2py_rout__pysimple_f90wrap_field_can_base__fieldcan_finalise,doc_f2py_rout__pysimple_f90wrap_field_can_base__fieldcan_finalise},
      |                                                                                                                                                                           ^
/proj/plasma/CODE/ert/SIMPLE/build/python/_pysimplemodule.c:59864:174: warning: cast between incompatible function types from ‘PyObject * (*)(const PyObject *, PyObject *, PyObject *, void (*)(double *, double *))’ {aka ‘struct _object * (*)(const struct _object *, struct _object *, struct _object *, void (*)(double *, double *))’} to ‘void (*)(int *, npy_intp *, void (*)(char *, npy_intp *), int *)’ {aka ‘void (*)(int *, long int *, void (*)(char *, long int *), int *)’} [-Wcast-function-type]
59864 |     {"f90wrap_field_can_base__identity_transform",-1,{{-1}},0,0,(char *)  F_FUNC_US(f90wrap_field_can_base__identity_transform,F90WRAP_FIELD_CAN_BASE__IDENTITY_TRANSFORM),  (f2py_init_func)f2py_rout__pysimple_f90wrap_field_can_base__identity_transform,doc_f2py_rout__pysimple_f90wrap_field_can_base__identity_transform},
      |                                                                                                                                                                              ^
/proj/plasma/CODE/ert/SIMPLE/build/python/_pysimplemodule.c:59865:150: warning: cast between incompatible function types from ‘PyObject * (*)(const PyObject *, PyObject *, PyObject *, void (*)(double *))’ {aka ‘struct _object * (*)(const struct _object *, struct _object *, struct _object *, void (*)(double *))’} to ‘void (*)(int *, npy_intp *, void (*)(char *, npy_intp *), int *)’ {aka ‘void (*)(int *, long int *, void (*)(char *, long int *), int *)’} [-Wcast-function-type]
59865 |     {"f90wrap_field_can_base__get__twopi",-1,{{-1}},0,0,(char *)  F_FUNC_US(f90wrap_field_can_base__get__twopi,F90WRAP_FIELD_CAN_BASE__GET__TWOPI),  (f2py_init_func)f2py_rout__pysimple_f90wrap_field_can_base__get__twopi,doc_f2py_rout__pysimple_f90wrap_field_can_base__get__twopi},
      |                                                                                                                                                      ^
/proj/plasma/CODE/ert/SIMPLE/build/python/_pysimplemodule.c:59866:192: warning: cast between incompatible function types from ‘PyObject * (*)(const PyObject *, PyObject *, PyObject *, void (*)(long_long *))’ {aka ‘struct _object * (*)(const struct _object *, struct _object *, struct _object *, void (*)(long long int *))’} to ‘void (*)(int *, npy_intp *, void (*)(char *, npy_intp *), int *)’ {aka ‘void (*)(int *, long int *, void (*)(char *, long int *), int *)’} [-Wcast-function-type]
59866 |     {"f90wrap_field_can_base__get__n_field_evaluations",-1,{{-1}},0,0,(char *)  F_FUNC_US(f90wrap_field_can_base__get__n_field_evaluations,F90WRAP_FIELD_CAN_BASE__GET__N_FIELD_EVALUATIONS),  (f2py_init_func)f2py_rout__pysimple_f90wrap_field_can_base__get__n_field_evaluations,doc_f2py_rout__pysimple_f90wrap_field_can_base__get__n_field_evaluations},
      |                                                                                                                                                                                                ^
/proj/plasma/CODE/ert/SIMPLE/build/python/_pysimplemodule.c:59867:192: warning: cast between incompatible function types from ‘PyObject * (*)(const PyObject *, PyObject *, PyObject *, void (*)(long_long *))’ {aka ‘struct _object * (*)(const struct _object *, struct _object *, struct _object *, void (*)(long long int *))’} to ‘void (*)(int *, npy_intp *, void (*)(char *, npy_intp *), int *)’ {aka ‘void (*)(int *, long int *, void (*)(char *, long int *), int *)’} [-Wcast-function-type]
59867 |     {"f90wrap_field_can_base__set__n_field_evaluations",-1,{{-1}},0,0,(char *)  F_FUNC_US(f90wrap_field_can_base__set__n_field_evaluations,F90WRAP_FIELD_CAN_BASE__SET__N_FIELD_EVALUATIONS),  (f2py_init_func)f2py_rout__pysimple_f90wrap_field_can_base__set__n_field_evaluations,doc_f2py_rout__pysimple_f90wrap_field_can_base__set__n_field_evaluations},
      |                                                                                                                                                                                                ^
/proj/plasma/CODE/ert/SIMPLE/build/python/_pysimplemodule.c:59868:153: warning: cast between incompatible function types from ‘PyObject * (*)(const PyObject *, PyObject *, PyObject *, void (*)(int *, char *, size_t))’ {aka ‘struct _object * (*)(const struct _object *, struct _object *, struct _object *, void (*)(int *, char *, long unsigned int))’} to ‘void (*)(int *, npy_intp *, void (*)(char *, npy_intp *), int *)’ {aka ‘void (*)(int *, long int *, void (*)(char *, long int *), int *)’} [-Wcast-function-type]
59868 |     {"f90wrap_field_can_mod__name_from_id",-1,{{-1}},0,0,(char *)  F_FUNC_US(f90wrap_field_can_mod__name_from_id,F90WRAP_FIELD_CAN_MOD__NAME_FROM_ID),  (f2py_init_func)f2py_rout__pysimple_f90wrap_field_can_mod__name_from_id,doc_f2py_rout__pysimple_f90wrap_field_can_mod__name_from_id},
      |                                                                                                                                                         ^
/proj/plasma/CODE/ert/SIMPLE/build/python/_pysimplemodule.c:59869:168: warning: cast between incompatible function types from ‘PyObject * (*)(const PyObject *, PyObject *, PyObject *, void (*)(int *))’ {aka ‘struct _object * (*)(const struct _object *, struct _object *, struct _object *, void (*)(int *))’} to ‘void (*)(int *, npy_intp *, void (*)(char *, npy_intp *), int *)’ {aka ‘void (*)(int *, long int *, void (*)(char *, long int *), int *)’} [-Wcast-function-type]
59869 |     {"f90wrap_field_can_mod__field_can_from_id",-1,{{-1}},0,0,(char *)  F_FUNC_US(f90wrap_field_can_mod__field_can_from_id,F90WRAP_FIELD_CAN_MOD__FIELD_CAN_FROM_ID),  (f2py_init_func)f2py_rout__pysimple_f90wrap_field_can_mod__field_can_from_id,doc_f2py_rout__pysimple_f90wrap_field_can_mod__field_can_from_id},
      |                                                                                                                                                                        ^
/proj/plasma/CODE/ert/SIMPLE/build/python/_pysimplemodule.c:59870:162: warning: cast between incompatible function types from ‘PyObject * (*)(const PyObject *, PyObject *, PyObject *, void (*)(int *, double *))’ {aka ‘struct _object * (*)(const struct _object *, struct _object *, struct _object *, void (*)(int *, double *))’} to ‘void (*)(int *, npy_intp *, void (*)(char *, npy_intp *), int *)’ {aka ‘void (*)(int *, long int *, void (*)(char *, long int *), int *)’} [-Wcast-function-type]
59870 |     {"f90wrap_field_can_mod__get_derivatives",-1,{{-1}},0,0,(char *)  F_FUNC_US(f90wrap_field_can_mod__get_derivatives,F90WRAP_FIELD_CAN_MOD__GET_DERIVATIVES),  (f2py_init_func)f2py_rout__pysimple_f90wrap_field_can_mod__get_derivatives,doc_f2py_rout__pysimple_f90wrap_field_can_mod__get_derivatives},
      |                                                                                                                                                                  ^
/proj/plasma/CODE/ert/SIMPLE/build/python/_pysimplemodule.c:59871:159: warning: cast between incompatible function types from ‘PyObject * (*)(const PyObject *, PyObject *, PyObject *, void (*)(int *))’ {aka ‘struct _object * (*)(const struct _object *, struct _object *, struct _object *, void (*)(int *))’} to ‘void (*)(int *, npy_intp *, void (*)(char *, npy_intp *), int *)’ {aka ‘void (*)(int *, long int *, void (*)(char *, long int *), int *)’} [-Wcast-function-type]
59871 |     {"f90wrap_field_can_mod__init_field_can",-1,{{-1}},0,0,(char *)  F_FUNC_US(f90wrap_field_can_mod__init_field_can,F90WRAP_FIELD_CAN_MOD__INIT_FIELD_CAN),  (f2py_init_func)f2py_rout__pysimple_f90wrap_field_can_mod__init_field_can,doc_f2py_rout__pysimple_f90wrap_field_can_mod__init_field_can},
      |                                                                                                                                                               ^
/proj/plasma/CODE/ert/SIMPLE/build/python/_pysimplemodule.c:59872:165: warning: cast between incompatible function types from ‘PyObject * (*)(const PyObject *, PyObject *, PyObject *, void (*)(int *, double *))’ {aka ‘struct _object * (*)(const struct _object *, struct _object *, struct _object *, void (*)(int *, double *))’} to ‘void (*)(int *, npy_intp *, void (*)(char *, npy_intp *), int *)’ {aka ‘void (*)(int *, long int *, void (*)(char *, long int *), int *)’} [-Wcast-function-type]
59872 |     {"f90wrap_field_can_mod__get_derivatives2",-1,{{-1}},0,0,(char *)  F_FUNC_US(f90wrap_field_can_mod__get_derivatives2,F90WRAP_FIELD_CAN_MOD__GET_DERIVATIVES2),  (f2py_init_func)f2py_rout__pysimple_f90wrap_field_can_mod__get_derivatives2,doc_f2py_rout__pysimple_f90wrap_field_can_mod__get_derivatives2},
      |                                                                                                                                                                     ^
/proj/plasma/CODE/ert/SIMPLE/build/python/_pysimplemodule.c:59873:153: warning: cast between incompatible function types from ‘PyObject * (*)(const PyObject *, PyObject *, PyObject *, void (*)(char *, int *, size_t))’ {aka ‘struct _object * (*)(const struct _object *, struct _object *, struct _object *, void (*)(char *, int *, long unsigned int))’} to ‘void (*)(int *, npy_intp *, void (*)(char *, npy_intp *), int *)’ {aka ‘void (*)(int *, long int *, void (*)(char *, long int *), int *)’} [-Wcast-function-type]
59873 |     {"f90wrap_field_can_mod__id_from_name",-1,{{-1}},0,0,(char *)  F_FUNC_US(f90wrap_field_can_mod__id_from_name,F90WRAP_FIELD_CAN_MOD__ID_FROM_NAME),  (f2py_init_func)f2py_rout__pysimple_f90wrap_field_can_mod__id_from_name,doc_f2py_rout__pysimple_f90wrap_field_can_mod__id_from_name},
      |                                                                                                                                                         ^
/proj/plasma/CODE/ert/SIMPLE/build/python/_pysimplemodule.c:59874:174: warning: cast between incompatible function types from ‘PyObject * (*)(const PyObject *, PyObject *, PyObject *, void (*)(char *, size_t))’ {aka ‘struct _object * (*)(const struct _object *, struct _object *, struct _object *, void (*)(char *, long unsigned int))’} to ‘void (*)(int *, npy_intp *, void (*)(char *, npy_intp *), int *)’ {aka ‘void (*)(int *, long int *, void (*)(char *, long int *), int *)’} [-Wcast-function-type]
59874 |     {"f90wrap_field_can_mod__field_can_from_name",-1,{{-1}},0,0,(char *)  F_FUNC_US(f90wrap_field_can_mod__field_can_from_name,F90WRAP_FIELD_CAN_MOD__FIELD_CAN_FROM_NAME),  (f2py_init_func)f2py_rout__pysimple_f90wrap_field_can_mod__field_can_from_name,doc_f2py_rout__pysimple_f90wrap_field_can_mod__field_can_from_name},
      |                                                                                                                                                                              ^
/proj/plasma/CODE/ert/SIMPLE/build/python/_pysimplemodule.c:59875:138: warning: cast between incompatible function types from ‘PyObject * (*)(const PyObject *, PyObject *, PyObject *, void (*)(int *, double *))’ {aka ‘struct _object * (*)(const struct _object *, struct _object *, struct _object *, void (*)(int *, double *))’} to ‘void (*)(int *, npy_intp *, void (*)(char *, npy_intp *), int *)’ {aka ‘void (*)(int *, long int *, void (*)(char *, long int *), int *)’} [-Wcast-function-type]
59875 |     {"f90wrap_field_can_mod__get_val",-1,{{-1}},0,0,(char *)  F_FUNC_US(f90wrap_field_can_mod__get_val,F90WRAP_FIELD_CAN_MOD__GET_VAL),  (f2py_init_func)f2py_rout__pysimple_f90wrap_field_can_mod__get_val,doc_f2py_rout__pysimple_f90wrap_field_can_mod__get_val},
      |                                                                                                                                          ^
/proj/plasma/CODE/ert/SIMPLE/build/python/_pysimplemodule.c:59876:156: warning: cast between incompatible function types from ‘PyObject * (*)(const PyObject *, PyObject *, PyObject *, void (*)(int *, double *, double *, double *))’ {aka ‘struct _object * (*)(const struct _object *, struct _object *, struct _object *, void (*)(int *, double *, double *, double *))’} to ‘void (*)(int *, npy_intp *, void (*)(char *, npy_intp *), int *)’ {aka ‘void (*)(int *, long int *, void (*)(char *, long int *), int *)’} [-Wcast-function-type]
59876 |     {"f90wrap_field_can_mod__fieldcan_init",-1,{{-1}},0,0,(char *)  F_FUNC_US(f90wrap_field_can_mod__fieldcan_init,F90WRAP_FIELD_CAN_MOD__FIELDCAN_INIT),  (f2py_init_func)f2py_rout__pysimple_f90wrap_field_can_mod__fieldcan_init,doc_f2py_rout__pysimple_f90wrap_field_can_mod__fieldcan_init},
      |                                                                                                                                                            ^
/proj/plasma/CODE/ert/SIMPLE/build/python/_pysimplemodule.c:59877:195: warning: cast between incompatible function types from ‘PyObject * (*)(const PyObject *, PyObject *, PyObject *, void (*)(int *))’ {aka ‘struct _object * (*)(const struct _object *, struct _object *, struct _object *, void (*)(int *))’} to ‘void (*)(int *, npy_intp *, void (*)(char *, npy_intp *), int *)’ {aka ‘void (*)(int *, long int *, void (*)(char *, long int *), int *)’} [-Wcast-function-type]
59877 |     {"f90wrap_exchange_get_cancoord_mod__get__onlytheta",-1,{{-1}},0,0,(char *)  F_FUNC_US(f90wrap_exchange_get_cancoord_mod__get__onlytheta,F90WRAP_EXCHANGE_GET_CANCOORD_MOD__GET__ONLYTHETA),  (f2py_init_func)f2py_rout__pysimple_f90wrap_exchange_get_cancoord_mod__get__onlytheta,doc_f2py_rout__pysimple_f90wrap_exchange_get_cancoord_mod__get__onlytheta},
      |                                                                                                                                                                                                   ^
/proj/plasma/CODE/ert/SIMPLE/build/python/_pysimplemodule.c:59878:195: warning: cast between incompatible function types from ‘PyObject * (*)(const PyObject *, PyObject *, PyObject *, void (*)(int *))’ {aka ‘struct _object * (*)(const struct _object *, struct _object *, struct _object *, void (*)(int *))’} to ‘void (*)(int *, npy_intp *, void (*)(char *, npy_intp *), int *)’ {aka ‘void (*)(int *, long int *, void (*)(char *, long int *), int *)’} [-Wcast-function-type]
59878 |     {"f90wrap_exchange_get_cancoord_mod__set__onlytheta",-1,{{-1}},0,0,(char *)  F_FUNC_US(f90wrap_exchange_get_cancoord_mod__set__onlytheta,F90WRAP_EXCHANGE_GET_CANCOORD_MOD__SET__ONLYTHETA),  (f2py_init_func)f2py_rout__pysimple_f90wrap_exchange_get_cancoord_mod__set__onlytheta,doc_f2py_rout__pysimple_f90wrap_exchange_get_cancoord_mod__set__onlytheta},
      |                                                                                                                                                                                                   ^
/proj/plasma/CODE/ert/SIMPLE/build/python/_pysimplemodule.c:59879:198: warning: cast between incompatible function types from ‘PyObject * (*)(const PyObject *, PyObject *, PyObject *, void (*)(double *))’ {aka ‘struct _object * (*)(const struct _object *, struct _object *, struct _object *, void (*)(double *))’} to ‘void (*)(int *, npy_intp *, void (*)(char *, npy_intp *), int *)’ {aka ‘void (*)(int *, long int *, void (*)(char *, long int *), int *)’} [-Wcast-function-type]
59879 |     {"f90wrap_exchange_get_cancoord_mod__get__vartheta_c",-1,{{-1}},0,0,(char *)  F_FUNC_US(f90wrap_exchange_get_cancoord_mod__get__vartheta_c,F90WRAP_EXCHANGE_GET_CANCOORD_MOD__GET__VARTHETA_C),  (f2py_init_func)f2py_rout__pysimple_f90wrap_exchange_get_cancoord_mod__get__vartheta_c,doc_f2py_rout__pysimple_f90wrap_exchange_get_cancoord_mod__get__vartheta_c},
      |                                                                                                                                                                                                      ^
/proj/plasma/CODE/ert/SIMPLE/build/python/_pysimplemodule.c:59880:198: warning: cast between incompatible function types from ‘PyObject * (*)(const PyObject *, PyObject *, PyObject *, void (*)(double *))’ {aka ‘struct _object * (*)(const struct _object *, struct _object *, struct _object *, void (*)(double *))’} to ‘void (*)(int *, npy_intp *, void (*)(char *, npy_intp *), int *)’ {aka ‘void (*)(int *, long int *, void (*)(char *, long int *), int *)’} [-Wcast-function-type]
59880 |     {"f90wrap_exchange_get_cancoord_mod__set__vartheta_c",-1,{{-1}},0,0,(char *)  F_FUNC_US(f90wrap_exchange_get_cancoord_mod__set__vartheta_c,F90WRAP_EXCHANGE_GET_CANCOORD_MOD__SET__VARTHETA_C),  (f2py_init_func)f2py_rout__pysimple_f90wrap_exchange_get_cancoord_mod__set__vartheta_c,doc_f2py_rout__pysimple_f90wrap_exchange_get_cancoord_mod__set__vartheta_c},
      |                                                                                                                                                                                                      ^
/proj/plasma/CODE/ert/SIMPLE/build/python/_pysimplemodule.c:59881:192: warning: cast between incompatible function types from ‘PyObject * (*)(const PyObject *, PyObject *, PyObject *, void (*)(double *))’ {aka ‘struct _object * (*)(const struct _object *, struct _object *, struct _object *, void (*)(double *))’} to ‘void (*)(int *, npy_intp *, void (*)(char *, npy_intp *), int *)’ {aka ‘void (*)(int *, long int *, void (*)(char *, long int *), int *)’} [-Wcast-function-type]
59881 |     {"f90wrap_exchange_get_cancoord_mod__get__varphi_c",-1,{{-1}},0,0,(char *)  F_FUNC_US(f90wrap_exchange_get_cancoord_mod__get__varphi_c,F90WRAP_EXCHANGE_GET_CANCOORD_MOD__GET__VARPHI_C),  (f2py_init_func)f2py_rout__pysimple_f90wrap_exchange_get_cancoord_mod__get__varphi_c,doc_f2py_rout__pysimple_f90wrap_exchange_get_cancoord_mod__get__varphi_c},
      |                                                                                                                                                                                                ^
/proj/plasma/CODE/ert/SIMPLE/build/python/_pysimplemodule.c:59882:192: warning: cast between incompatible function types from ‘PyObject * (*)(const PyObject *, PyObject *, PyObject *, void (*)(double *))’ {aka ‘struct _object * (*)(const struct _object *, struct _object *, struct _object *, void (*)(double *))’} to ‘void (*)(int *, npy_intp *, void (*)(char *, npy_intp *), int *)’ {aka ‘void (*)(int *, long int *, void (*)(char *, long int *), int *)’} [-Wcast-function-type]
59882 |     {"f90wrap_exchange_get_cancoord_mod__set__varphi_c",-1,{{-1}},0,0,(char *)  F_FUNC_US(f90wrap_exchange_get_cancoord_mod__set__varphi_c,F90WRAP_EXCHANGE_GET_CANCOORD_MOD__SET__VARPHI_C),  (f2py_init_func)f2py_rout__pysimple_f90wrap_exchange_get_cancoord_mod__set__varphi_c,doc_f2py_rout__pysimple_f90wrap_exchange_get_cancoord_mod__set__varphi_c},
      |                                                                                                                                                                                                ^
/proj/plasma/CODE/ert/SIMPLE/build/python/_pysimplemodule.c:59883:177: warning: cast between incompatible function types from ‘PyObject * (*)(const PyObject *, PyObject *, PyObject *, void (*)(double *))’ {aka ‘struct _object * (*)(const struct _object *, struct _object *, struct _object *, void (*)(double *))’} to ‘void (*)(int *, npy_intp *, void (*)(char *, npy_intp *), int *)’ {aka ‘void (*)(int *, long int *, void (*)(char *, long int *), int *)’} [-Wcast-function-type]
59883 |     {"f90wrap_exchange_get_cancoord_mod__get__sqg",-1,{{-1}},0,0,(char *)  F_FUNC_US(f90wrap_exchange_get_cancoord_mod__get__sqg,F90WRAP_EXCHANGE_GET_CANCOORD_MOD__GET__SQG),  (f2py_init_func)f2py_rout__pysimple_f90wrap_exchange_get_cancoord_mod__get__sqg,doc_f2py_rout__pysimple_f90wrap_exchange_get_cancoord_mod__get__sqg},
      |                                                                                                                                                                                 ^
/proj/plasma/CODE/ert/SIMPLE/build/python/_pysimplemodule.c:59884:177: warning: cast between incompatible function types from ‘PyObject * (*)(const PyObject *, PyObject *, PyObject *, void (*)(double *))’ {aka ‘struct _object * (*)(const struct _object *, struct _object *, struct _object *, void (*)(double *))’} to ‘void (*)(int *, npy_intp *, void (*)(char *, npy_intp *), int *)’ {aka ‘void (*)(int *, long int *, void (*)(char *, long int *), int *)’} [-Wcast-function-type]
59884 |     {"f90wrap_exchange_get_cancoord_mod__set__sqg",-1,{{-1}},0,0,(char *)  F_FUNC_US(f90wrap_exchange_get_cancoord_mod__set__sqg,F90WRAP_EXCHANGE_GET_CANCOORD_MOD__SET__SQG),  (f2py_init_func)f2py_rout__pysimple_f90wrap_exchange_get_cancoord_mod__set__sqg,doc_f2py_rout__pysimple_f90wrap_exchange_get_cancoord_mod__set__sqg},
      |                                                                                                                                                                                 ^
/proj/plasma/CODE/ert/SIMPLE/build/python/_pysimplemodule.c:59885:183: warning: cast between incompatible function types from ‘PyObject * (*)(const PyObject *, PyObject *, PyObject *, void (*)(double *))’ {aka ‘struct _object * (*)(const struct _object *, struct _object *, struct _object *, void (*)(double *))’} to ‘void (*)(int *, npy_intp *, void (*)(char *, npy_intp *), int *)’ {aka ‘void (*)(int *, long int *, void (*)(char *, long int *), int *)’} [-Wcast-function-type]
59885 |     {"f90wrap_exchange_get_cancoord_mod__get__aiota",-1,{{-1}},0,0,(char *)  F_FUNC_US(f90wrap_exchange_get_cancoord_mod__get__aiota,F90WRAP_EXCHANGE_GET_CANCOORD_MOD__GET__AIOTA),  (f2py_init_func)f2py_rout__pysimple_f90wrap_exchange_get_cancoord_mod__get__aiota,doc_f2py_rout__pysimple_f90wrap_exchange_get_cancoord_mod__get__aiota},
      |                                                                                                                                                                                       ^
/proj/plasma/CODE/ert/SIMPLE/build/python/_pysimplemodule.c:59886:183: warning: cast between incompatible function types from ‘PyObject * (*)(const PyObject *, PyObject *, PyObject *, void (*)(double *))’ {aka ‘struct _object * (*)(const struct _object *, struct _object *, struct _object *, void (*)(double *))’} to ‘void (*)(int *, npy_intp *, void (*)(char *, npy_intp *), int *)’ {aka ‘void (*)(int *, long int *, void (*)(char *, long int *), int *)’} [-Wcast-function-type]
59886 |     {"f90wrap_exchange_get_cancoord_mod__set__aiota",-1,{{-1}},0,0,(char *)  F_FUNC_US(f90wrap_exchange_get_cancoord_mod__set__aiota,F90WRAP_EXCHANGE_GET_CANCOORD_MOD__SET__AIOTA),  (f2py_init_func)f2py_rout__pysimple_f90wrap_exchange_get_cancoord_mod__set__aiota,doc_f2py_rout__pysimple_f90wrap_exchange_get_cancoord_mod__set__aiota},
      |                                                                                                                                                                                       ^
/proj/plasma/CODE/ert/SIMPLE/build/python/_pysimplemodule.c:59887:213: warning: cast between incompatible function types from ‘PyObject * (*)(const PyObject *, PyObject *, PyObject *, void (*)(double *))’ {aka ‘struct _object * (*)(const struct _object *, struct _object *, struct _object *, void (*)(double *))’} to ‘void (*)(int *, npy_intp *, void (*)(char *, npy_intp *), int *)’ {aka ‘void (*)(int *, long int *, void (*)(char *, long int *), int *)’} [-Wcast-function-type]
59887 |     {"f90wrap_exchange_get_cancoord_mod__get__bcovar_vartheta",-1,{{-1}},0,0,(char *)  F_FUNC_US(f90wrap_exchange_get_cancoord_mod__get__bcovar_vartheta,F90WRAP_EXCHANGE_GET_CANCOORD_MOD__GET__BCOVAR_VARTHETA),  (f2py_init_func)f2py_rout__pysimple_f90wrap_exchange_get_cancoord_mod__get__bcovar_vartheta,doc_f2py_rout__pysimple_f90wrap_exchange_get_cancoord_mod__get__bcovar_vartheta},
      |                                                                                                                                                                                                                     ^
/proj/plasma/CODE/ert/SIMPLE/build/python/_pysimplemodule.c:59888:213: warning: cast between incompatible function types from ‘PyObject * (*)(const PyObject *, PyObject *, PyObject *, void (*)(double *))’ {aka ‘struct _object * (*)(const struct _object *, struct _object *, struct _object *, void (*)(double *))’} to ‘void (*)(int *, npy_intp *, void (*)(char *, npy_intp *), int *)’ {aka ‘void (*)(int *, long int *, void (*)(char *, long int *), int *)’} [-Wcast-function-type]
59888 |     {"f90wrap_exchange_get_cancoord_mod__set__bcovar_vartheta",-1,{{-1}},0,0,(char *)  F_FUNC_US(f90wrap_exchange_get_cancoord_mod__set__bcovar_vartheta,F90WRAP_EXCHANGE_GET_CANCOORD_MOD__SET__BCOVAR_VARTHETA),  (f2py_init_func)f2py_rout__pysimple_f90wrap_exchange_get_cancoord_mod__set__bcovar_vartheta,doc_f2py_rout__pysimple_f90wrap_exchange_get_cancoord_mod__set__bcovar_vartheta},
      |                                                                                                                                                                                                                     ^
/proj/plasma/CODE/ert/SIMPLE/build/python/_pysimplemodule.c:59889:207: warning: cast between incompatible function types from ‘PyObject * (*)(const PyObject *, PyObject *, PyObject *, void (*)(double *))’ {aka ‘struct _object * (*)(const struct _object *, struct _object *, struct _object *, void (*)(double *))’} to ‘void (*)(int *, npy_intp *, void (*)(char *, npy_intp *), int *)’ {aka ‘void (*)(int *, long int *, void (*)(char *, long int *), int *)’} [-Wcast-function-type]
59889 |     {"f90wrap_exchange_get_cancoord_mod__get__bcovar_varphi",-1,{{-1}},0,0,(char *)  F_FUNC_US(f90wrap_exchange_get_cancoord_mod__get__bcovar_varphi,F90WRAP_EXCHANGE_GET_CANCOORD_MOD__GET__BCOVAR_VARPHI),  (f2py_init_func)f2py_rout__pysimple_f90wrap_exchange_get_cancoord_mod__get__bcovar_varphi,doc_f2py_rout__pysimple_f90wrap_exchange_get_cancoord_mod__get__bcovar_varphi},
      |                                                                                                                                                                                                               ^
/proj/plasma/CODE/ert/SIMPLE/build/python/_pysimplemodule.c:59890:207: warning: cast between incompatible function types from ‘PyObject * (*)(const PyObject *, PyObject *, PyObject *, void (*)(double *))’ {aka ‘struct _object * (*)(const struct _object *, struct _object *, struct _object *, void (*)(double *))’} to ‘void (*)(int *, npy_intp *, void (*)(char *, npy_intp *), int *)’ {aka ‘void (*)(int *, long int *, void (*)(char *, long int *), int *)’} [-Wcast-function-type]
59890 |     {"f90wrap_exchange_get_cancoord_mod__set__bcovar_varphi",-1,{{-1}},0,0,(char *)  F_FUNC_US(f90wrap_exchange_get_cancoord_mod__set__bcovar_varphi,F90WRAP_EXCHANGE_GET_CANCOORD_MOD__SET__BCOVAR_VARPHI),  (f2py_init_func)f2py_rout__pysimple_f90wrap_exchange_get_cancoord_mod__set__bcovar_varphi,doc_f2py_rout__pysimple_f90wrap_exchange_get_cancoord_mod__set__bcovar_varphi},
      |                                                                                                                                                                                                               ^
/proj/plasma/CODE/ert/SIMPLE/build/python/_pysimplemodule.c:59891:189: warning: cast between incompatible function types from ‘PyObject * (*)(const PyObject *, PyObject *, PyObject *, void (*)(double *))’ {aka ‘struct _object * (*)(const struct _object *, struct _object *, struct _object *, void (*)(double *))’} to ‘void (*)(int *, npy_intp *, void (*)(char *, npy_intp *), int *)’ {aka ‘void (*)(int *, long int *, void (*)(char *, long int *), int *)’} [-Wcast-function-type]
59891 |     {"f90wrap_exchange_get_cancoord_mod__get__a_theta",-1,{{-1}},0,0,(char *)  F_FUNC_US(f90wrap_exchange_get_cancoord_mod__get__a_theta,F90WRAP_EXCHANGE_GET_CANCOORD_MOD__GET__A_THETA),  (f2py_init_func)f2py_rout__pysimple_f90wrap_exchange_get_cancoord_mod__get__a_theta,doc_f2py_rout__pysimple_f90wrap_exchange_get_cancoord_mod__get__a_theta},
      |                                                                                                                                                                                             ^
/proj/plasma/CODE/ert/SIMPLE/build/python/_pysimplemodule.c:59892:189: warning: cast between incompatible function types from ‘PyObject * (*)(const PyObject *, PyObject *, PyObject *, void (*)(double *))’ {aka ‘struct _object * (*)(const struct _object *, struct _object *, struct _object *, void (*)(double *))’} to ‘void (*)(int *, npy_intp *, void (*)(char *, npy_intp *), int *)’ {aka ‘void (*)(int *, long int *, void (*)(char *, long int *), int *)’} [-Wcast-function-type]
59892 |     {"f90wrap_exchange_get_cancoord_mod__set__a_theta",-1,{{-1}},0,0,(char *)  F_FUNC_US(f90wrap_exchange_get_cancoord_mod__set__a_theta,F90WRAP_EXCHANGE_GET_CANCOORD_MOD__SET__A_THETA),  (f2py_init_func)f2py_rout__pysimple_f90wrap_exchange_get_cancoord_mod__set__a_theta,doc_f2py_rout__pysimple_f90wrap_exchange_get_cancoord_mod__set__a_theta},
      |                                                                                                                                                                                             ^
/proj/plasma/CODE/ert/SIMPLE/build/python/_pysimplemodule.c:59893:183: warning: cast between incompatible function types from ‘PyObject * (*)(const PyObject *, PyObject *, PyObject *, void (*)(double *))’ {aka ‘struct _object * (*)(const struct _object *, struct _object *, struct _object *, void (*)(double *))’} to ‘void (*)(int *, npy_intp *, void (*)(char *, npy_intp *), int *)’ {aka ‘void (*)(int *, long int *, void (*)(char *, long int *), int *)’} [-Wcast-function-type]
59893 |     {"f90wrap_exchange_get_cancoord_mod__get__a_phi",-1,{{-1}},0,0,(char *)  F_FUNC_US(f90wrap_exchange_get_cancoord_mod__get__a_phi,F90WRAP_EXCHANGE_GET_CANCOORD_MOD__GET__A_PHI),  (f2py_init_func)f2py_rout__pysimple_f90wrap_exchange_get_cancoord_mod__get__a_phi,doc_f2py_rout__pysimple_f90wrap_exchange_get_cancoord_mod__get__a_phi},
      |                                                                                                                                                                                       ^
/proj/plasma/CODE/ert/SIMPLE/build/python/_pysimplemodule.c:59894:183: warning: cast between incompatible function types from ‘PyObject * (*)(const PyObject *, PyObject *, PyObject *, void (*)(double *))’ {aka ‘struct _object * (*)(const struct _object *, struct _object *, struct _object *, void (*)(double *))’} to ‘void (*)(int *, npy_intp *, void (*)(char *, npy_intp *), int *)’ {aka ‘void (*)(int *, long int *, void (*)(char *, long int *), int *)’} [-Wcast-function-type]
59894 |     {"f90wrap_exchange_get_cancoord_mod__set__a_phi",-1,{{-1}},0,0,(char *)  F_FUNC_US(f90wrap_exchange_get_cancoord_mod__set__a_phi,F90WRAP_EXCHANGE_GET_CANCOORD_MOD__SET__A_PHI),  (f2py_init_func)f2py_rout__pysimple_f90wrap_exchange_get_cancoord_mod__set__a_phi,doc_f2py_rout__pysimple_f90wrap_exchange_get_cancoord_mod__set__a_phi},
      |                                                                                                                                                                                       ^
/proj/plasma/CODE/ert/SIMPLE/build/python/_pysimplemodule.c:59895:183: warning: cast between incompatible function types from ‘PyObject * (*)(const PyObject *, PyObject *, PyObject *, void (*)(double *))’ {aka ‘struct _object * (*)(const struct _object *, struct _object *, struct _object *, void (*)(double *))’} to ‘void (*)(int *, npy_intp *, void (*)(char *, npy_intp *), int *)’ {aka ‘void (*)(int *, long int *, void (*)(char *, long int *), int *)’} [-Wcast-function-type]
59895 |     {"f90wrap_exchange_get_cancoord_mod__get__theta",-1,{{-1}},0,0,(char *)  F_FUNC_US(f90wrap_exchange_get_cancoord_mod__get__theta,F90WRAP_EXCHANGE_GET_CANCOORD_MOD__GET__THETA),  (f2py_init_func)f2py_rout__pysimple_f90wrap_exchange_get_cancoord_mod__get__theta,doc_f2py_rout__pysimple_f90wrap_exchange_get_cancoord_mod__get__theta},
      |                                                                                                                                                                                       ^
/proj/plasma/CODE/ert/SIMPLE/build/python/_pysimplemodule.c:59896:183: warning: cast between incompatible function types from ‘PyObject * (*)(const PyObject *, PyObject *, PyObject *, void (*)(double *))’ {aka ‘struct _object * (*)(const struct _object *, struct _object *, struct _object *, void (*)(double *))’} to ‘void (*)(int *, npy_intp *, void (*)(char *, npy_intp *), int *)’ {aka ‘void (*)(int *, long int *, void (*)(char *, long int *), int *)’} [-Wcast-function-type]
59896 |     {"f90wrap_exchange_get_cancoord_mod__set__theta",-1,{{-1}},0,0,(char *)  F_FUNC_US(f90wrap_exchange_get_cancoord_mod__set__theta,F90WRAP_EXCHANGE_GET_CANCOORD_MOD__SET__THETA),  (f2py_init_func)f2py_rout__pysimple_f90wrap_exchange_get_cancoord_mod__set__theta,doc_f2py_rout__pysimple_f90wrap_exchange_get_cancoord_mod__set__theta},
      |                                                                                                                                                                                       ^
/proj/plasma/CODE/ert/SIMPLE/build/python/_pysimplemodule.c:59897:213: warning: cast between incompatible function types from ‘PyObject * (*)(const PyObject *, PyObject *, PyObject *, void (*)(double *))’ {aka ‘struct _object * (*)(const struct _object *, struct _object *, struct _object *, void (*)(double *))’} to ‘void (*)(int *, npy_intp *, void (*)(char *, npy_intp *), int *)’ {aka ‘void (*)(int *, long int *, void (*)(char *, long int *), int *)’} [-Wcast-function-type]
59897 |     {"f90wrap_exchange_get_cancoord_mod__get__bctrvr_vartheta",-1,{{-1}},0,0,(char *)  F_FUNC_US(f90wrap_exchange_get_cancoord_mod__get__bctrvr_vartheta,F90WRAP_EXCHANGE_GET_CANCOORD_MOD__GET__BCTRVR_VARTHETA),  (f2py_init_func)f2py_rout__pysimple_f90wrap_exchange_get_cancoord_mod__get__bctrvr_vartheta,doc_f2py_rout__pysimple_f90wrap_exchange_get_cancoord_mod__get__bctrvr_vartheta},
      |                                                                                                                                                                                                                     ^
/proj/plasma/CODE/ert/SIMPLE/build/python/_pysimplemodule.c:59898:213: warning: cast between incompatible function types from ‘PyObject * (*)(const PyObject *, PyObject *, PyObject *, void (*)(double *))’ {aka ‘struct _object * (*)(const struct _object *, struct _object *, struct _object *, void (*)(double *))’} to ‘void (*)(int *, npy_intp *, void (*)(char *, npy_intp *), int *)’ {aka ‘void (*)(int *, long int *, void (*)(char *, long int *), int *)’} [-Wcast-function-type]
59898 |     {"f90wrap_exchange_get_cancoord_mod__set__bctrvr_vartheta",-1,{{-1}},0,0,(char *)  F_FUNC_US(f90wrap_exchange_get_cancoord_mod__set__bctrvr_vartheta,F90WRAP_EXCHANGE_GET_CANCOORD_MOD__SET__BCTRVR_VARTHETA),  (f2py_init_func)f2py_rout__pysimple_f90wrap_exchange_get_cancoord_mod__set__bctrvr_vartheta,doc_f2py_rout__pysimple_f90wrap_exchange_get_cancoord_mod__set__bctrvr_vartheta},
      |                                                                                                                                                                                                                     ^
/proj/plasma/CODE/ert/SIMPLE/build/python/_pysimplemodule.c:59899:207: warning: cast between incompatible function types from ‘PyObject * (*)(const PyObject *, PyObject *, PyObject *, void (*)(double *))’ {aka ‘struct _object * (*)(const struct _object *, struct _object *, struct _object *, void (*)(double *))’} to ‘void (*)(int *, npy_intp *, void (*)(char *, npy_intp *), int *)’ {aka ‘void (*)(int *, long int *, void (*)(char *, long int *), int *)’} [-Wcast-function-type]
59899 |     {"f90wrap_exchange_get_cancoord_mod__get__bctrvr_varphi",-1,{{-1}},0,0,(char *)  F_FUNC_US(f90wrap_exchange_get_cancoord_mod__get__bctrvr_varphi,F90WRAP_EXCHANGE_GET_CANCOORD_MOD__GET__BCTRVR_VARPHI),  (f2py_init_func)f2py_rout__pysimple_f90wrap_exchange_get_cancoord_mod__get__bctrvr_varphi,doc_f2py_rout__pysimple_f90wrap_exchange_get_cancoord_mod__get__bctrvr_varphi},
      |                                                                                                                                                                                                               ^
/proj/plasma/CODE/ert/SIMPLE/build/python/_pysimplemodule.c:59900:207: warning: cast between incompatible function types from ‘PyObject * (*)(const PyObject *, PyObject *, PyObject *, void (*)(double *))’ {aka ‘struct _object * (*)(const struct _object *, struct _object *, struct _object *, void (*)(double *))’} to ‘void (*)(int *, npy_intp *, void (*)(char *, npy_intp *), int *)’ {aka ‘void (*)(int *, long int *, void (*)(char *, long int *), int *)’} [-Wcast-function-type]
59900 |     {"f90wrap_exchange_get_cancoord_mod__set__bctrvr_varphi",-1,{{-1}},0,0,(char *)  F_FUNC_US(f90wrap_exchange_get_cancoord_mod__set__bctrvr_varphi,F90WRAP_EXCHANGE_GET_CANCOORD_MOD__SET__BCTRVR_VARPHI),  (f2py_init_func)f2py_rout__pysimple_f90wrap_exchange_get_cancoord_mod__set__bctrvr_varphi,doc_f2py_rout__pysimple_f90wrap_exchange_get_cancoord_mod__set__bctrvr_varphi},
      |                                                                                                                                                                                                               ^
/proj/plasma/CODE/ert/SIMPLE/build/python/_pysimplemodule.c:59901:144: warning: cast between incompatible function types from ‘PyObject * (*)(const PyObject *, PyObject *, PyObject *, void (*)(double *, double *, double *, double *, double *))’ {aka ‘struct _object * (*)(const struct _object *, struct _object *, struct _object *, void (*)(double *, double *, double *, double *, double *))’} to ‘void (*)(int *, npy_intp *, void (*)(char *, npy_intp *), int *)’ {aka ‘void (*)(int *, long int *, void (*)(char *, long int *), int *)’} [-Wcast-function-type]
59901 |     {"f90wrap_get_can_sub__vmec_to_can",-1,{{-1}},0,0,(char *)  F_FUNC_US(f90wrap_get_can_sub__vmec_to_can,F90WRAP_GET_CAN_SUB__VMEC_TO_CAN),  (f2py_init_func)f2py_rout__pysimple_f90wrap_get_can_sub__vmec_to_can,doc_f2py_rout__pysimple_f90wrap_get_can_sub__vmec_to_can},
      |                                                                                                                                                ^
/proj/plasma/CODE/ert/SIMPLE/build/python/_pysimplemodule.c:59902:147: warning: cast between incompatible function types from ‘PyObject * (*)(const PyObject *, PyObject *, PyObject *, void (*)(double *, double *, double *))’ {aka ‘struct _object * (*)(const struct _object *, struct _object *, struct _object *, void (*)(double *, double *, double *))’} to ‘void (*)(int *, npy_intp *, void (*)(char *, npy_intp *), int *)’ {aka ‘void (*)(int *, long int *, void (*)(char *, long int *), int *)’} [-Wcast-function-type]
59902 |     {"f90wrap_get_can_sub__rhs_cancoord",-1,{{-1}},0,0,(char *)  F_FUNC_US(f90wrap_get_can_sub__rhs_cancoord,F90WRAP_GET_CAN_SUB__RHS_CANCOORD),  (f2py_init_func)f2py_rout__pysimple_f90wrap_get_can_sub__rhs_cancoord,doc_f2py_rout__pysimple_f90wrap_get_can_sub__rhs_cancoord},
      |                                                                                                                                                   ^
/proj/plasma/CODE/ert/SIMPLE/build/python/_pysimplemodule.c:59903:159: warning: cast between incompatible function types from ‘PyObject * (*)(const PyObject *, PyObject *, PyObject *, void (*)(int *))’ {aka ‘struct _object * (*)(const struct _object *, struct _object *, struct _object *, void (*)(int *))’} to ‘void (*)(int *, npy_intp *, void (*)(char *, npy_intp *), int *)’ {aka ‘void (*)(int *, long int *, void (*)(char *, long int *), int *)’} [-Wcast-function-type]
59903 |     {"f90wrap_get_can_sub__spline_can_coord",-1,{{-1}},0,0,(char *)  F_FUNC_US(f90wrap_get_can_sub__spline_can_coord,F90WRAP_GET_CAN_SUB__SPLINE_CAN_COORD),  (f2py_init_func)f2py_rout__pysimple_f90wrap_get_can_sub__spline_can_coord,doc_f2py_rout__pysimple_f90wrap_get_can_sub__spline_can_coord},
      |                                                                                                                                                               ^
/proj/plasma/CODE/ert/SIMPLE/build/python/_pysimplemodule.c:59904:201: warning: cast between incompatible function types from ‘PyObject * (*)(const PyObject *, PyObject *, PyObject *, void (*)(void))’ {aka ‘struct _object * (*)(const struct _object *, struct _object *, struct _object *, void (*)(void))’} to ‘void (*)(int *, npy_intp *, void (*)(char *, npy_intp *), int *)’ {aka ‘void (*)(int *, long int *, void (*)(char *, long int *), int *)’} [-Wcast-function-type]
59904 |     {"f90wrap_get_can_sub__get_canonical_coordinates_impl",-1,{{-1}},0,0,(char *)  F_FUNC_US(f90wrap_get_can_sub__get_canonical_coordinates_impl,F90WRAP_GET_CAN_SUB__GET_CANONICAL_COORDINATES_IMPL),  (f2py_init_func)f2py_rout__pysimple_f90wrap_get_can_sub__get_canonical_coordinates_impl,doc_f2py_rout__pysimple_f90wrap_get_can_sub__get_canonical_coordinates_impl},
      |                                                                                                                                                                                                         ^
/proj/plasma/CODE/ert/SIMPLE/build/python/_pysimplemodule.c:59905:144: warning: cast between incompatible function types from ‘PyObject * (*)(const PyObject *, PyObject *, PyObject *, void (*)(double *, double *, double *, double *, double *))’ {aka ‘struct _object * (*)(const struct _object *, struct _object *, struct _object *, void (*)(double *, double *, double *, double *, double *))’} to ‘void (*)(int *, npy_intp *, void (*)(char *, npy_intp *), int *)’ {aka ‘void (*)(int *, long int *, void (*)(char *, long int *), int *)’} [-Wcast-function-type]
59905 |     {"f90wrap_get_can_sub__vmec_to_cyl",-1,{{-1}},0,0,(char *)  F_FUNC_US(f90wrap_get_can_sub__vmec_to_cyl,F90WRAP_GET_CAN_SUB__VMEC_TO_CYL),  (f2py_init_func)f2py_rout__pysimple_f90wrap_get_can_sub__vmec_to_cyl,doc_f2py_rout__pysimple_f90wrap_get_can_sub__vmec_to_cyl},
      |                                                                                                                                                ^
/proj/plasma/CODE/ert/SIMPLE/build/python/_pysimplemodule.c:59906:144: warning: cast between incompatible function types from ‘PyObject * (*)(const PyObject *, PyObject *, PyObject *, void (*)(double *, double *, double *, double *, double *))’ {aka ‘struct _object * (*)(const struct _object *, struct _object *, struct _object *, void (*)(double *, double *, double *, double *, double *))’} to ‘void (*)(int *, npy_intp *, void (*)(char *, npy_intp *), int *)’ {aka ‘void (*)(int *, long int *, void (*)(char *, long int *), int *)’} [-Wcast-function-type]
59906 |     {"f90wrap_get_can_sub__can_to_vmec",-1,{{-1}},0,0,(char *)  F_FUNC_US(f90wrap_get_can_sub__can_to_vmec,F90WRAP_GET_CAN_SUB__CAN_TO_VMEC),  (f2py_init_func)f2py_rout__pysimple_f90wrap_get_can_sub__can_to_vmec,doc_f2py_rout__pysimple_f90wrap_get_can_sub__can_to_vmec},
      |                                                                                                                                                ^
/proj/plasma/CODE/ert/SIMPLE/build/python/_pysimplemodule.c:59907:153: warning: cast between incompatible function types from ‘PyObject * (*)(const PyObject *, PyObject *, PyObject *, void (*)(char *, int *, int *, size_t))’ {aka ‘struct _object * (*)(const struct _object *, struct _object *, struct _object *, void (*)(char *, int *, int *, long unsigned int))’} to ‘void (*)(int *, npy_intp *, void (*)(char *, npy_intp *), int *)’ {aka ‘void (*)(int *, long int *, void (*)(char *, long int *), int *)’} [-Wcast-function-type]
59907 |     {"f90wrap_get_can_sub__print_progress",-1,{{-1}},0,0,(char *)  F_FUNC_US(f90wrap_get_can_sub__print_progress,F90WRAP_GET_CAN_SUB__PRINT_PROGRESS),  (f2py_init_func)f2py_rout__pysimple_f90wrap_get_can_sub__print_progress,doc_f2py_rout__pysimple_f90wrap_get_can_sub__print_progress},
      |                                                                                                                                                         ^
/proj/plasma/CODE/ert/SIMPLE/build/python/_pysimplemodule.c:59908:186: warning: cast between incompatible function types from ‘PyObject * (*)(const PyObject *, PyObject *, PyObject *, void (*)(void))’ {aka ‘struct _object * (*)(const struct _object *, struct _object *, struct _object *, void (*)(void))’} to ‘void (*)(int *, npy_intp *, void (*)(char *, npy_intp *), int *)’ {aka ‘void (*)(int *, long int *, void (*)(char *, long int *), int *)’} [-Wcast-function-type]
59908 |     {"f90wrap_get_can_sub__get_canonical_coordinates",-1,{{-1}},0,0,(char *)  F_FUNC_US(f90wrap_get_can_sub__get_canonical_coordinates,F90WRAP_GET_CAN_SUB__GET_CANONICAL_COORDINATES),  (f2py_init_func)f2py_rout__pysimple_f90wrap_get_can_sub__get_canonical_coordinates,doc_f2py_rout__pysimple_f90wrap_get_can_sub__get_canonical_coordinates},
      |                                                                                                                                                                                          ^
/proj/plasma/CODE/ert/SIMPLE/build/python/_pysimplemodule.c:59909:159: warning: cast between incompatible function types from ‘PyObject * (*)(const PyObject *, PyObject *, PyObject *, void (*)(int *, int *, double *, double *, double *, double *, double *, double *, double *, double *, double *, double *, double *, double *, double *, double *, double *, double *, double *, double *, double *, double *, double *, double *, double *, double *, double *, double *, double *, double *, double *, double *, double *, double *, double *, double *, double *, double *, double *, double *, double *, double *))’ {aka ‘struct _object * (*)(const struct _object *, struct _object *, struct _object *, void (*)(int *, int *, double *, double *, double *, double *, double *, double *, double *, double *, double *, double *, double *, double *, double *, double *, double *, double *, double *, double *, double *, double *, double *, double *, double *, double *, double *, double *, double *, double *, double *, double *, double *, double *, double *, double *, double *, double *, double *, double *, double *, double *))’} to ‘void (*)(int *, npy_intp *, void (*)(char *, npy_intp *), int *)’ {aka ‘void (*)(int *, long int *, void (*)(char *, long int *), int *)’} [-Wcast-function-type]
59909 |     {"f90wrap_get_can_sub__splint_can_coord",-1,{{-1}},0,0,(char *)  F_FUNC_US(f90wrap_get_can_sub__splint_can_coord,F90WRAP_GET_CAN_SUB__SPLINT_CAN_COORD),  (f2py_init_func)f2py_rout__pysimple_f90wrap_get_can_sub__splint_can_coord,doc_f2py_rout__pysimple_f90wrap_get_can_sub__splint_can_coord},
      |                                                                                                                                                               ^
/proj/plasma/CODE/ert/SIMPLE/build/python/_pysimplemodule.c:59910:171: warning: cast between incompatible function types from ‘PyObject * (*)(const PyObject *, PyObject *, PyObject *, void (*)(void))’ {aka ‘struct _object * (*)(const struct _object *, struct _object *, struct _object *, void (*)(void))’} to ‘void (*)(int *, npy_intp *, void (*)(char *, npy_intp *), int *)’ {aka ‘void (*)(int *, long int *, void (*)(char *, long int *), int *)’} [-Wcast-function-type]
59910 |     {"f90wrap_get_can_sub__deallocate_can_coord",-1,{{-1}},0,0,(char *)  F_FUNC_US(f90wrap_get_can_sub__deallocate_can_coord,F90WRAP_GET_CAN_SUB__DEALLOCATE_CAN_COORD),  (f2py_init_func)f2py_rout__pysimple_f90wrap_get_can_sub__deallocate_can_coord,doc_f2py_rout__pysimple_f90wrap_get_can_sub__deallocate_can_coord},
      |                                                                                                                                                                           ^
/proj/plasma/CODE/ert/SIMPLE/build/python/_pysimplemodule.c:59911:186: warning: cast between incompatible function types from ‘PyObject * (*)(const PyObject *, PyObject *, PyObject *, void (*)(int *, int *, double *, double *))’ {aka ‘struct _object * (*)(const struct _object *, struct _object *, struct _object *, void (*)(int *, int *, double *, double *))’} to ‘void (*)(int *, npy_intp *, void (*)(char *, npy_intp *), int *)’ {aka ‘void (*)(int *, long int *, void (*)(char *, long int *), int *)’} [-Wcast-function-type]
59911 |     {"f90wrap_stencil_utils__init_derivative_stencil",-1,{{-1}},0,0,(char *)  F_FUNC_US(f90wrap_stencil_utils__init_derivative_stencil,F90WRAP_STENCIL_UTILS__INIT_DERIVATIVE_STENCIL),  (f2py_init_func)f2py_rout__pysimple_f90wrap_stencil_utils__init_derivative_stencil,doc_f2py_rout__pysimple_f90wrap_stencil_utils__init_derivative_stencil},
      |                                                                                                                                                                                          ^
/proj/plasma/CODE/ert/SIMPLE/build/python/_pysimplemodule.c:59912:180: warning: cast between incompatible function types from ‘PyObject * (*)(const PyObject *, PyObject *, PyObject *, void (*)(int *, int *, int *, int *, double *, double *, double *))’ {aka ‘struct _object * (*)(const struct _object *, struct _object *, struct _object *, void (*)(int *, int *, int *, int *, double *, double *, double *))’} to ‘void (*)(int *, npy_intp *, void (*)(char *, npy_intp *), int *)’ {aka ‘void (*)(int *, long int *, void (*)(char *, long int *), int *)’} [-Wcast-function-type]
59912 |     {"f90wrap_array_utils__init_derivative_factors",-1,{{-1}},0,0,(char *)  F_FUNC_US(f90wrap_array_utils__init_derivative_factors,F90WRAP_ARRAY_UTILS__INIT_DERIVATIVE_FACTORS),  (f2py_init_func)f2py_rout__pysimple_f90wrap_array_utils__init_derivative_factors,doc_f2py_rout__pysimple_f90wrap_array_utils__init_derivative_factors},
      |                                                                                                                                                                                    ^
/proj/plasma/CODE/ert/SIMPLE/build/python/_pysimplemodule.c:59913:177: warning: cast between incompatible function types from ‘PyObject * (*)(const PyObject *, PyObject *, PyObject *, void (*)(void))’ {aka ‘struct _object * (*)(const struct _object *, struct _object *, struct _object *, void (*)(void))’} to ‘void (*)(int *, npy_intp *, void (*)(char *, npy_intp *), int *)’ {aka ‘void (*)(int *, long int *, void (*)(char *, long int *), int *)’} [-Wcast-function-type]
59913 |     {"f90wrap_params__reset_seed_if_deterministic",-1,{{-1}},0,0,(char *)  F_FUNC_US(f90wrap_params__reset_seed_if_deterministic,F90WRAP_PARAMS__RESET_SEED_IF_DETERMINISTIC),  (f2py_init_func)f2py_rout__pysimple_f90wrap_params__reset_seed_if_deterministic,doc_f2py_rout__pysimple_f90wrap_params__reset_seed_if_deterministic},
      |                                                                                                                                                                                 ^
/proj/plasma/CODE/ert/SIMPLE/build/python/_pysimplemodule.c:59914:129: warning: cast between incompatible function types from ‘PyObject * (*)(const PyObject *, PyObject *, PyObject *, void (*)(int *, int *))’ {aka ‘struct _object * (*)(const struct _object *, struct _object *, struct _object *, void (*)(int *, int *))’} to ‘void (*)(int *, npy_intp *, void (*)(char *, npy_intp *), int *)’ {aka ‘void (*)(int *, long int *, void (*)(char *, long int *), int *)’} [-Wcast-function-type]
59914 |     {"f90wrap_params__should_skip",-1,{{-1}},0,0,(char *)  F_FUNC_US(f90wrap_params__should_skip,F90WRAP_PARAMS__SHOULD_SKIP),  (f2py_init_func)f2py_rout__pysimple_f90wrap_params__should_skip,doc_f2py_rout__pysimple_f90wrap_params__should_skip},
      |                                                                                                                                 ^
/proj/plasma/CODE/ert/SIMPLE/build/python/_pysimplemodule.c:59915:129: warning: cast between incompatible function types from ‘PyObject * (*)(const PyObject *, PyObject *, PyObject *, void (*)(char *, size_t))’ {aka ‘struct _object * (*)(const struct _object *, struct _object *, struct _object *, void (*)(char *, long unsigned int))’} to ‘void (*)(int *, npy_intp *, void (*)(char *, npy_intp *), int *)’ {aka ‘void (*)(int *, long int *, void (*)(char *, long int *), int *)’} [-Wcast-function-type]
59915 |     {"f90wrap_params__read_config",-1,{{-1}},0,0,(char *)  F_FUNC_US(f90wrap_params__read_config,F90WRAP_PARAMS__READ_CONFIG),  (f2py_init_func)f2py_rout__pysimple_f90wrap_params__read_config,doc_f2py_rout__pysimple_f90wrap_params__read_config},
      |                                                                                                                                 ^
/proj/plasma/CODE/ert/SIMPLE/build/python/_pysimplemodule.c:59916:147: warning: cast between incompatible function types from ‘PyObject * (*)(const PyObject *, PyObject *, PyObject *, void (*)(void))’ {aka ‘struct _object * (*)(const struct _object *, struct _object *, struct _object *, void (*)(void))’} to ‘void (*)(int *, npy_intp *, void (*)(char *, npy_intp *), int *)’ {aka ‘void (*)(int *, long int *, void (*)(char *, long int *), int *)’} [-Wcast-function-type]
59916 |     {"f90wrap_params__reallocate_arrays",-1,{{-1}},0,0,(char *)  F_FUNC_US(f90wrap_params__reallocate_arrays,F90WRAP_PARAMS__REALLOCATE_ARRAYS),  (f2py_init_func)f2py_rout__pysimple_f90wrap_params__reallocate_arrays,doc_f2py_rout__pysimple_f90wrap_params__reallocate_arrays},
      |                                                                                                                                                   ^
/proj/plasma/CODE/ert/SIMPLE/build/python/_pysimplemodule.c:59917:120: warning: cast between incompatible function types from ‘PyObject * (*)(const PyObject *, PyObject *, PyObject *, void (*)(int *, int *, int *))’ {aka ‘struct _object * (*)(const struct _object *, struct _object *, struct _object *, void (*)(int *, int *, int *))’} to ‘void (*)(int *, npy_intp *, void (*)(char *, npy_intp *), int *)’ {aka ‘void (*)(int *, long int *, void (*)(char *, long int *), int *)’} [-Wcast-function-type]
59917 |     {"f90wrap_params__sort_idx",-1,{{-1}},0,0,(char *)  F_FUNC_US(f90wrap_params__sort_idx,F90WRAP_PARAMS__SORT_IDX),  (f2py_init_func)f2py_rout__pysimple_f90wrap_params__sort_idx,doc_f2py_rout__pysimple_f90wrap_params__sort_idx},
      |                                                                                                                        ^
/proj/plasma/CODE/ert/SIMPLE/build/python/_pysimplemodule.c:59918:126: warning: cast between incompatible function types from ‘PyObject * (*)(const PyObject *, PyObject *, PyObject *, void (*)(void))’ {aka ‘struct _object * (*)(const struct _object *, struct _object *, struct _object *, void (*)(void))’} to ‘void (*)(int *, npy_intp *, void (*)(char *, npy_intp *), int *)’ {aka ‘void (*)(int *, long int *, void (*)(char *, long int *), int *)’} [-Wcast-function-type]
59918 |     {"f90wrap_params__init_batch",-1,{{-1}},0,0,(char *)  F_FUNC_US(f90wrap_params__init_batch,F90WRAP_PARAMS__INIT_BATCH),  (f2py_init_func)f2py_rout__pysimple_f90wrap_params__init_batch,doc_f2py_rout__pysimple_f90wrap_params__init_batch},
      |                                                                                                                              ^
/proj/plasma/CODE/ert/SIMPLE/build/python/_pysimplemodule.c:59919:129: warning: cast between incompatible function types from ‘PyObject * (*)(const PyObject *, PyObject *, PyObject *, void (*)(void))’ {aka ‘struct _object * (*)(const struct _object *, struct _object *, struct _object *, void (*)(void))’} to ‘void (*)(int *, npy_intp *, void (*)(char *, npy_intp *), int *)’ {aka ‘void (*)(int *, long int *, void (*)(char *, long int *), int *)’} [-Wcast-function-type]
59919 |     {"f90wrap_params__params_init",-1,{{-1}},0,0,(char *)  F_FUNC_US(f90wrap_params__params_init,F90WRAP_PARAMS__PARAMS_INIT),  (f2py_init_func)f2py_rout__pysimple_f90wrap_params__params_init,doc_f2py_rout__pysimple_f90wrap_params__params_init},
      |                                                                                                                                 ^
/proj/plasma/CODE/ert/SIMPLE/build/python/_pysimplemodule.c:59920:123: warning: cast between incompatible function types from ‘PyObject * (*)(const PyObject *, PyObject *, PyObject *, void (*)(int *))’ {aka ‘struct _object * (*)(const struct _object *, struct _object *, struct _object *, void (*)(int *))’} to ‘void (*)(int *, npy_intp *, void (*)(char *, npy_intp *), int *)’ {aka ‘void (*)(int *, long int *, void (*)(char *, long int *), int *)’} [-Wcast-function-type]
59920 |     {"f90wrap_params__get__nper",-1,{{-1}},0,0,(char *)  F_FUNC_US(f90wrap_params__get__nper,F90WRAP_PARAMS__GET__NPER),  (f2py_init_func)f2py_rout__pysimple_f90wrap_params__get__nper,doc_f2py_rout__pysimple_f90wrap_params__get__nper},
      |                                                                                                                           ^
/proj/plasma/CODE/ert/SIMPLE/build/python/_pysimplemodule.c:59921:123: warning: cast between incompatible function types from ‘PyObject * (*)(const PyObject *, PyObject *, PyObject *, void (*)(int *))’ {aka ‘struct _object * (*)(const struct _object *, struct _object *, struct _object *, void (*)(int *))’} to ‘void (*)(int *, npy_intp *, void (*)(char *, npy_intp *), int *)’ {aka ‘void (*)(int *, long int *, void (*)(char *, long int *), int *)’} [-Wcast-function-type]
59921 |     {"f90wrap_params__set__nper",-1,{{-1}},0,0,(char *)  F_FUNC_US(f90wrap_params__set__nper,F90WRAP_PARAMS__SET__NPER),  (f2py_init_func)f2py_rout__pysimple_f90wrap_params__set__nper,doc_f2py_rout__pysimple_f90wrap_params__set__nper},
      |                                                                                                                           ^
/proj/plasma/CODE/ert/SIMPLE/build/python/_pysimplemodule.c:59922:138: warning: cast between incompatible function types from ‘PyObject * (*)(const PyObject *, PyObject *, PyObject *, void (*)(int *))’ {aka ‘struct _object * (*)(const struct _object *, struct _object *, struct _object *, void (*)(int *))’} to ‘void (*)(int *, npy_intp *, void (*)(char *, npy_intp *), int *)’ {aka ‘void (*)(int *, long int *, void (*)(char *, long int *), int *)’} [-Wcast-function-type]
59922 |     {"f90wrap_params__get__ntestpart",-1,{{-1}},0,0,(char *)  F_FUNC_US(f90wrap_params__get__ntestpart,F90WRAP_PARAMS__GET__NTESTPART),  (f2py_init_func)f2py_rout__pysimple_f90wrap_params__get__ntestpart,doc_f2py_rout__pysimple_f90wrap_params__get__ntestpart},
      |                                                                                                                                          ^
/proj/plasma/CODE/ert/SIMPLE/build/python/_pysimplemodule.c:59923:138: warning: cast between incompatible function types from ‘PyObject * (*)(const PyObject *, PyObject *, PyObject *, void (*)(int *))’ {aka ‘struct _object * (*)(const struct _object *, struct _object *, struct _object *, void (*)(int *))’} to ‘void (*)(int *, npy_intp *, void (*)(char *, npy_intp *), int *)’ {aka ‘void (*)(int *, long int *, void (*)(char *, long int *), int *)’} [-Wcast-function-type]
59923 |     {"f90wrap_params__set__ntestpart",-1,{{-1}},0,0,(char *)  F_FUNC_US(f90wrap_params__set__ntestpart,F90WRAP_PARAMS__SET__NTESTPART),  (f2py_init_func)f2py_rout__pysimple_f90wrap_params__set__ntestpart,doc_f2py_rout__pysimple_f90wrap_params__set__ntestpart},
      |                                                                                                                                          ^
/proj/plasma/CODE/ert/SIMPLE/build/python/_pysimplemodule.c:59924:144: warning: cast between incompatible function types from ‘PyObject * (*)(const PyObject *, PyObject *, PyObject *, void (*)(int *))’ {aka ‘struct _object * (*)(const struct _object *, struct _object *, struct _object *, void (*)(int *))’} to ‘void (*)(int *, npy_intp *, void (*)(char *, npy_intp *), int *)’ {aka ‘void (*)(int *, long int *, void (*)(char *, long int *), int *)’} [-Wcast-function-type]
59924 |     {"f90wrap_params__get__zstart_dim1",-1,{{-1}},0,0,(char *)  F_FUNC_US(f90wrap_params__get__zstart_dim1,F90WRAP_PARAMS__GET__ZSTART_DIM1),  (f2py_init_func)f2py_rout__pysimple_f90wrap_params__get__zstart_dim1,doc_f2py_rout__pysimple_f90wrap_params__get__zstart_dim1},
      |                                                                                                                                                ^
/proj/plasma/CODE/ert/SIMPLE/build/python/_pysimplemodule.c:59925:144: warning: cast between incompatible function types from ‘PyObject * (*)(const PyObject *, PyObject *, PyObject *, void (*)(int *))’ {aka ‘struct _object * (*)(const struct _object *, struct _object *, struct _object *, void (*)(int *))’} to ‘void (*)(int *, npy_intp *, void (*)(char *, npy_intp *), int *)’ {aka ‘void (*)(int *, long int *, void (*)(char *, long int *), int *)’} [-Wcast-function-type]
59925 |     {"f90wrap_params__set__zstart_dim1",-1,{{-1}},0,0,(char *)  F_FUNC_US(f90wrap_params__set__zstart_dim1,F90WRAP_PARAMS__SET__ZSTART_DIM1),  (f2py_init_func)f2py_rout__pysimple_f90wrap_params__set__zstart_dim1,doc_f2py_rout__pysimple_f90wrap_params__set__zstart_dim1},
      |                                                                                                                                                ^
/proj/plasma/CODE/ert/SIMPLE/build/python/_pysimplemodule.c:59926:123: warning: cast between incompatible function types from ‘PyObject * (*)(const PyObject *, PyObject *, PyObject *, void (*)(double *))’ {aka ‘struct _object * (*)(const struct _object *, struct _object *, struct _object *, void (*)(double *))’} to ‘void (*)(int *, npy_intp *, void (*)(char *, npy_intp *), int *)’ {aka ‘void (*)(int *, long int *, void (*)(char *, long int *), int *)’} [-Wcast-function-type]
59926 |     {"f90wrap_params__get__dphi",-1,{{-1}},0,0,(char *)  F_FUNC_US(f90wrap_params__get__dphi,F90WRAP_PARAMS__GET__DPHI),  (f2py_init_func)f2py_rout__pysimple_f90wrap_params__get__dphi,doc_f2py_rout__pysimple_f90wrap_params__get__dphi},
      |                                                                                                                           ^
/proj/plasma/CODE/ert/SIMPLE/build/python/_pysimplemodule.c:59927:123: warning: cast between incompatible function types from ‘PyObject * (*)(const PyObject *, PyObject *, PyObject *, void (*)(double *))’ {aka ‘struct _object * (*)(const struct _object *, struct _object *, struct _object *, void (*)(double *))’} to ‘void (*)(int *, npy_intp *, void (*)(char *, npy_intp *), int *)’ {aka ‘void (*)(int *, long int *, void (*)(char *, long int *), int *)’} [-Wcast-function-type]
59927 |     {"f90wrap_params__set__dphi",-1,{{-1}},0,0,(char *)  F_FUNC_US(f90wrap_params__set__dphi,F90WRAP_PARAMS__SET__DPHI),  (f2py_init_func)f2py_rout__pysimple_f90wrap_params__set__dphi,doc_f2py_rout__pysimple_f90wrap_params__set__dphi},
      |                                                                                                                           ^
/proj/plasma/CODE/ert/SIMPLE/build/python/_pysimplemodule.c:59928:129: warning: cast between incompatible function types from ‘PyObject * (*)(const PyObject *, PyObject *, PyObject *, void (*)(double *))’ {aka ‘struct _object * (*)(const struct _object *, struct _object *, struct _object *, void (*)(double *))’} to ‘void (*)(int *, npy_intp *, void (*)(char *, npy_intp *), int *)’ {aka ‘void (*)(int *, long int *, void (*)(char *, long int *), int *)’} [-Wcast-function-type]
59928 |     {"f90wrap_params__get__phibeg",-1,{{-1}},0,0,(char *)  F_FUNC_US(f90wrap_params__get__phibeg,F90WRAP_PARAMS__GET__PHIBEG),  (f2py_init_func)f2py_rout__pysimple_f90wrap_params__get__phibeg,doc_f2py_rout__pysimple_f90wrap_params__get__phibeg},
      |                                                                                                                                 ^
/proj/plasma/CODE/ert/SIMPLE/build/python/_pysimplemodule.c:59929:129: warning: cast between incompatible function types from ‘PyObject * (*)(const PyObject *, PyObject *, PyObject *, void (*)(double *))’ {aka ‘struct _object * (*)(const struct _object *, struct _object *, struct _object *, void (*)(double *))’} to ‘void (*)(int *, npy_intp *, void (*)(char *, npy_intp *), int *)’ {aka ‘void (*)(int *, long int *, void (*)(char *, long int *), int *)’} [-Wcast-function-type]
59929 |     {"f90wrap_params__set__phibeg",-1,{{-1}},0,0,(char *)  F_FUNC_US(f90wrap_params__set__phibeg,F90WRAP_PARAMS__SET__PHIBEG),  (f2py_init_func)f2py_rout__pysimple_f90wrap_params__set__phibeg,doc_f2py_rout__pysimple_f90wrap_params__set__phibeg},
      |                                                                                                                                 ^
/proj/plasma/CODE/ert/SIMPLE/build/python/_pysimplemodule.c:59930:129: warning: cast between incompatible function types from ‘PyObject * (*)(const PyObject *, PyObject *, PyObject *, void (*)(double *))’ {aka ‘struct _object * (*)(const struct _object *, struct _object *, struct _object *, void (*)(double *))’} to ‘void (*)(int *, npy_intp *, void (*)(char *, npy_intp *), int *)’ {aka ‘void (*)(int *, long int *, void (*)(char *, long int *), int *)’} [-Wcast-function-type]
59930 |     {"f90wrap_params__get__bmod00",-1,{{-1}},0,0,(char *)  F_FUNC_US(f90wrap_params__get__bmod00,F90WRAP_PARAMS__GET__BMOD00),  (f2py_init_func)f2py_rout__pysimple_f90wrap_params__get__bmod00,doc_f2py_rout__pysimple_f90wrap_params__get__bmod00},
      |                                                                                                                                 ^
/proj/plasma/CODE/ert/SIMPLE/build/python/_pysimplemodule.c:59931:129: warning: cast between incompatible function types from ‘PyObject * (*)(const PyObject *, PyObject *, PyObject *, void (*)(double *))’ {aka ‘struct _object * (*)(const struct _object *, struct _object *, struct _object *, void (*)(double *))’} to ‘void (*)(int *, npy_intp *, void (*)(char *, npy_intp *), int *)’ {aka ‘void (*)(int *, long int *, void (*)(char *, long int *), int *)’} [-Wcast-function-type]
59931 |     {"f90wrap_params__set__bmod00",-1,{{-1}},0,0,(char *)  F_FUNC_US(f90wrap_params__set__bmod00,F90WRAP_PARAMS__SET__BMOD00),  (f2py_init_func)f2py_rout__pysimple_f90wrap_params__set__bmod00,doc_f2py_rout__pysimple_f90wrap_params__set__bmod00},
      |                                                                                                                                 ^
/proj/plasma/CODE/ert/SIMPLE/build/python/_pysimplemodule.c:59932:126: warning: cast between incompatible function types from ‘PyObject * (*)(const PyObject *, PyObject *, PyObject *, void (*)(double *))’ {aka ‘struct _object * (*)(const struct _object *, struct _object *, struct _object *, void (*)(double *))’} to ‘void (*)(int *, npy_intp *, void (*)(char *, npy_intp *), int *)’ {aka ‘void (*)(int *, long int *, void (*)(char *, long int *), int *)’} [-Wcast-function-type]
59932 |     {"f90wrap_params__get__rlarm",-1,{{-1}},0,0,(char *)  F_FUNC_US(f90wrap_params__get__rlarm,F90WRAP_PARAMS__GET__RLARM),  (f2py_init_func)f2py_rout__pysimple_f90wrap_params__get__rlarm,doc_f2py_rout__pysimple_f90wrap_params__get__rlarm},
      |                                                                                                                              ^
/proj/plasma/CODE/ert/SIMPLE/build/python/_pysimplemodule.c:59933:126: warning: cast between incompatible function types from ‘PyObject * (*)(const PyObject *, PyObject *, PyObject *, void (*)(double *))’ {aka ‘struct _object * (*)(const struct _object *, struct _object *, struct _object *, void (*)(double *))’} to ‘void (*)(int *, npy_intp *, void (*)(char *, npy_intp *), int *)’ {aka ‘void (*)(int *, long int *, void (*)(char *, long int *), int *)’} [-Wcast-function-type]
59933 |     {"f90wrap_params__set__rlarm",-1,{{-1}},0,0,(char *)  F_FUNC_US(f90wrap_params__set__rlarm,F90WRAP_PARAMS__SET__RLARM),  (f2py_init_func)f2py_rout__pysimple_f90wrap_params__set__rlarm,doc_f2py_rout__pysimple_f90wrap_params__set__rlarm},
      |                                                                                                                              ^
/proj/plasma/CODE/ert/SIMPLE/build/python/_pysimplemodule.c:59934:123: warning: cast between incompatible function types from ‘PyObject * (*)(const PyObject *, PyObject *, PyObject *, void (*)(double *))’ {aka ‘struct _object * (*)(const struct _object *, struct _object *, struct _object *, void (*)(double *))’} to ‘void (*)(int *, npy_intp *, void (*)(char *, npy_intp *), int *)’ {aka ‘void (*)(int *, long int *, void (*)(char *, long int *), int *)’} [-Wcast-function-type]
59934 |     {"f90wrap_params__get__bmax",-1,{{-1}},0,0,(char *)  F_FUNC_US(f90wrap_params__get__bmax,F90WRAP_PARAMS__GET__BMAX),  (f2py_init_func)f2py_rout__pysimple_f90wrap_params__get__bmax,doc_f2py_rout__pysimple_f90wrap_params__get__bmax},
      |                                                                                                                           ^
/proj/plasma/CODE/ert/SIMPLE/build/python/_pysimplemodule.c:59935:123: warning: cast between incompatible function types from ‘PyObject * (*)(const PyObject *, PyObject *, PyObject *, void (*)(double *))’ {aka ‘struct _object * (*)(const struct _object *, struct _object *, struct _object *, void (*)(double *))’} to ‘void (*)(int *, npy_intp *, void (*)(char *, npy_intp *), int *)’ {aka ‘void (*)(int *, long int *, void (*)(char *, long int *), int *)’} [-Wcast-function-type]
59935 |     {"f90wrap_params__set__bmax",-1,{{-1}},0,0,(char *)  F_FUNC_US(f90wrap_params__set__bmax,F90WRAP_PARAMS__SET__BMAX),  (f2py_init_func)f2py_rout__pysimple_f90wrap_params__set__bmax,doc_f2py_rout__pysimple_f90wrap_params__set__bmax},
      |                                                                                                                           ^
/proj/plasma/CODE/ert/SIMPLE/build/python/_pysimplemodule.c:59936:123: warning: cast between incompatible function types from ‘PyObject * (*)(const PyObject *, PyObject *, PyObject *, void (*)(double *))’ {aka ‘struct _object * (*)(const struct _object *, struct _object *, struct _object *, void (*)(double *))’} to ‘void (*)(int *, npy_intp *, void (*)(char *, npy_intp *), int *)’ {aka ‘void (*)(int *, long int *, void (*)(char *, long int *), int *)’} [-Wcast-function-type]
59936 |     {"f90wrap_params__get__bmin",-1,{{-1}},0,0,(char *)  F_FUNC_US(f90wrap_params__get__bmin,F90WRAP_PARAMS__GET__BMIN),  (f2py_init_func)f2py_rout__pysimple_f90wrap_params__get__bmin,doc_f2py_rout__pysimple_f90wrap_params__get__bmin},
      |                                                                                                                           ^
/proj/plasma/CODE/ert/SIMPLE/build/python/_pysimplemodule.c:59937:123: warning: cast between incompatible function types from ‘PyObject * (*)(const PyObject *, PyObject *, PyObject *, void (*)(double *))’ {aka ‘struct _object * (*)(const struct _object *, struct _object *, struct _object *, void (*)(double *))’} to ‘void (*)(int *, npy_intp *, void (*)(char *, npy_intp *), int *)’ {aka ‘void (*)(int *, long int *, void (*)(char *, long int *), int *)’} [-Wcast-function-type]
59937 |     {"f90wrap_params__set__bmin",-1,{{-1}},0,0,(char *)  F_FUNC_US(f90wrap_params__set__bmin,F90WRAP_PARAMS__SET__BMIN),  (f2py_init_func)f2py_rout__pysimple_f90wrap_params__set__bmin,doc_f2py_rout__pysimple_f90wrap_params__set__bmin},
      |                                                                                                                           ^
/proj/plasma/CODE/ert/SIMPLE/build/python/_pysimplemodule.c:59938:120: warning: cast between incompatible function types from ‘PyObject * (*)(const PyObject *, PyObject *, PyObject *, void (*)(double *))’ {aka ‘struct _object * (*)(const struct _object *, struct _object *, struct _object *, void (*)(double *))’} to ‘void (*)(int *, npy_intp *, void (*)(char *, npy_intp *), int *)’ {aka ‘void (*)(int *, long int *, void (*)(char *, long int *), int *)’} [-Wcast-function-type]
59938 |     {"f90wrap_params__get__tau",-1,{{-1}},0,0,(char *)  F_FUNC_US(f90wrap_params__get__tau,F90WRAP_PARAMS__GET__TAU),  (f2py_init_func)f2py_rout__pysimple_f90wrap_params__get__tau,doc_f2py_rout__pysimple_f90wrap_params__get__tau},
      |                                                                                                                        ^
/proj/plasma/CODE/ert/SIMPLE/build/python/_pysimplemodule.c:59939:120: warning: cast between incompatible function types from ‘PyObject * (*)(const PyObject *, PyObject *, PyObject *, void (*)(double *))’ {aka ‘struct _object * (*)(const struct _object *, struct _object *, struct _object *, void (*)(double *))’} to ‘void (*)(int *, npy_intp *, void (*)(char *, npy_intp *), int *)’ {aka ‘void (*)(int *, long int *, void (*)(char *, long int *), int *)’} [-Wcast-function-type]
59939 |     {"f90wrap_params__set__tau",-1,{{-1}},0,0,(char *)  F_FUNC_US(f90wrap_params__set__tau,F90WRAP_PARAMS__SET__TAU),  (f2py_init_func)f2py_rout__pysimple_f90wrap_params__set__tau,doc_f2py_rout__pysimple_f90wrap_params__set__tau},
      |                                                                                                                        ^
/proj/plasma/CODE/ert/SIMPLE/build/python/_pysimplemodule.c:59940:123: warning: cast between incompatible function types from ‘PyObject * (*)(const PyObject *, PyObject *, PyObject *, void (*)(double *))’ {aka ‘struct _object * (*)(const struct _object *, struct _object *, struct _object *, void (*)(double *))’} to ‘void (*)(int *, npy_intp *, void (*)(char *, npy_intp *), int *)’ {aka ‘void (*)(int *, long int *, void (*)(char *, long int *), int *)’} [-Wcast-function-type]
59940 |     {"f90wrap_params__get__dtau",-1,{{-1}},0,0,(char *)  F_FUNC_US(f90wrap_params__get__dtau,F90WRAP_PARAMS__GET__DTAU),  (f2py_init_func)f2py_rout__pysimple_f90wrap_params__get__dtau,doc_f2py_rout__pysimple_f90wrap_params__get__dtau},
      |                                                                                                                           ^
/proj/plasma/CODE/ert/SIMPLE/build/python/_pysimplemodule.c:59941:123: warning: cast between incompatible function types from ‘PyObject * (*)(const PyObject *, PyObject *, PyObject *, void (*)(double *))’ {aka ‘struct _object * (*)(const struct _object *, struct _object *, struct _object *, void (*)(double *))’} to ‘void (*)(int *, npy_intp *, void (*)(char *, npy_intp *), int *)’ {aka ‘void (*)(int *, long int *, void (*)(char *, long int *), int *)’} [-Wcast-function-type]
59941 |     {"f90wrap_params__set__dtau",-1,{{-1}},0,0,(char *)  F_FUNC_US(f90wrap_params__set__dtau,F90WRAP_PARAMS__SET__DTAU),  (f2py_init_func)f2py_rout__pysimple_f90wrap_params__set__dtau,doc_f2py_rout__pysimple_f90wrap_params__set__dtau},
      |                                                                                                                           ^
/proj/plasma/CODE/ert/SIMPLE/build/python/_pysimplemodule.c:59942:132: warning: cast between incompatible function types from ‘PyObject * (*)(const PyObject *, PyObject *, PyObject *, void (*)(double *))’ {aka ‘struct _object * (*)(const struct _object *, struct _object *, struct _object *, void (*)(double *))’} to ‘void (*)(int *, npy_intp *, void (*)(char *, npy_intp *), int *)’ {aka ‘void (*)(int *, long int *, void (*)(char *, long int *), int *)’} [-Wcast-function-type]
59942 |     {"f90wrap_params__get__dtaumin",-1,{{-1}},0,0,(char *)  F_FUNC_US(f90wrap_params__get__dtaumin,F90WRAP_PARAMS__GET__DTAUMIN),  (f2py_init_func)f2py_rout__pysimple_f90wrap_params__get__dtaumin,doc_f2py_rout__pysimple_f90wrap_params__get__dtaumin},
      |                                                                                                                                    ^
/proj/plasma/CODE/ert/SIMPLE/build/python/_pysimplemodule.c:59943:132: warning: cast between incompatible function types from ‘PyObject * (*)(const PyObject *, PyObject *, PyObject *, void (*)(double *))’ {aka ‘struct _object * (*)(const struct _object *, struct _object *, struct _object *, void (*)(double *))’} to ‘void (*)(int *, npy_intp *, void (*)(char *, npy_intp *), int *)’ {aka ‘void (*)(int *, long int *, void (*)(char *, long int *), int *)’} [-Wcast-function-type]
59943 |     {"f90wrap_params__set__dtaumin",-1,{{-1}},0,0,(char *)  F_FUNC_US(f90wrap_params__set__dtaumin,F90WRAP_PARAMS__SET__DTAUMIN),  (f2py_init_func)f2py_rout__pysimple_f90wrap_params__set__dtaumin,doc_f2py_rout__pysimple_f90wrap_params__set__dtaumin},
      |                                                                                                                                    ^
/proj/plasma/CODE/ert/SIMPLE/build/python/_pysimplemodule.c:59944:117: warning: cast between incompatible function types from ‘PyObject * (*)(const PyObject *, PyObject *, PyObject *, void (*)(double *))’ {aka ‘struct _object * (*)(const struct _object *, struct _object *, struct _object *, void (*)(double *))’} to ‘void (*)(int *, npy_intp *, void (*)(char *, npy_intp *), int *)’ {aka ‘void (*)(int *, long int *, void (*)(char *, long int *), int *)’} [-Wcast-function-type]
59944 |     {"f90wrap_params__get__xi",-1,{{-1}},0,0,(char *)  F_FUNC_US(f90wrap_params__get__xi,F90WRAP_PARAMS__GET__XI),  (f2py_init_func)f2py_rout__pysimple_f90wrap_params__get__xi,doc_f2py_rout__pysimple_f90wrap_params__get__xi},
      |                                                                                                                     ^
/proj/plasma/CODE/ert/SIMPLE/build/python/_pysimplemodule.c:59945:117: warning: cast between incompatible function types from ‘PyObject * (*)(const PyObject *, PyObject *, PyObject *, void (*)(double *))’ {aka ‘struct _object * (*)(const struct _object *, struct _object *, struct _object *, void (*)(double *))’} to ‘void (*)(int *, npy_intp *, void (*)(char *, npy_intp *), int *)’ {aka ‘void (*)(int *, long int *, void (*)(char *, long int *), int *)’} [-Wcast-function-type]
59945 |     {"f90wrap_params__set__xi",-1,{{-1}},0,0,(char *)  F_FUNC_US(f90wrap_params__set__xi,F90WRAP_PARAMS__SET__XI),  (f2py_init_func)f2py_rout__pysimple_f90wrap_params__set__xi,doc_f2py_rout__pysimple_f90wrap_params__set__xi},
      |                                                                                                                     ^
/proj/plasma/CODE/ert/SIMPLE/build/python/_pysimplemodule.c:59946:120: warning: cast between incompatible function types from ‘PyObject * (*)(const PyObject *, PyObject *, PyObject *, void (*)(double *))’ {aka ‘struct _object * (*)(const struct _object *, struct _object *, struct _object *, void (*)(double *))’} to ‘void (*)(int *, npy_intp *, void (*)(char *, npy_intp *), int *)’ {aka ‘void (*)(int *, long int *, void (*)(char *, long int *), int *)’} [-Wcast-function-type]
59946 |     {"f90wrap_params__get__rt0",-1,{{-1}},0,0,(char *)  F_FUNC_US(f90wrap_params__get__rt0,F90WRAP_PARAMS__GET__RT0),  (f2py_init_func)f2py_rout__pysimple_f90wrap_params__get__rt0,doc_f2py_rout__pysimple_f90wrap_params__get__rt0},
      |                                                                                                                        ^
/proj/plasma/CODE/ert/SIMPLE/build/python/_pysimplemodule.c:59947:120: warning: cast between incompatible function types from ‘PyObject * (*)(const PyObject *, PyObject *, PyObject *, void (*)(double *))’ {aka ‘struct _object * (*)(const struct _object *, struct _object *, struct _object *, void (*)(double *))’} to ‘void (*)(int *, npy_intp *, void (*)(char *, npy_intp *), int *)’ {aka ‘void (*)(int *, long int *, void (*)(char *, long int *), int *)’} [-Wcast-function-type]
59947 |     {"f90wrap_params__set__rt0",-1,{{-1}},0,0,(char *)  F_FUNC_US(f90wrap_params__set__rt0,F90WRAP_PARAMS__SET__RT0),  (f2py_init_func)f2py_rout__pysimple_f90wrap_params__set__rt0,doc_f2py_rout__pysimple_f90wrap_params__set__rt0},
      |                                                                                                                        ^
/proj/plasma/CODE/ert/SIMPLE/build/python/_pysimplemodule.c:59948:120: warning: cast between incompatible function types from ‘PyObject * (*)(const PyObject *, PyObject *, PyObject *, void (*)(double *))’ {aka ‘struct _object * (*)(const struct _object *, struct _object *, struct _object *, void (*)(double *))’} to ‘void (*)(int *, npy_intp *, void (*)(char *, npy_intp *), int *)’ {aka ‘void (*)(int *, long int *, void (*)(char *, long int *), int *)’} [-Wcast-function-type]
59948 |     {"f90wrap_params__get__r0i",-1,{{-1}},0,0,(char *)  F_FUNC_US(f90wrap_params__get__r0i,F90WRAP_PARAMS__GET__R0I),  (f2py_init_func)f2py_rout__pysimple_f90wrap_params__get__r0i,doc_f2py_rout__pysimple_f90wrap_params__get__r0i},
      |                                                                                                                        ^
/proj/plasma/CODE/ert/SIMPLE/build/python/_pysimplemodule.c:59949:120: warning: cast between incompatible function types from ‘PyObject * (*)(const PyObject *, PyObject *, PyObject *, void (*)(double *))’ {aka ‘struct _object * (*)(const struct _object *, struct _object *, struct _object *, void (*)(double *))’} to ‘void (*)(int *, npy_intp *, void (*)(char *, npy_intp *), int *)’ {aka ‘void (*)(int *, long int *, void (*)(char *, long int *), int *)’} [-Wcast-function-type]
59949 |     {"f90wrap_params__set__r0i",-1,{{-1}},0,0,(char *)  F_FUNC_US(f90wrap_params__set__r0i,F90WRAP_PARAMS__SET__R0I),  (f2py_init_func)f2py_rout__pysimple_f90wrap_params__set__r0i,doc_f2py_rout__pysimple_f90wrap_params__set__r0i},
      |                                                                                                                        ^
/proj/plasma/CODE/ert/SIMPLE/build/python/_pysimplemodule.c:59950:123: warning: cast between incompatible function types from ‘PyObject * (*)(const PyObject *, PyObject *, PyObject *, void (*)(double *))’ {aka ‘struct _object * (*)(const struct _object *, struct _object *, struct _object *, void (*)(double *))’} to ‘void (*)(int *, npy_intp *, void (*)(char *, npy_intp *), int *)’ {aka ‘void (*)(int *, long int *, void (*)(char *, long int *), int *)’} [-Wcast-function-type]
59950 |     {"f90wrap_params__get__cbfi",-1,{{-1}},0,0,(char *)  F_FUNC_US(f90wrap_params__get__cbfi,F90WRAP_PARAMS__GET__CBFI),  (f2py_init_func)f2py_rout__pysimple_f90wrap_params__get__cbfi,doc_f2py_rout__pysimple_f90wrap_params__get__cbfi},
      |                                                                                                                           ^
/proj/plasma/CODE/ert/SIMPLE/build/python/_pysimplemodule.c:59951:123: warning: cast between incompatible function types from ‘PyObject * (*)(const PyObject *, PyObject *, PyObject *, void (*)(double *))’ {aka ‘struct _object * (*)(const struct _object *, struct _object *, struct _object *, void (*)(double *))’} to ‘void (*)(int *, npy_intp *, void (*)(char *, npy_intp *), int *)’ {aka ‘void (*)(int *, long int *, void (*)(char *, long int *), int *)’} [-Wcast-function-type]
59951 |     {"f90wrap_params__set__cbfi",-1,{{-1}},0,0,(char *)  F_FUNC_US(f90wrap_params__set__cbfi,F90WRAP_PARAMS__SET__CBFI),  (f2py_init_func)f2py_rout__pysimple_f90wrap_params__set__cbfi,doc_f2py_rout__pysimple_f90wrap_params__set__cbfi},
      |                                                                                                                           ^
/proj/plasma/CODE/ert/SIMPLE/build/python/_pysimplemodule.c:59952:123: warning: cast between incompatible function types from ‘PyObject * (*)(const PyObject *, PyObject *, PyObject *, void (*)(double *))’ {aka ‘struct _object * (*)(const struct _object *, struct _object *, struct _object *, void (*)(double *))’} to ‘void (*)(int *, npy_intp *, void (*)(char *, npy_intp *), int *)’ {aka ‘void (*)(int *, long int *, void (*)(char *, long int *), int *)’} [-Wcast-function-type]
59952 |     {"f90wrap_params__get__bz0i",-1,{{-1}},0,0,(char *)  F_FUNC_US(f90wrap_params__get__bz0i,F90WRAP_PARAMS__GET__BZ0I),  (f2py_init_func)f2py_rout__pysimple_f90wrap_params__get__bz0i,doc_f2py_rout__pysimple_f90wrap_params__get__bz0i},
      |                                                                                                                           ^
/proj/plasma/CODE/ert/SIMPLE/build/python/_pysimplemodule.c:59953:123: warning: cast between incompatible function types from ‘PyObject * (*)(const PyObject *, PyObject *, PyObject *, void (*)(double *))’ {aka ‘struct _object * (*)(const struct _object *, struct _object *, struct _object *, void (*)(double *))’} to ‘void (*)(int *, npy_intp *, void (*)(char *, npy_intp *), int *)’ {aka ‘void (*)(int *, long int *, void (*)(char *, long int *), int *)’} [-Wcast-function-type]
59953 |     {"f90wrap_params__set__bz0i",-1,{{-1}},0,0,(char *)  F_FUNC_US(f90wrap_params__set__bz0i,F90WRAP_PARAMS__SET__BZ0I),  (f2py_init_func)f2py_rout__pysimple_f90wrap_params__set__bz0i,doc_f2py_rout__pysimple_f90wrap_params__set__bz0i},
      |                                                                                                                           ^
/proj/plasma/CODE/ert/SIMPLE/build/python/_pysimplemodule.c:59954:120: warning: cast between incompatible function types from ‘PyObject * (*)(const PyObject *, PyObject *, PyObject *, void (*)(double *))’ {aka ‘struct _object * (*)(const struct _object *, struct _object *, struct _object *, void (*)(double *))’} to ‘void (*)(int *, npy_intp *, void (*)(char *, npy_intp *), int *)’ {aka ‘void (*)(int *, long int *, void (*)(char *, long int *), int *)’} [-Wcast-function-type]
59954 |     {"f90wrap_params__get__bf0",-1,{{-1}},0,0,(char *)  F_FUNC_US(f90wrap_params__get__bf0,F90WRAP_PARAMS__GET__BF0),  (f2py_init_func)f2py_rout__pysimple_f90wrap_params__get__bf0,doc_f2py_rout__pysimple_f90wrap_params__get__bf0},
      |                                                                                                                        ^
/proj/plasma/CODE/ert/SIMPLE/build/python/_pysimplemodule.c:59955:120: warning: cast between incompatible function types from ‘PyObject * (*)(const PyObject *, PyObject *, PyObject *, void (*)(double *))’ {aka ‘struct _object * (*)(const struct _object *, struct _object *, struct _object *, void (*)(double *))’} to ‘void (*)(int *, npy_intp *, void (*)(char *, npy_intp *), int *)’ {aka ‘void (*)(int *, long int *, void (*)(char *, long int *), int *)’} [-Wcast-function-type]
59955 |     {"f90wrap_params__set__bf0",-1,{{-1}},0,0,(char *)  F_FUNC_US(f90wrap_params__set__bf0,F90WRAP_PARAMS__SET__BF0),  (f2py_init_func)f2py_rout__pysimple_f90wrap_params__set__bf0,doc_f2py_rout__pysimple_f90wrap_params__set__bf0},
      |                                                                                                                        ^
/proj/plasma/CODE/ert/SIMPLE/build/python/_pysimplemodule.c:59956:123: warning: cast between incompatible function types from ‘PyObject * (*)(const PyObject *, PyObject *, PyObject *, void (*)(double *))’ {aka ‘struct _object * (*)(const struct _object *, struct _object *, struct _object *, void (*)(double *))’} to ‘void (*)(int *, npy_intp *, void (*)(char *, npy_intp *), int *)’ {aka ‘void (*)(int *, long int *, void (*)(char *, long int *), int *)’} [-Wcast-function-type]
59956 |     {"f90wrap_params__get__rbig",-1,{{-1}},0,0,(char *)  F_FUNC_US(f90wrap_params__get__rbig,F90WRAP_PARAMS__GET__RBIG),  (f2py_init_func)f2py_rout__pysimple_f90wrap_params__get__rbig,doc_f2py_rout__pysimple_f90wrap_params__get__rbig},
      |                                                                                                                           ^
/proj/plasma/CODE/ert/SIMPLE/build/python/_pysimplemodule.c:59957:123: warning: cast between incompatible function types from ‘PyObject * (*)(const PyObject *, PyObject *, PyObject *, void (*)(double *))’ {aka ‘struct _object * (*)(const struct _object *, struct _object *, struct _object *, void (*)(double *))’} to ‘void (*)(int *, npy_intp *, void (*)(char *, npy_intp *), int *)’ {aka ‘void (*)(int *, long int *, void (*)(char *, long int *), int *)’} [-Wcast-function-type]
59957 |     {"f90wrap_params__set__rbig",-1,{{-1}},0,0,(char *)  F_FUNC_US(f90wrap_params__set__rbig,F90WRAP_PARAMS__SET__RBIG),  (f2py_init_func)f2py_rout__pysimple_f90wrap_params__set__rbig,doc_f2py_rout__pysimple_f90wrap_params__set__rbig},
      |                                                                                                                           ^
/proj/plasma/CODE/ert/SIMPLE/build/python/_pysimplemodule.c:59958:129: warning: cast between incompatible function types from ‘PyObject * (*)(const PyObject *, PyObject *, PyObject *, void (*)(int *, int *, int *, int *, long_long *))’ {aka ‘struct _object * (*)(const struct _object *, struct _object *, struct _object *, void (*)(int *, int *, int *, int *, long long int *))’} to ‘void (*)(int *, npy_intp *, void (*)(char *, npy_intp *), int *)’ {aka ‘void (*)(int *, long int *, void (*)(char *, long int *), int *)’} [-Wcast-function-type]
59958 |     {"f90wrap_params__array__sbeg",-1,{{-1}},0,0,(char *)  F_FUNC_US(f90wrap_params__array__sbeg,F90WRAP_PARAMS__ARRAY__SBEG),  (f2py_init_func)f2py_rout__pysimple_f90wrap_params__array__sbeg,doc_f2py_rout__pysimple_f90wrap_params__array__sbeg},
      |                                                                                                                                 ^
/proj/plasma/CODE/ert/SIMPLE/build/python/_pysimplemodule.c:59959:135: warning: cast between incompatible function types from ‘PyObject * (*)(const PyObject *, PyObject *, PyObject *, void (*)(double *))’ {aka ‘struct _object * (*)(const struct _object *, struct _object *, struct _object *, void (*)(double *))’} to ‘void (*)(int *, npy_intp *, void (*)(char *, npy_intp *), int *)’ {aka ‘void (*)(int *, long int *, void (*)(char *, long int *), int *)’} [-Wcast-function-type]
59959 |     {"f90wrap_params__get__thetabeg",-1,{{-1}},0,0,(char *)  F_FUNC_US(f90wrap_params__get__thetabeg,F90WRAP_PARAMS__GET__THETABEG),  (f2py_init_func)f2py_rout__pysimple_f90wrap_params__get__thetabeg,doc_f2py_rout__pysimple_f90wrap_params__get__thetabeg},
      |                                                                                                                                       ^
/proj/plasma/CODE/ert/SIMPLE/build/python/_pysimplemodule.c:59960:135: warning: cast between incompatible function types from ‘PyObject * (*)(const PyObject *, PyObject *, PyObject *, void (*)(double *))’ {aka ‘struct _object * (*)(const struct _object *, struct _object *, struct _object *, void (*)(double *))’} to ‘void (*)(int *, npy_intp *, void (*)(char *, npy_intp *), int *)’ {aka ‘void (*)(int *, long int *, void (*)(char *, long int *), int *)’} [-Wcast-function-type]
59960 |     {"f90wrap_params__set__thetabeg",-1,{{-1}},0,0,(char *)  F_FUNC_US(f90wrap_params__set__thetabeg,F90WRAP_PARAMS__SET__THETABEG),  (f2py_init_func)f2py_rout__pysimple_f90wrap_params__set__thetabeg,doc_f2py_rout__pysimple_f90wrap_params__set__thetabeg},
      |                                                                                                                                       ^
/proj/plasma/CODE/ert/SIMPLE/build/python/_pysimplemodule.c:59961:135: warning: cast between incompatible function types from ‘PyObject * (*)(const PyObject *, PyObject *, PyObject *, void (*)(int *, int *, int *, int *, long_long *))’ {aka ‘struct _object * (*)(const struct _object *, struct _object *, struct _object *, void (*)(int *, int *, int *, int *, long long int *))’} to ‘void (*)(int *, npy_intp *, void (*)(char *, npy_intp *), int *)’ {aka ‘void (*)(int *, long int *, void (*)(char *, long int *), int *)’} [-Wcast-function-type]
59961 |     {"f90wrap_params__array__bstart",-1,{{-1}},0,0,(char *)  F_FUNC_US(f90wrap_params__array__bstart,F90WRAP_PARAMS__ARRAY__BSTART),  (f2py_init_func)f2py_rout__pysimple_f90wrap_params__array__bstart,doc_f2py_rout__pysimple_f90wrap_params__array__bstart},
      |                                                                                                                                       ^
/proj/plasma/CODE/ert/SIMPLE/build/python/_pysimplemodule.c:59962:141: warning: cast between incompatible function types from ‘PyObject * (*)(const PyObject *, PyObject *, PyObject *, void (*)(int *, int *, int *, int *, long_long *))’ {aka ‘struct _object * (*)(const struct _object *, struct _object *, struct _object *, void (*)(int *, int *, int *, int *, long long int *))’} to ‘void (*)(int *, npy_intp *, void (*)(char *, npy_intp *), int *)’ {aka ‘void (*)(int *, long int *, void (*)(char *, long int *), int *)’} [-Wcast-function-type]
59962 |     {"f90wrap_params__array__volstart",-1,{{-1}},0,0,(char *)  F_FUNC_US(f90wrap_params__array__volstart,F90WRAP_PARAMS__ARRAY__VOLSTART),  (f2py_init_func)f2py_rout__pysimple_f90wrap_params__array__volstart,doc_f2py_rout__pysimple_f90wrap_params__array__volstart},
      |                                                                                                                                             ^
/proj/plasma/CODE/ert/SIMPLE/build/python/_pysimplemodule.c:59963:135: warning: cast between incompatible function types from ‘PyObject * (*)(const PyObject *, PyObject *, PyObject *, void (*)(int *, int *, int *, int *, long_long *))’ {aka ‘struct _object * (*)(const struct _object *, struct _object *, struct _object *, void (*)(int *, int *, int *, int *, long long int *))’} to ‘void (*)(int *, npy_intp *, void (*)(char *, npy_intp *), int *)’ {aka ‘void (*)(int *, long int *, void (*)(char *, long int *), int *)’} [-Wcast-function-type]
59963 |     {"f90wrap_params__array__xstart",-1,{{-1}},0,0,(char *)  F_FUNC_US(f90wrap_params__array__xstart,F90WRAP_PARAMS__ARRAY__XSTART),  (f2py_init_func)f2py_rout__pysimple_f90wrap_params__array__xstart,doc_f2py_rout__pysimple_f90wrap_params__array__xstart},
      |                                                                                                                                       ^
/proj/plasma/CODE/ert/SIMPLE/build/python/_pysimplemodule.c:59964:135: warning: cast between incompatible function types from ‘PyObject * (*)(const PyObject *, PyObject *, PyObject *, void (*)(int *, int *, int *, int *, long_long *))’ {aka ‘struct _object * (*)(const struct _object *, struct _object *, struct _object *, void (*)(int *, int *, int *, int *, long long int *))’} to ‘void (*)(int *, npy_intp *, void (*)(char *, npy_intp *), int *)’ {aka ‘void (*)(int *, long int *, void (*)(char *, long int *), int *)’} [-Wcast-function-type]
59964 |     {"f90wrap_params__array__zstart",-1,{{-1}},0,0,(char *)  F_FUNC_US(f90wrap_params__array__zstart,F90WRAP_PARAMS__ARRAY__ZSTART),  (f2py_init_func)f2py_rout__pysimple_f90wrap_params__array__zstart,doc_f2py_rout__pysimple_f90wrap_params__array__zstart},
      |                                                                                                                                       ^
/proj/plasma/CODE/ert/SIMPLE/build/python/_pysimplemodule.c:59965:129: warning: cast between incompatible function types from ‘PyObject * (*)(const PyObject *, PyObject *, PyObject *, void (*)(int *, int *, int *, int *, long_long *))’ {aka ‘struct _object * (*)(const struct _object *, struct _object *, struct _object *, void (*)(int *, int *, int *, int *, long long int *))’} to ‘void (*)(int *, npy_intp *, void (*)(char *, npy_intp *), int *)’ {aka ‘void (*)(int *, long int *, void (*)(char *, long int *), int *)’} [-Wcast-function-type]
59965 |     {"f90wrap_params__array__zend",-1,{{-1}},0,0,(char *)  F_FUNC_US(f90wrap_params__array__zend,F90WRAP_PARAMS__ARRAY__ZEND),  (f2py_init_func)f2py_rout__pysimple_f90wrap_params__array__zend,doc_f2py_rout__pysimple_f90wrap_params__array__zend},
      |                                                                                                                                 ^
/proj/plasma/CODE/ert/SIMPLE/build/python/_pysimplemodule.c:59966:156: warning: cast between incompatible function types from ‘PyObject * (*)(const PyObject *, PyObject *, PyObject *, void (*)(int *, int *, int *, int *, long_long *))’ {aka ‘struct _object * (*)(const struct _object *, struct _object *, struct _object *, void (*)(int *, int *, int *, int *, long long int *))’} to ‘void (*)(int *, npy_intp *, void (*)(char *, npy_intp *), int *)’ {aka ‘void (*)(int *, long int *, void (*)(char *, long int *), int *)’} [-Wcast-function-type]
59966 |     {"f90wrap_params__array__confpart_trap",-1,{{-1}},0,0,(char *)  F_FUNC_US(f90wrap_params__array__confpart_trap,F90WRAP_PARAMS__ARRAY__CONFPART_TRAP),  (f2py_init_func)f2py_rout__pysimple_f90wrap_params__array__confpart_trap,doc_f2py_rout__pysimple_f90wrap_params__array__confpart_trap},
      |                                                                                                                                                            ^
/proj/plasma/CODE/ert/SIMPLE/build/python/_pysimplemodule.c:59967:156: warning: cast between incompatible function types from ‘PyObject * (*)(const PyObject *, PyObject *, PyObject *, void (*)(int *, int *, int *, int *, long_long *))’ {aka ‘struct _object * (*)(const struct _object *, struct _object *, struct _object *, void (*)(int *, int *, int *, int *, long long int *))’} to ‘void (*)(int *, npy_intp *, void (*)(char *, npy_intp *), int *)’ {aka ‘void (*)(int *, long int *, void (*)(char *, long int *), int *)’} [-Wcast-function-type]
59967 |     {"f90wrap_params__array__confpart_pass",-1,{{-1}},0,0,(char *)  F_FUNC_US(f90wrap_params__array__confpart_pass,F90WRAP_PARAMS__ARRAY__CONFPART_PASS),  (f2py_init_func)f2py_rout__pysimple_f90wrap_params__array__confpart_pass,doc_f2py_rout__pysimple_f90wrap_params__array__confpart_pass},
      |                                                                                                                                                            ^
/proj/plasma/CODE/ert/SIMPLE/build/python/_pysimplemodule.c:59968:147: warning: cast between incompatible function types from ‘PyObject * (*)(const PyObject *, PyObject *, PyObject *, void (*)(int *, int *, int *, int *, long_long *))’ {aka ‘struct _object * (*)(const struct _object *, struct _object *, struct _object *, void (*)(int *, int *, int *, int *, long long int *))’} to ‘void (*)(int *, npy_intp *, void (*)(char *, npy_intp *), int *)’ {aka ‘void (*)(int *, long int *, void (*)(char *, long int *), int *)’} [-Wcast-function-type]
59968 |     {"f90wrap_params__array__times_lost",-1,{{-1}},0,0,(char *)  F_FUNC_US(f90wrap_params__array__times_lost,F90WRAP_PARAMS__ARRAY__TIMES_LOST),  (f2py_init_func)f2py_rout__pysimple_f90wrap_params__array__times_lost,doc_f2py_rout__pysimple_f90wrap_params__array__times_lost},
      |                                                                                                                                                   ^
/proj/plasma/CODE/ert/SIMPLE/build/python/_pysimplemodule.c:59969:135: warning: cast between incompatible function types from ‘PyObject * (*)(const PyObject *, PyObject *, PyObject *, void (*)(double *))’ {aka ‘struct _object * (*)(const struct _object *, struct _object *, struct _object *, void (*)(double *))’} to ‘void (*)(int *, npy_intp *, void (*)(char *, npy_intp *), int *)’ {aka ‘void (*)(int *, long int *, void (*)(char *, long int *), int *)’} [-Wcast-function-type]
59969 |     {"f90wrap_params__get__contr_pp",-1,{{-1}},0,0,(char *)  F_FUNC_US(f90wrap_params__get__contr_pp,F90WRAP_PARAMS__GET__CONTR_PP),  (f2py_init_func)f2py_rout__pysimple_f90wrap_params__get__contr_pp,doc_f2py_rout__pysimple_f90wrap_params__get__contr_pp},
      |                                                                                                                                       ^
/proj/plasma/CODE/ert/SIMPLE/build/python/_pysimplemodule.c:59970:135: warning: cast between incompatible function types from ‘PyObject * (*)(const PyObject *, PyObject *, PyObject *, void (*)(double *))’ {aka ‘struct _object * (*)(const struct _object *, struct _object *, struct _object *, void (*)(double *))’} to ‘void (*)(int *, npy_intp *, void (*)(char *, npy_intp *), int *)’ {aka ‘void (*)(int *, long int *, void (*)(char *, long int *), int *)’} [-Wcast-function-type]
59970 |     {"f90wrap_params__set__contr_pp",-1,{{-1}},0,0,(char *)  F_FUNC_US(f90wrap_params__set__contr_pp,F90WRAP_PARAMS__SET__CONTR_PP),  (f2py_init_func)f2py_rout__pysimple_f90wrap_params__set__contr_pp,doc_f2py_rout__pysimple_f90wrap_params__set__contr_pp},
      |                                                                                                                                       ^
/proj/plasma/CODE/ert/SIMPLE/build/python/_pysimplemodule.c:59971:126: warning: cast between incompatible function types from ‘PyObject * (*)(const PyObject *, PyObject *, PyObject *, void (*)(int *))’ {aka ‘struct _object * (*)(const struct _object *, struct _object *, struct _object *, void (*)(int *))’} to ‘void (*)(int *, npy_intp *, void (*)(char *, npy_intp *), int *)’ {aka ‘void (*)(int *, long int *, void (*)(char *, long int *), int *)’} [-Wcast-function-type]
59971 |     {"f90wrap_params__get__ibins",-1,{{-1}},0,0,(char *)  F_FUNC_US(f90wrap_params__get__ibins,F90WRAP_PARAMS__GET__IBINS),  (f2py_init_func)f2py_rout__pysimple_f90wrap_params__get__ibins,doc_f2py_rout__pysimple_f90wrap_params__get__ibins},
      |                                                                                                                              ^
/proj/plasma/CODE/ert/SIMPLE/build/python/_pysimplemodule.c:59972:126: warning: cast between incompatible function types from ‘PyObject * (*)(const PyObject *, PyObject *, PyObject *, void (*)(int *))’ {aka ‘struct _object * (*)(const struct _object *, struct _object *, struct _object *, void (*)(int *))’} to ‘void (*)(int *, npy_intp *, void (*)(char *, npy_intp *), int *)’ {aka ‘void (*)(int *, long int *, void (*)(char *, long int *), int *)’} [-Wcast-function-type]
59972 |     {"f90wrap_params__set__ibins",-1,{{-1}},0,0,(char *)  F_FUNC_US(f90wrap_params__set__ibins,F90WRAP_PARAMS__SET__IBINS),  (f2py_init_func)f2py_rout__pysimple_f90wrap_params__set__ibins,doc_f2py_rout__pysimple_f90wrap_params__set__ibins},
      |                                                                                                                              ^
/proj/plasma/CODE/ert/SIMPLE/build/python/_pysimplemodule.c:59973:168: warning: cast between incompatible function types from ‘PyObject * (*)(const PyObject *, PyObject *, PyObject *, void (*)(int *))’ {aka ‘struct _object * (*)(const struct _object *, struct _object *, struct _object *, void (*)(int *))’} to ‘void (*)(int *, npy_intp *, void (*)(char *, npy_intp *), int *)’ {aka ‘void (*)(int *, long int *, void (*)(char *, long int *), int *)’} [-Wcast-function-type]
59973 |     {"f90wrap_params__get__generate_start_only",-1,{{-1}},0,0,(char *)  F_FUNC_US(f90wrap_params__get__generate_start_only,F90WRAP_PARAMS__GET__GENERATE_START_ONLY),  (f2py_init_func)f2py_rout__pysimple_f90wrap_params__get__generate_start_only,doc_f2py_rout__pysimple_f90wrap_params__get__generate_start_only},
      |                                                                                                                                                                        ^
/proj/plasma/CODE/ert/SIMPLE/build/python/_pysimplemodule.c:59974:168: warning: cast between incompatible function types from ‘PyObject * (*)(const PyObject *, PyObject *, PyObject *, void (*)(int *))’ {aka ‘struct _object * (*)(const struct _object *, struct _object *, struct _object *, void (*)(int *))’} to ‘void (*)(int *, npy_intp *, void (*)(char *, npy_intp *), int *)’ {aka ‘void (*)(int *, long int *, void (*)(char *, long int *), int *)’} [-Wcast-function-type]
59974 |     {"f90wrap_params__set__generate_start_only",-1,{{-1}},0,0,(char *)  F_FUNC_US(f90wrap_params__set__generate_start_only,F90WRAP_PARAMS__SET__GENERATE_START_ONLY),  (f2py_init_func)f2py_rout__pysimple_f90wrap_params__set__generate_start_only,doc_f2py_rout__pysimple_f90wrap_params__set__generate_start_only},
      |                                                                                                                                                                        ^
/proj/plasma/CODE/ert/SIMPLE/build/python/_pysimplemodule.c:59975:138: warning: cast between incompatible function types from ‘PyObject * (*)(const PyObject *, PyObject *, PyObject *, void (*)(int *))’ {aka ‘struct _object * (*)(const struct _object *, struct _object *, struct _object *, void (*)(int *))’} to ‘void (*)(int *, npy_intp *, void (*)(char *, npy_intp *), int *)’ {aka ‘void (*)(int *, long int *, void (*)(char *, long int *), int *)’} [-Wcast-function-type]
59975 |     {"f90wrap_params__get__startmode",-1,{{-1}},0,0,(char *)  F_FUNC_US(f90wrap_params__get__startmode,F90WRAP_PARAMS__GET__STARTMODE),  (f2py_init_func)f2py_rout__pysimple_f90wrap_params__get__startmode,doc_f2py_rout__pysimple_f90wrap_params__get__startmode},
      |                                                                                                                                          ^
/proj/plasma/CODE/ert/SIMPLE/build/python/_pysimplemodule.c:59976:138: warning: cast between incompatible function types from ‘PyObject * (*)(const PyObject *, PyObject *, PyObject *, void (*)(int *))’ {aka ‘struct _object * (*)(const struct _object *, struct _object *, struct _object *, void (*)(int *))’} to ‘void (*)(int *, npy_intp *, void (*)(char *, npy_intp *), int *)’ {aka ‘void (*)(int *, long int *, void (*)(char *, long int *), int *)’} [-Wcast-function-type]
59976 |     {"f90wrap_params__set__startmode",-1,{{-1}},0,0,(char *)  F_FUNC_US(f90wrap_params__set__startmode,F90WRAP_PARAMS__SET__STARTMODE),  (f2py_init_func)f2py_rout__pysimple_f90wrap_params__set__startmode,doc_f2py_rout__pysimple_f90wrap_params__set__startmode},
      |                                                                                                                                          ^
/proj/plasma/CODE/ert/SIMPLE/build/python/_pysimplemodule.c:59977:147: warning: cast between incompatible function types from ‘PyObject * (*)(const PyObject *, PyObject *, PyObject *, void (*)(double *))’ {aka ‘struct _object * (*)(const struct _object *, struct _object *, struct _object *, void (*)(double *))’} to ‘void (*)(int *, npy_intp *, void (*)(char *, npy_intp *), int *)’ {aka ‘void (*)(int *, long int *, void (*)(char *, long int *), int *)’} [-Wcast-function-type]
59977 |     {"f90wrap_params__get__grid_density",-1,{{-1}},0,0,(char *)  F_FUNC_US(f90wrap_params__get__grid_density,F90WRAP_PARAMS__GET__GRID_DENSITY),  (f2py_init_func)f2py_rout__pysimple_f90wrap_params__get__grid_density,doc_f2py_rout__pysimple_f90wrap_params__get__grid_density},
      |                                                                                                                                                   ^
/proj/plasma/CODE/ert/SIMPLE/build/python/_pysimplemodule.c:59978:147: warning: cast between incompatible function types from ‘PyObject * (*)(const PyObject *, PyObject *, PyObject *, void (*)(double *))’ {aka ‘struct _object * (*)(const struct _object *, struct _object *, struct _object *, void (*)(double *))’} to ‘void (*)(int *, npy_intp *, void (*)(char *, npy_intp *), int *)’ {aka ‘void (*)(int *, long int *, void (*)(char *, long int *), int *)’} [-Wcast-function-type]
59978 |     {"f90wrap_params__set__grid_density",-1,{{-1}},0,0,(char *)  F_FUNC_US(f90wrap_params__set__grid_density,F90WRAP_PARAMS__SET__GRID_DENSITY),  (f2py_init_func)f2py_rout__pysimple_f90wrap_params__set__grid_density,doc_f2py_rout__pysimple_f90wrap_params__set__grid_density},
      |                                                                                                                                                   ^
/proj/plasma/CODE/ert/SIMPLE/build/python/_pysimplemodule.c:59979:162: warning: cast between incompatible function types from ‘PyObject * (*)(const PyObject *, PyObject *, PyObject *, void (*)(int *))’ {aka ‘struct _object * (*)(const struct _object *, struct _object *, struct _object *, void (*)(int *))’} to ‘void (*)(int *, npy_intp *, void (*)(char *, npy_intp *), int *)’ {aka ‘void (*)(int *, long int *, void (*)(char *, long int *), int *)’} [-Wcast-function-type]
59979 |     {"f90wrap_params__get__special_ants_file",-1,{{-1}},0,0,(char *)  F_FUNC_US(f90wrap_params__get__special_ants_file,F90WRAP_PARAMS__GET__SPECIAL_ANTS_FILE),  (f2py_init_func)f2py_rout__pysimple_f90wrap_params__get__special_ants_file,doc_f2py_rout__pysimple_f90wrap_params__get__special_ants_file},
      |                                                                                                                                                                  ^
/proj/plasma/CODE/ert/SIMPLE/build/python/_pysimplemodule.c:59980:162: warning: cast between incompatible function types from ‘PyObject * (*)(const PyObject *, PyObject *, PyObject *, void (*)(int *))’ {aka ‘struct _object * (*)(const struct _object *, struct _object *, struct _object *, void (*)(int *))’} to ‘void (*)(int *, npy_intp *, void (*)(char *, npy_intp *), int *)’ {aka ‘void (*)(int *, long int *, void (*)(char *, long int *), int *)’} [-Wcast-function-type]
59980 |     {"f90wrap_params__set__special_ants_file",-1,{{-1}},0,0,(char *)  F_FUNC_US(f90wrap_params__set__special_ants_file,F90WRAP_PARAMS__SET__SPECIAL_ANTS_FILE),  (f2py_init_func)f2py_rout__pysimple_f90wrap_params__set__special_ants_file,doc_f2py_rout__pysimple_f90wrap_params__set__special_ants_file},
      |                                                                                                                                                                  ^
/proj/plasma/CODE/ert/SIMPLE/build/python/_pysimplemodule.c:59981:123: warning: cast between incompatible function types from ‘PyObject * (*)(const PyObject *, PyObject *, PyObject *, void (*)(int *))’ {aka ‘struct _object * (*)(const struct _object *, struct _object *, struct _object *, void (*)(int *))’} to ‘void (*)(int *, npy_intp *, void (*)(char *, npy_intp *), int *)’ {aka ‘void (*)(int *, long int *, void (*)(char *, long int *), int *)’} [-Wcast-function-type]
59981 |     {"f90wrap_params__get__ntau",-1,{{-1}},0,0,(char *)  F_FUNC_US(f90wrap_params__get__ntau,F90WRAP_PARAMS__GET__NTAU),  (f2py_init_func)f2py_rout__pysimple_f90wrap_params__get__ntau,doc_f2py_rout__pysimple_f90wrap_params__get__ntau},
      |                                                                                                                           ^
/proj/plasma/CODE/ert/SIMPLE/build/python/_pysimplemodule.c:59982:123: warning: cast between incompatible function types from ‘PyObject * (*)(const PyObject *, PyObject *, PyObject *, void (*)(int *))’ {aka ‘struct _object * (*)(const struct _object *, struct _object *, struct _object *, void (*)(int *))’} to ‘void (*)(int *, npy_intp *, void (*)(char *, npy_intp *), int *)’ {aka ‘void (*)(int *, long int *, void (*)(char *, long int *), int *)’} [-Wcast-function-type]
59982 |     {"f90wrap_params__set__ntau",-1,{{-1}},0,0,(char *)  F_FUNC_US(f90wrap_params__set__ntau,F90WRAP_PARAMS__SET__NTAU),  (f2py_init_func)f2py_rout__pysimple_f90wrap_params__set__ntau,doc_f2py_rout__pysimple_f90wrap_params__set__ntau},
      |                                                                                                                           ^
/proj/plasma/CODE/ert/SIMPLE/build/python/_pysimplemodule.c:59983:138: warning: cast between incompatible function types from ‘PyObject * (*)(const PyObject *, PyObject *, PyObject *, void (*)(int *))’ {aka ‘struct _object * (*)(const struct _object *, struct _object *, struct _object *, void (*)(int *))’} to ‘void (*)(int *, npy_intp *, void (*)(char *, npy_intp *), int *)’ {aka ‘void (*)(int *, long int *, void (*)(char *, long int *), int *)’} [-Wcast-function-type]
59983 |     {"f90wrap_params__get__integmode",-1,{{-1}},0,0,(char *)  F_FUNC_US(f90wrap_params__get__integmode,F90WRAP_PARAMS__GET__INTEGMODE),  (f2py_init_func)f2py_rout__pysimple_f90wrap_params__get__integmode,doc_f2py_rout__pysimple_f90wrap_params__get__integmode},
      |                                                                                                                                          ^
/proj/plasma/CODE/ert/SIMPLE/build/python/_pysimplemodule.c:59984:138: warning: cast between incompatible function types from ‘PyObject * (*)(const PyObject *, PyObject *, PyObject *, void (*)(int *))’ {aka ‘struct _object * (*)(const struct _object *, struct _object *, struct _object *, void (*)(int *))’} to ‘void (*)(int *, npy_intp *, void (*)(char *, npy_intp *), int *)’ {aka ‘void (*)(int *, long int *, void (*)(char *, long int *), int *)’} [-Wcast-function-type]
59984 |     {"f90wrap_params__set__integmode",-1,{{-1}},0,0,(char *)  F_FUNC_US(f90wrap_params__set__integmode,F90WRAP_PARAMS__SET__INTEGMODE),  (f2py_init_func)f2py_rout__pysimple_f90wrap_params__set__integmode,doc_f2py_rout__pysimple_f90wrap_params__set__integmode},
      |                                                                                                                                          ^
/proj/plasma/CODE/ert/SIMPLE/build/python/_pysimplemodule.c:59985:126: warning: cast between incompatible function types from ‘PyObject * (*)(const PyObject *, PyObject *, PyObject *, void (*)(int *))’ {aka ‘struct _object * (*)(const struct _object *, struct _object *, struct _object *, void (*)(int *))’} to ‘void (*)(int *, npy_intp *, void (*)(char *, npy_intp *), int *)’ {aka ‘void (*)(int *, long int *, void (*)(char *, long int *), int *)’} [-Wcast-function-type]
59985 |     {"f90wrap_params__get__kpart",-1,{{-1}},0,0,(char *)  F_FUNC_US(f90wrap_params__get__kpart,F90WRAP_PARAMS__GET__KPART),  (f2py_init_func)f2py_rout__pysimple_f90wrap_params__get__kpart,doc_f2py_rout__pysimple_f90wrap_params__get__kpart},
      |                                                                                                                              ^
/proj/plasma/CODE/ert/SIMPLE/build/python/_pysimplemodule.c:59986:126: warning: cast between incompatible function types from ‘PyObject * (*)(const PyObject *, PyObject *, PyObject *, void (*)(int *))’ {aka ‘struct _object * (*)(const struct _object *, struct _object *, struct _object *, void (*)(int *))’} to ‘void (*)(int *, npy_intp *, void (*)(char *, npy_intp *), int *)’ {aka ‘void (*)(int *, long int *, void (*)(char *, long int *), int *)’} [-Wcast-function-type]
59986 |     {"f90wrap_params__set__kpart",-1,{{-1}},0,0,(char *)  F_FUNC_US(f90wrap_params__set__kpart,F90WRAP_PARAMS__SET__KPART),  (f2py_init_func)f2py_rout__pysimple_f90wrap_params__set__kpart,doc_f2py_rout__pysimple_f90wrap_params__set__kpart},
      |                                                                                                                              ^
/proj/plasma/CODE/ert/SIMPLE/build/python/_pysimplemodule.c:59987:129: warning: cast between incompatible function types from ‘PyObject * (*)(const PyObject *, PyObject *, PyObject *, void (*)(double *))’ {aka ‘struct _object * (*)(const struct _object *, struct _object *, struct _object *, void (*)(double *))’} to ‘void (*)(int *, npy_intp *, void (*)(char *, npy_intp *), int *)’ {aka ‘void (*)(int *, long int *, void (*)(char *, long int *), int *)’} [-Wcast-function-type]
59987 |     {"f90wrap_params__get__relerr",-1,{{-1}},0,0,(char *)  F_FUNC_US(f90wrap_params__get__relerr,F90WRAP_PARAMS__GET__RELERR),  (f2py_init_func)f2py_rout__pysimple_f90wrap_params__get__relerr,doc_f2py_rout__pysimple_f90wrap_params__get__relerr},
      |                                                                                                                                 ^
/proj/plasma/CODE/ert/SIMPLE/build/python/_pysimplemodule.c:59988:129: warning: cast between incompatible function types from ‘PyObject * (*)(const PyObject *, PyObject *, PyObject *, void (*)(double *))’ {aka ‘struct _object * (*)(const struct _object *, struct _object *, struct _object *, void (*)(double *))’} to ‘void (*)(int *, npy_intp *, void (*)(char *, npy_intp *), int *)’ {aka ‘void (*)(int *, long int *, void (*)(char *, long int *), int *)’} [-Wcast-function-type]
59988 |     {"f90wrap_params__set__relerr",-1,{{-1}},0,0,(char *)  F_FUNC_US(f90wrap_params__set__relerr,F90WRAP_PARAMS__SET__RELERR),  (f2py_init_func)f2py_rout__pysimple_f90wrap_params__set__relerr,doc_f2py_rout__pysimple_f90wrap_params__set__relerr},
      |                                                                                                                                 ^
/proj/plasma/CODE/ert/SIMPLE/build/python/_pysimplemodule.c:59989:141: warning: cast between incompatible function types from ‘PyObject * (*)(const PyObject *, PyObject *, PyObject *, void (*)(int *, int *, int *, int *, long_long *))’ {aka ‘struct _object * (*)(const struct _object *, struct _object *, struct _object *, void (*)(int *, int *, int *, int *, long long int *))’} to ‘void (*)(int *, npy_intp *, void (*)(char *, npy_intp *), int *)’ {aka ‘void (*)(int *, long int *, void (*)(char *, long int *), int *)’} [-Wcast-function-type]
59989 |     {"f90wrap_params__array__trap_par",-1,{{-1}},0,0,(char *)  F_FUNC_US(f90wrap_params__array__trap_par,F90WRAP_PARAMS__ARRAY__TRAP_PAR),  (f2py_init_func)f2py_rout__pysimple_f90wrap_params__array__trap_par,doc_f2py_rout__pysimple_f90wrap_params__array__trap_par},
      |                                                                                                                                             ^
/proj/plasma/CODE/ert/SIMPLE/build/python/_pysimplemodule.c:59990:141: warning: cast between incompatible function types from ‘PyObject * (*)(const PyObject *, PyObject *, PyObject *, void (*)(int *, int *, int *, int *, long_long *))’ {aka ‘struct _object * (*)(const struct _object *, struct _object *, struct _object *, void (*)(int *, int *, int *, int *, long long int *))’} to ‘void (*)(int *, npy_intp *, void (*)(char *, npy_intp *), int *)’ {aka ‘void (*)(int *, long int *, void (*)(char *, long int *), int *)’} [-Wcast-function-type]
59990 |     {"f90wrap_params__array__perp_inv",-1,{{-1}},0,0,(char *)  F_FUNC_US(f90wrap_params__array__perp_inv,F90WRAP_PARAMS__ARRAY__PERP_INV),  (f2py_init_func)f2py_rout__pysimple_f90wrap_params__array__perp_inv,doc_f2py_rout__pysimple_f90wrap_params__array__perp_inv},
      |                                                                                                                                             ^
/proj/plasma/CODE/ert/SIMPLE/build/python/_pysimplemodule.c:59991:135: warning: cast between incompatible function types from ‘PyObject * (*)(const PyObject *, PyObject *, PyObject *, void (*)(int *, int *, int *, int *, long_long *))’ {aka ‘struct _object * (*)(const struct _object *, struct _object *, struct _object *, void (*)(int *, int *, int *, int *, long long int *))’} to ‘void (*)(int *, npy_intp *, void (*)(char *, npy_intp *), int *)’ {aka ‘void (*)(int *, long int *, void (*)(char *, long int *), int *)’} [-Wcast-function-type]
59991 |     {"f90wrap_params__array__iclass",-1,{{-1}},0,0,(char *)  F_FUNC_US(f90wrap_params__array__iclass,F90WRAP_PARAMS__ARRAY__ICLASS),  (f2py_init_func)f2py_rout__pysimple_f90wrap_params__array__iclass,doc_f2py_rout__pysimple_f90wrap_params__array__iclass},
      |                                                                                                                                       ^
/proj/plasma/CODE/ert/SIMPLE/build/python/_pysimplemodule.c:59992:141: warning: cast between incompatible function types from ‘PyObject * (*)(const PyObject *, PyObject *, PyObject *, void (*)(int *))’ {aka ‘struct _object * (*)(const struct _object *, struct _object *, struct _object *, void (*)(int *))’} to ‘void (*)(int *, npy_intp *, void (*)(char *, npy_intp *), int *)’ {aka ‘void (*)(int *, long int *, void (*)(char *, long int *), int *)’} [-Wcast-function-type]
59992 |     {"f90wrap_params__get__n_tip_vars",-1,{{-1}},0,0,(char *)  F_FUNC_US(f90wrap_params__get__n_tip_vars,F90WRAP_PARAMS__GET__N_TIP_VARS),  (f2py_init_func)f2py_rout__pysimple_f90wrap_params__get__n_tip_vars,doc_f2py_rout__pysimple_f90wrap_params__get__n_tip_vars},
      |                                                                                                                                             ^
/proj/plasma/CODE/ert/SIMPLE/build/python/_pysimplemodule.c:59993:129: warning: cast between incompatible function types from ‘PyObject * (*)(const PyObject *, PyObject *, PyObject *, void (*)(int *))’ {aka ‘struct _object * (*)(const struct _object *, struct _object *, struct _object *, void (*)(int *))’} to ‘void (*)(int *, npy_intp *, void (*)(char *, npy_intp *), int *)’ {aka ‘void (*)(int *, long int *, void (*)(char *, long int *), int *)’} [-Wcast-function-type]
59993 |     {"f90wrap_params__get__nplagr",-1,{{-1}},0,0,(char *)  F_FUNC_US(f90wrap_params__get__nplagr,F90WRAP_PARAMS__GET__NPLAGR),  (f2py_init_func)f2py_rout__pysimple_f90wrap_params__get__nplagr,doc_f2py_rout__pysimple_f90wrap_params__get__nplagr},
      |                                                                                                                                 ^
/proj/plasma/CODE/ert/SIMPLE/build/python/_pysimplemodule.c:59994:129: warning: cast between incompatible function types from ‘PyObject * (*)(const PyObject *, PyObject *, PyObject *, void (*)(int *))’ {aka ‘struct _object * (*)(const struct _object *, struct _object *, struct _object *, void (*)(int *))’} to ‘void (*)(int *, npy_intp *, void (*)(char *, npy_intp *), int *)’ {aka ‘void (*)(int *, long int *, void (*)(char *, long int *), int *)’} [-Wcast-function-type]
59994 |     {"f90wrap_params__set__nplagr",-1,{{-1}},0,0,(char *)  F_FUNC_US(f90wrap_params__set__nplagr,F90WRAP_PARAMS__SET__NPLAGR),  (f2py_init_func)f2py_rout__pysimple_f90wrap_params__set__nplagr,doc_f2py_rout__pysimple_f90wrap_params__set__nplagr},
      |                                                                                                                                 ^
/proj/plasma/CODE/ert/SIMPLE/build/python/_pysimplemodule.c:59995:123: warning: cast between incompatible function types from ‘PyObject * (*)(const PyObject *, PyObject *, PyObject *, void (*)(int *))’ {aka ‘struct _object * (*)(const struct _object *, struct _object *, struct _object *, void (*)(int *))’} to ‘void (*)(int *, npy_intp *, void (*)(char *, npy_intp *), int *)’ {aka ‘void (*)(int *, long int *, void (*)(char *, long int *), int *)’} [-Wcast-function-type]
59995 |     {"f90wrap_params__get__nder",-1,{{-1}},0,0,(char *)  F_FUNC_US(f90wrap_params__get__nder,F90WRAP_PARAMS__GET__NDER),  (f2py_init_func)f2py_rout__pysimple_f90wrap_params__get__nder,doc_f2py_rout__pysimple_f90wrap_params__get__nder},
      |                                                                                                                           ^
/proj/plasma/CODE/ert/SIMPLE/build/python/_pysimplemodule.c:59996:123: warning: cast between incompatible function types from ‘PyObject * (*)(const PyObject *, PyObject *, PyObject *, void (*)(int *))’ {aka ‘struct _object * (*)(const struct _object *, struct _object *, struct _object *, void (*)(int *))’} to ‘void (*)(int *, npy_intp *, void (*)(char *, npy_intp *), int *)’ {aka ‘void (*)(int *, long int *, void (*)(char *, long int *), int *)’} [-Wcast-function-type]
59996 |     {"f90wrap_params__set__nder",-1,{{-1}},0,0,(char *)  F_FUNC_US(f90wrap_params__set__nder,F90WRAP_PARAMS__SET__NDER),  (f2py_init_func)f2py_rout__pysimple_f90wrap_params__set__nder,doc_f2py_rout__pysimple_f90wrap_params__set__nder},
      |                                                                                                                           ^
/proj/plasma/CODE/ert/SIMPLE/build/python/_pysimplemodule.c:59997:135: warning: cast between incompatible function types from ‘PyObject * (*)(const PyObject *, PyObject *, PyObject *, void (*)(int *))’ {aka ‘struct _object * (*)(const struct _object *, struct _object *, struct _object *, void (*)(int *))’} to ‘void (*)(int *, npy_intp *, void (*)(char *, npy_intp *), int *)’ {aka ‘void (*)(int *, long int *, void (*)(char *, long int *), int *)’} [-Wcast-function-type]
59997 |     {"f90wrap_params__get__npl_half",-1,{{-1}},0,0,(char *)  F_FUNC_US(f90wrap_params__get__npl_half,F90WRAP_PARAMS__GET__NPL_HALF),  (f2py_init_func)f2py_rout__pysimple_f90wrap_params__get__npl_half,doc_f2py_rout__pysimple_f90wrap_params__get__npl_half},
      |                                                                                                                                       ^
/proj/plasma/CODE/ert/SIMPLE/build/python/_pysimplemodule.c:59998:135: warning: cast between incompatible function types from ‘PyObject * (*)(const PyObject *, PyObject *, PyObject *, void (*)(int *))’ {aka ‘struct _object * (*)(const struct _object *, struct _object *, struct _object *, void (*)(int *))’} to ‘void (*)(int *, npy_intp *, void (*)(char *, npy_intp *), int *)’ {aka ‘void (*)(int *, long int *, void (*)(char *, long int *), int *)’} [-Wcast-function-type]
59998 |     {"f90wrap_params__set__npl_half",-1,{{-1}},0,0,(char *)  F_FUNC_US(f90wrap_params__set__npl_half,F90WRAP_PARAMS__SET__NPL_HALF),  (f2py_init_func)f2py_rout__pysimple_f90wrap_params__set__npl_half,doc_f2py_rout__pysimple_f90wrap_params__set__npl_half},
      |                                                                                                                                       ^
/proj/plasma/CODE/ert/SIMPLE/build/python/_pysimplemodule.c:59999:132: warning: cast between incompatible function types from ‘PyObject * (*)(const PyObject *, PyObject *, PyObject *, void (*)(int *))’ {aka ‘struct _object * (*)(const struct _object *, struct _object *, struct _object *, void (*)(int *))’} to ‘void (*)(int *, npy_intp *, void (*)(char *, npy_intp *), int *)’ {aka ‘void (*)(int *, long int *, void (*)(char *, long int *), int *)’} [-Wcast-function-type]
59999 |     {"f90wrap_params__get__norbper",-1,{{-1}},0,0,(char *)  F_FUNC_US(f90wrap_params__get__norbper,F90WRAP_PARAMS__GET__NORBPER),  (f2py_init_func)f2py_rout__pysimple_f90wrap_params__get__norbper,doc_f2py_rout__pysimple_f90wrap_params__get__norbper},
      |                                                                                                                                    ^
/proj/plasma/CODE/ert/SIMPLE/build/python/_pysimplemodule.c:60000:132: warning: cast between incompatible function types from ‘PyObject * (*)(const PyObject *, PyObject *, PyObject *, void (*)(int *))’ {aka ‘struct _object * (*)(const struct _object *, struct _object *, struct _object *, void (*)(int *))’} to ‘void (*)(int *, npy_intp *, void (*)(char *, npy_intp *), int *)’ {aka ‘void (*)(int *, long int *, void (*)(char *, long int *), int *)’} [-Wcast-function-type]
60000 |     {"f90wrap_params__set__norbper",-1,{{-1}},0,0,(char *)  F_FUNC_US(f90wrap_params__set__norbper,F90WRAP_PARAMS__SET__NORBPER),  (f2py_init_func)f2py_rout__pysimple_f90wrap_params__set__norbper,doc_f2py_rout__pysimple_f90wrap_params__set__norbper},
      |                                                                                                                                    ^
/proj/plasma/CODE/ert/SIMPLE/build/python/_pysimplemodule.c:60001:120: warning: cast between incompatible function types from ‘PyObject * (*)(const PyObject *, PyObject *, PyObject *, void (*)(int *))’ {aka ‘struct _object * (*)(const struct _object *, struct _object *, struct _object *, void (*)(int *))’} to ‘void (*)(int *, npy_intp *, void (*)(char *, npy_intp *), int *)’ {aka ‘void (*)(int *, long int *, void (*)(char *, long int *), int *)’} [-Wcast-function-type]
60001 |     {"f90wrap_params__get__nfp",-1,{{-1}},0,0,(char *)  F_FUNC_US(f90wrap_params__get__nfp,F90WRAP_PARAMS__GET__NFP),  (f2py_init_func)f2py_rout__pysimple_f90wrap_params__get__nfp,doc_f2py_rout__pysimple_f90wrap_params__get__nfp},
      |                                                                                                                        ^
/proj/plasma/CODE/ert/SIMPLE/build/python/_pysimplemodule.c:60002:120: warning: cast between incompatible function types from ‘PyObject * (*)(const PyObject *, PyObject *, PyObject *, void (*)(int *))’ {aka ‘struct _object * (*)(const struct _object *, struct _object *, struct _object *, void (*)(int *))’} to ‘void (*)(int *, npy_intp *, void (*)(char *, npy_intp *), int *)’ {aka ‘void (*)(int *, long int *, void (*)(char *, long int *), int *)’} [-Wcast-function-type]
60002 |     {"f90wrap_params__set__nfp",-1,{{-1}},0,0,(char *)  F_FUNC_US(f90wrap_params__set__nfp,F90WRAP_PARAMS__SET__NFP),  (f2py_init_func)f2py_rout__pysimple_f90wrap_params__set__nfp,doc_f2py_rout__pysimple_f90wrap_params__set__nfp},
      |                                                                                                                        ^
/proj/plasma/CODE/ert/SIMPLE/build/python/_pysimplemodule.c:60003:123: warning: cast between incompatible function types from ‘PyObject * (*)(const PyObject *, PyObject *, PyObject *, void (*)(double *))’ {aka ‘struct _object * (*)(const struct _object *, struct _object *, struct _object *, void (*)(double *))’} to ‘void (*)(int *, npy_intp *, void (*)(char *, npy_intp *), int *)’ {aka ‘void (*)(int *, long int *, void (*)(char *, long int *), int *)’} [-Wcast-function-type]
60003 |     {"f90wrap_params__get__fper",-1,{{-1}},0,0,(char *)  F_FUNC_US(f90wrap_params__get__fper,F90WRAP_PARAMS__GET__FPER),  (f2py_init_func)f2py_rout__pysimple_f90wrap_params__get__fper,doc_f2py_rout__pysimple_f90wrap_params__get__fper},
      |                                                                                                                           ^
/proj/plasma/CODE/ert/SIMPLE/build/python/_pysimplemodule.c:60004:123: warning: cast between incompatible function types from ‘PyObject * (*)(const PyObject *, PyObject *, PyObject *, void (*)(double *))’ {aka ‘struct _object * (*)(const struct _object *, struct _object *, struct _object *, void (*)(double *))’} to ‘void (*)(int *, npy_intp *, void (*)(char *, npy_intp *), int *)’ {aka ‘void (*)(int *, long int *, void (*)(char *, long int *), int *)’} [-Wcast-function-type]
60004 |     {"f90wrap_params__set__fper",-1,{{-1}},0,0,(char *)  F_FUNC_US(f90wrap_params__set__fper,F90WRAP_PARAMS__SET__FPER),  (f2py_init_func)f2py_rout__pysimple_f90wrap_params__set__fper,doc_f2py_rout__pysimple_f90wrap_params__set__fper},
      |                                                                                                                           ^
/proj/plasma/CODE/ert/SIMPLE/build/python/_pysimplemodule.c:60005:132: warning: cast between incompatible function types from ‘PyObject * (*)(const PyObject *, PyObject *, PyObject *, void (*)(double *))’ {aka ‘struct _object * (*)(const struct _object *, struct _object *, struct _object *, void (*)(double *))’} to ‘void (*)(int *, npy_intp *, void (*)(char *, npy_intp *), int *)’ {aka ‘void (*)(int *, long int *, void (*)(char *, long int *), int *)’} [-Wcast-function-type]
60005 |     {"f90wrap_params__get__zerolam",-1,{{-1}},0,0,(char *)  F_FUNC_US(f90wrap_params__get__zerolam,F90WRAP_PARAMS__GET__ZEROLAM),  (f2py_init_func)f2py_rout__pysimple_f90wrap_params__get__zerolam,doc_f2py_rout__pysimple_f90wrap_params__get__zerolam},
      |                                                                                                                                    ^
/proj/plasma/CODE/ert/SIMPLE/build/python/_pysimplemodule.c:60006:132: warning: cast between incompatible function types from ‘PyObject * (*)(const PyObject *, PyObject *, PyObject *, void (*)(double *))’ {aka ‘struct _object * (*)(const struct _object *, struct _object *, struct _object *, void (*)(double *))’} to ‘void (*)(int *, npy_intp *, void (*)(char *, npy_intp *), int *)’ {aka ‘void (*)(int *, long int *, void (*)(char *, long int *), int *)’} [-Wcast-function-type]
60006 |     {"f90wrap_params__set__zerolam",-1,{{-1}},0,0,(char *)  F_FUNC_US(f90wrap_params__set__zerolam,F90WRAP_PARAMS__SET__ZEROLAM),  (f2py_init_func)f2py_rout__pysimple_f90wrap_params__set__zerolam,doc_f2py_rout__pysimple_f90wrap_params__set__zerolam},
      |                                                                                                                                    ^
/proj/plasma/CODE/ert/SIMPLE/build/python/_pysimplemodule.c:60007:123: warning: cast between incompatible function types from ‘PyObject * (*)(const PyObject *, PyObject *, PyObject *, void (*)(double *))’ {aka ‘struct _object * (*)(const struct _object *, struct _object *, struct _object *, void (*)(double *))’} to ‘void (*)(int *, npy_intp *, void (*)(char *, npy_intp *), int *)’ {aka ‘void (*)(int *, long int *, void (*)(char *, long int *), int *)’} [-Wcast-function-type]
60007 |     {"f90wrap_params__get__tcut",-1,{{-1}},0,0,(char *)  F_FUNC_US(f90wrap_params__get__tcut,F90WRAP_PARAMS__GET__TCUT),  (f2py_init_func)f2py_rout__pysimple_f90wrap_params__get__tcut,doc_f2py_rout__pysimple_f90wrap_params__get__tcut},
      |                                                                                                                           ^
/proj/plasma/CODE/ert/SIMPLE/build/python/_pysimplemodule.c:60008:123: warning: cast between incompatible function types from ‘PyObject * (*)(const PyObject *, PyObject *, PyObject *, void (*)(double *))’ {aka ‘struct _object * (*)(const struct _object *, struct _object *, struct _object *, void (*)(double *))’} to ‘void (*)(int *, npy_intp *, void (*)(char *, npy_intp *), int *)’ {aka ‘void (*)(int *, long int *, void (*)(char *, long int *), int *)’} [-Wcast-function-type]
60008 |     {"f90wrap_params__set__tcut",-1,{{-1}},0,0,(char *)  F_FUNC_US(f90wrap_params__set__tcut,F90WRAP_PARAMS__SET__TCUT),  (f2py_init_func)f2py_rout__pysimple_f90wrap_params__set__tcut,doc_f2py_rout__pysimple_f90wrap_params__set__tcut},
      |                                                                                                                           ^
/proj/plasma/CODE/ert/SIMPLE/build/python/_pysimplemodule.c:60009:126: warning: cast between incompatible function types from ‘PyObject * (*)(const PyObject *, PyObject *, PyObject *, void (*)(int *))’ {aka ‘struct _object * (*)(const struct _object *, struct _object *, struct _object *, void (*)(int *))’} to ‘void (*)(int *, npy_intp *, void (*)(char *, npy_intp *), int *)’ {aka ‘void (*)(int *, long int *, void (*)(char *, long int *), int *)’} [-Wcast-function-type]
60009 |     {"f90wrap_params__get__ntcut",-1,{{-1}},0,0,(char *)  F_FUNC_US(f90wrap_params__get__ntcut,F90WRAP_PARAMS__GET__NTCUT),  (f2py_init_func)f2py_rout__pysimple_f90wrap_params__get__ntcut,doc_f2py_rout__pysimple_f90wrap_params__get__ntcut},
      |                                                                                                                              ^
/proj/plasma/CODE/ert/SIMPLE/build/python/_pysimplemodule.c:60010:126: warning: cast between incompatible function types from ‘PyObject * (*)(const PyObject *, PyObject *, PyObject *, void (*)(int *))’ {aka ‘struct _object * (*)(const struct _object *, struct _object *, struct _object *, void (*)(int *))’} to ‘void (*)(int *, npy_intp *, void (*)(char *, npy_intp *), int *)’ {aka ‘void (*)(int *, long int *, void (*)(char *, long int *), int *)’} [-Wcast-function-type]
60010 |     {"f90wrap_params__set__ntcut",-1,{{-1}},0,0,(char *)  F_FUNC_US(f90wrap_params__set__ntcut,F90WRAP_PARAMS__SET__NTCUT),  (f2py_init_func)f2py_rout__pysimple_f90wrap_params__set__ntcut,doc_f2py_rout__pysimple_f90wrap_params__set__ntcut},
      |                                                                                                                              ^
/proj/plasma/CODE/ert/SIMPLE/build/python/_pysimplemodule.c:60011:141: warning: cast between incompatible function types from ‘PyObject * (*)(const PyObject *, PyObject *, PyObject *, void (*)(int *))’ {aka ‘struct _object * (*)(const struct _object *, struct _object *, struct _object *, void (*)(int *))’} to ‘void (*)(int *, npy_intp *, void (*)(char *, npy_intp *), int *)’ {aka ‘void (*)(int *, long int *, void (*)(char *, long int *), int *)’} [-Wcast-function-type]
60011 |     {"f90wrap_params__get__class_plot",-1,{{-1}},0,0,(char *)  F_FUNC_US(f90wrap_params__get__class_plot,F90WRAP_PARAMS__GET__CLASS_PLOT),  (f2py_init_func)f2py_rout__pysimple_f90wrap_params__get__class_plot,doc_f2py_rout__pysimple_f90wrap_params__get__class_plot},
      |                                                                                                                                             ^
/proj/plasma/CODE/ert/SIMPLE/build/python/_pysimplemodule.c:60012:141: warning: cast between incompatible function types from ‘PyObject * (*)(const PyObject *, PyObject *, PyObject *, void (*)(int *))’ {aka ‘struct _object * (*)(const struct _object *, struct _object *, struct _object *, void (*)(int *))’} to ‘void (*)(int *, npy_intp *, void (*)(char *, npy_intp *), int *)’ {aka ‘void (*)(int *, long int *, void (*)(char *, long int *), int *)’} [-Wcast-function-type]
60012 |     {"f90wrap_params__set__class_plot",-1,{{-1}},0,0,(char *)  F_FUNC_US(f90wrap_params__set__class_plot,F90WRAP_PARAMS__SET__CLASS_PLOT),  (f2py_init_func)f2py_rout__pysimple_f90wrap_params__set__class_plot,doc_f2py_rout__pysimple_f90wrap_params__set__class_plot},
      |                                                                                                                                             ^
/proj/plasma/CODE/ert/SIMPLE/build/python/_pysimplemodule.c:60013:141: warning: cast between incompatible function types from ‘PyObject * (*)(const PyObject *, PyObject *, PyObject *, void (*)(double *))’ {aka ‘struct _object * (*)(const struct _object *, struct _object *, struct _object *, void (*)(double *))’} to ‘void (*)(int *, npy_intp *, void (*)(char *, npy_intp *), int *)’ {aka ‘void (*)(int *, long int *, void (*)(char *, long int *), int *)’} [-Wcast-function-type]
60013 |     {"f90wrap_params__get__cut_in_per",-1,{{-1}},0,0,(char *)  F_FUNC_US(f90wrap_params__get__cut_in_per,F90WRAP_PARAMS__GET__CUT_IN_PER),  (f2py_init_func)f2py_rout__pysimple_f90wrap_params__get__cut_in_per,doc_f2py_rout__pysimple_f90wrap_params__get__cut_in_per},
      |                                                                                                                                             ^
/proj/plasma/CODE/ert/SIMPLE/build/python/_pysimplemodule.c:60014:141: warning: cast between incompatible function types from ‘PyObject * (*)(const PyObject *, PyObject *, PyObject *, void (*)(double *))’ {aka ‘struct _object * (*)(const struct _object *, struct _object *, struct _object *, void (*)(double *))’} to ‘void (*)(int *, npy_intp *, void (*)(char *, npy_intp *), int *)’ {aka ‘void (*)(int *, long int *, void (*)(char *, long int *), int *)’} [-Wcast-function-type]
60014 |     {"f90wrap_params__set__cut_in_per",-1,{{-1}},0,0,(char *)  F_FUNC_US(f90wrap_params__set__cut_in_per,F90WRAP_PARAMS__SET__CUT_IN_PER),  (f2py_init_func)f2py_rout__pysimple_f90wrap_params__set__cut_in_per,doc_f2py_rout__pysimple_f90wrap_params__set__cut_in_per},
      |                                                                                                                                             ^
/proj/plasma/CODE/ert/SIMPLE/build/python/_pysimplemodule.c:60015:141: warning: cast between incompatible function types from ‘PyObject * (*)(const PyObject *, PyObject *, PyObject *, void (*)(int *))’ {aka ‘struct _object * (*)(const struct _object *, struct _object *, struct _object *, void (*)(int *))’} to ‘void (*)(int *, npy_intp *, void (*)(char *, npy_intp *), int *)’ {aka ‘void (*)(int *, long int *, void (*)(char *, long int *), int *)’} [-Wcast-function-type]
60015 |     {"f90wrap_params__get__fast_class",-1,{{-1}},0,0,(char *)  F_FUNC_US(f90wrap_params__get__fast_class,F90WRAP_PARAMS__GET__FAST_CLASS),  (f2py_init_func)f2py_rout__pysimple_f90wrap_params__get__fast_class,doc_f2py_rout__pysimple_f90wrap_params__get__fast_class},
      |                                                                                                                                             ^
/proj/plasma/CODE/ert/SIMPLE/build/python/_pysimplemodule.c:60016:141: warning: cast between incompatible function types from ‘PyObject * (*)(const PyObject *, PyObject *, PyObject *, void (*)(int *))’ {aka ‘struct _object * (*)(const struct _object *, struct _object *, struct _object *, void (*)(int *))’} to ‘void (*)(int *, npy_intp *, void (*)(char *, npy_intp *), int *)’ {aka ‘void (*)(int *, long int *, void (*)(char *, long int *), int *)’} [-Wcast-function-type]
60016 |     {"f90wrap_params__set__fast_class",-1,{{-1}},0,0,(char *)  F_FUNC_US(f90wrap_params__set__fast_class,F90WRAP_PARAMS__SET__FAST_CLASS),  (f2py_init_func)f2py_rout__pysimple_f90wrap_params__set__fast_class,doc_f2py_rout__pysimple_f90wrap_params__set__fast_class},
      |                                                                                                                                             ^
/proj/plasma/CODE/ert/SIMPLE/build/python/_pysimplemodule.c:60017:129: warning: cast between incompatible function types from ‘PyObject * (*)(const PyObject *, PyObject *, PyObject *, void (*)(int *))’ {aka ‘struct _object * (*)(const struct _object *, struct _object *, struct _object *, void (*)(int *))’} to ‘void (*)(int *, npy_intp *, void (*)(char *, npy_intp *), int *)’ {aka ‘void (*)(int *, long int *, void (*)(char *, long int *), int *)’} [-Wcast-function-type]
60017 |     {"f90wrap_params__get__swcoll",-1,{{-1}},0,0,(char *)  F_FUNC_US(f90wrap_params__get__swcoll,F90WRAP_PARAMS__GET__SWCOLL),  (f2py_init_func)f2py_rout__pysimple_f90wrap_params__get__swcoll,doc_f2py_rout__pysimple_f90wrap_params__get__swcoll},
      |                                                                                                                                 ^
/proj/plasma/CODE/ert/SIMPLE/build/python/_pysimplemodule.c:60018:129: warning: cast between incompatible function types from ‘PyObject * (*)(const PyObject *, PyObject *, PyObject *, void (*)(int *))’ {aka ‘struct _object * (*)(const struct _object *, struct _object *, struct _object *, void (*)(int *))’} to ‘void (*)(int *, npy_intp *, void (*)(char *, npy_intp *), int *)’ {aka ‘void (*)(int *, long int *, void (*)(char *, long int *), int *)’} [-Wcast-function-type]
60018 |     {"f90wrap_params__set__swcoll",-1,{{-1}},0,0,(char *)  F_FUNC_US(f90wrap_params__set__swcoll,F90WRAP_PARAMS__SET__SWCOLL),  (f2py_init_func)f2py_rout__pysimple_f90wrap_params__set__swcoll,doc_f2py_rout__pysimple_f90wrap_params__set__swcoll},
      |                                                                                                                                 ^
/proj/plasma/CODE/ert/SIMPLE/build/python/_pysimplemodule.c:60019:120: warning: cast between incompatible function types from ‘PyObject * (*)(const PyObject *, PyObject *, PyObject *, void (*)(double *))’ {aka ‘struct _object * (*)(const struct _object *, struct _object *, struct _object *, void (*)(double *))’} to ‘void (*)(int *, npy_intp *, void (*)(char *, npy_intp *), int *)’ {aka ‘void (*)(int *, long int *, void (*)(char *, long int *), int *)’} [-Wcast-function-type]
60019 |     {"f90wrap_params__get__am1",-1,{{-1}},0,0,(char *)  F_FUNC_US(f90wrap_params__get__am1,F90WRAP_PARAMS__GET__AM1),  (f2py_init_func)f2py_rout__pysimple_f90wrap_params__get__am1,doc_f2py_rout__pysimple_f90wrap_params__get__am1},
      |                                                                                                                        ^
/proj/plasma/CODE/ert/SIMPLE/build/python/_pysimplemodule.c:60020:120: warning: cast between incompatible function types from ‘PyObject * (*)(const PyObject *, PyObject *, PyObject *, void (*)(double *))’ {aka ‘struct _object * (*)(const struct _object *, struct _object *, struct _object *, void (*)(double *))’} to ‘void (*)(int *, npy_intp *, void (*)(char *, npy_intp *), int *)’ {aka ‘void (*)(int *, long int *, void (*)(char *, long int *), int *)’} [-Wcast-function-type]
60020 |     {"f90wrap_params__set__am1",-1,{{-1}},0,0,(char *)  F_FUNC_US(f90wrap_params__set__am1,F90WRAP_PARAMS__SET__AM1),  (f2py_init_func)f2py_rout__pysimple_f90wrap_params__set__am1,doc_f2py_rout__pysimple_f90wrap_params__set__am1},
      |                                                                                                                        ^
/proj/plasma/CODE/ert/SIMPLE/build/python/_pysimplemodule.c:60021:120: warning: cast between incompatible function types from ‘PyObject * (*)(const PyObject *, PyObject *, PyObject *, void (*)(double *))’ {aka ‘struct _object * (*)(const struct _object *, struct _object *, struct _object *, void (*)(double *))’} to ‘void (*)(int *, npy_intp *, void (*)(char *, npy_intp *), int *)’ {aka ‘void (*)(int *, long int *, void (*)(char *, long int *), int *)’} [-Wcast-function-type]
60021 |     {"f90wrap_params__get__am2",-1,{{-1}},0,0,(char *)  F_FUNC_US(f90wrap_params__get__am2,F90WRAP_PARAMS__GET__AM2),  (f2py_init_func)f2py_rout__pysimple_f90wrap_params__get__am2,doc_f2py_rout__pysimple_f90wrap_params__get__am2},
      |                                                                                                                        ^
/proj/plasma/CODE/ert/SIMPLE/build/python/_pysimplemodule.c:60022:120: warning: cast between incompatible function types from ‘PyObject * (*)(const PyObject *, PyObject *, PyObject *, void (*)(double *))’ {aka ‘struct _object * (*)(const struct _object *, struct _object *, struct _object *, void (*)(double *))’} to ‘void (*)(int *, npy_intp *, void (*)(char *, npy_intp *), int *)’ {aka ‘void (*)(int *, long int *, void (*)(char *, long int *), int *)’} [-Wcast-function-type]
60022 |     {"f90wrap_params__set__am2",-1,{{-1}},0,0,(char *)  F_FUNC_US(f90wrap_params__set__am2,F90WRAP_PARAMS__SET__AM2),  (f2py_init_func)f2py_rout__pysimple_f90wrap_params__set__am2,doc_f2py_rout__pysimple_f90wrap_params__set__am2},
      |                                                                                                                        ^
/proj/plasma/CODE/ert/SIMPLE/build/python/_pysimplemodule.c:60023:117: warning: cast between incompatible function types from ‘PyObject * (*)(const PyObject *, PyObject *, PyObject *, void (*)(double *))’ {aka ‘struct _object * (*)(const struct _object *, struct _object *, struct _object *, void (*)(double *))’} to ‘void (*)(int *, npy_intp *, void (*)(char *, npy_intp *), int *)’ {aka ‘void (*)(int *, long int *, void (*)(char *, long int *), int *)’} [-Wcast-function-type]
60023 |     {"f90wrap_params__get__z1",-1,{{-1}},0,0,(char *)  F_FUNC_US(f90wrap_params__get__z1,F90WRAP_PARAMS__GET__Z1),  (f2py_init_func)f2py_rout__pysimple_f90wrap_params__get__z1,doc_f2py_rout__pysimple_f90wrap_params__get__z1},
      |                                                                                                                     ^
/proj/plasma/CODE/ert/SIMPLE/build/python/_pysimplemodule.c:60024:117: warning: cast between incompatible function types from ‘PyObject * (*)(const PyObject *, PyObject *, PyObject *, void (*)(double *))’ {aka ‘struct _object * (*)(const struct _object *, struct _object *, struct _object *, void (*)(double *))’} to ‘void (*)(int *, npy_intp *, void (*)(char *, npy_intp *), int *)’ {aka ‘void (*)(int *, long int *, void (*)(char *, long int *), int *)’} [-Wcast-function-type]
60024 |     {"f90wrap_params__set__z1",-1,{{-1}},0,0,(char *)  F_FUNC_US(f90wrap_params__set__z1,F90WRAP_PARAMS__SET__Z1),  (f2py_init_func)f2py_rout__pysimple_f90wrap_params__set__z1,doc_f2py_rout__pysimple_f90wrap_params__set__z1},
      |                                                                                                                     ^
/proj/plasma/CODE/ert/SIMPLE/build/python/_pysimplemodule.c:60025:117: warning: cast between incompatible function types from ‘PyObject * (*)(const PyObject *, PyObject *, PyObject *, void (*)(double *))’ {aka ‘struct _object * (*)(const struct _object *, struct _object *, struct _object *, void (*)(double *))’} to ‘void (*)(int *, npy_intp *, void (*)(char *, npy_intp *), int *)’ {aka ‘void (*)(int *, long int *, void (*)(char *, long int *), int *)’} [-Wcast-function-type]
60025 |     {"f90wrap_params__get__z2",-1,{{-1}},0,0,(char *)  F_FUNC_US(f90wrap_params__get__z2,F90WRAP_PARAMS__GET__Z2),  (f2py_init_func)f2py_rout__pysimple_f90wrap_params__get__z2,doc_f2py_rout__pysimple_f90wrap_params__get__z2},
      |                                                                                                                     ^
/proj/plasma/CODE/ert/SIMPLE/build/python/_pysimplemodule.c:60026:117: warning: cast between incompatible function types from ‘PyObject * (*)(const PyObject *, PyObject *, PyObject *, void (*)(double *))’ {aka ‘struct _object * (*)(const struct _object *, struct _object *, struct _object *, void (*)(double *))’} to ‘void (*)(int *, npy_intp *, void (*)(char *, npy_intp *), int *)’ {aka ‘void (*)(int *, long int *, void (*)(char *, long int *), int *)’} [-Wcast-function-type]
60026 |     {"f90wrap_params__set__z2",-1,{{-1}},0,0,(char *)  F_FUNC_US(f90wrap_params__set__z2,F90WRAP_PARAMS__SET__Z2),  (f2py_init_func)f2py_rout__pysimple_f90wrap_params__set__z2,doc_f2py_rout__pysimple_f90wrap_params__set__z2},
      |                                                                                                                     ^
/proj/plasma/CODE/ert/SIMPLE/build/python/_pysimplemodule.c:60027:129: warning: cast between incompatible function types from ‘PyObject * (*)(const PyObject *, PyObject *, PyObject *, void (*)(double *))’ {aka ‘struct _object * (*)(const struct _object *, struct _object *, struct _object *, void (*)(double *))’} to ‘void (*)(int *, npy_intp *, void (*)(char *, npy_intp *), int *)’ {aka ‘void (*)(int *, long int *, void (*)(char *, long int *), int *)’} [-Wcast-function-type]
60027 |     {"f90wrap_params__get__densi1",-1,{{-1}},0,0,(char *)  F_FUNC_US(f90wrap_params__get__densi1,F90WRAP_PARAMS__GET__DENSI1),  (f2py_init_func)f2py_rout__pysimple_f90wrap_params__get__densi1,doc_f2py_rout__pysimple_f90wrap_params__get__densi1},
      |                                                                                                                                 ^
/proj/plasma/CODE/ert/SIMPLE/build/python/_pysimplemodule.c:60028:129: warning: cast between incompatible function types from ‘PyObject * (*)(const PyObject *, PyObject *, PyObject *, void (*)(double *))’ {aka ‘struct _object * (*)(const struct _object *, struct _object *, struct _object *, void (*)(double *))’} to ‘void (*)(int *, npy_intp *, void (*)(char *, npy_intp *), int *)’ {aka ‘void (*)(int *, long int *, void (*)(char *, long int *), int *)’} [-Wcast-function-type]
60028 |     {"f90wrap_params__set__densi1",-1,{{-1}},0,0,(char *)  F_FUNC_US(f90wrap_params__set__densi1,F90WRAP_PARAMS__SET__DENSI1),  (f2py_init_func)f2py_rout__pysimple_f90wrap_params__set__densi1,doc_f2py_rout__pysimple_f90wrap_params__set__densi1},
      |                                                                                                                                 ^
/proj/plasma/CODE/ert/SIMPLE/build/python/_pysimplemodule.c:60029:129: warning: cast between incompatible function types from ‘PyObject * (*)(const PyObject *, PyObject *, PyObject *, void (*)(double *))’ {aka ‘struct _object * (*)(const struct _object *, struct _object *, struct _object *, void (*)(double *))’} to ‘void (*)(int *, npy_intp *, void (*)(char *, npy_intp *), int *)’ {aka ‘void (*)(int *, long int *, void (*)(char *, long int *), int *)’} [-Wcast-function-type]
60029 |     {"f90wrap_params__get__densi2",-1,{{-1}},0,0,(char *)  F_FUNC_US(f90wrap_params__get__densi2,F90WRAP_PARAMS__GET__DENSI2),  (f2py_init_func)f2py_rout__pysimple_f90wrap_params__get__densi2,doc_f2py_rout__pysimple_f90wrap_params__get__densi2},
      |                                                                                                                                 ^
/proj/plasma/CODE/ert/SIMPLE/build/python/_pysimplemodule.c:60030:129: warning: cast between incompatible function types from ‘PyObject * (*)(const PyObject *, PyObject *, PyObject *, void (*)(double *))’ {aka ‘struct _object * (*)(const struct _object *, struct _object *, struct _object *, void (*)(double *))’} to ‘void (*)(int *, npy_intp *, void (*)(char *, npy_intp *), int *)’ {aka ‘void (*)(int *, long int *, void (*)(char *, long int *), int *)’} [-Wcast-function-type]
60030 |     {"f90wrap_params__set__densi2",-1,{{-1}},0,0,(char *)  F_FUNC_US(f90wrap_params__set__densi2,F90WRAP_PARAMS__SET__DENSI2),  (f2py_init_func)f2py_rout__pysimple_f90wrap_params__set__densi2,doc_f2py_rout__pysimple_f90wrap_params__set__densi2},
      |                                                                                                                                 ^
/proj/plasma/CODE/ert/SIMPLE/build/python/_pysimplemodule.c:60031:129: warning: cast between incompatible function types from ‘PyObject * (*)(const PyObject *, PyObject *, PyObject *, void (*)(double *))’ {aka ‘struct _object * (*)(const struct _object *, struct _object *, struct _object *, void (*)(double *))’} to ‘void (*)(int *, npy_intp *, void (*)(char *, npy_intp *), int *)’ {aka ‘void (*)(int *, long int *, void (*)(char *, long int *), int *)’} [-Wcast-function-type]
60031 |     {"f90wrap_params__get__tempi1",-1,{{-1}},0,0,(char *)  F_FUNC_US(f90wrap_params__get__tempi1,F90WRAP_PARAMS__GET__TEMPI1),  (f2py_init_func)f2py_rout__pysimple_f90wrap_params__get__tempi1,doc_f2py_rout__pysimple_f90wrap_params__get__tempi1},
      |                                                                                                                                 ^
/proj/plasma/CODE/ert/SIMPLE/build/python/_pysimplemodule.c:60032:129: warning: cast between incompatible function types from ‘PyObject * (*)(const PyObject *, PyObject *, PyObject *, void (*)(double *))’ {aka ‘struct _object * (*)(const struct _object *, struct _object *, struct _object *, void (*)(double *))’} to ‘void (*)(int *, npy_intp *, void (*)(char *, npy_intp *), int *)’ {aka ‘void (*)(int *, long int *, void (*)(char *, long int *), int *)’} [-Wcast-function-type]
60032 |     {"f90wrap_params__set__tempi1",-1,{{-1}},0,0,(char *)  F_FUNC_US(f90wrap_params__set__tempi1,F90WRAP_PARAMS__SET__TEMPI1),  (f2py_init_func)f2py_rout__pysimple_f90wrap_params__set__tempi1,doc_f2py_rout__pysimple_f90wrap_params__set__tempi1},
      |                                                                                                                                 ^
/proj/plasma/CODE/ert/SIMPLE/build/python/_pysimplemodule.c:60033:129: warning: cast between incompatible function types from ‘PyObject * (*)(const PyObject *, PyObject *, PyObject *, void (*)(double *))’ {aka ‘struct _object * (*)(const struct _object *, struct _object *, struct _object *, void (*)(double *))’} to ‘void (*)(int *, npy_intp *, void (*)(char *, npy_intp *), int *)’ {aka ‘void (*)(int *, long int *, void (*)(char *, long int *), int *)’} [-Wcast-function-type]
60033 |     {"f90wrap_params__get__tempi2",-1,{{-1}},0,0,(char *)  F_FUNC_US(f90wrap_params__get__tempi2,F90WRAP_PARAMS__GET__TEMPI2),  (f2py_init_func)f2py_rout__pysimple_f90wrap_params__get__tempi2,doc_f2py_rout__pysimple_f90wrap_params__get__tempi2},
      |                                                                                                                                 ^
/proj/plasma/CODE/ert/SIMPLE/build/python/_pysimplemodule.c:60034:129: warning: cast between incompatible function types from ‘PyObject * (*)(const PyObject *, PyObject *, PyObject *, void (*)(double *))’ {aka ‘struct _object * (*)(const struct _object *, struct _object *, struct _object *, void (*)(double *))’} to ‘void (*)(int *, npy_intp *, void (*)(char *, npy_intp *), int *)’ {aka ‘void (*)(int *, long int *, void (*)(char *, long int *), int *)’} [-Wcast-function-type]
60034 |     {"f90wrap_params__set__tempi2",-1,{{-1}},0,0,(char *)  F_FUNC_US(f90wrap_params__set__tempi2,F90WRAP_PARAMS__SET__TEMPI2),  (f2py_init_func)f2py_rout__pysimple_f90wrap_params__set__tempi2,doc_f2py_rout__pysimple_f90wrap_params__set__tempi2},
      |                                                                                                                                 ^
/proj/plasma/CODE/ert/SIMPLE/build/python/_pysimplemodule.c:60035:126: warning: cast between incompatible function types from ‘PyObject * (*)(const PyObject *, PyObject *, PyObject *, void (*)(double *))’ {aka ‘struct _object * (*)(const struct _object *, struct _object *, struct _object *, void (*)(double *))’} to ‘void (*)(int *, npy_intp *, void (*)(char *, npy_intp *), int *)’ {aka ‘void (*)(int *, long int *, void (*)(char *, long int *), int *)’} [-Wcast-function-type]
60035 |     {"f90wrap_params__get__tempe",-1,{{-1}},0,0,(char *)  F_FUNC_US(f90wrap_params__get__tempe,F90WRAP_PARAMS__GET__TEMPE),  (f2py_init_func)f2py_rout__pysimple_f90wrap_params__get__tempe,doc_f2py_rout__pysimple_f90wrap_params__get__tempe},
      |                                                                                                                              ^
/proj/plasma/CODE/ert/SIMPLE/build/python/_pysimplemodule.c:60036:126: warning: cast between incompatible function types from ‘PyObject * (*)(const PyObject *, PyObject *, PyObject *, void (*)(double *))’ {aka ‘struct _object * (*)(const struct _object *, struct _object *, struct _object *, void (*)(double *))’} to ‘void (*)(int *, npy_intp *, void (*)(char *, npy_intp *), int *)’ {aka ‘void (*)(int *, long int *, void (*)(char *, long int *), int *)’} [-Wcast-function-type]
60036 |     {"f90wrap_params__set__tempe",-1,{{-1}},0,0,(char *)  F_FUNC_US(f90wrap_params__set__tempe,F90WRAP_PARAMS__SET__TEMPE),  (f2py_init_func)f2py_rout__pysimple_f90wrap_params__set__tempe,doc_f2py_rout__pysimple_f90wrap_params__set__tempe},
      |                                                                                                                              ^
/proj/plasma/CODE/ert/SIMPLE/build/python/_pysimplemodule.c:60037:132: warning: cast between incompatible function types from ‘PyObject * (*)(const PyObject *, PyObject *, PyObject *, void (*)(double *))’ {aka ‘struct _object * (*)(const struct _object *, struct _object *, struct _object *, void (*)(double *))’} to ‘void (*)(int *, npy_intp *, void (*)(char *, npy_intp *), int *)’ {aka ‘void (*)(int *, long int *, void (*)(char *, long int *), int *)’} [-Wcast-function-type]
60037 |     {"f90wrap_params__get__dchichi",-1,{{-1}},0,0,(char *)  F_FUNC_US(f90wrap_params__get__dchichi,F90WRAP_PARAMS__GET__DCHICHI),  (f2py_init_func)f2py_rout__pysimple_f90wrap_params__get__dchichi,doc_f2py_rout__pysimple_f90wrap_params__get__dchichi},
      |                                                                                                                                    ^
/proj/plasma/CODE/ert/SIMPLE/build/python/_pysimplemodule.c:60038:132: warning: cast between incompatible function types from ‘PyObject * (*)(const PyObject *, PyObject *, PyObject *, void (*)(double *))’ {aka ‘struct _object * (*)(const struct _object *, struct _object *, struct _object *, void (*)(double *))’} to ‘void (*)(int *, npy_intp *, void (*)(char *, npy_intp *), int *)’ {aka ‘void (*)(int *, long int *, void (*)(char *, long int *), int *)’} [-Wcast-function-type]
60038 |     {"f90wrap_params__set__dchichi",-1,{{-1}},0,0,(char *)  F_FUNC_US(f90wrap_params__set__dchichi,F90WRAP_PARAMS__SET__DCHICHI),  (f2py_init_func)f2py_rout__pysimple_f90wrap_params__set__dchichi,doc_f2py_rout__pysimple_f90wrap_params__set__dchichi},
      |                                                                                                                                    ^
/proj/plasma/CODE/ert/SIMPLE/build/python/_pysimplemodule.c:60039:135: warning: cast between incompatible function types from ‘PyObject * (*)(const PyObject *, PyObject *, PyObject *, void (*)(double *))’ {aka ‘struct _object * (*)(const struct _object *, struct _object *, struct _object *, void (*)(double *))’} to ‘void (*)(int *, npy_intp *, void (*)(char *, npy_intp *), int *)’ {aka ‘void (*)(int *, long int *, void (*)(char *, long int *), int *)’} [-Wcast-function-type]
60039 |     {"f90wrap_params__get__slowrate",-1,{{-1}},0,0,(char *)  F_FUNC_US(f90wrap_params__get__slowrate,F90WRAP_PARAMS__GET__SLOWRATE),  (f2py_init_func)f2py_rout__pysimple_f90wrap_params__get__slowrate,doc_f2py_rout__pysimple_f90wrap_params__get__slowrate},
      |                                                                                                                                       ^
/proj/plasma/CODE/ert/SIMPLE/build/python/_pysimplemodule.c:60040:135: warning: cast between incompatible function types from ‘PyObject * (*)(const PyObject *, PyObject *, PyObject *, void (*)(double *))’ {aka ‘struct _object * (*)(const struct _object *, struct _object *, struct _object *, void (*)(double *))’} to ‘void (*)(int *, npy_intp *, void (*)(char *, npy_intp *), int *)’ {aka ‘void (*)(int *, long int *, void (*)(char *, long int *), int *)’} [-Wcast-function-type]
60040 |     {"f90wrap_params__set__slowrate",-1,{{-1}},0,0,(char *)  F_FUNC_US(f90wrap_params__set__slowrate,F90WRAP_PARAMS__SET__SLOWRATE),  (f2py_init_func)f2py_rout__pysimple_f90wrap_params__set__slowrate,doc_f2py_rout__pysimple_f90wrap_params__set__slowrate},
      |                                                                                                                                       ^
/proj/plasma/CODE/ert/SIMPLE/build/python/_pysimplemodule.c:60041:147: warning: cast between incompatible function types from ‘PyObject * (*)(const PyObject *, PyObject *, PyObject *, void (*)(double *))’ {aka ‘struct _object * (*)(const struct _object *, struct _object *, struct _object *, void (*)(double *))’} to ‘void (*)(int *, npy_intp *, void (*)(char *, npy_intp *), int *)’ {aka ‘void (*)(int *, long int *, void (*)(char *, long int *), int *)’} [-Wcast-function-type]
60041 |     {"f90wrap_params__get__dchichi_norm",-1,{{-1}},0,0,(char *)  F_FUNC_US(f90wrap_params__get__dchichi_norm,F90WRAP_PARAMS__GET__DCHICHI_NORM),  (f2py_init_func)f2py_rout__pysimple_f90wrap_params__get__dchichi_norm,doc_f2py_rout__pysimple_f90wrap_params__get__dchichi_norm},
      |                                                                                                                                                   ^
/proj/plasma/CODE/ert/SIMPLE/build/python/_pysimplemodule.c:60042:147: warning: cast between incompatible function types from ‘PyObject * (*)(const PyObject *, PyObject *, PyObject *, void (*)(double *))’ {aka ‘struct _object * (*)(const struct _object *, struct _object *, struct _object *, void (*)(double *))’} to ‘void (*)(int *, npy_intp *, void (*)(char *, npy_intp *), int *)’ {aka ‘void (*)(int *, long int *, void (*)(char *, long int *), int *)’} [-Wcast-function-type]
60042 |     {"f90wrap_params__set__dchichi_norm",-1,{{-1}},0,0,(char *)  F_FUNC_US(f90wrap_params__set__dchichi_norm,F90WRAP_PARAMS__SET__DCHICHI_NORM),  (f2py_init_func)f2py_rout__pysimple_f90wrap_params__set__dchichi_norm,doc_f2py_rout__pysimple_f90wrap_params__set__dchichi_norm},
      |                                                                                                                                                   ^
/proj/plasma/CODE/ert/SIMPLE/build/python/_pysimplemodule.c:60043:150: warning: cast between incompatible function types from ‘PyObject * (*)(const PyObject *, PyObject *, PyObject *, void (*)(double *))’ {aka ‘struct _object * (*)(const struct _object *, struct _object *, struct _object *, void (*)(double *))’} to ‘void (*)(int *, npy_intp *, void (*)(char *, npy_intp *), int *)’ {aka ‘void (*)(int *, long int *, void (*)(char *, long int *), int *)’} [-Wcast-function-type]
60043 |     {"f90wrap_params__get__slowrate_norm",-1,{{-1}},0,0,(char *)  F_FUNC_US(f90wrap_params__get__slowrate_norm,F90WRAP_PARAMS__GET__SLOWRATE_NORM),  (f2py_init_func)f2py_rout__pysimple_f90wrap_params__get__slowrate_norm,doc_f2py_rout__pysimple_f90wrap_params__get__slowrate_norm},
      |                                                                                                                                                      ^
/proj/plasma/CODE/ert/SIMPLE/build/python/_pysimplemodule.c:60044:150: warning: cast between incompatible function types from ‘PyObject * (*)(const PyObject *, PyObject *, PyObject *, void (*)(double *))’ {aka ‘struct _object * (*)(const struct _object *, struct _object *, struct _object *, void (*)(double *))’} to ‘void (*)(int *, npy_intp *, void (*)(char *, npy_intp *), int *)’ {aka ‘void (*)(int *, long int *, void (*)(char *, long int *), int *)’} [-Wcast-function-type]
60044 |     {"f90wrap_params__set__slowrate_norm",-1,{{-1}},0,0,(char *)  F_FUNC_US(f90wrap_params__set__slowrate_norm,F90WRAP_PARAMS__SET__SLOWRATE_NORM),  (f2py_init_func)f2py_rout__pysimple_f90wrap_params__set__slowrate_norm,doc_f2py_rout__pysimple_f90wrap_params__set__slowrate_norm},
      |                                                                                                                                                      ^
/proj/plasma/CODE/ert/SIMPLE/build/python/_pysimplemodule.c:60045:150: warning: cast between incompatible function types from ‘PyObject * (*)(const PyObject *, PyObject *, PyObject *, void (*)(int *))’ {aka ‘struct _object * (*)(const struct _object *, struct _object *, struct _object *, void (*)(int *))’} to ‘void (*)(int *, npy_intp *, void (*)(char *, npy_intp *), int *)’ {aka ‘void (*)(int *, long int *, void (*)(char *, long int *), int *)’} [-Wcast-function-type]
60045 |     {"f90wrap_params__get__deterministic",-1,{{-1}},0,0,(char *)  F_FUNC_US(f90wrap_params__get__deterministic,F90WRAP_PARAMS__GET__DETERMINISTIC),  (f2py_init_func)f2py_rout__pysimple_f90wrap_params__get__deterministic,doc_f2py_rout__pysimple_f90wrap_params__get__deterministic},
      |                                                                                                                                                      ^
/proj/plasma/CODE/ert/SIMPLE/build/python/_pysimplemodule.c:60046:150: warning: cast between incompatible function types from ‘PyObject * (*)(const PyObject *, PyObject *, PyObject *, void (*)(int *))’ {aka ‘struct _object * (*)(const struct _object *, struct _object *, struct _object *, void (*)(int *))’} to ‘void (*)(int *, npy_intp *, void (*)(char *, npy_intp *), int *)’ {aka ‘void (*)(int *, long int *, void (*)(char *, long int *), int *)’} [-Wcast-function-type]
60046 |     {"f90wrap_params__set__deterministic",-1,{{-1}},0,0,(char *)  F_FUNC_US(f90wrap_params__set__deterministic,F90WRAP_PARAMS__SET__DETERMINISTIC),  (f2py_init_func)f2py_rout__pysimple_f90wrap_params__set__deterministic,doc_f2py_rout__pysimple_f90wrap_params__set__deterministic},
      |                                                                                                                                                      ^
/proj/plasma/CODE/ert/SIMPLE/build/python/_pysimplemodule.c:60047:156: warning: cast between incompatible function types from ‘PyObject * (*)(const PyObject *, PyObject *, PyObject *, void (*)(int *))’ {aka ‘struct _object * (*)(const struct _object *, struct _object *, struct _object *, void (*)(int *))’} to ‘void (*)(int *, npy_intp *, void (*)(char *, npy_intp *), int *)’ {aka ‘void (*)(int *, long int *, void (*)(char *, long int *), int *)’} [-Wcast-function-type]
60047 |     {"f90wrap_params__get__notrace_passing",-1,{{-1}},0,0,(char *)  F_FUNC_US(f90wrap_params__get__notrace_passing,F90WRAP_PARAMS__GET__NOTRACE_PASSING),  (f2py_init_func)f2py_rout__pysimple_f90wrap_params__get__notrace_passing,doc_f2py_rout__pysimple_f90wrap_params__get__notrace_passing},
      |                                                                                                                                                            ^
/proj/plasma/CODE/ert/SIMPLE/build/python/_pysimplemodule.c:60048:156: warning: cast between incompatible function types from ‘PyObject * (*)(const PyObject *, PyObject *, PyObject *, void (*)(int *))’ {aka ‘struct _object * (*)(const struct _object *, struct _object *, struct _object *, void (*)(int *))’} to ‘void (*)(int *, npy_intp *, void (*)(char *, npy_intp *), int *)’ {aka ‘void (*)(int *, long int *, void (*)(char *, long int *), int *)’} [-Wcast-function-type]
60048 |     {"f90wrap_params__set__notrace_passing",-1,{{-1}},0,0,(char *)  F_FUNC_US(f90wrap_params__set__notrace_passing,F90WRAP_PARAMS__SET__NOTRACE_PASSING),  (f2py_init_func)f2py_rout__pysimple_f90wrap_params__set__notrace_passing,doc_f2py_rout__pysimple_f90wrap_params__set__notrace_passing},
      |                                                                                                                                                            ^
/proj/plasma/CODE/ert/SIMPLE/build/python/_pysimplemodule.c:60049:132: warning: cast between incompatible function types from ‘PyObject * (*)(const PyObject *, PyObject *, PyObject *, void (*)(double *))’ {aka ‘struct _object * (*)(const struct _object *, struct _object *, struct _object *, void (*)(double *))’} to ‘void (*)(int *, npy_intp *, void (*)(char *, npy_intp *), int *)’ {aka ‘void (*)(int *, long int *, void (*)(char *, long int *), int *)’} [-Wcast-function-type]
60049 |     {"f90wrap_params__get__face_al",-1,{{-1}},0,0,(char *)  F_FUNC_US(f90wrap_params__get__face_al,F90WRAP_PARAMS__GET__FACE_AL),  (f2py_init_func)f2py_rout__pysimple_f90wrap_params__get__face_al,doc_f2py_rout__pysimple_f90wrap_params__get__face_al},
      |                                                                                                                                    ^
/proj/plasma/CODE/ert/SIMPLE/build/python/_pysimplemodule.c:60050:132: warning: cast between incompatible function types from ‘PyObject * (*)(const PyObject *, PyObject *, PyObject *, void (*)(double *))’ {aka ‘struct _object * (*)(const struct _object *, struct _object *, struct _object *, void (*)(double *))’} to ‘void (*)(int *, npy_intp *, void (*)(char *, npy_intp *), int *)’ {aka ‘void (*)(int *, long int *, void (*)(char *, long int *), int *)’} [-Wcast-function-type]
60050 |     {"f90wrap_params__set__face_al",-1,{{-1}},0,0,(char *)  F_FUNC_US(f90wrap_params__set__face_al,F90WRAP_PARAMS__SET__FACE_AL),  (f2py_init_func)f2py_rout__pysimple_f90wrap_params__set__face_al,doc_f2py_rout__pysimple_f90wrap_params__set__face_al},
      |                                                                                                                                    ^
/proj/plasma/CODE/ert/SIMPLE/build/python/_pysimplemodule.c:60051:141: warning: cast between incompatible function types from ‘PyObject * (*)(const PyObject *, PyObject *, PyObject *, void (*)(double *))’ {aka ‘struct _object * (*)(const struct _object *, struct _object *, struct _object *, void (*)(double *))’} to ‘void (*)(int *, npy_intp *, void (*)(char *, npy_intp *), int *)’ {aka ‘void (*)(int *, long int *, void (*)(char *, long int *), int *)’} [-Wcast-function-type]
60051 |     {"f90wrap_params__get__trace_time",-1,{{-1}},0,0,(char *)  F_FUNC_US(f90wrap_params__get__trace_time,F90WRAP_PARAMS__GET__TRACE_TIME),  (f2py_init_func)f2py_rout__pysimple_f90wrap_params__get__trace_time,doc_f2py_rout__pysimple_f90wrap_params__get__trace_time},
      |                                                                                                                                             ^
/proj/plasma/CODE/ert/SIMPLE/build/python/_pysimplemodule.c:60052:141: warning: cast between incompatible function types from ‘PyObject * (*)(const PyObject *, PyObject *, PyObject *, void (*)(double *))’ {aka ‘struct _object * (*)(const struct _object *, struct _object *, struct _object *, void (*)(double *))’} to ‘void (*)(int *, npy_intp *, void (*)(char *, npy_intp *), int *)’ {aka ‘void (*)(int *, long int *, void (*)(char *, long int *), int *)’} [-Wcast-function-type]
60052 |     {"f90wrap_params__set__trace_time",-1,{{-1}},0,0,(char *)  F_FUNC_US(f90wrap_params__set__trace_time,F90WRAP_PARAMS__SET__TRACE_TIME),  (f2py_init_func)f2py_rout__pysimple_f90wrap_params__set__trace_time,doc_f2py_rout__pysimple_f90wrap_params__set__trace_time},
      |                                                                                                                                             ^
/proj/plasma/CODE/ert/SIMPLE/build/python/_pysimplemodule.c:60053:135: warning: cast between incompatible function types from ‘PyObject * (*)(const PyObject *, PyObject *, PyObject *, void (*)(int *))’ {aka ‘struct _object * (*)(const struct _object *, struct _object *, struct _object *, void (*)(int *))’} to ‘void (*)(int *, npy_intp *, void (*)(char *, npy_intp *), int *)’ {aka ‘void (*)(int *, long int *, void (*)(char *, long int *), int *)’} [-Wcast-function-type]
60053 |     {"f90wrap_params__get__ntimstep",-1,{{-1}},0,0,(char *)  F_FUNC_US(f90wrap_params__get__ntimstep,F90WRAP_PARAMS__GET__NTIMSTEP),  (f2py_init_func)f2py_rout__pysimple_f90wrap_params__get__ntimstep,doc_f2py_rout__pysimple_f90wrap_params__get__ntimstep},
      |                                                                                                                                       ^
/proj/plasma/CODE/ert/SIMPLE/build/python/_pysimplemodule.c:60054:135: warning: cast between incompatible function types from ‘PyObject * (*)(const PyObject *, PyObject *, PyObject *, void (*)(int *))’ {aka ‘struct _object * (*)(const struct _object *, struct _object *, struct _object *, void (*)(int *))’} to ‘void (*)(int *, npy_intp *, void (*)(char *, npy_intp *), int *)’ {aka ‘void (*)(int *, long int *, void (*)(char *, long int *), int *)’} [-Wcast-function-type]
60054 |     {"f90wrap_params__set__ntimstep",-1,{{-1}},0,0,(char *)  F_FUNC_US(f90wrap_params__set__ntimstep,F90WRAP_PARAMS__SET__NTIMSTEP),  (f2py_init_func)f2py_rout__pysimple_f90wrap_params__set__ntimstep,doc_f2py_rout__pysimple_f90wrap_params__set__ntimstep},
      |                                                                                                                                       ^
/proj/plasma/CODE/ert/SIMPLE/build/python/_pysimplemodule.c:60055:132: warning: cast between incompatible function types from ‘PyObject * (*)(const PyObject *, PyObject *, PyObject *, void (*)(int *))’ {aka ‘struct _object * (*)(const struct _object *, struct _object *, struct _object *, void (*)(int *))’} to ‘void (*)(int *, npy_intp *, void (*)(char *, npy_intp *), int *)’ {aka ‘void (*)(int *, long int *, void (*)(char *, long int *), int *)’} [-Wcast-function-type]
60055 |     {"f90wrap_params__get__npoiper",-1,{{-1}},0,0,(char *)  F_FUNC_US(f90wrap_params__get__npoiper,F90WRAP_PARAMS__GET__NPOIPER),  (f2py_init_func)f2py_rout__pysimple_f90wrap_params__get__npoiper,doc_f2py_rout__pysimple_f90wrap_params__get__npoiper},
      |                                                                                                                                    ^
/proj/plasma/CODE/ert/SIMPLE/build/python/_pysimplemodule.c:60056:132: warning: cast between incompatible function types from ‘PyObject * (*)(const PyObject *, PyObject *, PyObject *, void (*)(int *))’ {aka ‘struct _object * (*)(const struct _object *, struct _object *, struct _object *, void (*)(int *))’} to ‘void (*)(int *, npy_intp *, void (*)(char *, npy_intp *), int *)’ {aka ‘void (*)(int *, long int *, void (*)(char *, long int *), int *)’} [-Wcast-function-type]
60056 |     {"f90wrap_params__set__npoiper",-1,{{-1}},0,0,(char *)  F_FUNC_US(f90wrap_params__set__npoiper,F90WRAP_PARAMS__SET__NPOIPER),  (f2py_init_func)f2py_rout__pysimple_f90wrap_params__set__npoiper,doc_f2py_rout__pysimple_f90wrap_params__set__npoiper},
      |                                                                                                                                    ^
/proj/plasma/CODE/ert/SIMPLE/build/python/_pysimplemodule.c:60057:135: warning: cast between incompatible function types from ‘PyObject * (*)(const PyObject *, PyObject *, PyObject *, void (*)(int *))’ {aka ‘struct _object * (*)(const struct _object *, struct _object *, struct _object *, void (*)(int *))’} to ‘void (*)(int *, npy_intp *, void (*)(char *, npy_intp *), int *)’ {aka ‘void (*)(int *, long int *, void (*)(char *, long int *), int *)’} [-Wcast-function-type]
60057 |     {"f90wrap_params__get__npoiper2",-1,{{-1}},0,0,(char *)  F_FUNC_US(f90wrap_params__get__npoiper2,F90WRAP_PARAMS__GET__NPOIPER2),  (f2py_init_func)f2py_rout__pysimple_f90wrap_params__get__npoiper2,doc_f2py_rout__pysimple_f90wrap_params__get__npoiper2},
      |                                                                                                                                       ^
/proj/plasma/CODE/ert/SIMPLE/build/python/_pysimplemodule.c:60058:135: warning: cast between incompatible function types from ‘PyObject * (*)(const PyObject *, PyObject *, PyObject *, void (*)(int *))’ {aka ‘struct _object * (*)(const struct _object *, struct _object *, struct _object *, void (*)(int *))’} to ‘void (*)(int *, npy_intp *, void (*)(char *, npy_intp *), int *)’ {aka ‘void (*)(int *, long int *, void (*)(char *, long int *), int *)’} [-Wcast-function-type]
60058 |     {"f90wrap_params__set__npoiper2",-1,{{-1}},0,0,(char *)  F_FUNC_US(f90wrap_params__set__npoiper2,F90WRAP_PARAMS__SET__NPOIPER2),  (f2py_init_func)f2py_rout__pysimple_f90wrap_params__set__npoiper2,doc_f2py_rout__pysimple_f90wrap_params__set__npoiper2},
      |                                                                                                                                       ^
/proj/plasma/CODE/ert/SIMPLE/build/python/_pysimplemodule.c:60059:120: warning: cast between incompatible function types from ‘PyObject * (*)(const PyObject *, PyObject *, PyObject *, void (*)(int *))’ {aka ‘struct _object * (*)(const struct _object *, struct _object *, struct _object *, void (*)(int *))’} to ‘void (*)(int *, npy_intp *, void (*)(char *, npy_intp *), int *)’ {aka ‘void (*)(int *, long int *, void (*)(char *, long int *), int *)’} [-Wcast-function-type]
60059 |     {"f90wrap_params__get__n_e",-1,{{-1}},0,0,(char *)  F_FUNC_US(f90wrap_params__get__n_e,F90WRAP_PARAMS__GET__N_E),  (f2py_init_func)f2py_rout__pysimple_f90wrap_params__get__n_e,doc_f2py_rout__pysimple_f90wrap_params__get__n_e},
      |                                                                                                                        ^
/proj/plasma/CODE/ert/SIMPLE/build/python/_pysimplemodule.c:60060:120: warning: cast between incompatible function types from ‘PyObject * (*)(const PyObject *, PyObject *, PyObject *, void (*)(int *))’ {aka ‘struct _object * (*)(const struct _object *, struct _object *, struct _object *, void (*)(int *))’} to ‘void (*)(int *, npy_intp *, void (*)(char *, npy_intp *), int *)’ {aka ‘void (*)(int *, long int *, void (*)(char *, long int *), int *)’} [-Wcast-function-type]
60060 |     {"f90wrap_params__set__n_e",-1,{{-1}},0,0,(char *)  F_FUNC_US(f90wrap_params__set__n_e,F90WRAP_PARAMS__SET__N_E),  (f2py_init_func)f2py_rout__pysimple_f90wrap_params__set__n_e,doc_f2py_rout__pysimple_f90wrap_params__set__n_e},
      |                                                                                                                        ^
/proj/plasma/CODE/ert/SIMPLE/build/python/_pysimplemodule.c:60061:120: warning: cast between incompatible function types from ‘PyObject * (*)(const PyObject *, PyObject *, PyObject *, void (*)(double *))’ {aka ‘struct _object * (*)(const struct _object *, struct _object *, struct _object *, void (*)(double *))’} to ‘void (*)(int *, npy_intp *, void (*)(char *, npy_intp *), int *)’ {aka ‘void (*)(int *, long int *, void (*)(char *, long int *), int *)’} [-Wcast-function-type]
60061 |     {"f90wrap_params__get__n_d",-1,{{-1}},0,0,(char *)  F_FUNC_US(f90wrap_params__get__n_d,F90WRAP_PARAMS__GET__N_D),  (f2py_init_func)f2py_rout__pysimple_f90wrap_params__get__n_d,doc_f2py_rout__pysimple_f90wrap_params__get__n_d},
      |                                                                                                                        ^
/proj/plasma/CODE/ert/SIMPLE/build/python/_pysimplemodule.c:60062:120: warning: cast between incompatible function types from ‘PyObject * (*)(const PyObject *, PyObject *, PyObject *, void (*)(double *))’ {aka ‘struct _object * (*)(const struct _object *, struct _object *, struct _object *, void (*)(double *))’} to ‘void (*)(int *, npy_intp *, void (*)(char *, npy_intp *), int *)’ {aka ‘void (*)(int *, long int *, void (*)(char *, long int *), int *)’} [-Wcast-function-type]
60062 |     {"f90wrap_params__set__n_d",-1,{{-1}},0,0,(char *)  F_FUNC_US(f90wrap_params__set__n_d,F90WRAP_PARAMS__SET__N_D),  (f2py_init_func)f2py_rout__pysimple_f90wrap_params__set__n_d,doc_f2py_rout__pysimple_f90wrap_params__set__n_d},
      |                                                                                                                        ^
/proj/plasma/CODE/ert/SIMPLE/build/python/_pysimplemodule.c:60063:117: warning: cast between incompatible function types from ‘PyObject * (*)(const PyObject *, PyObject *, PyObject *, void (*)(double *))’ {aka ‘struct _object * (*)(const struct _object *, struct _object *, struct _object *, void (*)(double *))’} to ‘void (*)(int *, npy_intp *, void (*)(char *, npy_intp *), int *)’ {aka ‘void (*)(int *, long int *, void (*)(char *, long int *), int *)’} [-Wcast-function-type]
60063 |     {"f90wrap_params__get__v0",-1,{{-1}},0,0,(char *)  F_FUNC_US(f90wrap_params__get__v0,F90WRAP_PARAMS__GET__V0),  (f2py_init_func)f2py_rout__pysimple_f90wrap_params__get__v0,doc_f2py_rout__pysimple_f90wrap_params__get__v0},
      |                                                                                                                     ^
/proj/plasma/CODE/ert/SIMPLE/build/python/_pysimplemodule.c:60064:117: warning: cast between incompatible function types from ‘PyObject * (*)(const PyObject *, PyObject *, PyObject *, void (*)(double *))’ {aka ‘struct _object * (*)(const struct _object *, struct _object *, struct _object *, void (*)(double *))’} to ‘void (*)(int *, npy_intp *, void (*)(char *, npy_intp *), int *)’ {aka ‘void (*)(int *, long int *, void (*)(char *, long int *), int *)’} [-Wcast-function-type]
60064 |     {"f90wrap_params__set__v0",-1,{{-1}},0,0,(char *)  F_FUNC_US(f90wrap_params__set__v0,F90WRAP_PARAMS__SET__V0),  (f2py_init_func)f2py_rout__pysimple_f90wrap_params__set__v0,doc_f2py_rout__pysimple_f90wrap_params__set__v0},
      |                                                                                                                     ^
/proj/plasma/CODE/ert/SIMPLE/build/python/_pysimplemodule.c:60065:126: warning: cast between incompatible function types from ‘PyObject * (*)(const PyObject *, PyObject *, PyObject *, void (*)(int *))’ {aka ‘struct _object * (*)(const struct _object *, struct _object *, struct _object *, void (*)(int *))’} to ‘void (*)(int *, npy_intp *, void (*)(char *, npy_intp *), int *)’ {aka ‘void (*)(int *, long int *, void (*)(char *, long int *), int *)’} [-Wcast-function-type]
60065 |     {"f90wrap_params__get__debug",-1,{{-1}},0,0,(char *)  F_FUNC_US(f90wrap_params__get__debug,F90WRAP_PARAMS__GET__DEBUG),  (f2py_init_func)f2py_rout__pysimple_f90wrap_params__get__debug,doc_f2py_rout__pysimple_f90wrap_params__get__debug},
      |                                                                                                                              ^
/proj/plasma/CODE/ert/SIMPLE/build/python/_pysimplemodule.c:60066:126: warning: cast between incompatible function types from ‘PyObject * (*)(const PyObject *, PyObject *, PyObject *, void (*)(int *))’ {aka ‘struct _object * (*)(const struct _object *, struct _object *, struct _object *, void (*)(int *))’} to ‘void (*)(int *, npy_intp *, void (*)(char *, npy_intp *), int *)’ {aka ‘void (*)(int *, long int *, void (*)(char *, long int *), int *)’} [-Wcast-function-type]
60066 |     {"f90wrap_params__set__debug",-1,{{-1}},0,0,(char *)  F_FUNC_US(f90wrap_params__set__debug,F90WRAP_PARAMS__SET__DEBUG),  (f2py_init_func)f2py_rout__pysimple_f90wrap_params__set__debug,doc_f2py_rout__pysimple_f90wrap_params__set__debug},
      |                                                                                                                              ^
/proj/plasma/CODE/ert/SIMPLE/build/python/_pysimplemodule.c:60067:123: warning: cast between incompatible function types from ‘PyObject * (*)(const PyObject *, PyObject *, PyObject *, void (*)(int *))’ {aka ‘struct _object * (*)(const struct _object *, struct _object *, struct _object *, void (*)(int *))’} to ‘void (*)(int *, npy_intp *, void (*)(char *, npy_intp *), int *)’ {aka ‘void (*)(int *, long int *, void (*)(char *, long int *), int *)’} [-Wcast-function-type]
60067 |     {"f90wrap_params__get__ierr",-1,{{-1}},0,0,(char *)  F_FUNC_US(f90wrap_params__get__ierr,F90WRAP_PARAMS__GET__IERR),  (f2py_init_func)f2py_rout__pysimple_f90wrap_params__get__ierr,doc_f2py_rout__pysimple_f90wrap_params__get__ierr},
      |                                                                                                                           ^
/proj/plasma/CODE/ert/SIMPLE/build/python/_pysimplemodule.c:60068:123: warning: cast between incompatible function types from ‘PyObject * (*)(const PyObject *, PyObject *, PyObject *, void (*)(int *))’ {aka ‘struct _object * (*)(const struct _object *, struct _object *, struct _object *, void (*)(int *))’} to ‘void (*)(int *, npy_intp *, void (*)(char *, npy_intp *), int *)’ {aka ‘void (*)(int *, long int *, void (*)(char *, long int *), int *)’} [-Wcast-function-type]
60068 |     {"f90wrap_params__set__ierr",-1,{{-1}},0,0,(char *)  F_FUNC_US(f90wrap_params__set__ierr,F90WRAP_PARAMS__SET__IERR),  (f2py_init_func)f2py_rout__pysimple_f90wrap_params__set__ierr,doc_f2py_rout__pysimple_f90wrap_params__set__ierr},
      |                                                                                                                           ^
/proj/plasma/CODE/ert/SIMPLE/build/python/_pysimplemodule.c:60069:141: warning: cast between incompatible function types from ‘PyObject * (*)(const PyObject *, PyObject *, PyObject *, void (*)(int *))’ {aka ‘struct _object * (*)(const struct _object *, struct _object *, struct _object *, void (*)(int *))’} to ‘void (*)(int *, npy_intp *, void (*)(char *, npy_intp *), int *)’ {aka ‘void (*)(int *, long int *, void (*)(char *, long int *), int *)’} [-Wcast-function-type]
60069 |     {"f90wrap_params__get__batch_size",-1,{{-1}},0,0,(char *)  F_FUNC_US(f90wrap_params__get__batch_size,F90WRAP_PARAMS__GET__BATCH_SIZE),  (f2py_init_func)f2py_rout__pysimple_f90wrap_params__get__batch_size,doc_f2py_rout__pysimple_f90wrap_params__get__batch_size},
      |                                                                                                                                             ^
/proj/plasma/CODE/ert/SIMPLE/build/python/_pysimplemodule.c:60070:141: warning: cast between incompatible function types from ‘PyObject * (*)(const PyObject *, PyObject *, PyObject *, void (*)(int *))’ {aka ‘struct _object * (*)(const struct _object *, struct _object *, struct _object *, void (*)(int *))’} to ‘void (*)(int *, npy_intp *, void (*)(char *, npy_intp *), int *)’ {aka ‘void (*)(int *, long int *, void (*)(char *, long int *), int *)’} [-Wcast-function-type]
60070 |     {"f90wrap_params__set__batch_size",-1,{{-1}},0,0,(char *)  F_FUNC_US(f90wrap_params__set__batch_size,F90WRAP_PARAMS__SET__BATCH_SIZE),  (f2py_init_func)f2py_rout__pysimple_f90wrap_params__set__batch_size,doc_f2py_rout__pysimple_f90wrap_params__set__batch_size},
      |                                                                                                                                             ^
/proj/plasma/CODE/ert/SIMPLE/build/python/_pysimplemodule.c:60071:135: warning: cast between incompatible function types from ‘PyObject * (*)(const PyObject *, PyObject *, PyObject *, void (*)(int *))’ {aka ‘struct _object * (*)(const struct _object *, struct _object *, struct _object *, void (*)(int *))’} to ‘void (*)(int *, npy_intp *, void (*)(char *, npy_intp *), int *)’ {aka ‘void (*)(int *, long int *, void (*)(char *, long int *), int *)’} [-Wcast-function-type]
60071 |     {"f90wrap_params__get__ran_seed",-1,{{-1}},0,0,(char *)  F_FUNC_US(f90wrap_params__get__ran_seed,F90WRAP_PARAMS__GET__RAN_SEED),  (f2py_init_func)f2py_rout__pysimple_f90wrap_params__get__ran_seed,doc_f2py_rout__pysimple_f90wrap_params__get__ran_seed},
      |                                                                                                                                       ^
/proj/plasma/CODE/ert/SIMPLE/build/python/_pysimplemodule.c:60072:135: warning: cast between incompatible function types from ‘PyObject * (*)(const PyObject *, PyObject *, PyObject *, void (*)(int *))’ {aka ‘struct _object * (*)(const struct _object *, struct _object *, struct _object *, void (*)(int *))’} to ‘void (*)(int *, npy_intp *, void (*)(char *, npy_intp *), int *)’ {aka ‘void (*)(int *, long int *, void (*)(char *, long int *), int *)’} [-Wcast-function-type]
60072 |     {"f90wrap_params__set__ran_seed",-1,{{-1}},0,0,(char *)  F_FUNC_US(f90wrap_params__set__ran_seed,F90WRAP_PARAMS__SET__RAN_SEED),  (f2py_init_func)f2py_rout__pysimple_f90wrap_params__set__ran_seed,doc_f2py_rout__pysimple_f90wrap_params__set__ran_seed},
      |                                                                                                                                       ^
/proj/plasma/CODE/ert/SIMPLE/build/python/_pysimplemodule.c:60073:135: warning: cast between incompatible function types from ‘PyObject * (*)(const PyObject *, PyObject *, PyObject *, void (*)(int *))’ {aka ‘struct _object * (*)(const struct _object *, struct _object *, struct _object *, void (*)(int *))’} to ‘void (*)(int *, npy_intp *, void (*)(char *, npy_intp *), int *)’ {aka ‘void (*)(int *, long int *, void (*)(char *, long int *), int *)’} [-Wcast-function-type]
60073 |     {"f90wrap_params__get__num_surf",-1,{{-1}},0,0,(char *)  F_FUNC_US(f90wrap_params__get__num_surf,F90WRAP_PARAMS__GET__NUM_SURF),  (f2py_init_func)f2py_rout__pysimple_f90wrap_params__get__num_surf,doc_f2py_rout__pysimple_f90wrap_params__get__num_surf},
      |                                                                                                                                       ^
/proj/plasma/CODE/ert/SIMPLE/build/python/_pysimplemodule.c:60074:135: warning: cast between incompatible function types from ‘PyObject * (*)(const PyObject *, PyObject *, PyObject *, void (*)(int *))’ {aka ‘struct _object * (*)(const struct _object *, struct _object *, struct _object *, void (*)(int *))’} to ‘void (*)(int *, npy_intp *, void (*)(char *, npy_intp *), int *)’ {aka ‘void (*)(int *, long int *, void (*)(char *, long int *), int *)’} [-Wcast-function-type]
60074 |     {"f90wrap_params__set__num_surf",-1,{{-1}},0,0,(char *)  F_FUNC_US(f90wrap_params__set__num_surf,F90WRAP_PARAMS__SET__NUM_SURF),  (f2py_init_func)f2py_rout__pysimple_f90wrap_params__set__num_surf,doc_f2py_rout__pysimple_f90wrap_params__set__num_surf},
      |                                                                                                                                       ^
/proj/plasma/CODE/ert/SIMPLE/build/python/_pysimplemodule.c:60075:144: warning: cast between incompatible function types from ‘PyObject * (*)(const PyObject *, PyObject *, PyObject *, void (*)(int *))’ {aka ‘struct _object * (*)(const struct _object *, struct _object *, struct _object *, void (*)(int *))’} to ‘void (*)(int *, npy_intp *, void (*)(char *, npy_intp *), int *)’ {aka ‘void (*)(int *, long int *, void (*)(char *, long int *), int *)’} [-Wcast-function-type]
60075 |     {"f90wrap_params__get__reuse_batch",-1,{{-1}},0,0,(char *)  F_FUNC_US(f90wrap_params__get__reuse_batch,F90WRAP_PARAMS__GET__REUSE_BATCH),  (f2py_init_func)f2py_rout__pysimple_f90wrap_params__get__reuse_batch,doc_f2py_rout__pysimple_f90wrap_params__get__reuse_batch},
      |                                                                                                                                                ^
/proj/plasma/CODE/ert/SIMPLE/build/python/_pysimplemodule.c:60076:144: warning: cast between incompatible function types from ‘PyObject * (*)(const PyObject *, PyObject *, PyObject *, void (*)(int *))’ {aka ‘struct _object * (*)(const struct _object *, struct _object *, struct _object *, void (*)(int *))’} to ‘void (*)(int *, npy_intp *, void (*)(char *, npy_intp *), int *)’ {aka ‘void (*)(int *, long int *, void (*)(char *, long int *), int *)’} [-Wcast-function-type]
60076 |     {"f90wrap_params__set__reuse_batch",-1,{{-1}},0,0,(char *)  F_FUNC_US(f90wrap_params__set__reuse_batch,F90WRAP_PARAMS__SET__REUSE_BATCH),  (f2py_init_func)f2py_rout__pysimple_f90wrap_params__set__reuse_batch,doc_f2py_rout__pysimple_f90wrap_params__set__reuse_batch},
      |                                                                                                                                                ^
/proj/plasma/CODE/ert/SIMPLE/build/python/_pysimplemodule.c:60077:126: warning: cast between incompatible function types from ‘PyObject * (*)(const PyObject *, PyObject *, PyObject *, void (*)(int *, int *, int *, int *, long_long *))’ {aka ‘struct _object * (*)(const struct _object *, struct _object *, struct _object *, void (*)(int *, int *, int *, int *, long long int *))’} to ‘void (*)(int *, npy_intp *, void (*)(char *, npy_intp *), int *)’ {aka ‘void (*)(int *, long int *, void (*)(char *, long int *), int *)’} [-Wcast-function-type]
60077 |     {"f90wrap_params__array__idx",-1,{{-1}},0,0,(char *)  F_FUNC_US(f90wrap_params__array__idx,F90WRAP_PARAMS__ARRAY__IDX),  (f2py_init_func)f2py_rout__pysimple_f90wrap_params__array__idx,doc_f2py_rout__pysimple_f90wrap_params__array__idx},
      |                                                                                                                              ^
/proj/plasma/CODE/ert/SIMPLE/build/python/_pysimplemodule.c:60078:144: warning: cast between incompatible function types from ‘PyObject * (*)(const PyObject *, PyObject *, PyObject *, void (*)(char *, size_t))’ {aka ‘struct _object * (*)(const struct _object *, struct _object *, struct _object *, void (*)(char *, long unsigned int))’} to ‘void (*)(int *, npy_intp *, void (*)(char *, npy_intp *), int *)’ {aka ‘void (*)(int *, long int *, void (*)(char *, long int *), int *)’} [-Wcast-function-type]
60078 |     {"f90wrap_params__get__field_input",-1,{{-1}},0,0,(char *)  F_FUNC_US(f90wrap_params__get__field_input,F90WRAP_PARAMS__GET__FIELD_INPUT),  (f2py_init_func)f2py_rout__pysimple_f90wrap_params__get__field_input,doc_f2py_rout__pysimple_f90wrap_params__get__field_input},
      |                                                                                                                                                ^
/proj/plasma/CODE/ert/SIMPLE/build/python/_pysimplemodule.c:60079:144: warning: cast between incompatible function types from ‘PyObject * (*)(const PyObject *, PyObject *, PyObject *, void (*)(char *, size_t))’ {aka ‘struct _object * (*)(const struct _object *, struct _object *, struct _object *, void (*)(char *, long unsigned int))’} to ‘void (*)(int *, npy_intp *, void (*)(char *, npy_intp *), int *)’ {aka ‘void (*)(int *, long int *, void (*)(char *, long int *), int *)’} [-Wcast-function-type]
60079 |     {"f90wrap_params__set__field_input",-1,{{-1}},0,0,(char *)  F_FUNC_US(f90wrap_params__set__field_input,F90WRAP_PARAMS__SET__FIELD_INPUT),  (f2py_init_func)f2py_rout__pysimple_f90wrap_params__set__field_input,doc_f2py_rout__pysimple_f90wrap_params__set__field_input},
      |                                                                                                                                                ^
/proj/plasma/CODE/ert/SIMPLE/build/python/_pysimplemodule.c:60080:126: warning: cast between incompatible function types from ‘PyObject * (*)(const PyObject *, PyObject *, PyObject *, void (*)(int *, int *, int *, int *, int *, int *, int *, int *, int *, int *, int *, int *, int *, int *, int *, int *, int *, int *, double *, double *, double *, double *, double *, double *, double *, double *, double *, double *, double *, double *, int *, int *, int *, double *))’ {aka ‘struct _object * (*)(const struct _object *, struct _object *, struct _object *, void (*)(int *, int *, int *, int *, int *, int *, int *, int *, int *, int *, int *, int *, int *, int *, int *, int *, int *, int *, double *, double *, double *, double *, double *, double *, double *, double *, double *, double *, double *, double *, int *, int *, int *, double *))’} to ‘void (*)(int *, npy_intp *, void (*)(char *, npy_intp *), int *)’ {aka ‘void (*)(int *, long int *, void (*)(char *, long int *), int *)’} [-Wcast-function-type]
60080 |     {"f90wrap_vmecin_sub__vmecin",-1,{{-1}},0,0,(char *)  F_FUNC_US(f90wrap_vmecin_sub__vmecin,F90WRAP_VMECIN_SUB__VMECIN),  (f2py_init_func)f2py_rout__pysimple_f90wrap_vmecin_sub__vmecin,doc_f2py_rout__pysimple_f90wrap_vmecin_sub__vmecin},
      |                                                                                                                              ^
/proj/plasma/CODE/ert/SIMPLE/build/python/_pysimplemodule.c:60081:126: warning: cast between incompatible function types from ‘PyObject * (*)(const PyObject *, PyObject *, PyObject *, void (*)(double *, double *, int *, double *, double *, double *))’ {aka ‘struct _object * (*)(const struct _object *, struct _object *, struct _object *, void (*)(double *, double *, int *, double *, double *, double *))’} to ‘void (*)(int *, npy_intp *, void (*)(char *, npy_intp *), int *)’ {aka ‘void (*)(int *, long int *, void (*)(char *, long int *), int *)’} [-Wcast-function-type]
60081 |     {"f90wrap_vmecin_sub__stevvo",-1,{{-1}},0,0,(char *)  F_FUNC_US(f90wrap_vmecin_sub__stevvo,F90WRAP_VMECIN_SUB__STEVVO),  (f2py_init_func)f2py_rout__pysimple_f90wrap_vmecin_sub__stevvo,doc_f2py_rout__pysimple_f90wrap_vmecin_sub__stevvo},
      |                                                                                                                              ^
/proj/plasma/CODE/ert/SIMPLE/build/python/_pysimplemodule.c:60082:189: warning: cast between incompatible function types from ‘PyObject * (*)(const PyObject *, PyObject *, PyObject *, void (*)(void))’ {aka ‘struct _object * (*)(const struct _object *, struct _object *, struct _object *, void (*)(void))’} to ‘void (*)(int *, npy_intp *, void (*)(char *, npy_intp *), int *)’ {aka ‘void (*)(int *, long int *, void (*)(char *, long int *), int *)’} [-Wcast-function-type]
60082 |     {"f90wrap_vmec_alloc_sub__new_allocate_vmec_stuff",-1,{{-1}},0,0,(char *)  F_FUNC_US(f90wrap_vmec_alloc_sub__new_allocate_vmec_stuff,F90WRAP_VMEC_ALLOC_SUB__NEW_ALLOCATE_VMEC_STUFF),  (f2py_init_func)f2py_rout__pysimple_f90wrap_vmec_alloc_sub__new_allocate_vmec_stuff,doc_f2py_rout__pysimple_f90wrap_vmec_alloc_sub__new_allocate_vmec_stuff},
      |                                                                                                                                                                                             ^
/proj/plasma/CODE/ert/SIMPLE/build/python/_pysimplemodule.c:60083:195: warning: cast between incompatible function types from ‘PyObject * (*)(const PyObject *, PyObject *, PyObject *, void (*)(void))’ {aka ‘struct _object * (*)(const struct _object *, struct _object *, struct _object *, void (*)(void))’} to ‘void (*)(int *, npy_intp *, void (*)(char *, npy_intp *), int *)’ {aka ‘void (*)(int *, long int *, void (*)(char *, long int *), int *)’} [-Wcast-function-type]
60083 |     {"f90wrap_vmec_alloc_sub__new_deallocate_vmec_stuff",-1,{{-1}},0,0,(char *)  F_FUNC_US(f90wrap_vmec_alloc_sub__new_deallocate_vmec_stuff,F90WRAP_VMEC_ALLOC_SUB__NEW_DEALLOCATE_VMEC_STUFF),  (f2py_init_func)f2py_rout__pysimple_f90wrap_vmec_alloc_sub__new_deallocate_vmec_stuff,doc_f2py_rout__pysimple_f90wrap_vmec_alloc_sub__new_deallocate_vmec_stuff},
      |                                                                                                                                                                                                   ^
/proj/plasma/CODE/ert/SIMPLE/build/python/_pysimplemodule.c:60084:156: warning: cast between incompatible function types from ‘PyObject * (*)(const PyObject *, PyObject *, PyObject *, void (*)(double *, double *, double *))’ {aka ‘struct _object * (*)(const struct _object *, struct _object *, struct _object *, void (*)(double *, double *, double *))’} to ‘void (*)(int *, npy_intp *, void (*)(char *, npy_intp *), int *)’ {aka ‘void (*)(int *, long int *, void (*)(char *, long int *), int *)’} [-Wcast-function-type]
60084 |     {"f90wrap_spline_vmec_sub__splint_iota",-1,{{-1}},0,0,(char *)  F_FUNC_US(f90wrap_spline_vmec_sub__splint_iota,F90WRAP_SPLINE_VMEC_SUB__SPLINT_IOTA),  (f2py_init_func)f2py_rout__pysimple_f90wrap_spline_vmec_sub__splint_iota,doc_f2py_rout__pysimple_f90wrap_spline_vmec_sub__splint_iota},
      |                                                                                                                                                            ^
/proj/plasma/CODE/ert/SIMPLE/build/python/_pysimplemodule.c:60085:195: warning: cast between incompatible function types from ‘PyObject * (*)(const PyObject *, PyObject *, PyObject *, void (*)(int *, int *, int *, double *, int *))’ {aka ‘struct _object * (*)(const struct _object *, struct _object *, struct _object *, void (*)(int *, int *, int *, double *, int *))’} to ‘void (*)(int *, npy_intp *, void (*)(char *, npy_intp *), int *)’ {aka ‘void (*)(int *, long int *, void (*)(char *, long int *), int *)’} [-Wcast-function-type]
60085 |     {"f90wrap_spline_vmec_sub__determine_nheal_for_axis",-1,{{-1}},0,0,(char *)  F_FUNC_US(f90wrap_spline_vmec_sub__determine_nheal_for_axis,F90WRAP_SPLINE_VMEC_SUB__DETERMINE_NHEAL_FOR_AXIS),  (f2py_init_func)f2py_rout__pysimple_f90wrap_spline_vmec_sub__determine_nheal_for_axis,doc_f2py_rout__pysimple_f90wrap_spline_vmec_sub__determine_nheal_for_axis},
      |                                                                                                                                                                                                   ^
/proj/plasma/CODE/ert/SIMPLE/build/python/_pysimplemodule.c:60086:186: warning: cast between incompatible function types from ‘PyObject * (*)(const PyObject *, PyObject *, PyObject *, void (*)(double *, double *, double *, double *, double *, double *, double *, double *, double *, double *, double *, double *))’ {aka ‘struct _object * (*)(const struct _object *, struct _object *, struct _object *, void (*)(double *, double *, double *, double *, double *, double *, double *, double *, double *, double *, double *, double *))’} to ‘void (*)(int *, npy_intp *, void (*)(char *, npy_intp *), int *)’ {aka ‘void (*)(int *, long int *, void (*)(char *, long int *), int *)’} [-Wcast-function-type]
60086 |     {"f90wrap_spline_vmec_sub__compute_metric_tensor",-1,{{-1}},0,0,(char *)  F_FUNC_US(f90wrap_spline_vmec_sub__compute_metric_tensor,F90WRAP_SPLINE_VMEC_SUB__COMPUTE_METRIC_TENSOR),  (f2py_init_func)f2py_rout__pysimple_f90wrap_spline_vmec_sub__compute_metric_tensor,doc_f2py_rout__pysimple_f90wrap_spline_vmec_sub__compute_metric_tensor},
      |                                                                                                                                                                                          ^
/proj/plasma/CODE/ert/SIMPLE/build/python/_pysimplemodule.c:60087:153: warning: cast between incompatible function types from ‘PyObject * (*)(const PyObject *, PyObject *, PyObject *, void (*)(double *, double *, double *, double *, double *, double *, double *, double *, double *, double *, double *, double *, double *, double *, double *, double *, double *, double *))’ {aka ‘struct _object * (*)(const struct _object *, struct _object *, struct _object *, void (*)(double *, double *, double *, double *, double *, double *, double *, double *, double *, double *, double *, double *, double *, double *, double *, double *, double *, double *))’} to ‘void (*)(int *, npy_intp *, void (*)(char *, npy_intp *), int *)’ {aka ‘void (*)(int *, long int *, void (*)(char *, long int *), int *)’} [-Wcast-function-type]
60087 |     {"f90wrap_spline_vmec_sub__vmec_field",-1,{{-1}},0,0,(char *)  F_FUNC_US(f90wrap_spline_vmec_sub__vmec_field,F90WRAP_SPLINE_VMEC_SUB__VMEC_FIELD),  (f2py_init_func)f2py_rout__pysimple_f90wrap_spline_vmec_sub__vmec_field,doc_f2py_rout__pysimple_f90wrap_spline_vmec_sub__vmec_field},
      |                                                                                                                                                         ^
/proj/plasma/CODE/ert/SIMPLE/build/python/_pysimplemodule.c:60088:162: warning: cast between incompatible function types from ‘PyObject * (*)(const PyObject *, PyObject *, PyObject *, void (*)(double *, double *, double *, double *, double *))’ {aka ‘struct _object * (*)(const struct _object *, struct _object *, struct _object *, void (*)(double *, double *, double *, double *, double *))’} to ‘void (*)(int *, npy_intp *, void (*)(char *, npy_intp *), int *)’ {aka ‘void (*)(int *, long int *, void (*)(char *, long int *), int *)’} [-Wcast-function-type]
60088 |     {"f90wrap_spline_vmec_sub__splint_lambda",-1,{{-1}},0,0,(char *)  F_FUNC_US(f90wrap_spline_vmec_sub__splint_lambda,F90WRAP_SPLINE_VMEC_SUB__SPLINT_LAMBDA),  (f2py_init_func)f2py_rout__pysimple_f90wrap_spline_vmec_sub__splint_lambda,doc_f2py_rout__pysimple_f90wrap_spline_vmec_sub__splint_lambda},
      |                                                                                                                                                                  ^
/proj/plasma/CODE/ert/SIMPLE/build/python/_pysimplemodule.c:60089:174: warning: cast between incompatible function types from ‘PyObject * (*)(const PyObject *, PyObject *, PyObject *, void (*)(int *, int *, int *, int *, int *, int *, double *, double *))’ {aka ‘struct _object * (*)(const struct _object *, struct _object *, struct _object *, void (*)(int *, int *, int *, int *, int *, int *, double *, double *))’} to ‘void (*)(int *, npy_intp *, void (*)(char *, npy_intp *), int *)’ {aka ‘void (*)(int *, long int *, void (*)(char *, long int *), int *)’} [-Wcast-function-type]
60089 |     {"f90wrap_spline_vmec_sub__s_to_rho_healaxis",-1,{{-1}},0,0,(char *)  F_FUNC_US(f90wrap_spline_vmec_sub__s_to_rho_healaxis,F90WRAP_SPLINE_VMEC_SUB__S_TO_RHO_HEALAXIS),  (f2py_init_func)f2py_rout__pysimple_f90wrap_spline_vmec_sub__s_to_rho_healaxis,doc_f2py_rout__pysimple_f90wrap_spline_vmec_sub__s_to_rho_healaxis},
      |                                                                                                                                                                              ^
/proj/plasma/CODE/ert/SIMPLE/build/python/_pysimplemodule.c:60090:171: warning: cast between incompatible function types from ‘PyObject * (*)(const PyObject *, PyObject *, PyObject *, void (*)(void))’ {aka ‘struct _object * (*)(const struct _object *, struct _object *, struct _object *, void (*)(void))’} to ‘void (*)(int *, npy_intp *, void (*)(char *, npy_intp *), int *)’ {aka ‘void (*)(int *, long int *, void (*)(char *, long int *), int *)’} [-Wcast-function-type]
60090 |     {"f90wrap_spline_vmec_sub__spline_vmec_data",-1,{{-1}},0,0,(char *)  F_FUNC_US(f90wrap_spline_vmec_sub__spline_vmec_data,F90WRAP_SPLINE_VMEC_SUB__SPLINE_VMEC_DATA),  (f2py_init_func)f2py_rout__pysimple_f90wrap_spline_vmec_sub__spline_vmec_data,doc_f2py_rout__pysimple_f90wrap_spline_vmec_sub__spline_vmec_data},
      |                                                                                                                                                                           ^
/proj/plasma/CODE/ert/SIMPLE/build/python/_pysimplemodule.c:60091:165: warning: cast between incompatible function types from ‘PyObject * (*)(const PyObject *, PyObject *, PyObject *, void (*)(double *, double *))’ {aka ‘struct _object * (*)(const struct _object *, struct _object *, struct _object *, void (*)(double *, double *))’} to ‘void (*)(int *, npy_intp *, void (*)(char *, npy_intp *), int *)’ {aka ‘void (*)(int *, long int *, void (*)(char *, long int *), int *)’} [-Wcast-function-type]
60091 |     {"f90wrap_spline_vmec_sub__volume_and_b00",-1,{{-1}},0,0,(char *)  F_FUNC_US(f90wrap_spline_vmec_sub__volume_and_b00,F90WRAP_SPLINE_VMEC_SUB__VOLUME_AND_B00),  (f2py_init_func)f2py_rout__pysimple_f90wrap_spline_vmec_sub__volume_and_b00,doc_f2py_rout__pysimple_f90wrap_spline_vmec_sub__volume_and_b00},
      |                                                                                                                                                                     ^
/proj/plasma/CODE/ert/SIMPLE/build/python/_pysimplemodule.c:60092:195: warning: cast between incompatible function types from ‘PyObject * (*)(const PyObject *, PyObject *, PyObject *, void (*)(double *, double *, double *, double *, double *, double *, double *, double *, double *, double *, double *, double *, double *, double *, double *, double *, double *, double *))’ {aka ‘struct _object * (*)(const struct _object *, struct _object *, struct _object *, void (*)(double *, double *, double *, double *, double *, double *, double *, double *, double *, double *, double *, double *, double *, double *, double *, double *, double *, double *))’} to ‘void (*)(int *, npy_intp *, void (*)(char *, npy_intp *), int *)’ {aka ‘void (*)(int *, long int *, void (*)(char *, long int *), int *)’} [-Wcast-function-type]
60092 |     {"f90wrap_spline_vmec_sub__compute_field_components",-1,{{-1}},0,0,(char *)  F_FUNC_US(f90wrap_spline_vmec_sub__compute_field_components,F90WRAP_SPLINE_VMEC_SUB__COMPUTE_FIELD_COMPONENTS),  (f2py_init_func)f2py_rout__pysimple_f90wrap_spline_vmec_sub__compute_field_components,doc_f2py_rout__pysimple_f90wrap_spline_vmec_sub__compute_field_components},
      |                                                                                                                                                                                                   ^
/proj/plasma/CODE/ert/SIMPLE/build/python/_pysimplemodule.c:60093:189: warning: cast between incompatible function types from ‘PyObject * (*)(const PyObject *, PyObject *, PyObject *, void (*)(int *))’ {aka ‘struct _object * (*)(const struct _object *, struct _object *, struct _object *, void (*)(int *))’} to ‘void (*)(int *, npy_intp *, void (*)(char *, npy_intp *), int *)’ {aka ‘void (*)(int *, long int *, void (*)(char *, long int *), int *)’} [-Wcast-function-type]
60093 |     {"f90wrap_spline_vmec_sub__deallocate_vmec_spline",-1,{{-1}},0,0,(char *)  F_FUNC_US(f90wrap_spline_vmec_sub__deallocate_vmec_spline,F90WRAP_SPLINE_VMEC_SUB__DEALLOCATE_VMEC_SPLINE),  (f2py_init_func)f2py_rout__pysimple_f90wrap_spline_vmec_sub__deallocate_vmec_spline,doc_f2py_rout__pysimple_f90wrap_spline_vmec_sub__deallocate_vmec_spline},
      |                                                                                                                                                                                             ^
/proj/plasma/CODE/ert/SIMPLE/build/python/_pysimplemodule.c:60094:171: warning: cast between incompatible function types from ‘PyObject * (*)(const PyObject *, PyObject *, PyObject *, void (*)(double *, double *, double *, double *, double *, double *, double *, double *, double *, double *, double *, double *, double *, double *, double *, double *, double *, double *, double *, double *))’ {aka ‘struct _object * (*)(const struct _object *, struct _object *, struct _object *, void (*)(double *, double *, double *, double *, double *, double *, double *, double *, double *, double *, double *, double *, double *, double *, double *, double *, double *, double *, double *, double *))’} to ‘void (*)(int *, npy_intp *, void (*)(char *, npy_intp *), int *)’ {aka ‘void (*)(int *, long int *, void (*)(char *, long int *), int *)’} [-Wcast-function-type]
60094 |     {"f90wrap_spline_vmec_sub__splint_vmec_data",-1,{{-1}},0,0,(char *)  F_FUNC_US(f90wrap_spline_vmec_sub__splint_vmec_data,F90WRAP_SPLINE_VMEC_SUB__SPLINT_VMEC_DATA),  (f2py_init_func)f2py_rout__pysimple_f90wrap_spline_vmec_sub__splint_vmec_data,doc_f2py_rout__pysimple_f90wrap_spline_vmec_sub__splint_vmec_data},
      |                                                                                                                                                                           ^
/proj/plasma/CODE/ert/SIMPLE/build/python/_pysimplemodule.c:60095:141: warning: cast between incompatible function types from ‘PyObject * (*)(const PyObject *, PyObject *, PyObject *, void (*)(int *))’ {aka ‘struct _object * (*)(const struct _object *, struct _object *, struct _object *, void (*)(int *))’} to ‘void (*)(int *, npy_intp *, void (*)(char *, npy_intp *), int *)’ {aka ‘void (*)(int *, long int *, void (*)(char *, long int *), int *)’} [-Wcast-function-type]
60095 |     {"f90wrap_magfie_sub__init_magfie",-1,{{-1}},0,0,(char *)  F_FUNC_US(f90wrap_magfie_sub__init_magfie,F90WRAP_MAGFIE_SUB__INIT_MAGFIE),  (f2py_init_func)f2py_rout__pysimple_f90wrap_magfie_sub__init_magfie,doc_f2py_rout__pysimple_f90wrap_magfie_sub__init_magfie},
      |                                                                                                                                             ^
/proj/plasma/CODE/ert/SIMPLE/build/python/_pysimplemodule.c:60096:147: warning: cast between incompatible function types from ‘PyObject * (*)(const PyObject *, PyObject *, PyObject *, void (*)(double *, double *, double *, double *, double *, double *, double *))’ {aka ‘struct _object * (*)(const struct _object *, struct _object *, struct _object *, void (*)(double *, double *, double *, double *, double *, double *, double *))’} to ‘void (*)(int *, npy_intp *, void (*)(char *, npy_intp *), int *)’ {aka ‘void (*)(int *, long int *, void (*)(char *, long int *), int *)’} [-Wcast-function-type]
60096 |     {"f90wrap_magfie_sub__magfie_boozer",-1,{{-1}},0,0,(char *)  F_FUNC_US(f90wrap_magfie_sub__magfie_boozer,F90WRAP_MAGFIE_SUB__MAGFIE_BOOZER),  (f2py_init_func)f2py_rout__pysimple_f90wrap_magfie_sub__magfie_boozer,doc_f2py_rout__pysimple_f90wrap_magfie_sub__magfie_boozer},
      |                                                                                                                                                   ^
/proj/plasma/CODE/ert/SIMPLE/build/python/_pysimplemodule.c:60097:138: warning: cast between incompatible function types from ‘PyObject * (*)(const PyObject *, PyObject *, PyObject *, void (*)(double *, double *, double *, double *, double *, double *, double *))’ {aka ‘struct _object * (*)(const struct _object *, struct _object *, struct _object *, void (*)(double *, double *, double *, double *, double *, double *, double *))’} to ‘void (*)(int *, npy_intp *, void (*)(char *, npy_intp *), int *)’ {aka ‘void (*)(int *, long int *, void (*)(char *, long int *), int *)’} [-Wcast-function-type]
60097 |     {"f90wrap_magfie_sub__magfie_can",-1,{{-1}},0,0,(char *)  F_FUNC_US(f90wrap_magfie_sub__magfie_can,F90WRAP_MAGFIE_SUB__MAGFIE_CAN),  (f2py_init_func)f2py_rout__pysimple_f90wrap_magfie_sub__magfie_can,doc_f2py_rout__pysimple_f90wrap_magfie_sub__magfie_can},
      |                                                                                                                                          ^
/proj/plasma/CODE/ert/SIMPLE/build/python/_pysimplemodule.c:60098:141: warning: cast between incompatible function types from ‘PyObject * (*)(const PyObject *, PyObject *, PyObject *, void (*)(double *, double *, double *, double *, double *, double *, double *))’ {aka ‘struct _object * (*)(const struct _object *, struct _object *, struct _object *, void (*)(double *, double *, double *, double *, double *, double *, double *))’} to ‘void (*)(int *, npy_intp *, void (*)(char *, npy_intp *), int *)’ {aka ‘void (*)(int *, long int *, void (*)(char *, long int *), int *)’} [-Wcast-function-type]
60098 |     {"f90wrap_magfie_sub__magfie_vmec",-1,{{-1}},0,0,(char *)  F_FUNC_US(f90wrap_magfie_sub__magfie_vmec,F90WRAP_MAGFIE_SUB__MAGFIE_VMEC),  (f2py_init_func)f2py_rout__pysimple_f90wrap_magfie_sub__magfie_vmec,doc_f2py_rout__pysimple_f90wrap_magfie_sub__magfie_vmec},
      |                                                                                                                                             ^
/proj/plasma/CODE/ert/SIMPLE/build/python/_pysimplemodule.c:60099:135: warning: cast between incompatible function types from ‘PyObject * (*)(const PyObject *, PyObject *, PyObject *, void (*)(int *))’ {aka ‘struct _object * (*)(const struct _object *, struct _object *, struct _object *, void (*)(int *))’} to ‘void (*)(int *, npy_intp *, void (*)(char *, npy_intp *), int *)’ {aka ‘void (*)(int *, long int *, void (*)(char *, long int *), int *)’} [-Wcast-function-type]
60099 |     {"f90wrap_magfie_sub__get__test",-1,{{-1}},0,0,(char *)  F_FUNC_US(f90wrap_magfie_sub__get__test,F90WRAP_MAGFIE_SUB__GET__TEST),  (f2py_init_func)f2py_rout__pysimple_f90wrap_magfie_sub__get__test,doc_f2py_rout__pysimple_f90wrap_magfie_sub__get__test},
      |                                                                                                                                       ^
/proj/plasma/CODE/ert/SIMPLE/build/python/_pysimplemodule.c:60100:144: warning: cast between incompatible function types from ‘PyObject * (*)(const PyObject *, PyObject *, PyObject *, void (*)(int *))’ {aka ‘struct _object * (*)(const struct _object *, struct _object *, struct _object *, void (*)(int *))’} to ‘void (*)(int *, npy_intp *, void (*)(char *, npy_intp *), int *)’ {aka ‘void (*)(int *, long int *, void (*)(char *, long int *), int *)’} [-Wcast-function-type]
60100 |     {"f90wrap_magfie_sub__get__canflux",-1,{{-1}},0,0,(char *)  F_FUNC_US(f90wrap_magfie_sub__get__canflux,F90WRAP_MAGFIE_SUB__GET__CANFLUX),  (f2py_init_func)f2py_rout__pysimple_f90wrap_magfie_sub__get__canflux,doc_f2py_rout__pysimple_f90wrap_magfie_sub__get__canflux},
      |                                                                                                                                                ^
/proj/plasma/CODE/ert/SIMPLE/build/python/_pysimplemodule.c:60101:135: warning: cast between incompatible function types from ‘PyObject * (*)(const PyObject *, PyObject *, PyObject *, void (*)(int *))’ {aka ‘struct _object * (*)(const struct _object *, struct _object *, struct _object *, void (*)(int *))’} to ‘void (*)(int *, npy_intp *, void (*)(char *, npy_intp *), int *)’ {aka ‘void (*)(int *, long int *, void (*)(char *, long int *), int *)’} [-Wcast-function-type]
60101 |     {"f90wrap_magfie_sub__get__vmec",-1,{{-1}},0,0,(char *)  F_FUNC_US(f90wrap_magfie_sub__get__vmec,F90WRAP_MAGFIE_SUB__GET__VMEC),  (f2py_init_func)f2py_rout__pysimple_f90wrap_magfie_sub__get__vmec,doc_f2py_rout__pysimple_f90wrap_magfie_sub__get__vmec},
      |                                                                                                                                       ^
/proj/plasma/CODE/ert/SIMPLE/build/python/_pysimplemodule.c:60102:141: warning: cast between incompatible function types from ‘PyObject * (*)(const PyObject *, PyObject *, PyObject *, void (*)(int *))’ {aka ‘struct _object * (*)(const struct _object *, struct _object *, struct _object *, void (*)(int *))’} to ‘void (*)(int *, npy_intp *, void (*)(char *, npy_intp *), int *)’ {aka ‘void (*)(int *, long int *, void (*)(char *, long int *), int *)’} [-Wcast-function-type]
60102 |     {"f90wrap_magfie_sub__get__boozer",-1,{{-1}},0,0,(char *)  F_FUNC_US(f90wrap_magfie_sub__get__boozer,F90WRAP_MAGFIE_SUB__GET__BOOZER),  (f2py_init_func)f2py_rout__pysimple_f90wrap_magfie_sub__get__boozer,doc_f2py_rout__pysimple_f90wrap_magfie_sub__get__boozer},
      |                                                                                                                                             ^
/proj/plasma/CODE/ert/SIMPLE/build/python/_pysimplemodule.c:60103:138: warning: cast between incompatible function types from ‘PyObject * (*)(const PyObject *, PyObject *, PyObject *, void (*)(int *))’ {aka ‘struct _object * (*)(const struct _object *, struct _object *, struct _object *, void (*)(int *))’} to ‘void (*)(int *, npy_intp *, void (*)(char *, npy_intp *), int *)’ {aka ‘void (*)(int *, long int *, void (*)(char *, long int *), int *)’} [-Wcast-function-type]
60103 |     {"f90wrap_magfie_sub__get__meiss",-1,{{-1}},0,0,(char *)  F_FUNC_US(f90wrap_magfie_sub__get__meiss,F90WRAP_MAGFIE_SUB__GET__MEISS),  (f2py_init_func)f2py_rout__pysimple_f90wrap_magfie_sub__get__meiss,doc_f2py_rout__pysimple_f90wrap_magfie_sub__get__meiss},
      |                                                                                                                                          ^
/proj/plasma/CODE/ert/SIMPLE/build/python/_pysimplemodule.c:60104:141: warning: cast between incompatible function types from ‘PyObject * (*)(const PyObject *, PyObject *, PyObject *, void (*)(int *))’ {aka ‘struct _object * (*)(const struct _object *, struct _object *, struct _object *, void (*)(int *))’} to ‘void (*)(int *, npy_intp *, void (*)(char *, npy_intp *), int *)’ {aka ‘void (*)(int *, long int *, void (*)(char *, long int *), int *)’} [-Wcast-function-type]
60104 |     {"f90wrap_magfie_sub__get__albert",-1,{{-1}},0,0,(char *)  F_FUNC_US(f90wrap_magfie_sub__get__albert,F90WRAP_MAGFIE_SUB__GET__ALBERT),  (f2py_init_func)f2py_rout__pysimple_f90wrap_magfie_sub__get__albert,doc_f2py_rout__pysimple_f90wrap_magfie_sub__get__albert},
      |                                                                                                                                             ^
/proj/plasma/CODE/ert/SIMPLE/build/python/_pysimplemodule.c:60105:144: warning: cast between incompatible function types from ‘PyObject * (*)(const PyObject *, PyObject *, PyObject *, void (*)(int *))’ {aka ‘struct _object * (*)(const struct _object *, struct _object *, struct _object *, void (*)(int *))’} to ‘void (*)(int *, npy_intp *, void (*)(char *, npy_intp *), int *)’ {aka ‘void (*)(int *, long int *, void (*)(char *, long int *), int *)’} [-Wcast-function-type]
60105 |     {"f90wrap_chamb_mod__get__rnegflag",-1,{{-1}},0,0,(char *)  F_FUNC_US(f90wrap_chamb_mod__get__rnegflag,F90WRAP_CHAMB_MOD__GET__RNEGFLAG),  (f2py_init_func)f2py_rout__pysimple_f90wrap_chamb_mod__get__rnegflag,doc_f2py_rout__pysimple_f90wrap_chamb_mod__get__rnegflag},
      |                                                                                                                                                ^
/proj/plasma/CODE/ert/SIMPLE/build/python/_pysimplemodule.c:60106:144: warning: cast between incompatible function types from ‘PyObject * (*)(const PyObject *, PyObject *, PyObject *, void (*)(int *))’ {aka ‘struct _object * (*)(const struct _object *, struct _object *, struct _object *, void (*)(int *))’} to ‘void (*)(int *, npy_intp *, void (*)(char *, npy_intp *), int *)’ {aka ‘void (*)(int *, long int *, void (*)(char *, long int *), int *)’} [-Wcast-function-type]
60106 |     {"f90wrap_chamb_mod__set__rnegflag",-1,{{-1}},0,0,(char *)  F_FUNC_US(f90wrap_chamb_mod__set__rnegflag,F90WRAP_CHAMB_MOD__SET__RNEGFLAG),  (f2py_init_func)f2py_rout__pysimple_f90wrap_chamb_mod__set__rnegflag,doc_f2py_rout__pysimple_f90wrap_chamb_mod__set__rnegflag},
      |                                                                                                                                                ^
/proj/plasma/CODE/ert/SIMPLE/build/python/_pysimplemodule.c:60107:132: warning: cast between incompatible function types from ‘PyObject * (*)(const PyObject *, PyObject *, PyObject *, void (*)(double *))’ {aka ‘struct _object * (*)(const struct _object *, struct _object *, struct _object *, void (*)(double *))’} to ‘void (*)(int *, npy_intp *, void (*)(char *, npy_intp *), int *)’ {aka ‘void (*)(int *, long int *, void (*)(char *, long int *), int *)’} [-Wcast-function-type]
60107 |     {"f90wrap_parmot_mod__get__rmu",-1,{{-1}},0,0,(char *)  F_FUNC_US(f90wrap_parmot_mod__get__rmu,F90WRAP_PARMOT_MOD__GET__RMU),  (f2py_init_func)f2py_rout__pysimple_f90wrap_parmot_mod__get__rmu,doc_f2py_rout__pysimple_f90wrap_parmot_mod__get__rmu},
      |                                                                                                                                    ^
/proj/plasma/CODE/ert/SIMPLE/build/python/_pysimplemodule.c:60108:132: warning: cast between incompatible function types from ‘PyObject * (*)(const PyObject *, PyObject *, PyObject *, void (*)(double *))’ {aka ‘struct _object * (*)(const struct _object *, struct _object *, struct _object *, void (*)(double *))’} to ‘void (*)(int *, npy_intp *, void (*)(char *, npy_intp *), int *)’ {aka ‘void (*)(int *, long int *, void (*)(char *, long int *), int *)’} [-Wcast-function-type]
60108 |     {"f90wrap_parmot_mod__set__rmu",-1,{{-1}},0,0,(char *)  F_FUNC_US(f90wrap_parmot_mod__set__rmu,F90WRAP_PARMOT_MOD__SET__RMU),  (f2py_init_func)f2py_rout__pysimple_f90wrap_parmot_mod__set__rmu,doc_f2py_rout__pysimple_f90wrap_parmot_mod__set__rmu},
      |                                                                                                                                    ^
/proj/plasma/CODE/ert/SIMPLE/build/python/_pysimplemodule.c:60109:132: warning: cast between incompatible function types from ‘PyObject * (*)(const PyObject *, PyObject *, PyObject *, void (*)(double *))’ {aka ‘struct _object * (*)(const struct _object *, struct _object *, struct _object *, void (*)(double *))’} to ‘void (*)(int *, npy_intp *, void (*)(char *, npy_intp *), int *)’ {aka ‘void (*)(int *, long int *, void (*)(char *, long int *), int *)’} [-Wcast-function-type]
60109 |     {"f90wrap_parmot_mod__get__ro0",-1,{{-1}},0,0,(char *)  F_FUNC_US(f90wrap_parmot_mod__get__ro0,F90WRAP_PARMOT_MOD__GET__RO0),  (f2py_init_func)f2py_rout__pysimple_f90wrap_parmot_mod__get__ro0,doc_f2py_rout__pysimple_f90wrap_parmot_mod__get__ro0},
      |                                                                                                                                    ^
/proj/plasma/CODE/ert/SIMPLE/build/python/_pysimplemodule.c:60110:132: warning: cast between incompatible function types from ‘PyObject * (*)(const PyObject *, PyObject *, PyObject *, void (*)(double *))’ {aka ‘struct _object * (*)(const struct _object *, struct _object *, struct _object *, void (*)(double *))’} to ‘void (*)(int *, npy_intp *, void (*)(char *, npy_intp *), int *)’ {aka ‘void (*)(int *, long int *, void (*)(char *, long int *), int *)’} [-Wcast-function-type]
60110 |     {"f90wrap_parmot_mod__set__ro0",-1,{{-1}},0,0,(char *)  F_FUNC_US(f90wrap_parmot_mod__set__ro0,F90WRAP_PARMOT_MOD__SET__RO0),  (f2py_init_func)f2py_rout__pysimple_f90wrap_parmot_mod__set__ro0,doc_f2py_rout__pysimple_f90wrap_parmot_mod__set__ro0},
      |                                                                                                                                    ^
/proj/plasma/CODE/ert/SIMPLE/build/python/_pysimplemodule.c:60111:135: warning: cast between incompatible function types from ‘PyObject * (*)(const PyObject *, PyObject *, PyObject *, void (*)(double *))’ {aka ‘struct _object * (*)(const struct _object *, struct _object *, struct _object *, void (*)(double *))’} to ‘void (*)(int *, npy_intp *, void (*)(char *, npy_intp *), int *)’ {aka ‘void (*)(int *, long int *, void (*)(char *, long int *), int *)’} [-Wcast-function-type]
60111 |     {"f90wrap_parmot_mod__get__eeff",-1,{{-1}},0,0,(char *)  F_FUNC_US(f90wrap_parmot_mod__get__eeff,F90WRAP_PARMOT_MOD__GET__EEFF),  (f2py_init_func)f2py_rout__pysimple_f90wrap_parmot_mod__get__eeff,doc_f2py_rout__pysimple_f90wrap_parmot_mod__get__eeff},
      |                                                                                                                                       ^
/proj/plasma/CODE/ert/SIMPLE/build/python/_pysimplemodule.c:60112:135: warning: cast between incompatible function types from ‘PyObject * (*)(const PyObject *, PyObject *, PyObject *, void (*)(double *))’ {aka ‘struct _object * (*)(const struct _object *, struct _object *, struct _object *, void (*)(double *))’} to ‘void (*)(int *, npy_intp *, void (*)(char *, npy_intp *), int *)’ {aka ‘void (*)(int *, long int *, void (*)(char *, long int *), int *)’} [-Wcast-function-type]
60112 |     {"f90wrap_parmot_mod__set__eeff",-1,{{-1}},0,0,(char *)  F_FUNC_US(f90wrap_parmot_mod__set__eeff,F90WRAP_PARMOT_MOD__SET__EEFF),  (f2py_init_func)f2py_rout__pysimple_f90wrap_parmot_mod__set__eeff,doc_f2py_rout__pysimple_f90wrap_parmot_mod__set__eeff},
      |                                                                                                                                       ^
/proj/plasma/CODE/ert/SIMPLE/build/python/_pysimplemodule.c:60113:165: warning: cast between incompatible function types from ‘PyObject * (*)(const PyObject *, PyObject *, PyObject *, void (*)(int *))’ {aka ‘struct _object * (*)(const struct _object *, struct _object *, struct _object *, void (*)(int *))’} to ‘void (*)(int *, npy_intp *, void (*)(char *, npy_intp *), int *)’ {aka ‘void (*)(int *, long int *, void (*)(char *, long int *), int *)’} [-Wcast-function-type]
60113 |     {"f90wrap_new_vmec_stuff_mod__get__nsurfm",-1,{{-1}},0,0,(char *)  F_FUNC_US(f90wrap_new_vmec_stuff_mod__get__nsurfm,F90WRAP_NEW_VMEC_STUFF_MOD__GET__NSURFM),  (f2py_init_func)f2py_rout__pysimple_f90wrap_new_vmec_stuff_mod__get__nsurfm,doc_f2py_rout__pysimple_f90wrap_new_vmec_stuff_mod__get__nsurfm},
      |                                                                                                                                                                     ^
/proj/plasma/CODE/ert/SIMPLE/build/python/_pysimplemodule.c:60114:165: warning: cast between incompatible function types from ‘PyObject * (*)(const PyObject *, PyObject *, PyObject *, void (*)(int *))’ {aka ‘struct _object * (*)(const struct _object *, struct _object *, struct _object *, void (*)(int *))’} to ‘void (*)(int *, npy_intp *, void (*)(char *, npy_intp *), int *)’ {aka ‘void (*)(int *, long int *, void (*)(char *, long int *), int *)’} [-Wcast-function-type]
60114 |     {"f90wrap_new_vmec_stuff_mod__set__nsurfm",-1,{{-1}},0,0,(char *)  F_FUNC_US(f90wrap_new_vmec_stuff_mod__set__nsurfm,F90WRAP_NEW_VMEC_STUFF_MOD__SET__NSURFM),  (f2py_init_func)f2py_rout__pysimple_f90wrap_new_vmec_stuff_mod__set__nsurfm,doc_f2py_rout__pysimple_f90wrap_new_vmec_stuff_mod__set__nsurfm},
      |                                                                                                                                                                     ^
/proj/plasma/CODE/ert/SIMPLE/build/python/_pysimplemodule.c:60115:162: warning: cast between incompatible function types from ‘PyObject * (*)(const PyObject *, PyObject *, PyObject *, void (*)(int *))’ {aka ‘struct _object * (*)(const struct _object *, struct _object *, struct _object *, void (*)(int *))’} to ‘void (*)(int *, npy_intp *, void (*)(char *, npy_intp *), int *)’ {aka ‘void (*)(int *, long int *, void (*)(char *, long int *), int *)’} [-Wcast-function-type]
60115 |     {"f90wrap_new_vmec_stuff_mod__get__nstrm",-1,{{-1}},0,0,(char *)  F_FUNC_US(f90wrap_new_vmec_stuff_mod__get__nstrm,F90WRAP_NEW_VMEC_STUFF_MOD__GET__NSTRM),  (f2py_init_func)f2py_rout__pysimple_f90wrap_new_vmec_stuff_mod__get__nstrm,doc_f2py_rout__pysimple_f90wrap_new_vmec_stuff_mod__get__nstrm},
      |                                                                                                                                                                  ^
/proj/plasma/CODE/ert/SIMPLE/build/python/_pysimplemodule.c:60116:162: warning: cast between incompatible function types from ‘PyObject * (*)(const PyObject *, PyObject *, PyObject *, void (*)(int *))’ {aka ‘struct _object * (*)(const struct _object *, struct _object *, struct _object *, void (*)(int *))’} to ‘void (*)(int *, npy_intp *, void (*)(char *, npy_intp *), int *)’ {aka ‘void (*)(int *, long int *, void (*)(char *, long int *), int *)’} [-Wcast-function-type]
60116 |     {"f90wrap_new_vmec_stuff_mod__set__nstrm",-1,{{-1}},0,0,(char *)  F_FUNC_US(f90wrap_new_vmec_stuff_mod__set__nstrm,F90WRAP_NEW_VMEC_STUFF_MOD__SET__NSTRM),  (f2py_init_func)f2py_rout__pysimple_f90wrap_new_vmec_stuff_mod__set__nstrm,doc_f2py_rout__pysimple_f90wrap_new_vmec_stuff_mod__set__nstrm},
      |                                                                                                                                                                  ^
/proj/plasma/CODE/ert/SIMPLE/build/python/_pysimplemodule.c:60117:159: warning: cast between incompatible function types from ‘PyObject * (*)(const PyObject *, PyObject *, PyObject *, void (*)(int *))’ {aka ‘struct _object * (*)(const struct _object *, struct _object *, struct _object *, void (*)(int *))’} to ‘void (*)(int *, npy_intp *, void (*)(char *, npy_intp *), int *)’ {aka ‘void (*)(int *, long int *, void (*)(char *, long int *), int *)’} [-Wcast-function-type]
60117 |     {"f90wrap_new_vmec_stuff_mod__get__nper",-1,{{-1}},0,0,(char *)  F_FUNC_US(f90wrap_new_vmec_stuff_mod__get__nper,F90WRAP_NEW_VMEC_STUFF_MOD__GET__NPER),  (f2py_init_func)f2py_rout__pysimple_f90wrap_new_vmec_stuff_mod__get__nper,doc_f2py_rout__pysimple_f90wrap_new_vmec_stuff_mod__get__nper},
      |                                                                                                                                                               ^
/proj/plasma/CODE/ert/SIMPLE/build/python/_pysimplemodule.c:60118:159: warning: cast between incompatible function types from ‘PyObject * (*)(const PyObject *, PyObject *, PyObject *, void (*)(int *))’ {aka ‘struct _object * (*)(const struct _object *, struct _object *, struct _object *, void (*)(int *))’} to ‘void (*)(int *, npy_intp *, void (*)(char *, npy_intp *), int *)’ {aka ‘void (*)(int *, long int *, void (*)(char *, long int *), int *)’} [-Wcast-function-type]
60118 |     {"f90wrap_new_vmec_stuff_mod__set__nper",-1,{{-1}},0,0,(char *)  F_FUNC_US(f90wrap_new_vmec_stuff_mod__set__nper,F90WRAP_NEW_VMEC_STUFF_MOD__SET__NPER),  (f2py_init_func)f2py_rout__pysimple_f90wrap_new_vmec_stuff_mod__set__nper,doc_f2py_rout__pysimple_f90wrap_new_vmec_stuff_mod__set__nper},
      |                                                                                                                                                               ^
/proj/plasma/CODE/ert/SIMPLE/build/python/_pysimplemodule.c:60119:159: warning: cast between incompatible function types from ‘PyObject * (*)(const PyObject *, PyObject *, PyObject *, void (*)(int *))’ {aka ‘struct _object * (*)(const struct _object *, struct _object *, struct _object *, void (*)(int *))’} to ‘void (*)(int *, npy_intp *, void (*)(char *, npy_intp *), int *)’ {aka ‘void (*)(int *, long int *, void (*)(char *, long int *), int *)’} [-Wcast-function-type]
60119 |     {"f90wrap_new_vmec_stuff_mod__get__kpar",-1,{{-1}},0,0,(char *)  F_FUNC_US(f90wrap_new_vmec_stuff_mod__get__kpar,F90WRAP_NEW_VMEC_STUFF_MOD__GET__KPAR),  (f2py_init_func)f2py_rout__pysimple_f90wrap_new_vmec_stuff_mod__get__kpar,doc_f2py_rout__pysimple_f90wrap_new_vmec_stuff_mod__get__kpar},
      |                                                                                                                                                               ^
/proj/plasma/CODE/ert/SIMPLE/build/python/_pysimplemodule.c:60120:159: warning: cast between incompatible function types from ‘PyObject * (*)(const PyObject *, PyObject *, PyObject *, void (*)(int *))’ {aka ‘struct _object * (*)(const struct _object *, struct _object *, struct _object *, void (*)(int *))’} to ‘void (*)(int *, npy_intp *, void (*)(char *, npy_intp *), int *)’ {aka ‘void (*)(int *, long int *, void (*)(char *, long int *), int *)’} [-Wcast-function-type]
60120 |     {"f90wrap_new_vmec_stuff_mod__set__kpar",-1,{{-1}},0,0,(char *)  F_FUNC_US(f90wrap_new_vmec_stuff_mod__set__kpar,F90WRAP_NEW_VMEC_STUFF_MOD__SET__KPAR),  (f2py_init_func)f2py_rout__pysimple_f90wrap_new_vmec_stuff_mod__set__kpar,doc_f2py_rout__pysimple_f90wrap_new_vmec_stuff_mod__set__kpar},
      |                                                                                                                                                               ^
/proj/plasma/CODE/ert/SIMPLE/build/python/_pysimplemodule.c:60121:171: warning: cast between incompatible function types from ‘PyObject * (*)(const PyObject *, PyObject *, PyObject *, void (*)(int *))’ {aka ‘struct _object * (*)(const struct _object *, struct _object *, struct _object *, void (*)(int *))’} to ‘void (*)(int *, npy_intp *, void (*)(char *, npy_intp *), int *)’ {aka ‘void (*)(int *, long int *, void (*)(char *, long int *), int *)’} [-Wcast-function-type]
60121 |     {"f90wrap_new_vmec_stuff_mod__get__multharm",-1,{{-1}},0,0,(char *)  F_FUNC_US(f90wrap_new_vmec_stuff_mod__get__multharm,F90WRAP_NEW_VMEC_STUFF_MOD__GET__MULTHARM),  (f2py_init_func)f2py_rout__pysimple_f90wrap_new_vmec_stuff_mod__get__multharm,doc_f2py_rout__pysimple_f90wrap_new_vmec_stuff_mod__get__multharm},
      |                                                                                                                                                                           ^
/proj/plasma/CODE/ert/SIMPLE/build/python/_pysimplemodule.c:60122:171: warning: cast between incompatible function types from ‘PyObject * (*)(const PyObject *, PyObject *, PyObject *, void (*)(int *))’ {aka ‘struct _object * (*)(const struct _object *, struct _object *, struct _object *, void (*)(int *))’} to ‘void (*)(int *, npy_intp *, void (*)(char *, npy_intp *), int *)’ {aka ‘void (*)(int *, long int *, void (*)(char *, long int *), int *)’} [-Wcast-function-type]
60122 |     {"f90wrap_new_vmec_stuff_mod__set__multharm",-1,{{-1}},0,0,(char *)  F_FUNC_US(f90wrap_new_vmec_stuff_mod__set__multharm,F90WRAP_NEW_VMEC_STUFF_MOD__SET__MULTHARM),  (f2py_init_func)f2py_rout__pysimple_f90wrap_new_vmec_stuff_mod__set__multharm,doc_f2py_rout__pysimple_f90wrap_new_vmec_stuff_mod__set__multharm},
      |                                                                                                                                                                           ^
/proj/plasma/CODE/ert/SIMPLE/build/python/_pysimplemodule.c:60123:168: warning: cast between incompatible function types from ‘PyObject * (*)(const PyObject *, PyObject *, PyObject *, void (*)(int *))’ {aka ‘struct _object * (*)(const struct _object *, struct _object *, struct _object *, void (*)(int *))’} to ‘void (*)(int *, npy_intp *, void (*)(char *, npy_intp *), int *)’ {aka ‘void (*)(int *, long int *, void (*)(char *, long int *), int *)’} [-Wcast-function-type]
60123 |     {"f90wrap_new_vmec_stuff_mod__get__n_theta",-1,{{-1}},0,0,(char *)  F_FUNC_US(f90wrap_new_vmec_stuff_mod__get__n_theta,F90WRAP_NEW_VMEC_STUFF_MOD__GET__N_THETA),  (f2py_init_func)f2py_rout__pysimple_f90wrap_new_vmec_stuff_mod__get__n_theta,doc_f2py_rout__pysimple_f90wrap_new_vmec_stuff_mod__get__n_theta},
      |                                                                                                                                                                        ^
/proj/plasma/CODE/ert/SIMPLE/build/python/_pysimplemodule.c:60124:168: warning: cast between incompatible function types from ‘PyObject * (*)(const PyObject *, PyObject *, PyObject *, void (*)(int *))’ {aka ‘struct _object * (*)(const struct _object *, struct _object *, struct _object *, void (*)(int *))’} to ‘void (*)(int *, npy_intp *, void (*)(char *, npy_intp *), int *)’ {aka ‘void (*)(int *, long int *, void (*)(char *, long int *), int *)’} [-Wcast-function-type]
60124 |     {"f90wrap_new_vmec_stuff_mod__set__n_theta",-1,{{-1}},0,0,(char *)  F_FUNC_US(f90wrap_new_vmec_stuff_mod__set__n_theta,F90WRAP_NEW_VMEC_STUFF_MOD__SET__N_THETA),  (f2py_init_func)f2py_rout__pysimple_f90wrap_new_vmec_stuff_mod__set__n_theta,doc_f2py_rout__pysimple_f90wrap_new_vmec_stuff_mod__set__n_theta},
      |                                                                                                                                                                        ^
/proj/plasma/CODE/ert/SIMPLE/build/python/_pysimplemodule.c:60125:162: warning: cast between incompatible function types from ‘PyObject * (*)(const PyObject *, PyObject *, PyObject *, void (*)(int *))’ {aka ‘struct _object * (*)(const struct _object *, struct _object *, struct _object *, void (*)(int *))’} to ‘void (*)(int *, npy_intp *, void (*)(char *, npy_intp *), int *)’ {aka ‘void (*)(int *, long int *, void (*)(char *, long int *), int *)’} [-Wcast-function-type]
60125 |     {"f90wrap_new_vmec_stuff_mod__get__n_phi",-1,{{-1}},0,0,(char *)  F_FUNC_US(f90wrap_new_vmec_stuff_mod__get__n_phi,F90WRAP_NEW_VMEC_STUFF_MOD__GET__N_PHI),  (f2py_init_func)f2py_rout__pysimple_f90wrap_new_vmec_stuff_mod__get__n_phi,doc_f2py_rout__pysimple_f90wrap_new_vmec_stuff_mod__get__n_phi},
      |                                                                                                                                                                  ^
/proj/plasma/CODE/ert/SIMPLE/build/python/_pysimplemodule.c:60126:162: warning: cast between incompatible function types from ‘PyObject * (*)(const PyObject *, PyObject *, PyObject *, void (*)(int *))’ {aka ‘struct _object * (*)(const struct _object *, struct _object *, struct _object *, void (*)(int *))’} to ‘void (*)(int *, npy_intp *, void (*)(char *, npy_intp *), int *)’ {aka ‘void (*)(int *, long int *, void (*)(char *, long int *), int *)’} [-Wcast-function-type]
60126 |     {"f90wrap_new_vmec_stuff_mod__set__n_phi",-1,{{-1}},0,0,(char *)  F_FUNC_US(f90wrap_new_vmec_stuff_mod__set__n_phi,F90WRAP_NEW_VMEC_STUFF_MOD__SET__N_PHI),  (f2py_init_func)f2py_rout__pysimple_f90wrap_new_vmec_stuff_mod__set__n_phi,doc_f2py_rout__pysimple_f90wrap_new_vmec_stuff_mod__set__n_phi},
      |                                                                                                                                                                  ^
/proj/plasma/CODE/ert/SIMPLE/build/python/_pysimplemodule.c:60127:159: warning: cast between incompatible function types from ‘PyObject * (*)(const PyObject *, PyObject *, PyObject *, void (*)(int *))’ {aka ‘struct _object * (*)(const struct _object *, struct _object *, struct _object *, void (*)(int *))’} to ‘void (*)(int *, npy_intp *, void (*)(char *, npy_intp *), int *)’ {aka ‘void (*)(int *, long int *, void (*)(char *, long int *), int *)’} [-Wcast-function-type]
60127 |     {"f90wrap_new_vmec_stuff_mod__get__ns_a",-1,{{-1}},0,0,(char *)  F_FUNC_US(f90wrap_new_vmec_stuff_mod__get__ns_a,F90WRAP_NEW_VMEC_STUFF_MOD__GET__NS_A),  (f2py_init_func)f2py_rout__pysimple_f90wrap_new_vmec_stuff_mod__get__ns_a,doc_f2py_rout__pysimple_f90wrap_new_vmec_stuff_mod__get__ns_a},
      |                                                                                                                                                               ^
/proj/plasma/CODE/ert/SIMPLE/build/python/_pysimplemodule.c:60128:159: warning: cast between incompatible function types from ‘PyObject * (*)(const PyObject *, PyObject *, PyObject *, void (*)(int *))’ {aka ‘struct _object * (*)(const struct _object *, struct _object *, struct _object *, void (*)(int *))’} to ‘void (*)(int *, npy_intp *, void (*)(char *, npy_intp *), int *)’ {aka ‘void (*)(int *, long int *, void (*)(char *, long int *), int *)’} [-Wcast-function-type]
60128 |     {"f90wrap_new_vmec_stuff_mod__set__ns_a",-1,{{-1}},0,0,(char *)  F_FUNC_US(f90wrap_new_vmec_stuff_mod__set__ns_a,F90WRAP_NEW_VMEC_STUFF_MOD__SET__NS_A),  (f2py_init_func)f2py_rout__pysimple_f90wrap_new_vmec_stuff_mod__set__ns_a,doc_f2py_rout__pysimple_f90wrap_new_vmec_stuff_mod__set__ns_a},
      |                                                                                                                                                               ^
/proj/plasma/CODE/ert/SIMPLE/build/python/_pysimplemodule.c:60129:159: warning: cast between incompatible function types from ‘PyObject * (*)(const PyObject *, PyObject *, PyObject *, void (*)(int *))’ {aka ‘struct _object * (*)(const struct _object *, struct _object *, struct _object *, void (*)(int *))’} to ‘void (*)(int *, npy_intp *, void (*)(char *, npy_intp *), int *)’ {aka ‘void (*)(int *, long int *, void (*)(char *, long int *), int *)’} [-Wcast-function-type]
60129 |     {"f90wrap_new_vmec_stuff_mod__get__ns_s",-1,{{-1}},0,0,(char *)  F_FUNC_US(f90wrap_new_vmec_stuff_mod__get__ns_s,F90WRAP_NEW_VMEC_STUFF_MOD__GET__NS_S),  (f2py_init_func)f2py_rout__pysimple_f90wrap_new_vmec_stuff_mod__get__ns_s,doc_f2py_rout__pysimple_f90wrap_new_vmec_stuff_mod__get__ns_s},
      |                                                                                                                                                               ^
/proj/plasma/CODE/ert/SIMPLE/build/python/_pysimplemodule.c:60130:159: warning: cast between incompatible function types from ‘PyObject * (*)(const PyObject *, PyObject *, PyObject *, void (*)(int *))’ {aka ‘struct _object * (*)(const struct _object *, struct _object *, struct _object *, void (*)(int *))’} to ‘void (*)(int *, npy_intp *, void (*)(char *, npy_intp *), int *)’ {aka ‘void (*)(int *, long int *, void (*)(char *, long int *), int *)’} [-Wcast-function-type]
60130 |     {"f90wrap_new_vmec_stuff_mod__set__ns_s",-1,{{-1}},0,0,(char *)  F_FUNC_US(f90wrap_new_vmec_stuff_mod__set__ns_s,F90WRAP_NEW_VMEC_STUFF_MOD__SET__NS_S),  (f2py_init_func)f2py_rout__pysimple_f90wrap_new_vmec_stuff_mod__set__ns_s,doc_f2py_rout__pysimple_f90wrap_new_vmec_stuff_mod__set__ns_s},
      |                                                                                                                                                               ^
/proj/plasma/CODE/ert/SIMPLE/build/python/_pysimplemodule.c:60131:162: warning: cast between incompatible function types from ‘PyObject * (*)(const PyObject *, PyObject *, PyObject *, void (*)(int *))’ {aka ‘struct _object * (*)(const struct _object *, struct _object *, struct _object *, void (*)(int *))’} to ‘void (*)(int *, npy_intp *, void (*)(char *, npy_intp *), int *)’ {aka ‘void (*)(int *, long int *, void (*)(char *, long int *), int *)’} [-Wcast-function-type]
60131 |     {"f90wrap_new_vmec_stuff_mod__get__ns_tp",-1,{{-1}},0,0,(char *)  F_FUNC_US(f90wrap_new_vmec_stuff_mod__get__ns_tp,F90WRAP_NEW_VMEC_STUFF_MOD__GET__NS_TP),  (f2py_init_func)f2py_rout__pysimple_f90wrap_new_vmec_stuff_mod__get__ns_tp,doc_f2py_rout__pysimple_f90wrap_new_vmec_stuff_mod__get__ns_tp},
      |                                                                                                                                                                  ^
/proj/plasma/CODE/ert/SIMPLE/build/python/_pysimplemodule.c:60132:162: warning: cast between incompatible function types from ‘PyObject * (*)(const PyObject *, PyObject *, PyObject *, void (*)(int *))’ {aka ‘struct _object * (*)(const struct _object *, struct _object *, struct _object *, void (*)(int *))’} to ‘void (*)(int *, npy_intp *, void (*)(char *, npy_intp *), int *)’ {aka ‘void (*)(int *, long int *, void (*)(char *, long int *), int *)’} [-Wcast-function-type]
60132 |     {"f90wrap_new_vmec_stuff_mod__set__ns_tp",-1,{{-1}},0,0,(char *)  F_FUNC_US(f90wrap_new_vmec_stuff_mod__set__ns_tp,F90WRAP_NEW_VMEC_STUFF_MOD__SET__NS_TP),  (f2py_init_func)f2py_rout__pysimple_f90wrap_new_vmec_stuff_mod__set__ns_tp,doc_f2py_rout__pysimple_f90wrap_new_vmec_stuff_mod__set__ns_tp},
      |                                                                                                                                                                  ^
/proj/plasma/CODE/ert/SIMPLE/build/python/_pysimplemodule.c:60133:165: warning: cast between incompatible function types from ‘PyObject * (*)(const PyObject *, PyObject *, PyObject *, void (*)(double *))’ {aka ‘struct _object * (*)(const struct _object *, struct _object *, struct _object *, void (*)(double *))’} to ‘void (*)(int *, npy_intp *, void (*)(char *, npy_intp *), int *)’ {aka ‘void (*)(int *, long int *, void (*)(char *, long int *), int *)’} [-Wcast-function-type]
60133 |     {"f90wrap_new_vmec_stuff_mod__get__rmajor",-1,{{-1}},0,0,(char *)  F_FUNC_US(f90wrap_new_vmec_stuff_mod__get__rmajor,F90WRAP_NEW_VMEC_STUFF_MOD__GET__RMAJOR),  (f2py_init_func)f2py_rout__pysimple_f90wrap_new_vmec_stuff_mod__get__rmajor,doc_f2py_rout__pysimple_f90wrap_new_vmec_stuff_mod__get__rmajor},
      |                                                                                                                                                                     ^
/proj/plasma/CODE/ert/SIMPLE/build/python/_pysimplemodule.c:60134:165: warning: cast between incompatible function types from ‘PyObject * (*)(const PyObject *, PyObject *, PyObject *, void (*)(double *))’ {aka ‘struct _object * (*)(const struct _object *, struct _object *, struct _object *, void (*)(double *))’} to ‘void (*)(int *, npy_intp *, void (*)(char *, npy_intp *), int *)’ {aka ‘void (*)(int *, long int *, void (*)(char *, long int *), int *)’} [-Wcast-function-type]
60134 |     {"f90wrap_new_vmec_stuff_mod__set__rmajor",-1,{{-1}},0,0,(char *)  F_FUNC_US(f90wrap_new_vmec_stuff_mod__set__rmajor,F90WRAP_NEW_VMEC_STUFF_MOD__SET__RMAJOR),  (f2py_init_func)f2py_rout__pysimple_f90wrap_new_vmec_stuff_mod__set__rmajor,doc_f2py_rout__pysimple_f90wrap_new_vmec_stuff_mod__set__rmajor},
      |                                                                                                                                                                     ^
/proj/plasma/CODE/ert/SIMPLE/build/python/_pysimplemodule.c:60135:168: warning: cast between incompatible function types from ‘PyObject * (*)(const PyObject *, PyObject *, PyObject *, void (*)(double *))’ {aka ‘struct _object * (*)(const struct _object *, struct _object *, struct _object *, void (*)(double *))’} to ‘void (*)(int *, npy_intp *, void (*)(char *, npy_intp *), int *)’ {aka ‘void (*)(int *, long int *, void (*)(char *, long int *), int *)’} [-Wcast-function-type]
60135 |     {"f90wrap_new_vmec_stuff_mod__get__h_theta",-1,{{-1}},0,0,(char *)  F_FUNC_US(f90wrap_new_vmec_stuff_mod__get__h_theta,F90WRAP_NEW_VMEC_STUFF_MOD__GET__H_THETA),  (f2py_init_func)f2py_rout__pysimple_f90wrap_new_vmec_stuff_mod__get__h_theta,doc_f2py_rout__pysimple_f90wrap_new_vmec_stuff_mod__get__h_theta},
      |                                                                                                                                                                        ^
/proj/plasma/CODE/ert/SIMPLE/build/python/_pysimplemodule.c:60136:168: warning: cast between incompatible function types from ‘PyObject * (*)(const PyObject *, PyObject *, PyObject *, void (*)(double *))’ {aka ‘struct _object * (*)(const struct _object *, struct _object *, struct _object *, void (*)(double *))’} to ‘void (*)(int *, npy_intp *, void (*)(char *, npy_intp *), int *)’ {aka ‘void (*)(int *, long int *, void (*)(char *, long int *), int *)’} [-Wcast-function-type]
60136 |     {"f90wrap_new_vmec_stuff_mod__set__h_theta",-1,{{-1}},0,0,(char *)  F_FUNC_US(f90wrap_new_vmec_stuff_mod__set__h_theta,F90WRAP_NEW_VMEC_STUFF_MOD__SET__H_THETA),  (f2py_init_func)f2py_rout__pysimple_f90wrap_new_vmec_stuff_mod__set__h_theta,doc_f2py_rout__pysimple_f90wrap_new_vmec_stuff_mod__set__h_theta},
      |                                                                                                                                                                        ^
/proj/plasma/CODE/ert/SIMPLE/build/python/_pysimplemodule.c:60137:162: warning: cast between incompatible function types from ‘PyObject * (*)(const PyObject *, PyObject *, PyObject *, void (*)(double *))’ {aka ‘struct _object * (*)(const struct _object *, struct _object *, struct _object *, void (*)(double *))’} to ‘void (*)(int *, npy_intp *, void (*)(char *, npy_intp *), int *)’ {aka ‘void (*)(int *, long int *, void (*)(char *, long int *), int *)’} [-Wcast-function-type]
60137 |     {"f90wrap_new_vmec_stuff_mod__get__h_phi",-1,{{-1}},0,0,(char *)  F_FUNC_US(f90wrap_new_vmec_stuff_mod__get__h_phi,F90WRAP_NEW_VMEC_STUFF_MOD__GET__H_PHI),  (f2py_init_func)f2py_rout__pysimple_f90wrap_new_vmec_stuff_mod__get__h_phi,doc_f2py_rout__pysimple_f90wrap_new_vmec_stuff_mod__get__h_phi},
      |                                                                                                                                                                  ^
/proj/plasma/CODE/ert/SIMPLE/build/python/_pysimplemodule.c:60138:162: warning: cast between incompatible function types from ‘PyObject * (*)(const PyObject *, PyObject *, PyObject *, void (*)(double *))’ {aka ‘struct _object * (*)(const struct _object *, struct _object *, struct _object *, void (*)(double *))’} to ‘void (*)(int *, npy_intp *, void (*)(char *, npy_intp *), int *)’ {aka ‘void (*)(int *, long int *, void (*)(char *, long int *), int *)’} [-Wcast-function-type]
60138 |     {"f90wrap_new_vmec_stuff_mod__set__h_phi",-1,{{-1}},0,0,(char *)  F_FUNC_US(f90wrap_new_vmec_stuff_mod__set__h_phi,F90WRAP_NEW_VMEC_STUFF_MOD__SET__H_PHI),  (f2py_init_func)f2py_rout__pysimple_f90wrap_new_vmec_stuff_mod__set__h_phi,doc_f2py_rout__pysimple_f90wrap_new_vmec_stuff_mod__set__h_phi},
      |                                                                                                                                                                  ^
/proj/plasma/CODE/ert/SIMPLE/build/python/_pysimplemodule.c:60139:183: warning: cast between incompatible function types from ‘PyObject * (*)(const PyObject *, PyObject *, PyObject *, void (*)(double *))’ {aka ‘struct _object * (*)(const struct _object *, struct _object *, struct _object *, void (*)(double *))’} to ‘void (*)(int *, npy_intp *, void (*)(char *, npy_intp *), int *)’ {aka ‘void (*)(int *, long int *, void (*)(char *, long int *), int *)’} [-Wcast-function-type]
60139 |     {"f90wrap_new_vmec_stuff_mod__get__vmec_b_scale",-1,{{-1}},0,0,(char *)  F_FUNC_US(f90wrap_new_vmec_stuff_mod__get__vmec_b_scale,F90WRAP_NEW_VMEC_STUFF_MOD__GET__VMEC_B_SCALE),  (f2py_init_func)f2py_rout__pysimple_f90wrap_new_vmec_stuff_mod__get__vmec_b_scale,doc_f2py_rout__pysimple_f90wrap_new_vmec_stuff_mod__get__vmec_b_scale},
      |                                                                                                                                                                                       ^
/proj/plasma/CODE/ert/SIMPLE/build/python/_pysimplemodule.c:60140:183: warning: cast between incompatible function types from ‘PyObject * (*)(const PyObject *, PyObject *, PyObject *, void (*)(double *))’ {aka ‘struct _object * (*)(const struct _object *, struct _object *, struct _object *, void (*)(double *))’} to ‘void (*)(int *, npy_intp *, void (*)(char *, npy_intp *), int *)’ {aka ‘void (*)(int *, long int *, void (*)(char *, long int *), int *)’} [-Wcast-function-type]
60140 |     {"f90wrap_new_vmec_stuff_mod__set__vmec_b_scale",-1,{{-1}},0,0,(char *)  F_FUNC_US(f90wrap_new_vmec_stuff_mod__set__vmec_b_scale,F90WRAP_NEW_VMEC_STUFF_MOD__SET__VMEC_B_SCALE),  (f2py_init_func)f2py_rout__pysimple_f90wrap_new_vmec_stuff_mod__set__vmec_b_scale,doc_f2py_rout__pysimple_f90wrap_new_vmec_stuff_mod__set__vmec_b_scale},
      |                                                                                                                                                                                       ^
/proj/plasma/CODE/ert/SIMPLE/build/python/_pysimplemodule.c:60141:186: warning: cast between incompatible function types from ‘PyObject * (*)(const PyObject *, PyObject *, PyObject *, void (*)(double *))’ {aka ‘struct _object * (*)(const struct _object *, struct _object *, struct _object *, void (*)(double *))’} to ‘void (*)(int *, npy_intp *, void (*)(char *, npy_intp *), int *)’ {aka ‘void (*)(int *, long int *, void (*)(char *, long int *), int *)’} [-Wcast-function-type]
60141 |     {"f90wrap_new_vmec_stuff_mod__get__vmec_rz_scale",-1,{{-1}},0,0,(char *)  F_FUNC_US(f90wrap_new_vmec_stuff_mod__get__vmec_rz_scale,F90WRAP_NEW_VMEC_STUFF_MOD__GET__VMEC_RZ_SCALE),  (f2py_init_func)f2py_rout__pysimple_f90wrap_new_vmec_stuff_mod__get__vmec_rz_scale,doc_f2py_rout__pysimple_f90wrap_new_vmec_stuff_mod__get__vmec_rz_scale},
      |                                                                                                                                                                                          ^
/proj/plasma/CODE/ert/SIMPLE/build/python/_pysimplemodule.c:60142:186: warning: cast between incompatible function types from ‘PyObject * (*)(const PyObject *, PyObject *, PyObject *, void (*)(double *))’ {aka ‘struct _object * (*)(const struct _object *, struct _object *, struct _object *, void (*)(double *))’} to ‘void (*)(int *, npy_intp *, void (*)(char *, npy_intp *), int *)’ {aka ‘void (*)(int *, long int *, void (*)(char *, long int *), int *)’} [-Wcast-function-type]
60142 |     {"f90wrap_new_vmec_stuff_mod__set__vmec_rz_scale",-1,{{-1}},0,0,(char *)  F_FUNC_US(f90wrap_new_vmec_stuff_mod__set__vmec_rz_scale,F90WRAP_NEW_VMEC_STUFF_MOD__SET__VMEC_RZ_SCALE),  (f2py_init_func)f2py_rout__pysimple_f90wrap_new_vmec_stuff_mod__set__vmec_rz_scale,doc_f2py_rout__pysimple_f90wrap_new_vmec_stuff_mod__set__vmec_rz_scale},
      |                                                                                                                                                                                          ^
/proj/plasma/CODE/ert/SIMPLE/build/python/_pysimplemodule.c:60143:162: warning: cast between incompatible function types from ‘PyObject * (*)(const PyObject *, PyObject *, PyObject *, void (*)(int *, int *, int *, int *, long_long *))’ {aka ‘struct _object * (*)(const struct _object *, struct _object *, struct _object *, void (*)(int *, int *, int *, int *, long long int *))’} to ‘void (*)(int *, npy_intp *, void (*)(char *, npy_intp *), int *)’ {aka ‘void (*)(int *, long int *, void (*)(char *, long int *), int *)’} [-Wcast-function-type]
60143 |     {"f90wrap_new_vmec_stuff_mod__array__axm",-1,{{-1}},0,0,(char *)  F_FUNC_US(f90wrap_new_vmec_stuff_mod__array__axm,F90WRAP_NEW_VMEC_STUFF_MOD__ARRAY__AXM),  (f2py_init_func)f2py_rout__pysimple_f90wrap_new_vmec_stuff_mod__array__axm,doc_f2py_rout__pysimple_f90wrap_new_vmec_stuff_mod__array__axm},
      |                                                                                                                                                                  ^
/proj/plasma/CODE/ert/SIMPLE/build/python/_pysimplemodule.c:60144:162: warning: cast between incompatible function types from ‘PyObject * (*)(const PyObject *, PyObject *, PyObject *, void (*)(int *, int *, int *, int *, long_long *))’ {aka ‘struct _object * (*)(const struct _object *, struct _object *, struct _object *, void (*)(int *, int *, int *, int *, long long int *))’} to ‘void (*)(int *, npy_intp *, void (*)(char *, npy_intp *), int *)’ {aka ‘void (*)(int *, long int *, void (*)(char *, long int *), int *)’} [-Wcast-function-type]
60144 |     {"f90wrap_new_vmec_stuff_mod__array__axn",-1,{{-1}},0,0,(char *)  F_FUNC_US(f90wrap_new_vmec_stuff_mod__array__axn,F90WRAP_NEW_VMEC_STUFF_MOD__ARRAY__AXN),  (f2py_init_func)f2py_rout__pysimple_f90wrap_new_vmec_stuff_mod__array__axn,doc_f2py_rout__pysimple_f90wrap_new_vmec_stuff_mod__array__axn},
      |                                                                                                                                                                  ^
/proj/plasma/CODE/ert/SIMPLE/build/python/_pysimplemodule.c:60145:162: warning: cast between incompatible function types from ‘PyObject * (*)(const PyObject *, PyObject *, PyObject *, void (*)(int *, int *, int *, int *, long_long *))’ {aka ‘struct _object * (*)(const struct _object *, struct _object *, struct _object *, void (*)(int *, int *, int *, int *, long long int *))’} to ‘void (*)(int *, npy_intp *, void (*)(char *, npy_intp *), int *)’ {aka ‘void (*)(int *, long int *, void (*)(char *, long int *), int *)’} [-Wcast-function-type]
60145 |     {"f90wrap_new_vmec_stuff_mod__array__soa",-1,{{-1}},0,0,(char *)  F_FUNC_US(f90wrap_new_vmec_stuff_mod__array__soa,F90WRAP_NEW_VMEC_STUFF_MOD__ARRAY__SOA),  (f2py_init_func)f2py_rout__pysimple_f90wrap_new_vmec_stuff_mod__array__soa,doc_f2py_rout__pysimple_f90wrap_new_vmec_stuff_mod__array__soa},
      |                                                                                                                                                                  ^
/proj/plasma/CODE/ert/SIMPLE/build/python/_pysimplemodule.c:60146:168: warning: cast between incompatible function types from ‘PyObject * (*)(const PyObject *, PyObject *, PyObject *, void (*)(int *, int *, int *, int *, long_long *))’ {aka ‘struct _object * (*)(const struct _object *, struct _object *, struct _object *, void (*)(int *, int *, int *, int *, long long int *))’} to ‘void (*)(int *, npy_intp *, void (*)(char *, npy_intp *), int *)’ {aka ‘void (*)(int *, long int *, void (*)(char *, long int *), int *)’} [-Wcast-function-type]
60146 |     {"f90wrap_new_vmec_stuff_mod__array__aiota",-1,{{-1}},0,0,(char *)  F_FUNC_US(f90wrap_new_vmec_stuff_mod__array__aiota,F90WRAP_NEW_VMEC_STUFF_MOD__ARRAY__AIOTA),  (f2py_init_func)f2py_rout__pysimple_f90wrap_new_vmec_stuff_mod__array__aiota,doc_f2py_rout__pysimple_f90wrap_new_vmec_stuff_mod__array__aiota},
      |                                                                                                                                                                        ^
/proj/plasma/CODE/ert/SIMPLE/build/python/_pysimplemodule.c:60147:156: warning: cast between incompatible function types from ‘PyObject * (*)(const PyObject *, PyObject *, PyObject *, void (*)(int *, int *, int *, int *, long_long *))’ {aka ‘struct _object * (*)(const struct _object *, struct _object *, struct _object *, void (*)(int *, int *, int *, int *, long long int *))’} to ‘void (*)(int *, npy_intp *, void (*)(char *, npy_intp *), int *)’ {aka ‘void (*)(int *, long int *, void (*)(char *, long int *), int *)’} [-Wcast-function-type]
60147 |     {"f90wrap_new_vmec_stuff_mod__array__s",-1,{{-1}},0,0,(char *)  F_FUNC_US(f90wrap_new_vmec_stuff_mod__array__s,F90WRAP_NEW_VMEC_STUFF_MOD__ARRAY__S),  (f2py_init_func)f2py_rout__pysimple_f90wrap_new_vmec_stuff_mod__array__s,doc_f2py_rout__pysimple_f90wrap_new_vmec_stuff_mod__array__s},
      |                                                                                                                                                            ^
/proj/plasma/CODE/ert/SIMPLE/build/python/_pysimplemodule.c:60148:162: warning: cast between incompatible function types from ‘PyObject * (*)(const PyObject *, PyObject *, PyObject *, void (*)(int *, int *, int *, int *, long_long *))’ {aka ‘struct _object * (*)(const struct _object *, struct _object *, struct _object *, void (*)(int *, int *, int *, int *, long long int *))’} to ‘void (*)(int *, npy_intp *, void (*)(char *, npy_intp *), int *)’ {aka ‘void (*)(int *, long int *, void (*)(char *, long int *), int *)’} [-Wcast-function-type]
60148 |     {"f90wrap_new_vmec_stuff_mod__array__sps",-1,{{-1}},0,0,(char *)  F_FUNC_US(f90wrap_new_vmec_stuff_mod__array__sps,F90WRAP_NEW_VMEC_STUFF_MOD__ARRAY__SPS),  (f2py_init_func)f2py_rout__pysimple_f90wrap_new_vmec_stuff_mod__array__sps,doc_f2py_rout__pysimple_f90wrap_new_vmec_stuff_mod__array__sps},
      |                                                                                                                                                                  ^
/proj/plasma/CODE/ert/SIMPLE/build/python/_pysimplemodule.c:60149:162: warning: cast between incompatible function types from ‘PyObject * (*)(const PyObject *, PyObject *, PyObject *, void (*)(int *, int *, int *, int *, long_long *))’ {aka ‘struct _object * (*)(const struct _object *, struct _object *, struct _object *, void (*)(int *, int *, int *, int *, long long int *))’} to ‘void (*)(int *, npy_intp *, void (*)(char *, npy_intp *), int *)’ {aka ‘void (*)(int *, long int *, void (*)(char *, long int *), int *)’} [-Wcast-function-type]
60149 |     {"f90wrap_new_vmec_stuff_mod__array__phi",-1,{{-1}},0,0,(char *)  F_FUNC_US(f90wrap_new_vmec_stuff_mod__array__phi,F90WRAP_NEW_VMEC_STUFF_MOD__ARRAY__PHI),  (f2py_init_func)f2py_rout__pysimple_f90wrap_new_vmec_stuff_mod__array__phi,doc_f2py_rout__pysimple_f90wrap_new_vmec_stuff_mod__array__phi},
      |                                                                                                                                                                  ^
/proj/plasma/CODE/ert/SIMPLE/build/python/_pysimplemodule.c:60150:168: warning: cast between incompatible function types from ‘PyObject * (*)(const PyObject *, PyObject *, PyObject *, void (*)(int *, int *, int *, int *, long_long *))’ {aka ‘struct _object * (*)(const struct _object *, struct _object *, struct _object *, void (*)(int *, int *, int *, int *, long long int *))’} to ‘void (*)(int *, npy_intp *, void (*)(char *, npy_intp *), int *)’ {aka ‘void (*)(int *, long int *, void (*)(char *, long int *), int *)’} [-Wcast-function-type]
60150 |     {"f90wrap_new_vmec_stuff_mod__array__almnc",-1,{{-1}},0,0,(char *)  F_FUNC_US(f90wrap_new_vmec_stuff_mod__array__almnc,F90WRAP_NEW_VMEC_STUFF_MOD__ARRAY__ALMNC),  (f2py_init_func)f2py_rout__pysimple_f90wrap_new_vmec_stuff_mod__array__almnc,doc_f2py_rout__pysimple_f90wrap_new_vmec_stuff_mod__array__almnc},
      |                                                                                                                                                                        ^
/proj/plasma/CODE/ert/SIMPLE/build/python/_pysimplemodule.c:60151:165: warning: cast between incompatible function types from ‘PyObject * (*)(const PyObject *, PyObject *, PyObject *, void (*)(int *, int *, int *, int *, long_long *))’ {aka ‘struct _object * (*)(const struct _object *, struct _object *, struct _object *, void (*)(int *, int *, int *, int *, long long int *))’} to ‘void (*)(int *, npy_intp *, void (*)(char *, npy_intp *), int *)’ {aka ‘void (*)(int *, long int *, void (*)(char *, long int *), int *)’} [-Wcast-function-type]
60151 |     {"f90wrap_new_vmec_stuff_mod__array__rmnc",-1,{{-1}},0,0,(char *)  F_FUNC_US(f90wrap_new_vmec_stuff_mod__array__rmnc,F90WRAP_NEW_VMEC_STUFF_MOD__ARRAY__RMNC),  (f2py_init_func)f2py_rout__pysimple_f90wrap_new_vmec_stuff_mod__array__rmnc,doc_f2py_rout__pysimple_f90wrap_new_vmec_stuff_mod__array__rmnc},
      |                                                                                                                                                                     ^
/proj/plasma/CODE/ert/SIMPLE/build/python/_pysimplemodule.c:60152:165: warning: cast between incompatible function types from ‘PyObject * (*)(const PyObject *, PyObject *, PyObject *, void (*)(int *, int *, int *, int *, long_long *))’ {aka ‘struct _object * (*)(const struct _object *, struct _object *, struct _object *, void (*)(int *, int *, int *, int *, long long int *))’} to ‘void (*)(int *, npy_intp *, void (*)(char *, npy_intp *), int *)’ {aka ‘void (*)(int *, long int *, void (*)(char *, long int *), int *)’} [-Wcast-function-type]
60152 |     {"f90wrap_new_vmec_stuff_mod__array__zmnc",-1,{{-1}},0,0,(char *)  F_FUNC_US(f90wrap_new_vmec_stuff_mod__array__zmnc,F90WRAP_NEW_VMEC_STUFF_MOD__ARRAY__ZMNC),  (f2py_init_func)f2py_rout__pysimple_f90wrap_new_vmec_stuff_mod__array__zmnc,doc_f2py_rout__pysimple_f90wrap_new_vmec_stuff_mod__array__zmnc},
      |                                                                                                                                                                     ^
/proj/plasma/CODE/ert/SIMPLE/build/python/_pysimplemodule.c:60153:168: warning: cast between incompatible function types from ‘PyObject * (*)(const PyObject *, PyObject *, PyObject *, void (*)(int *, int *, int *, int *, long_long *))’ {aka ‘struct _object * (*)(const struct _object *, struct _object *, struct _object *, void (*)(int *, int *, int *, int *, long long int *))’} to ‘void (*)(int *, npy_intp *, void (*)(char *, npy_intp *), int *)’ {aka ‘void (*)(int *, long int *, void (*)(char *, long int *), int *)’} [-Wcast-function-type]
60153 |     {"f90wrap_new_vmec_stuff_mod__array__almns",-1,{{-1}},0,0,(char *)  F_FUNC_US(f90wrap_new_vmec_stuff_mod__array__almns,F90WRAP_NEW_VMEC_STUFF_MOD__ARRAY__ALMNS),  (f2py_init_func)f2py_rout__pysimple_f90wrap_new_vmec_stuff_mod__array__almns,doc_f2py_rout__pysimple_f90wrap_new_vmec_stuff_mod__array__almns},
      |                                                                                                                                                                        ^
/proj/plasma/CODE/ert/SIMPLE/build/python/_pysimplemodule.c:60154:165: warning: cast between incompatible function types from ‘PyObject * (*)(const PyObject *, PyObject *, PyObject *, void (*)(int *, int *, int *, int *, long_long *))’ {aka ‘struct _object * (*)(const struct _object *, struct _object *, struct _object *, void (*)(int *, int *, int *, int *, long long int *))’} to ‘void (*)(int *, npy_intp *, void (*)(char *, npy_intp *), int *)’ {aka ‘void (*)(int *, long int *, void (*)(char *, long int *), int *)’} [-Wcast-function-type]
60154 |     {"f90wrap_new_vmec_stuff_mod__array__rmns",-1,{{-1}},0,0,(char *)  F_FUNC_US(f90wrap_new_vmec_stuff_mod__array__rmns,F90WRAP_NEW_VMEC_STUFF_MOD__ARRAY__RMNS),  (f2py_init_func)f2py_rout__pysimple_f90wrap_new_vmec_stuff_mod__array__rmns,doc_f2py_rout__pysimple_f90wrap_new_vmec_stuff_mod__array__rmns},
      |                                                                                                                                                                     ^
/proj/plasma/CODE/ert/SIMPLE/build/python/_pysimplemodule.c:60155:165: warning: cast between incompatible function types from ‘PyObject * (*)(const PyObject *, PyObject *, PyObject *, void (*)(int *, int *, int *, int *, long_long *))’ {aka ‘struct _object * (*)(const struct _object *, struct _object *, struct _object *, void (*)(int *, int *, int *, int *, long long int *))’} to ‘void (*)(int *, npy_intp *, void (*)(char *, npy_intp *), int *)’ {aka ‘void (*)(int *, long int *, void (*)(char *, long int *), int *)’} [-Wcast-function-type]
60155 |     {"f90wrap_new_vmec_stuff_mod__array__zmns",-1,{{-1}},0,0,(char *)  F_FUNC_US(f90wrap_new_vmec_stuff_mod__array__zmns,F90WRAP_NEW_VMEC_STUFF_MOD__ARRAY__ZMNS),  (f2py_init_func)f2py_rout__pysimple_f90wrap_new_vmec_stuff_mod__array__zmns,doc_f2py_rout__pysimple_f90wrap_new_vmec_stuff_mod__array__zmns},
      |                                                                                                                                                                     ^
/proj/plasma/CODE/ert/SIMPLE/build/python/_pysimplemodule.c:60156:159: warning: cast between incompatible function types from ‘PyObject * (*)(const PyObject *, PyObject *, PyObject *, void (*)(int *, int *, int *, int *, long_long *))’ {aka ‘struct _object * (*)(const struct _object *, struct _object *, struct _object *, void (*)(int *, int *, int *, int *, long long int *))’} to ‘void (*)(int *, npy_intp *, void (*)(char *, npy_intp *), int *)’ {aka ‘void (*)(int *, long int *, void (*)(char *, long int *), int *)’} [-Wcast-function-type]
60156 |     {"f90wrap_new_vmec_stuff_mod__array__sr",-1,{{-1}},0,0,(char *)  F_FUNC_US(f90wrap_new_vmec_stuff_mod__array__sr,F90WRAP_NEW_VMEC_STUFF_MOD__ARRAY__SR),  (f2py_init_func)f2py_rout__pysimple_f90wrap_new_vmec_stuff_mod__array__sr,doc_f2py_rout__pysimple_f90wrap_new_vmec_stuff_mod__array__sr},
      |                                                                                                                                                               ^
/proj/plasma/CODE/ert/SIMPLE/build/python/_pysimplemodule.c:60157:159: warning: cast between incompatible function types from ‘PyObject * (*)(const PyObject *, PyObject *, PyObject *, void (*)(int *, int *, int *, int *, long_long *))’ {aka ‘struct _object * (*)(const struct _object *, struct _object *, struct _object *, void (*)(int *, int *, int *, int *, long long int *))’} to ‘void (*)(int *, npy_intp *, void (*)(char *, npy_intp *), int *)’ {aka ‘void (*)(int *, long int *, void (*)(char *, long int *), int *)’} [-Wcast-function-type]
60157 |     {"f90wrap_new_vmec_stuff_mod__array__sz",-1,{{-1}},0,0,(char *)  F_FUNC_US(f90wrap_new_vmec_stuff_mod__array__sz,F90WRAP_NEW_VMEC_STUFF_MOD__ARRAY__SZ),  (f2py_init_func)f2py_rout__pysimple_f90wrap_new_vmec_stuff_mod__array__sz,doc_f2py_rout__pysimple_f90wrap_new_vmec_stuff_mod__array__sz},
      |                                                                                                                                                               ^
/proj/plasma/CODE/ert/SIMPLE/build/python/_pysimplemodule.c:60158:165: warning: cast between incompatible function types from ‘PyObject * (*)(const PyObject *, PyObject *, PyObject *, void (*)(int *, int *, int *, int *, long_long *))’ {aka ‘struct _object * (*)(const struct _object *, struct _object *, struct _object *, void (*)(int *, int *, int *, int *, long long int *))’} to ‘void (*)(int *, npy_intp *, void (*)(char *, npy_intp *), int *)’ {aka ‘void (*)(int *, long int *, void (*)(char *, long int *), int *)’} [-Wcast-function-type]
60158 |     {"f90wrap_new_vmec_stuff_mod__array__slam",-1,{{-1}},0,0,(char *)  F_FUNC_US(f90wrap_new_vmec_stuff_mod__array__slam,F90WRAP_NEW_VMEC_STUFF_MOD__ARRAY__SLAM),  (f2py_init_func)f2py_rout__pysimple_f90wrap_new_vmec_stuff_mod__array__slam,doc_f2py_rout__pysimple_f90wrap_new_vmec_stuff_mod__array__slam},
      |                                                                                                                                                                     ^
/proj/plasma/CODE/ert/SIMPLE/build/python/_pysimplemodule.c:60159:195: warning: cast between incompatible function types from ‘PyObject * (*)(const PyObject *, PyObject *, PyObject *, void (*)(int *))’ {aka ‘struct _object * (*)(const struct _object *, struct _object *, struct _object *, void (*)(int *))’} to ‘void (*)(int *, npy_intp *, void (*)(char *, npy_intp *), int *)’ {aka ‘void (*)(int *, long int *, void (*)(char *, long int *), int *)’} [-Wcast-function-type]
60159 |     {"f90wrap_new_vmec_stuff_mod__get__old_axis_healing",-1,{{-1}},0,0,(char *)  F_FUNC_US(f90wrap_new_vmec_stuff_mod__get__old_axis_healing,F90WRAP_NEW_VMEC_STUFF_MOD__GET__OLD_AXIS_HEALING),  (f2py_init_func)f2py_rout__pysimple_f90wrap_new_vmec_stuff_mod__get__old_axis_healing,doc_f2py_rout__pysimple_f90wrap_new_vmec_stuff_mod__get__old_axis_healing},
      |                                                                                                                                                                                                   ^
/proj/plasma/CODE/ert/SIMPLE/build/python/_pysimplemodule.c:60160:195: warning: cast between incompatible function types from ‘PyObject * (*)(const PyObject *, PyObject *, PyObject *, void (*)(int *))’ {aka ‘struct _object * (*)(const struct _object *, struct _object *, struct _object *, void (*)(int *))’} to ‘void (*)(int *, npy_intp *, void (*)(char *, npy_intp *), int *)’ {aka ‘void (*)(int *, long int *, void (*)(char *, long int *), int *)’} [-Wcast-function-type]
60160 |     {"f90wrap_new_vmec_stuff_mod__set__old_axis_healing",-1,{{-1}},0,0,(char *)  F_FUNC_US(f90wrap_new_vmec_stuff_mod__set__old_axis_healing,F90WRAP_NEW_VMEC_STUFF_MOD__SET__OLD_AXIS_HEALING),  (f2py_init_func)f2py_rout__pysimple_f90wrap_new_vmec_stuff_mod__set__old_axis_healing,doc_f2py_rout__pysimple_f90wrap_new_vmec_stuff_mod__set__old_axis_healing},
      |                                                                                                                                                                                                   ^
/proj/plasma/CODE/ert/SIMPLE/build/python/_pysimplemodule.c:60161:222: warning: cast between incompatible function types from ‘PyObject * (*)(const PyObject *, PyObject *, PyObject *, void (*)(int *))’ {aka ‘struct _object * (*)(const struct _object *, struct _object *, struct _object *, void (*)(int *))’} to ‘void (*)(int *, npy_intp *, void (*)(char *, npy_intp *), int *)’ {aka ‘void (*)(int *, long int *, void (*)(char *, long int *), int *)’} [-Wcast-function-type]
60161 |     {"f90wrap_new_vmec_stuff_mod__get__old_axis_healing_boundary",-1,{{-1}},0,0,(char *)  F_FUNC_US(f90wrap_new_vmec_stuff_mod__get__old_axis_healing_boundary,F90WRAP_NEW_VMEC_STUFF_MOD__GET__OLD_AXIS_HEALING_BOUNDARY),  (f2py_init_func)f2py_rout__pysimple_f90wrap_new_vmec_stuff_mod__get__old_axis_healing_boundary,doc_f2py_rout__pysimple_f90wrap_new_vmec_stuff_mod__get__old_axis_healing_boundary},
      |                                                                                                                                                                                                                              ^
/proj/plasma/CODE/ert/SIMPLE/build/python/_pysimplemodule.c:60162:222: warning: cast between incompatible function types from ‘PyObject * (*)(const PyObject *, PyObject *, PyObject *, void (*)(int *))’ {aka ‘struct _object * (*)(const struct _object *, struct _object *, struct _object *, void (*)(int *))’} to ‘void (*)(int *, npy_intp *, void (*)(char *, npy_intp *), int *)’ {aka ‘void (*)(int *, long int *, void (*)(char *, long int *), int *)’} [-Wcast-function-type]
60162 |     {"f90wrap_new_vmec_stuff_mod__set__old_axis_healing_boundary",-1,{{-1}},0,0,(char *)  F_FUNC_US(f90wrap_new_vmec_stuff_mod__set__old_axis_healing_boundary,F90WRAP_NEW_VMEC_STUFF_MOD__SET__OLD_AXIS_HEALING_BOUNDARY),  (f2py_init_func)f2py_rout__pysimple_f90wrap_new_vmec_stuff_mod__set__old_axis_healing_boundary,doc_f2py_rout__pysimple_f90wrap_new_vmec_stuff_mod__set__old_axis_healing_boundary},
      |                                                                                                                                                                                                                              ^
/proj/plasma/CODE/ert/SIMPLE/build/python/_pysimplemodule.c:60163:159: warning: cast between incompatible function types from ‘PyObject * (*)(const PyObject *, PyObject *, PyObject *, void (*)(int *))’ {aka ‘struct _object * (*)(const struct _object *, struct _object *, struct _object *, void (*)(int *))’} to ‘void (*)(int *, npy_intp *, void (*)(char *, npy_intp *), int *)’ {aka ‘void (*)(int *, long int *, void (*)(char *, long int *), int *)’} [-Wcast-function-type]
60163 |     {"f90wrap_vector_potentail_mod__get__ns",-1,{{-1}},0,0,(char *)  F_FUNC_US(f90wrap_vector_potentail_mod__get__ns,F90WRAP_VECTOR_POTENTAIL_MOD__GET__NS),  (f2py_init_func)f2py_rout__pysimple_f90wrap_vector_potentail_mod__get__ns,doc_f2py_rout__pysimple_f90wrap_vector_potentail_mod__get__ns},
      |                                                                                                                                                               ^
/proj/plasma/CODE/ert/SIMPLE/build/python/_pysimplemodule.c:60164:159: warning: cast between incompatible function types from ‘PyObject * (*)(const PyObject *, PyObject *, PyObject *, void (*)(int *))’ {aka ‘struct _object * (*)(const struct _object *, struct _object *, struct _object *, void (*)(int *))’} to ‘void (*)(int *, npy_intp *, void (*)(char *, npy_intp *), int *)’ {aka ‘void (*)(int *, long int *, void (*)(char *, long int *), int *)’} [-Wcast-function-type]
60164 |     {"f90wrap_vector_potentail_mod__set__ns",-1,{{-1}},0,0,(char *)  F_FUNC_US(f90wrap_vector_potentail_mod__set__ns,F90WRAP_VECTOR_POTENTAIL_MOD__SET__NS),  (f2py_init_func)f2py_rout__pysimple_f90wrap_vector_potentail_mod__set__ns,doc_f2py_rout__pysimple_f90wrap_vector_potentail_mod__set__ns},
      |                                                                                                                                                               ^
/proj/plasma/CODE/ert/SIMPLE/build/python/_pysimplemodule.c:60165:159: warning: cast between incompatible function types from ‘PyObject * (*)(const PyObject *, PyObject *, PyObject *, void (*)(double *))’ {aka ‘struct _object * (*)(const struct _object *, struct _object *, struct _object *, void (*)(double *))’} to ‘void (*)(int *, npy_intp *, void (*)(char *, npy_intp *), int *)’ {aka ‘void (*)(int *, long int *, void (*)(char *, long int *), int *)’} [-Wcast-function-type]
60165 |     {"f90wrap_vector_potentail_mod__get__hs",-1,{{-1}},0,0,(char *)  F_FUNC_US(f90wrap_vector_potentail_mod__get__hs,F90WRAP_VECTOR_POTENTAIL_MOD__GET__HS),  (f2py_init_func)f2py_rout__pysimple_f90wrap_vector_potentail_mod__get__hs,doc_f2py_rout__pysimple_f90wrap_vector_potentail_mod__get__hs},
      |                                                                                                                                                               ^
/proj/plasma/CODE/ert/SIMPLE/build/python/_pysimplemodule.c:60166:159: warning: cast between incompatible function types from ‘PyObject * (*)(const PyObject *, PyObject *, PyObject *, void (*)(double *))’ {aka ‘struct _object * (*)(const struct _object *, struct _object *, struct _object *, void (*)(double *))’} to ‘void (*)(int *, npy_intp *, void (*)(char *, npy_intp *), int *)’ {aka ‘void (*)(int *, long int *, void (*)(char *, long int *), int *)’} [-Wcast-function-type]
60166 |     {"f90wrap_vector_potentail_mod__set__hs",-1,{{-1}},0,0,(char *)  F_FUNC_US(f90wrap_vector_potentail_mod__set__hs,F90WRAP_VECTOR_POTENTAIL_MOD__SET__HS),  (f2py_init_func)f2py_rout__pysimple_f90wrap_vector_potentail_mod__set__hs,doc_f2py_rout__pysimple_f90wrap_vector_potentail_mod__set__hs},
      |                                                                                                                                                               ^
/proj/plasma/CODE/ert/SIMPLE/build/python/_pysimplemodule.c:60167:174: warning: cast between incompatible function types from ‘PyObject * (*)(const PyObject *, PyObject *, PyObject *, void (*)(double *))’ {aka ‘struct _object * (*)(const struct _object *, struct _object *, struct _object *, void (*)(double *))’} to ‘void (*)(int *, npy_intp *, void (*)(char *, npy_intp *), int *)’ {aka ‘void (*)(int *, long int *, void (*)(char *, long int *), int *)’} [-Wcast-function-type]
60167 |     {"f90wrap_vector_potentail_mod__get__torflux",-1,{{-1}},0,0,(char *)  F_FUNC_US(f90wrap_vector_potentail_mod__get__torflux,F90WRAP_VECTOR_POTENTAIL_MOD__GET__TORFLUX),  (f2py_init_func)f2py_rout__pysimple_f90wrap_vector_potentail_mod__get__torflux,doc_f2py_rout__pysimple_f90wrap_vector_potentail_mod__get__torflux},
      |                                                                                                                                                                              ^
/proj/plasma/CODE/ert/SIMPLE/build/python/_pysimplemodule.c:60168:174: warning: cast between incompatible function types from ‘PyObject * (*)(const PyObject *, PyObject *, PyObject *, void (*)(double *))’ {aka ‘struct _object * (*)(const struct _object *, struct _object *, struct _object *, void (*)(double *))’} to ‘void (*)(int *, npy_intp *, void (*)(char *, npy_intp *), int *)’ {aka ‘void (*)(int *, long int *, void (*)(char *, long int *), int *)’} [-Wcast-function-type]
60168 |     {"f90wrap_vector_potentail_mod__set__torflux",-1,{{-1}},0,0,(char *)  F_FUNC_US(f90wrap_vector_potentail_mod__set__torflux,F90WRAP_VECTOR_POTENTAIL_MOD__SET__TORFLUX),  (f2py_init_func)f2py_rout__pysimple_f90wrap_vector_potentail_mod__set__torflux,doc_f2py_rout__pysimple_f90wrap_vector_potentail_mod__set__torflux},
      |                                                                                                                                                                              ^
/proj/plasma/CODE/ert/SIMPLE/build/python/_pysimplemodule.c:60169:177: warning: cast between incompatible function types from ‘PyObject * (*)(const PyObject *, PyObject *, PyObject *, void (*)(int *, int *, int *, int *, long_long *))’ {aka ‘struct _object * (*)(const struct _object *, struct _object *, struct _object *, void (*)(int *, int *, int *, int *, long long int *))’} to ‘void (*)(int *, npy_intp *, void (*)(char *, npy_intp *), int *)’ {aka ‘void (*)(int *, long int *, void (*)(char *, long int *), int *)’} [-Wcast-function-type]
60169 |     {"f90wrap_vector_potentail_mod__array__sa_phi",-1,{{-1}},0,0,(char *)  F_FUNC_US(f90wrap_vector_potentail_mod__array__sa_phi,F90WRAP_VECTOR_POTENTAIL_MOD__ARRAY__SA_PHI),  (f2py_init_func)f2py_rout__pysimple_f90wrap_vector_potentail_mod__array__sa_phi,doc_f2py_rout__pysimple_f90wrap_vector_potentail_mod__array__sa_phi},
      |                                                                                                                                                                                 ^
/proj/plasma/CODE/ert/SIMPLE/build/python/_pysimplemodule.c:60170:186: warning: cast between incompatible function types from ‘PyObject * (*)(const PyObject *, PyObject *, PyObject *, void (*)(int *))’ {aka ‘struct _object * (*)(const struct _object *, struct _object *, struct _object *, void (*)(int *))’} to ‘void (*)(int *, npy_intp *, void (*)(char *, npy_intp *), int *)’ {aka ‘void (*)(int *, long int *, void (*)(char *, long int *), int *)’} [-Wcast-function-type]
60170 |     {"f90wrap_canonical_coordinates_mod__get__ns_max",-1,{{-1}},0,0,(char *)  F_FUNC_US(f90wrap_canonical_coordinates_mod__get__ns_max,F90WRAP_CANONICAL_COORDINATES_MOD__GET__NS_MAX),  (f2py_init_func)f2py_rout__pysimple_f90wrap_canonical_coordinates_mod__get__ns_max,doc_f2py_rout__pysimple_f90wrap_canonical_coordinates_mod__get__ns_max},
      |                                                                                                                                                                                          ^
/proj/plasma/CODE/ert/SIMPLE/build/python/_pysimplemodule.c:60171:183: warning: cast between incompatible function types from ‘PyObject * (*)(const PyObject *, PyObject *, PyObject *, void (*)(int *))’ {aka ‘struct _object * (*)(const struct _object *, struct _object *, struct _object *, void (*)(int *))’} to ‘void (*)(int *, npy_intp *, void (*)(char *, npy_intp *), int *)’ {aka ‘void (*)(int *, long int *, void (*)(char *, long int *), int *)’} [-Wcast-function-type]
60171 |     {"f90wrap_canonical_coordinates_mod__get__n_qua",-1,{{-1}},0,0,(char *)  F_FUNC_US(f90wrap_canonical_coordinates_mod__get__n_qua,F90WRAP_CANONICAL_COORDINATES_MOD__GET__N_QUA),  (f2py_init_func)f2py_rout__pysimple_f90wrap_canonical_coordinates_mod__get__n_qua,doc_f2py_rout__pysimple_f90wrap_canonical_coordinates_mod__get__n_qua},
      |                                                                                                                                                                                       ^
/proj/plasma/CODE/ert/SIMPLE/build/python/_pysimplemodule.c:60172:186: warning: cast between incompatible function types from ‘PyObject * (*)(const PyObject *, PyObject *, PyObject *, void (*)(int *))’ {aka ‘struct _object * (*)(const struct _object *, struct _object *, struct _object *, void (*)(int *))’} to ‘void (*)(int *, npy_intp *, void (*)(char *, npy_intp *), int *)’ {aka ‘void (*)(int *, long int *, void (*)(char *, long int *), int *)’} [-Wcast-function-type]
60172 |     {"f90wrap_canonical_coordinates_mod__get__ns_s_c",-1,{{-1}},0,0,(char *)  F_FUNC_US(f90wrap_canonical_coordinates_mod__get__ns_s_c,F90WRAP_CANONICAL_COORDINATES_MOD__GET__NS_S_C),  (f2py_init_func)f2py_rout__pysimple_f90wrap_canonical_coordinates_mod__get__ns_s_c,doc_f2py_rout__pysimple_f90wrap_canonical_coordinates_mod__get__ns_s_c},
      |                                                                                                                                                                                          ^
/proj/plasma/CODE/ert/SIMPLE/build/python/_pysimplemodule.c:60173:186: warning: cast between incompatible function types from ‘PyObject * (*)(const PyObject *, PyObject *, PyObject *, void (*)(int *))’ {aka ‘struct _object * (*)(const struct _object *, struct _object *, struct _object *, void (*)(int *))’} to ‘void (*)(int *, npy_intp *, void (*)(char *, npy_intp *), int *)’ {aka ‘void (*)(int *, long int *, void (*)(char *, long int *), int *)’} [-Wcast-function-type]
60173 |     {"f90wrap_canonical_coordinates_mod__set__ns_s_c",-1,{{-1}},0,0,(char *)  F_FUNC_US(f90wrap_canonical_coordinates_mod__set__ns_s_c,F90WRAP_CANONICAL_COORDINATES_MOD__SET__NS_S_C),  (f2py_init_func)f2py_rout__pysimple_f90wrap_canonical_coordinates_mod__set__ns_s_c,doc_f2py_rout__pysimple_f90wrap_canonical_coordinates_mod__set__ns_s_c},
      |                                                                                                                                                                                          ^
/proj/plasma/CODE/ert/SIMPLE/build/python/_pysimplemodule.c:60174:189: warning: cast between incompatible function types from ‘PyObject * (*)(const PyObject *, PyObject *, PyObject *, void (*)(int *))’ {aka ‘struct _object * (*)(const struct _object *, struct _object *, struct _object *, void (*)(int *))’} to ‘void (*)(int *, npy_intp *, void (*)(char *, npy_intp *), int *)’ {aka ‘void (*)(int *, long int *, void (*)(char *, long int *), int *)’} [-Wcast-function-type]
60174 |     {"f90wrap_canonical_coordinates_mod__get__ns_tp_c",-1,{{-1}},0,0,(char *)  F_FUNC_US(f90wrap_canonical_coordinates_mod__get__ns_tp_c,F90WRAP_CANONICAL_COORDINATES_MOD__GET__NS_TP_C),  (f2py_init_func)f2py_rout__pysimple_f90wrap_canonical_coordinates_mod__get__ns_tp_c,doc_f2py_rout__pysimple_f90wrap_canonical_coordinates_mod__get__ns_tp_c},
      |                                                                                                                                                                                             ^
/proj/plasma/CODE/ert/SIMPLE/build/python/_pysimplemodule.c:60175:189: warning: cast between incompatible function types from ‘PyObject * (*)(const PyObject *, PyObject *, PyObject *, void (*)(int *))’ {aka ‘struct _object * (*)(const struct _object *, struct _object *, struct _object *, void (*)(int *))’} to ‘void (*)(int *, npy_intp *, void (*)(char *, npy_intp *), int *)’ {aka ‘void (*)(int *, long int *, void (*)(char *, long int *), int *)’} [-Wcast-function-type]
60175 |     {"f90wrap_canonical_coordinates_mod__set__ns_tp_c",-1,{{-1}},0,0,(char *)  F_FUNC_US(f90wrap_canonical_coordinates_mod__set__ns_tp_c,F90WRAP_CANONICAL_COORDINATES_MOD__SET__NS_TP_C),  (f2py_init_func)f2py_rout__pysimple_f90wrap_canonical_coordinates_mod__set__ns_tp_c,doc_f2py_rout__pysimple_f90wrap_canonical_coordinates_mod__set__ns_tp_c},
      |                                                                                                                                                                                             ^
/proj/plasma/CODE/ert/SIMPLE/build/python/_pysimplemodule.c:60176:180: warning: cast between incompatible function types from ‘PyObject * (*)(const PyObject *, PyObject *, PyObject *, void (*)(int *))’ {aka ‘struct _object * (*)(const struct _object *, struct _object *, struct _object *, void (*)(int *))’} to ‘void (*)(int *, npy_intp *, void (*)(char *, npy_intp *), int *)’ {aka ‘void (*)(int *, long int *, void (*)(char *, long int *), int *)’} [-Wcast-function-type]
60176 |     {"f90wrap_canonical_coordinates_mod__get__ns_c",-1,{{-1}},0,0,(char *)  F_FUNC_US(f90wrap_canonical_coordinates_mod__get__ns_c,F90WRAP_CANONICAL_COORDINATES_MOD__GET__NS_C),  (f2py_init_func)f2py_rout__pysimple_f90wrap_canonical_coordinates_mod__get__ns_c,doc_f2py_rout__pysimple_f90wrap_canonical_coordinates_mod__get__ns_c},
      |                                                                                                                                                                                    ^
/proj/plasma/CODE/ert/SIMPLE/build/python/_pysimplemodule.c:60177:180: warning: cast between incompatible function types from ‘PyObject * (*)(const PyObject *, PyObject *, PyObject *, void (*)(int *))’ {aka ‘struct _object * (*)(const struct _object *, struct _object *, struct _object *, void (*)(int *))’} to ‘void (*)(int *, npy_intp *, void (*)(char *, npy_intp *), int *)’ {aka ‘void (*)(int *, long int *, void (*)(char *, long int *), int *)’} [-Wcast-function-type]
60177 |     {"f90wrap_canonical_coordinates_mod__set__ns_c",-1,{{-1}},0,0,(char *)  F_FUNC_US(f90wrap_canonical_coordinates_mod__set__ns_c,F90WRAP_CANONICAL_COORDINATES_MOD__SET__NS_C),  (f2py_init_func)f2py_rout__pysimple_f90wrap_canonical_coordinates_mod__set__ns_c,doc_f2py_rout__pysimple_f90wrap_canonical_coordinates_mod__set__ns_c},
      |                                                                                                                                                                                    ^
/proj/plasma/CODE/ert/SIMPLE/build/python/_pysimplemodule.c:60178:195: warning: cast between incompatible function types from ‘PyObject * (*)(const PyObject *, PyObject *, PyObject *, void (*)(int *))’ {aka ‘struct _object * (*)(const struct _object *, struct _object *, struct _object *, void (*)(int *))’} to ‘void (*)(int *, npy_intp *, void (*)(char *, npy_intp *), int *)’ {aka ‘void (*)(int *, long int *, void (*)(char *, long int *), int *)’} [-Wcast-function-type]
60178 |     {"f90wrap_canonical_coordinates_mod__get__n_theta_c",-1,{{-1}},0,0,(char *)  F_FUNC_US(f90wrap_canonical_coordinates_mod__get__n_theta_c,F90WRAP_CANONICAL_COORDINATES_MOD__GET__N_THETA_C),  (f2py_init_func)f2py_rout__pysimple_f90wrap_canonical_coordinates_mod__get__n_theta_c,doc_f2py_rout__pysimple_f90wrap_canonical_coordinates_mod__get__n_theta_c},
      |                                                                                                                                                                                                   ^
/proj/plasma/CODE/ert/SIMPLE/build/python/_pysimplemodule.c:60179:195: warning: cast between incompatible function types from ‘PyObject * (*)(const PyObject *, PyObject *, PyObject *, void (*)(int *))’ {aka ‘struct _object * (*)(const struct _object *, struct _object *, struct _object *, void (*)(int *))’} to ‘void (*)(int *, npy_intp *, void (*)(char *, npy_intp *), int *)’ {aka ‘void (*)(int *, long int *, void (*)(char *, long int *), int *)’} [-Wcast-function-type]
60179 |     {"f90wrap_canonical_coordinates_mod__set__n_theta_c",-1,{{-1}},0,0,(char *)  F_FUNC_US(f90wrap_canonical_coordinates_mod__set__n_theta_c,F90WRAP_CANONICAL_COORDINATES_MOD__SET__N_THETA_C),  (f2py_init_func)f2py_rout__pysimple_f90wrap_canonical_coordinates_mod__set__n_theta_c,doc_f2py_rout__pysimple_f90wrap_canonical_coordinates_mod__set__n_theta_c},
      |                                                                                                                                                                                                   ^
/proj/plasma/CODE/ert/SIMPLE/build/python/_pysimplemodule.c:60180:189: warning: cast between incompatible function types from ‘PyObject * (*)(const PyObject *, PyObject *, PyObject *, void (*)(int *))’ {aka ‘struct _object * (*)(const struct _object *, struct _object *, struct _object *, void (*)(int *))’} to ‘void (*)(int *, npy_intp *, void (*)(char *, npy_intp *), int *)’ {aka ‘void (*)(int *, long int *, void (*)(char *, long int *), int *)’} [-Wcast-function-type]
60180 |     {"f90wrap_canonical_coordinates_mod__get__n_phi_c",-1,{{-1}},0,0,(char *)  F_FUNC_US(f90wrap_canonical_coordinates_mod__get__n_phi_c,F90WRAP_CANONICAL_COORDINATES_MOD__GET__N_PHI_C),  (f2py_init_func)f2py_rout__pysimple_f90wrap_canonical_coordinates_mod__get__n_phi_c,doc_f2py_rout__pysimple_f90wrap_canonical_coordinates_mod__get__n_phi_c},
      |                                                                                                                                                                                             ^
/proj/plasma/CODE/ert/SIMPLE/build/python/_pysimplemodule.c:60181:189: warning: cast between incompatible function types from ‘PyObject * (*)(const PyObject *, PyObject *, PyObject *, void (*)(int *))’ {aka ‘struct _object * (*)(const struct _object *, struct _object *, struct _object *, void (*)(int *))’} to ‘void (*)(int *, npy_intp *, void (*)(char *, npy_intp *), int *)’ {aka ‘void (*)(int *, long int *, void (*)(char *, long int *), int *)’} [-Wcast-function-type]
60181 |     {"f90wrap_canonical_coordinates_mod__set__n_phi_c",-1,{{-1}},0,0,(char *)  F_FUNC_US(f90wrap_canonical_coordinates_mod__set__n_phi_c,F90WRAP_CANONICAL_COORDINATES_MOD__SET__N_PHI_C),  (f2py_init_func)f2py_rout__pysimple_f90wrap_canonical_coordinates_mod__set__n_phi_c,doc_f2py_rout__pysimple_f90wrap_canonical_coordinates_mod__set__n_phi_c},
      |                                                                                                                                                                                             ^
/proj/plasma/CODE/ert/SIMPLE/build/python/_pysimplemodule.c:60182:198: warning: cast between incompatible function types from ‘PyObject * (*)(const PyObject *, PyObject *, PyObject *, void (*)(int *))’ {aka ‘struct _object * (*)(const struct _object *, struct _object *, struct _object *, void (*)(int *))’} to ‘void (*)(int *, npy_intp *, void (*)(char *, npy_intp *), int *)’ {aka ‘void (*)(int *, long int *, void (*)(char *, long int *), int *)’} [-Wcast-function-type]
60182 |     {"f90wrap_canonical_coordinates_mod__get__nh_stencil",-1,{{-1}},0,0,(char *)  F_FUNC_US(f90wrap_canonical_coordinates_mod__get__nh_stencil,F90WRAP_CANONICAL_COORDINATES_MOD__GET__NH_STENCIL),  (f2py_init_func)f2py_rout__pysimple_f90wrap_canonical_coordinates_mod__get__nh_stencil,doc_f2py_rout__pysimple_f90wrap_canonical_coordinates_mod__get__nh_stencil},
      |                                                                                                                                                                                                      ^
/proj/plasma/CODE/ert/SIMPLE/build/python/_pysimplemodule.c:60183:180: warning: cast between incompatible function types from ‘PyObject * (*)(const PyObject *, PyObject *, PyObject *, void (*)(double *))’ {aka ‘struct _object * (*)(const struct _object *, struct _object *, struct _object *, void (*)(double *))’} to ‘void (*)(int *, npy_intp *, void (*)(char *, npy_intp *), int *)’ {aka ‘void (*)(int *, long int *, void (*)(char *, long int *), int *)’} [-Wcast-function-type]
60183 |     {"f90wrap_canonical_coordinates_mod__get__hs_c",-1,{{-1}},0,0,(char *)  F_FUNC_US(f90wrap_canonical_coordinates_mod__get__hs_c,F90WRAP_CANONICAL_COORDINATES_MOD__GET__HS_C),  (f2py_init_func)f2py_rout__pysimple_f90wrap_canonical_coordinates_mod__get__hs_c,doc_f2py_rout__pysimple_f90wrap_canonical_coordinates_mod__get__hs_c},
      |                                                                                                                                                                                    ^
/proj/plasma/CODE/ert/SIMPLE/build/python/_pysimplemodule.c:60184:180: warning: cast between incompatible function types from ‘PyObject * (*)(const PyObject *, PyObject *, PyObject *, void (*)(double *))’ {aka ‘struct _object * (*)(const struct _object *, struct _object *, struct _object *, void (*)(double *))’} to ‘void (*)(int *, npy_intp *, void (*)(char *, npy_intp *), int *)’ {aka ‘void (*)(int *, long int *, void (*)(char *, long int *), int *)’} [-Wcast-function-type]
60184 |     {"f90wrap_canonical_coordinates_mod__set__hs_c",-1,{{-1}},0,0,(char *)  F_FUNC_US(f90wrap_canonical_coordinates_mod__set__hs_c,F90WRAP_CANONICAL_COORDINATES_MOD__SET__HS_C),  (f2py_init_func)f2py_rout__pysimple_f90wrap_canonical_coordinates_mod__set__hs_c,doc_f2py_rout__pysimple_f90wrap_canonical_coordinates_mod__set__hs_c},
      |                                                                                                                                                                                    ^
/proj/plasma/CODE/ert/SIMPLE/build/python/_pysimplemodule.c:60185:195: warning: cast between incompatible function types from ‘PyObject * (*)(const PyObject *, PyObject *, PyObject *, void (*)(double *))’ {aka ‘struct _object * (*)(const struct _object *, struct _object *, struct _object *, void (*)(double *))’} to ‘void (*)(int *, npy_intp *, void (*)(char *, npy_intp *), int *)’ {aka ‘void (*)(int *, long int *, void (*)(char *, long int *), int *)’} [-Wcast-function-type]
60185 |     {"f90wrap_canonical_coordinates_mod__get__h_theta_c",-1,{{-1}},0,0,(char *)  F_FUNC_US(f90wrap_canonical_coordinates_mod__get__h_theta_c,F90WRAP_CANONICAL_COORDINATES_MOD__GET__H_THETA_C),  (f2py_init_func)f2py_rout__pysimple_f90wrap_canonical_coordinates_mod__get__h_theta_c,doc_f2py_rout__pysimple_f90wrap_canonical_coordinates_mod__get__h_theta_c},
      |                                                                                                                                                                                                   ^
/proj/plasma/CODE/ert/SIMPLE/build/python/_pysimplemodule.c:60186:195: warning: cast between incompatible function types from ‘PyObject * (*)(const PyObject *, PyObject *, PyObject *, void (*)(double *))’ {aka ‘struct _object * (*)(const struct _object *, struct _object *, struct _object *, void (*)(double *))’} to ‘void (*)(int *, npy_intp *, void (*)(char *, npy_intp *), int *)’ {aka ‘void (*)(int *, long int *, void (*)(char *, long int *), int *)’} [-Wcast-function-type]
60186 |     {"f90wrap_canonical_coordinates_mod__set__h_theta_c",-1,{{-1}},0,0,(char *)  F_FUNC_US(f90wrap_canonical_coordinates_mod__set__h_theta_c,F90WRAP_CANONICAL_COORDINATES_MOD__SET__H_THETA_C),  (f2py_init_func)f2py_rout__pysimple_f90wrap_canonical_coordinates_mod__set__h_theta_c,doc_f2py_rout__pysimple_f90wrap_canonical_coordinates_mod__set__h_theta_c},
      |                                                                                                                                                                                                   ^
/proj/plasma/CODE/ert/SIMPLE/build/python/_pysimplemodule.c:60187:189: warning: cast between incompatible function types from ‘PyObject * (*)(const PyObject *, PyObject *, PyObject *, void (*)(double *))’ {aka ‘struct _object * (*)(const struct _object *, struct _object *, struct _object *, void (*)(double *))’} to ‘void (*)(int *, npy_intp *, void (*)(char *, npy_intp *), int *)’ {aka ‘void (*)(int *, long int *, void (*)(char *, long int *), int *)’} [-Wcast-function-type]
60187 |     {"f90wrap_canonical_coordinates_mod__get__h_phi_c",-1,{{-1}},0,0,(char *)  F_FUNC_US(f90wrap_canonical_coordinates_mod__get__h_phi_c,F90WRAP_CANONICAL_COORDINATES_MOD__GET__H_PHI_C),  (f2py_init_func)f2py_rout__pysimple_f90wrap_canonical_coordinates_mod__get__h_phi_c,doc_f2py_rout__pysimple_f90wrap_canonical_coordinates_mod__get__h_phi_c},
      |                                                                                                                                                                                             ^
/proj/plasma/CODE/ert/SIMPLE/build/python/_pysimplemodule.c:60188:189: warning: cast between incompatible function types from ‘PyObject * (*)(const PyObject *, PyObject *, PyObject *, void (*)(double *))’ {aka ‘struct _object * (*)(const struct _object *, struct _object *, struct _object *, void (*)(double *))’} to ‘void (*)(int *, npy_intp *, void (*)(char *, npy_intp *), int *)’ {aka ‘void (*)(int *, long int *, void (*)(char *, long int *), int *)’} [-Wcast-function-type]
60188 |     {"f90wrap_canonical_coordinates_mod__set__h_phi_c",-1,{{-1}},0,0,(char *)  F_FUNC_US(f90wrap_canonical_coordinates_mod__set__h_phi_c,F90WRAP_CANONICAL_COORDINATES_MOD__SET__H_PHI_C),  (f2py_init_func)f2py_rout__pysimple_f90wrap_canonical_coordinates_mod__set__h_phi_c,doc_f2py_rout__pysimple_f90wrap_canonical_coordinates_mod__set__h_phi_c},
      |                                                                                                                                                                                             ^
/proj/plasma/CODE/ert/SIMPLE/build/python/_pysimplemodule.c:60189:183: warning: cast between incompatible function types from ‘PyObject * (*)(const PyObject *, PyObject *, PyObject *, void (*)(int *, int *, int *, int *, long_long *))’ {aka ‘struct _object * (*)(const struct _object *, struct _object *, struct _object *, void (*)(int *, int *, int *, int *, long long int *))’} to ‘void (*)(int *, npy_intp *, void (*)(char *, npy_intp *), int *)’ {aka ‘void (*)(int *, long int *, void (*)(char *, long int *), int *)’} [-Wcast-function-type]
60189 |     {"f90wrap_canonical_coordinates_mod__array__g_c",-1,{{-1}},0,0,(char *)  F_FUNC_US(f90wrap_canonical_coordinates_mod__array__g_c,F90WRAP_CANONICAL_COORDINATES_MOD__ARRAY__G_C),  (f2py_init_func)f2py_rout__pysimple_f90wrap_canonical_coordinates_mod__array__g_c,doc_f2py_rout__pysimple_f90wrap_canonical_coordinates_mod__array__g_c},
      |                                                                                                                                                                                       ^
/proj/plasma/CODE/ert/SIMPLE/build/python/_pysimplemodule.c:60190:189: warning: cast between incompatible function types from ‘PyObject * (*)(const PyObject *, PyObject *, PyObject *, void (*)(int *, int *, int *, int *, long_long *))’ {aka ‘struct _object * (*)(const struct _object *, struct _object *, struct _object *, void (*)(int *, int *, int *, int *, long long int *))’} to ‘void (*)(int *, npy_intp *, void (*)(char *, npy_intp *), int *)’ {aka ‘void (*)(int *, long int *, void (*)(char *, long int *), int *)’} [-Wcast-function-type]
60190 |     {"f90wrap_canonical_coordinates_mod__array__sqg_c",-1,{{-1}},0,0,(char *)  F_FUNC_US(f90wrap_canonical_coordinates_mod__array__sqg_c,F90WRAP_CANONICAL_COORDINATES_MOD__ARRAY__SQG_C),  (f2py_init_func)f2py_rout__pysimple_f90wrap_canonical_coordinates_mod__array__sqg_c,doc_f2py_rout__pysimple_f90wrap_canonical_coordinates_mod__array__sqg_c},
      |                                                                                                                                                                                             ^
/proj/plasma/CODE/ert/SIMPLE/build/python/_pysimplemodule.c:60191:210: warning: cast between incompatible function types from ‘PyObject * (*)(const PyObject *, PyObject *, PyObject *, void (*)(int *, int *, int *, int *, long_long *))’ {aka ‘struct _object * (*)(const struct _object *, struct _object *, struct _object *, void (*)(int *, int *, int *, int *, long long int *))’} to ‘void (*)(int *, npy_intp *, void (*)(char *, npy_intp *), int *)’ {aka ‘void (*)(int *, long int *, void (*)(char *, long int *), int *)’} [-Wcast-function-type]
60191 |     {"f90wrap_canonical_coordinates_mod__array__b_vartheta_c",-1,{{-1}},0,0,(char *)  F_FUNC_US(f90wrap_canonical_coordinates_mod__array__b_vartheta_c,F90WRAP_CANONICAL_COORDINATES_MOD__ARRAY__B_VARTHETA_C),  (f2py_init_func)f2py_rout__pysimple_f90wrap_canonical_coordinates_mod__array__b_vartheta_c,doc_f2py_rout__pysimple_f90wrap_canonical_coordinates_mod__array__b_vartheta_c},
      |                                                                                                                                                                                                                  ^
/proj/plasma/CODE/ert/SIMPLE/build/python/_pysimplemodule.c:60192:204: warning: cast between incompatible function types from ‘PyObject * (*)(const PyObject *, PyObject *, PyObject *, void (*)(int *, int *, int *, int *, long_long *))’ {aka ‘struct _object * (*)(const struct _object *, struct _object *, struct _object *, void (*)(int *, int *, int *, int *, long long int *))’} to ‘void (*)(int *, npy_intp *, void (*)(char *, npy_intp *), int *)’ {aka ‘void (*)(int *, long int *, void (*)(char *, long int *), int *)’} [-Wcast-function-type]
60192 |     {"f90wrap_canonical_coordinates_mod__array__b_varphi_c",-1,{{-1}},0,0,(char *)  F_FUNC_US(f90wrap_canonical_coordinates_mod__array__b_varphi_c,F90WRAP_CANONICAL_COORDINATES_MOD__ARRAY__B_VARPHI_C),  (f2py_init_func)f2py_rout__pysimple_f90wrap_canonical_coordinates_mod__array__b_varphi_c,doc_f2py_rout__pysimple_f90wrap_canonical_coordinates_mod__array__b_varphi_c},
      |                                                                                                                                                                                                            ^
/proj/plasma/CODE/ert/SIMPLE/build/python/_pysimplemodule.c:60193:210: warning: cast between incompatible function types from ‘PyObject * (*)(const PyObject *, PyObject *, PyObject *, void (*)(int *, int *, int *, int *, long_long *))’ {aka ‘struct _object * (*)(const struct _object *, struct _object *, struct _object *, void (*)(int *, int *, int *, int *, long long int *))’} to ‘void (*)(int *, npy_intp *, void (*)(char *, npy_intp *), int *)’ {aka ‘void (*)(int *, long int *, void (*)(char *, long int *), int *)’} [-Wcast-function-type]
60193 |     {"f90wrap_canonical_coordinates_mod__array__a_vartheta_c",-1,{{-1}},0,0,(char *)  F_FUNC_US(f90wrap_canonical_coordinates_mod__array__a_vartheta_c,F90WRAP_CANONICAL_COORDINATES_MOD__ARRAY__A_VARTHETA_C),  (f2py_init_func)f2py_rout__pysimple_f90wrap_canonical_coordinates_mod__array__a_vartheta_c,doc_f2py_rout__pysimple_f90wrap_canonical_coordinates_mod__array__a_vartheta_c},
      |                                                                                                                                                                                                                  ^
/proj/plasma/CODE/ert/SIMPLE/build/python/_pysimplemodule.c:60194:204: warning: cast between incompatible function types from ‘PyObject * (*)(const PyObject *, PyObject *, PyObject *, void (*)(int *, int *, int *, int *, long_long *))’ {aka ‘struct _object * (*)(const struct _object *, struct _object *, struct _object *, void (*)(int *, int *, int *, int *, long long int *))’} to ‘void (*)(int *, npy_intp *, void (*)(char *, npy_intp *), int *)’ {aka ‘void (*)(int *, long int *, void (*)(char *, long int *), int *)’} [-Wcast-function-type]
60194 |     {"f90wrap_canonical_coordinates_mod__array__a_varphi_c",-1,{{-1}},0,0,(char *)  F_FUNC_US(f90wrap_canonical_coordinates_mod__array__a_varphi_c,F90WRAP_CANONICAL_COORDINATES_MOD__ARRAY__A_VARPHI_C),  (f2py_init_func)f2py_rout__pysimple_f90wrap_canonical_coordinates_mod__array__a_varphi_c,doc_f2py_rout__pysimple_f90wrap_canonical_coordinates_mod__array__a_varphi_c},
      |                                                                                                                                                                                                            ^
/proj/plasma/CODE/ert/SIMPLE/build/python/_pysimplemodule.c:60195:216: warning: cast between incompatible function types from ‘PyObject * (*)(const PyObject *, PyObject *, PyObject *, void (*)(int *, int *, int *, int *, long_long *))’ {aka ‘struct _object * (*)(const struct _object *, struct _object *, struct _object *, void (*)(int *, int *, int *, int *, long long int *))’} to ‘void (*)(int *, npy_intp *, void (*)(char *, npy_intp *), int *)’ {aka ‘void (*)(int *, long int *, void (*)(char *, long int *), int *)’} [-Wcast-function-type]
60195 |     {"f90wrap_canonical_coordinates_mod__array__delta_varphi_c",-1,{{-1}},0,0,(char *)  F_FUNC_US(f90wrap_canonical_coordinates_mod__array__delta_varphi_c,F90WRAP_CANONICAL_COORDINATES_MOD__ARRAY__DELTA_VARPHI_C),  (f2py_init_func)f2py_rout__pysimple_f90wrap_canonical_coordinates_mod__array__delta_varphi_c,doc_f2py_rout__pysimple_f90wrap_canonical_coordinates_mod__array__delta_varphi_c},
      |                                                                                                                                                                                                                        ^
/proj/plasma/CODE/ert/SIMPLE/build/python/_pysimplemodule.c:60196:201: warning: cast between incompatible function types from ‘PyObject * (*)(const PyObject *, PyObject *, PyObject *, void (*)(int *, int *, int *, int *, long_long *))’ {aka ‘struct _object * (*)(const struct _object *, struct _object *, struct _object *, void (*)(int *, int *, int *, int *, long long int *))’} to ‘void (*)(int *, npy_intp *, void (*)(char *, npy_intp *), int *)’ {aka ‘void (*)(int *, long int *, void (*)(char *, long int *), int *)’} [-Wcast-function-type]
60196 |     {"f90wrap_canonical_coordinates_mod__array__chi_gauge",-1,{{-1}},0,0,(char *)  F_FUNC_US(f90wrap_canonical_coordinates_mod__array__chi_gauge,F90WRAP_CANONICAL_COORDINATES_MOD__ARRAY__CHI_GAUGE),  (f2py_init_func)f2py_rout__pysimple_f90wrap_canonical_coordinates_mod__array__chi_gauge,doc_f2py_rout__pysimple_f90wrap_canonical_coordinates_mod__array__chi_gauge},
      |                                                                                                                                                                                                         ^
/proj/plasma/CODE/ert/SIMPLE/build/python/_pysimplemodule.c:60197:192: warning: cast between incompatible function types from ‘PyObject * (*)(const PyObject *, PyObject *, PyObject *, void (*)(int *, int *, int *, int *, long_long *))’ {aka ‘struct _object * (*)(const struct _object *, struct _object *, struct _object *, void (*)(int *, int *, int *, int *, long long int *))’} to ‘void (*)(int *, npy_intp *, void (*)(char *, npy_intp *), int *)’ {aka ‘void (*)(int *, long int *, void (*)(char *, long int *), int *)’} [-Wcast-function-type]
60197 |     {"f90wrap_canonical_coordinates_mod__array__bmod_c",-1,{{-1}},0,0,(char *)  F_FUNC_US(f90wrap_canonical_coordinates_mod__array__bmod_c,F90WRAP_CANONICAL_COORDINATES_MOD__ARRAY__BMOD_C),  (f2py_init_func)f2py_rout__pysimple_f90wrap_canonical_coordinates_mod__array__bmod_c,doc_f2py_rout__pysimple_f90wrap_canonical_coordinates_mod__array__bmod_c},
      |                                                                                                                                                                                                ^
/proj/plasma/CODE/ert/SIMPLE/build/python/_pysimplemodule.c:60198:189: warning: cast between incompatible function types from ‘PyObject * (*)(const PyObject *, PyObject *, PyObject *, void (*)(int *, int *, int *, int *, long_long *))’ {aka ‘struct _object * (*)(const struct _object *, struct _object *, struct _object *, void (*)(int *, int *, int *, int *, long long int *))’} to ‘void (*)(int *, npy_intp *, void (*)(char *, npy_intp *), int *)’ {aka ‘void (*)(int *, long int *, void (*)(char *, long int *), int *)’} [-Wcast-function-type]
60198 |     {"f90wrap_canonical_coordinates_mod__array__derf1",-1,{{-1}},0,0,(char *)  F_FUNC_US(f90wrap_canonical_coordinates_mod__array__derf1,F90WRAP_CANONICAL_COORDINATES_MOD__ARRAY__DERF1),  (f2py_init_func)f2py_rout__pysimple_f90wrap_canonical_coordinates_mod__array__derf1,doc_f2py_rout__pysimple_f90wrap_canonical_coordinates_mod__array__derf1},
      |                                                                                                                                                                                             ^
/proj/plasma/CODE/ert/SIMPLE/build/python/_pysimplemodule.c:60199:189: warning: cast between incompatible function types from ‘PyObject * (*)(const PyObject *, PyObject *, PyObject *, void (*)(int *, int *, int *, int *, long_long *))’ {aka ‘struct _object * (*)(const struct _object *, struct _object *, struct _object *, void (*)(int *, int *, int *, int *, long long int *))’} to ‘void (*)(int *, npy_intp *, void (*)(char *, npy_intp *), int *)’ {aka ‘void (*)(int *, long int *, void (*)(char *, long int *), int *)’} [-Wcast-function-type]
60199 |     {"f90wrap_canonical_coordinates_mod__array__derf2",-1,{{-1}},0,0,(char *)  F_FUNC_US(f90wrap_canonical_coordinates_mod__array__derf2,F90WRAP_CANONICAL_COORDINATES_MOD__ARRAY__DERF2),  (f2py_init_func)f2py_rout__pysimple_f90wrap_canonical_coordinates_mod__array__derf2,doc_f2py_rout__pysimple_f90wrap_canonical_coordinates_mod__array__derf2},
      |                                                                                                                                                                                             ^
/proj/plasma/CODE/ert/SIMPLE/build/python/_pysimplemodule.c:60200:189: warning: cast between incompatible function types from ‘PyObject * (*)(const PyObject *, PyObject *, PyObject *, void (*)(int *, int *, int *, int *, long_long *))’ {aka ‘struct _object * (*)(const struct _object *, struct _object *, struct _object *, void (*)(int *, int *, int *, int *, long long int *))’} to ‘void (*)(int *, npy_intp *, void (*)(char *, npy_intp *), int *)’ {aka ‘void (*)(int *, long int *, void (*)(char *, long int *), int *)’} [-Wcast-function-type]
60200 |     {"f90wrap_canonical_coordinates_mod__array__derf3",-1,{{-1}},0,0,(char *)  F_FUNC_US(f90wrap_canonical_coordinates_mod__array__derf3,F90WRAP_CANONICAL_COORDINATES_MOD__ARRAY__DERF3),  (f2py_init_func)f2py_rout__pysimple_f90wrap_canonical_coordinates_mod__array__derf3,doc_f2py_rout__pysimple_f90wrap_canonical_coordinates_mod__array__derf3},
      |                                                                                                                                                                                             ^
/proj/plasma/CODE/ert/SIMPLE/build/python/_pysimplemodule.c:60201:189: warning: cast between incompatible function types from ‘PyObject * (*)(const PyObject *, PyObject *, PyObject *, void (*)(int *, int *, int *, int *, long_long *))’ {aka ‘struct _object * (*)(const struct _object *, struct _object *, struct _object *, void (*)(int *, int *, int *, int *, long long int *))’} to ‘void (*)(int *, npy_intp *, void (*)(char *, npy_intp *), int *)’ {aka ‘void (*)(int *, long int *, void (*)(char *, long int *), int *)’} [-Wcast-function-type]
60201 |     {"f90wrap_canonical_coordinates_mod__array__s_g_c",-1,{{-1}},0,0,(char *)  F_FUNC_US(f90wrap_canonical_coordinates_mod__array__s_g_c,F90WRAP_CANONICAL_COORDINATES_MOD__ARRAY__S_G_C),  (f2py_init_func)f2py_rout__pysimple_f90wrap_canonical_coordinates_mod__array__s_g_c,doc_f2py_rout__pysimple_f90wrap_canonical_coordinates_mod__array__s_g_c},
      |                                                                                                                                                                                             ^
/proj/plasma/CODE/ert/SIMPLE/build/python/_pysimplemodule.c:60202:207: warning: cast between incompatible function types from ‘PyObject * (*)(const PyObject *, PyObject *, PyObject *, void (*)(int *, int *, int *, int *, long_long *))’ {aka ‘struct _object * (*)(const struct _object *, struct _object *, struct _object *, void (*)(int *, int *, int *, int *, long long int *))’} to ‘void (*)(int *, npy_intp *, void (*)(char *, npy_intp *), int *)’ {aka ‘void (*)(int *, long int *, void (*)(char *, long int *), int *)’} [-Wcast-function-type]
60202 |     {"f90wrap_canonical_coordinates_mod__array__s_sqg_bt_bp",-1,{{-1}},0,0,(char *)  F_FUNC_US(f90wrap_canonical_coordinates_mod__array__s_sqg_bt_bp,F90WRAP_CANONICAL_COORDINATES_MOD__ARRAY__S_SQG_BT_BP),  (f2py_init_func)f2py_rout__pysimple_f90wrap_canonical_coordinates_mod__array__s_sqg_bt_bp,doc_f2py_rout__pysimple_f90wrap_canonical_coordinates_mod__array__s_sqg_bt_bp},
      |                                                                                                                                                                                                               ^
/proj/plasma/CODE/ert/SIMPLE/build/python/_pysimplemodule.c:60203:198: warning: cast between incompatible function types from ‘PyObject * (*)(const PyObject *, PyObject *, PyObject *, void (*)(int *))’ {aka ‘struct _object * (*)(const struct _object *, struct _object *, struct _object *, void (*)(int *))’} to ‘void (*)(int *, npy_intp *, void (*)(char *, npy_intp *), int *)’ {aka ‘void (*)(int *, long int *, void (*)(char *, long int *), int *)’} [-Wcast-function-type]
60203 |     {"f90wrap_canonical_coordinates_new_mod__get__ns_max",-1,{{-1}},0,0,(char *)  F_FUNC_US(f90wrap_canonical_coordinates_new_mod__get__ns_max,F90WRAP_CANONICAL_COORDINATES_NEW_MOD__GET__NS_MAX),  (f2py_init_func)f2py_rout__pysimple_f90wrap_canonical_coordinates_new_mod__get__ns_max,doc_f2py_rout__pysimple_f90wrap_canonical_coordinates_new_mod__get__ns_max},
      |                                                                                                                                                                                                      ^
/proj/plasma/CODE/ert/SIMPLE/build/python/_pysimplemodule.c:60204:195: warning: cast between incompatible function types from ‘PyObject * (*)(const PyObject *, PyObject *, PyObject *, void (*)(int *))’ {aka ‘struct _object * (*)(const struct _object *, struct _object *, struct _object *, void (*)(int *))’} to ‘void (*)(int *, npy_intp *, void (*)(char *, npy_intp *), int *)’ {aka ‘void (*)(int *, long int *, void (*)(char *, long int *), int *)’} [-Wcast-function-type]
60204 |     {"f90wrap_canonical_coordinates_new_mod__get__n_qua",-1,{{-1}},0,0,(char *)  F_FUNC_US(f90wrap_canonical_coordinates_new_mod__get__n_qua,F90WRAP_CANONICAL_COORDINATES_NEW_MOD__GET__N_QUA),  (f2py_init_func)f2py_rout__pysimple_f90wrap_canonical_coordinates_new_mod__get__n_qua,doc_f2py_rout__pysimple_f90wrap_canonical_coordinates_new_mod__get__n_qua},
      |                                                                                                                                                                                                   ^
/proj/plasma/CODE/ert/SIMPLE/build/python/_pysimplemodule.c:60205:198: warning: cast between incompatible function types from ‘PyObject * (*)(const PyObject *, PyObject *, PyObject *, void (*)(int *))’ {aka ‘struct _object * (*)(const struct _object *, struct _object *, struct _object *, void (*)(int *))’} to ‘void (*)(int *, npy_intp *, void (*)(char *, npy_intp *), int *)’ {aka ‘void (*)(int *, long int *, void (*)(char *, long int *), int *)’} [-Wcast-function-type]
60205 |     {"f90wrap_canonical_coordinates_new_mod__get__ns_s_c",-1,{{-1}},0,0,(char *)  F_FUNC_US(f90wrap_canonical_coordinates_new_mod__get__ns_s_c,F90WRAP_CANONICAL_COORDINATES_NEW_MOD__GET__NS_S_C),  (f2py_init_func)f2py_rout__pysimple_f90wrap_canonical_coordinates_new_mod__get__ns_s_c,doc_f2py_rout__pysimple_f90wrap_canonical_coordinates_new_mod__get__ns_s_c},
      |                                                                                                                                                                                                      ^
/proj/plasma/CODE/ert/SIMPLE/build/python/_pysimplemodule.c:60206:198: warning: cast between incompatible function types from ‘PyObject * (*)(const PyObject *, PyObject *, PyObject *, void (*)(int *))’ {aka ‘struct _object * (*)(const struct _object *, struct _object *, struct _object *, void (*)(int *))’} to ‘void (*)(int *, npy_intp *, void (*)(char *, npy_intp *), int *)’ {aka ‘void (*)(int *, long int *, void (*)(char *, long int *), int *)’} [-Wcast-function-type]
60206 |     {"f90wrap_canonical_coordinates_new_mod__set__ns_s_c",-1,{{-1}},0,0,(char *)  F_FUNC_US(f90wrap_canonical_coordinates_new_mod__set__ns_s_c,F90WRAP_CANONICAL_COORDINATES_NEW_MOD__SET__NS_S_C),  (f2py_init_func)f2py_rout__pysimple_f90wrap_canonical_coordinates_new_mod__set__ns_s_c,doc_f2py_rout__pysimple_f90wrap_canonical_coordinates_new_mod__set__ns_s_c},
      |                                                                                                                                                                                                      ^
/proj/plasma/CODE/ert/SIMPLE/build/python/_pysimplemodule.c:60207:201: warning: cast between incompatible function types from ‘PyObject * (*)(const PyObject *, PyObject *, PyObject *, void (*)(int *))’ {aka ‘struct _object * (*)(const struct _object *, struct _object *, struct _object *, void (*)(int *))’} to ‘void (*)(int *, npy_intp *, void (*)(char *, npy_intp *), int *)’ {aka ‘void (*)(int *, long int *, void (*)(char *, long int *), int *)’} [-Wcast-function-type]
60207 |     {"f90wrap_canonical_coordinates_new_mod__get__ns_tp_c",-1,{{-1}},0,0,(char *)  F_FUNC_US(f90wrap_canonical_coordinates_new_mod__get__ns_tp_c,F90WRAP_CANONICAL_COORDINATES_NEW_MOD__GET__NS_TP_C),  (f2py_init_func)f2py_rout__pysimple_f90wrap_canonical_coordinates_new_mod__get__ns_tp_c,doc_f2py_rout__pysimple_f90wrap_canonical_coordinates_new_mod__get__ns_tp_c},
      |                                                                                                                                                                                                         ^
/proj/plasma/CODE/ert/SIMPLE/build/python/_pysimplemodule.c:60208:201: warning: cast between incompatible function types from ‘PyObject * (*)(const PyObject *, PyObject *, PyObject *, void (*)(int *))’ {aka ‘struct _object * (*)(const struct _object *, struct _object *, struct _object *, void (*)(int *))’} to ‘void (*)(int *, npy_intp *, void (*)(char *, npy_intp *), int *)’ {aka ‘void (*)(int *, long int *, void (*)(char *, long int *), int *)’} [-Wcast-function-type]
60208 |     {"f90wrap_canonical_coordinates_new_mod__set__ns_tp_c",-1,{{-1}},0,0,(char *)  F_FUNC_US(f90wrap_canonical_coordinates_new_mod__set__ns_tp_c,F90WRAP_CANONICAL_COORDINATES_NEW_MOD__SET__NS_TP_C),  (f2py_init_func)f2py_rout__pysimple_f90wrap_canonical_coordinates_new_mod__set__ns_tp_c,doc_f2py_rout__pysimple_f90wrap_canonical_coordinates_new_mod__set__ns_tp_c},
      |                                                                                                                                                                                                         ^
/proj/plasma/CODE/ert/SIMPLE/build/python/_pysimplemodule.c:60209:192: warning: cast between incompatible function types from ‘PyObject * (*)(const PyObject *, PyObject *, PyObject *, void (*)(int *))’ {aka ‘struct _object * (*)(const struct _object *, struct _object *, struct _object *, void (*)(int *))’} to ‘void (*)(int *, npy_intp *, void (*)(char *, npy_intp *), int *)’ {aka ‘void (*)(int *, long int *, void (*)(char *, long int *), int *)’} [-Wcast-function-type]
60209 |     {"f90wrap_canonical_coordinates_new_mod__get__ns_c",-1,{{-1}},0,0,(char *)  F_FUNC_US(f90wrap_canonical_coordinates_new_mod__get__ns_c,F90WRAP_CANONICAL_COORDINATES_NEW_MOD__GET__NS_C),  (f2py_init_func)f2py_rout__pysimple_f90wrap_canonical_coordinates_new_mod__get__ns_c,doc_f2py_rout__pysimple_f90wrap_canonical_coordinates_new_mod__get__ns_c},
      |                                                                                                                                                                                                ^
/proj/plasma/CODE/ert/SIMPLE/build/python/_pysimplemodule.c:60210:192: warning: cast between incompatible function types from ‘PyObject * (*)(const PyObject *, PyObject *, PyObject *, void (*)(int *))’ {aka ‘struct _object * (*)(const struct _object *, struct _object *, struct _object *, void (*)(int *))’} to ‘void (*)(int *, npy_intp *, void (*)(char *, npy_intp *), int *)’ {aka ‘void (*)(int *, long int *, void (*)(char *, long int *), int *)’} [-Wcast-function-type]
60210 |     {"f90wrap_canonical_coordinates_new_mod__set__ns_c",-1,{{-1}},0,0,(char *)  F_FUNC_US(f90wrap_canonical_coordinates_new_mod__set__ns_c,F90WRAP_CANONICAL_COORDINATES_NEW_MOD__SET__NS_C),  (f2py_init_func)f2py_rout__pysimple_f90wrap_canonical_coordinates_new_mod__set__ns_c,doc_f2py_rout__pysimple_f90wrap_canonical_coordinates_new_mod__set__ns_c},
      |                                                                                                                                                                                                ^
/proj/plasma/CODE/ert/SIMPLE/build/python/_pysimplemodule.c:60211:207: warning: cast between incompatible function types from ‘PyObject * (*)(const PyObject *, PyObject *, PyObject *, void (*)(int *))’ {aka ‘struct _object * (*)(const struct _object *, struct _object *, struct _object *, void (*)(int *))’} to ‘void (*)(int *, npy_intp *, void (*)(char *, npy_intp *), int *)’ {aka ‘void (*)(int *, long int *, void (*)(char *, long int *), int *)’} [-Wcast-function-type]
60211 |     {"f90wrap_canonical_coordinates_new_mod__get__n_theta_c",-1,{{-1}},0,0,(char *)  F_FUNC_US(f90wrap_canonical_coordinates_new_mod__get__n_theta_c,F90WRAP_CANONICAL_COORDINATES_NEW_MOD__GET__N_THETA_C),  (f2py_init_func)f2py_rout__pysimple_f90wrap_canonical_coordinates_new_mod__get__n_theta_c,doc_f2py_rout__pysimple_f90wrap_canonical_coordinates_new_mod__get__n_theta_c},
      |                                                                                                                                                                                                               ^
/proj/plasma/CODE/ert/SIMPLE/build/python/_pysimplemodule.c:60212:207: warning: cast between incompatible function types from ‘PyObject * (*)(const PyObject *, PyObject *, PyObject *, void (*)(int *))’ {aka ‘struct _object * (*)(const struct _object *, struct _object *, struct _object *, void (*)(int *))’} to ‘void (*)(int *, npy_intp *, void (*)(char *, npy_intp *), int *)’ {aka ‘void (*)(int *, long int *, void (*)(char *, long int *), int *)’} [-Wcast-function-type]
60212 |     {"f90wrap_canonical_coordinates_new_mod__set__n_theta_c",-1,{{-1}},0,0,(char *)  F_FUNC_US(f90wrap_canonical_coordinates_new_mod__set__n_theta_c,F90WRAP_CANONICAL_COORDINATES_NEW_MOD__SET__N_THETA_C),  (f2py_init_func)f2py_rout__pysimple_f90wrap_canonical_coordinates_new_mod__set__n_theta_c,doc_f2py_rout__pysimple_f90wrap_canonical_coordinates_new_mod__set__n_theta_c},
      |                                                                                                                                                                                                               ^
/proj/plasma/CODE/ert/SIMPLE/build/python/_pysimplemodule.c:60213:201: warning: cast between incompatible function types from ‘PyObject * (*)(const PyObject *, PyObject *, PyObject *, void (*)(int *))’ {aka ‘struct _object * (*)(const struct _object *, struct _object *, struct _object *, void (*)(int *))’} to ‘void (*)(int *, npy_intp *, void (*)(char *, npy_intp *), int *)’ {aka ‘void (*)(int *, long int *, void (*)(char *, long int *), int *)’} [-Wcast-function-type]
60213 |     {"f90wrap_canonical_coordinates_new_mod__get__n_phi_c",-1,{{-1}},0,0,(char *)  F_FUNC_US(f90wrap_canonical_coordinates_new_mod__get__n_phi_c,F90WRAP_CANONICAL_COORDINATES_NEW_MOD__GET__N_PHI_C),  (f2py_init_func)f2py_rout__pysimple_f90wrap_canonical_coordinates_new_mod__get__n_phi_c,doc_f2py_rout__pysimple_f90wrap_canonical_coordinates_new_mod__get__n_phi_c},
      |                                                                                                                                                                                                         ^
/proj/plasma/CODE/ert/SIMPLE/build/python/_pysimplemodule.c:60214:201: warning: cast between incompatible function types from ‘PyObject * (*)(const PyObject *, PyObject *, PyObject *, void (*)(int *))’ {aka ‘struct _object * (*)(const struct _object *, struct _object *, struct _object *, void (*)(int *))’} to ‘void (*)(int *, npy_intp *, void (*)(char *, npy_intp *), int *)’ {aka ‘void (*)(int *, long int *, void (*)(char *, long int *), int *)’} [-Wcast-function-type]
60214 |     {"f90wrap_canonical_coordinates_new_mod__set__n_phi_c",-1,{{-1}},0,0,(char *)  F_FUNC_US(f90wrap_canonical_coordinates_new_mod__set__n_phi_c,F90WRAP_CANONICAL_COORDINATES_NEW_MOD__SET__N_PHI_C),  (f2py_init_func)f2py_rout__pysimple_f90wrap_canonical_coordinates_new_mod__set__n_phi_c,doc_f2py_rout__pysimple_f90wrap_canonical_coordinates_new_mod__set__n_phi_c},
      |                                                                                                                                                                                                         ^
/proj/plasma/CODE/ert/SIMPLE/build/python/_pysimplemodule.c:60215:210: warning: cast between incompatible function types from ‘PyObject * (*)(const PyObject *, PyObject *, PyObject *, void (*)(int *))’ {aka ‘struct _object * (*)(const struct _object *, struct _object *, struct _object *, void (*)(int *))’} to ‘void (*)(int *, npy_intp *, void (*)(char *, npy_intp *), int *)’ {aka ‘void (*)(int *, long int *, void (*)(char *, long int *), int *)’} [-Wcast-function-type]
60215 |     {"f90wrap_canonical_coordinates_new_mod__get__nh_stencil",-1,{{-1}},0,0,(char *)  F_FUNC_US(f90wrap_canonical_coordinates_new_mod__get__nh_stencil,F90WRAP_CANONICAL_COORDINATES_NEW_MOD__GET__NH_STENCIL),  (f2py_init_func)f2py_rout__pysimple_f90wrap_canonical_coordinates_new_mod__get__nh_stencil,doc_f2py_rout__pysimple_f90wrap_canonical_coordinates_new_mod__get__nh_stencil},
      |                                                                                                                                                                                                                  ^
/proj/plasma/CODE/ert/SIMPLE/build/python/_pysimplemodule.c:60216:192: warning: cast between incompatible function types from ‘PyObject * (*)(const PyObject *, PyObject *, PyObject *, void (*)(double *))’ {aka ‘struct _object * (*)(const struct _object *, struct _object *, struct _object *, void (*)(double *))’} to ‘void (*)(int *, npy_intp *, void (*)(char *, npy_intp *), int *)’ {aka ‘void (*)(int *, long int *, void (*)(char *, long int *), int *)’} [-Wcast-function-type]
60216 |     {"f90wrap_canonical_coordinates_new_mod__get__hs_c",-1,{{-1}},0,0,(char *)  F_FUNC_US(f90wrap_canonical_coordinates_new_mod__get__hs_c,F90WRAP_CANONICAL_COORDINATES_NEW_MOD__GET__HS_C),  (f2py_init_func)f2py_rout__pysimple_f90wrap_canonical_coordinates_new_mod__get__hs_c,doc_f2py_rout__pysimple_f90wrap_canonical_coordinates_new_mod__get__hs_c},
      |                                                                                                                                                                                                ^
/proj/plasma/CODE/ert/SIMPLE/build/python/_pysimplemodule.c:60217:192: warning: cast between incompatible function types from ‘PyObject * (*)(const PyObject *, PyObject *, PyObject *, void (*)(double *))’ {aka ‘struct _object * (*)(const struct _object *, struct _object *, struct _object *, void (*)(double *))’} to ‘void (*)(int *, npy_intp *, void (*)(char *, npy_intp *), int *)’ {aka ‘void (*)(int *, long int *, void (*)(char *, long int *), int *)’} [-Wcast-function-type]
60217 |     {"f90wrap_canonical_coordinates_new_mod__set__hs_c",-1,{{-1}},0,0,(char *)  F_FUNC_US(f90wrap_canonical_coordinates_new_mod__set__hs_c,F90WRAP_CANONICAL_COORDINATES_NEW_MOD__SET__HS_C),  (f2py_init_func)f2py_rout__pysimple_f90wrap_canonical_coordinates_new_mod__set__hs_c,doc_f2py_rout__pysimple_f90wrap_canonical_coordinates_new_mod__set__hs_c},
      |                                                                                                                                                                                                ^
/proj/plasma/CODE/ert/SIMPLE/build/python/_pysimplemodule.c:60218:207: warning: cast between incompatible function types from ‘PyObject * (*)(const PyObject *, PyObject *, PyObject *, void (*)(double *))’ {aka ‘struct _object * (*)(const struct _object *, struct _object *, struct _object *, void (*)(double *))’} to ‘void (*)(int *, npy_intp *, void (*)(char *, npy_intp *), int *)’ {aka ‘void (*)(int *, long int *, void (*)(char *, long int *), int *)’} [-Wcast-function-type]
60218 |     {"f90wrap_canonical_coordinates_new_mod__get__h_theta_c",-1,{{-1}},0,0,(char *)  F_FUNC_US(f90wrap_canonical_coordinates_new_mod__get__h_theta_c,F90WRAP_CANONICAL_COORDINATES_NEW_MOD__GET__H_THETA_C),  (f2py_init_func)f2py_rout__pysimple_f90wrap_canonical_coordinates_new_mod__get__h_theta_c,doc_f2py_rout__pysimple_f90wrap_canonical_coordinates_new_mod__get__h_theta_c},
      |                                                                                                                                                                                                               ^
/proj/plasma/CODE/ert/SIMPLE/build/python/_pysimplemodule.c:60219:207: warning: cast between incompatible function types from ‘PyObject * (*)(const PyObject *, PyObject *, PyObject *, void (*)(double *))’ {aka ‘struct _object * (*)(const struct _object *, struct _object *, struct _object *, void (*)(double *))’} to ‘void (*)(int *, npy_intp *, void (*)(char *, npy_intp *), int *)’ {aka ‘void (*)(int *, long int *, void (*)(char *, long int *), int *)’} [-Wcast-function-type]
60219 |     {"f90wrap_canonical_coordinates_new_mod__set__h_theta_c",-1,{{-1}},0,0,(char *)  F_FUNC_US(f90wrap_canonical_coordinates_new_mod__set__h_theta_c,F90WRAP_CANONICAL_COORDINATES_NEW_MOD__SET__H_THETA_C),  (f2py_init_func)f2py_rout__pysimple_f90wrap_canonical_coordinates_new_mod__set__h_theta_c,doc_f2py_rout__pysimple_f90wrap_canonical_coordinates_new_mod__set__h_theta_c},
      |                                                                                                                                                                                                               ^
/proj/plasma/CODE/ert/SIMPLE/build/python/_pysimplemodule.c:60220:201: warning: cast between incompatible function types from ‘PyObject * (*)(const PyObject *, PyObject *, PyObject *, void (*)(double *))’ {aka ‘struct _object * (*)(const struct _object *, struct _object *, struct _object *, void (*)(double *))’} to ‘void (*)(int *, npy_intp *, void (*)(char *, npy_intp *), int *)’ {aka ‘void (*)(int *, long int *, void (*)(char *, long int *), int *)’} [-Wcast-function-type]
60220 |     {"f90wrap_canonical_coordinates_new_mod__get__h_phi_c",-1,{{-1}},0,0,(char *)  F_FUNC_US(f90wrap_canonical_coordinates_new_mod__get__h_phi_c,F90WRAP_CANONICAL_COORDINATES_NEW_MOD__GET__H_PHI_C),  (f2py_init_func)f2py_rout__pysimple_f90wrap_canonical_coordinates_new_mod__get__h_phi_c,doc_f2py_rout__pysimple_f90wrap_canonical_coordinates_new_mod__get__h_phi_c},
      |                                                                                                                                                                                                         ^
/proj/plasma/CODE/ert/SIMPLE/build/python/_pysimplemodule.c:60221:201: warning: cast between incompatible function types from ‘PyObject * (*)(const PyObject *, PyObject *, PyObject *, void (*)(double *))’ {aka ‘struct _object * (*)(const struct _object *, struct _object *, struct _object *, void (*)(double *))’} to ‘void (*)(int *, npy_intp *, void (*)(char *, npy_intp *), int *)’ {aka ‘void (*)(int *, long int *, void (*)(char *, long int *), int *)’} [-Wcast-function-type]
60221 |     {"f90wrap_canonical_coordinates_new_mod__set__h_phi_c",-1,{{-1}},0,0,(char *)  F_FUNC_US(f90wrap_canonical_coordinates_new_mod__set__h_phi_c,F90WRAP_CANONICAL_COORDINATES_NEW_MOD__SET__H_PHI_C),  (f2py_init_func)f2py_rout__pysimple_f90wrap_canonical_coordinates_new_mod__set__h_phi_c,doc_f2py_rout__pysimple_f90wrap_canonical_coordinates_new_mod__set__h_phi_c},
      |                                                                                                                                                                                                         ^
/proj/plasma/CODE/ert/SIMPLE/build/python/_pysimplemodule.c:60222:228: warning: cast between incompatible function types from ‘PyObject * (*)(const PyObject *, PyObject *, PyObject *, void (*)(int *, int *, int *, int *, long_long *))’ {aka ‘struct _object * (*)(const struct _object *, struct _object *, struct _object *, void (*)(int *, int *, int *, int *, long long int *))’} to ‘void (*)(int *, npy_intp *, void (*)(char *, npy_intp *), int *)’ {aka ‘void (*)(int *, long int *, void (*)(char *, long int *), int *)’} [-Wcast-function-type]
60222 |     {"f90wrap_canonical_coordinates_new_mod__array__delta_varphi_c",-1,{{-1}},0,0,(char *)  F_FUNC_US(f90wrap_canonical_coordinates_new_mod__array__delta_varphi_c,F90WRAP_CANONICAL_COORDINATES_NEW_MOD__ARRAY__DELTA_VARPHI_C),  (f2py_init_func)f2py_rout__pysimple_f90wrap_canonical_coordinates_new_mod__array__delta_varphi_c,doc_f2py_rout__pysimple_f90wrap_canonical_coordinates_new_mod__array__delta_varphi_c},
      |                                                                                                                                                                                                                                    ^
/proj/plasma/CODE/ert/SIMPLE/build/python/_pysimplemodule.c:60223:222: warning: cast between incompatible function types from ‘PyObject * (*)(const PyObject *, PyObject *, PyObject *, void (*)(int *, int *, int *, int *, long_long *))’ {aka ‘struct _object * (*)(const struct _object *, struct _object *, struct _object *, void (*)(int *, int *, int *, int *, long long int *))’} to ‘void (*)(int *, npy_intp *, void (*)(char *, npy_intp *), int *)’ {aka ‘void (*)(int *, long int *, void (*)(char *, long int *), int *)’} [-Wcast-function-type]
60223 |     {"f90wrap_canonical_coordinates_new_mod__array__h_vartheta_c",-1,{{-1}},0,0,(char *)  F_FUNC_US(f90wrap_canonical_coordinates_new_mod__array__h_vartheta_c,F90WRAP_CANONICAL_COORDINATES_NEW_MOD__ARRAY__H_VARTHETA_C),  (f2py_init_func)f2py_rout__pysimple_f90wrap_canonical_coordinates_new_mod__array__h_vartheta_c,doc_f2py_rout__pysimple_f90wrap_canonical_coordinates_new_mod__array__h_vartheta_c},
      |                                                                                                                                                                                                                              ^
/proj/plasma/CODE/ert/SIMPLE/build/python/_pysimplemodule.c:60224:216: warning: cast between incompatible function types from ‘PyObject * (*)(const PyObject *, PyObject *, PyObject *, void (*)(int *, int *, int *, int *, long_long *))’ {aka ‘struct _object * (*)(const struct _object *, struct _object *, struct _object *, void (*)(int *, int *, int *, int *, long long int *))’} to ‘void (*)(int *, npy_intp *, void (*)(char *, npy_intp *), int *)’ {aka ‘void (*)(int *, long int *, void (*)(char *, long int *), int *)’} [-Wcast-function-type]
60224 |     {"f90wrap_canonical_coordinates_new_mod__array__h_varphi_c",-1,{{-1}},0,0,(char *)  F_FUNC_US(f90wrap_canonical_coordinates_new_mod__array__h_varphi_c,F90WRAP_CANONICAL_COORDINATES_NEW_MOD__ARRAY__H_VARPHI_C),  (f2py_init_func)f2py_rout__pysimple_f90wrap_canonical_coordinates_new_mod__array__h_varphi_c,doc_f2py_rout__pysimple_f90wrap_canonical_coordinates_new_mod__array__h_varphi_c},
      |                                                                                                                                                                                                                        ^
/proj/plasma/CODE/ert/SIMPLE/build/python/_pysimplemodule.c:60225:222: warning: cast between incompatible function types from ‘PyObject * (*)(const PyObject *, PyObject *, PyObject *, void (*)(int *, int *, int *, int *, long_long *))’ {aka ‘struct _object * (*)(const struct _object *, struct _object *, struct _object *, void (*)(int *, int *, int *, int *, long long int *))’} to ‘void (*)(int *, npy_intp *, void (*)(char *, npy_intp *), int *)’ {aka ‘void (*)(int *, long int *, void (*)(char *, long int *), int *)’} [-Wcast-function-type]
60225 |     {"f90wrap_canonical_coordinates_new_mod__array__a_vartheta_c",-1,{{-1}},0,0,(char *)  F_FUNC_US(f90wrap_canonical_coordinates_new_mod__array__a_vartheta_c,F90WRAP_CANONICAL_COORDINATES_NEW_MOD__ARRAY__A_VARTHETA_C),  (f2py_init_func)f2py_rout__pysimple_f90wrap_canonical_coordinates_new_mod__array__a_vartheta_c,doc_f2py_rout__pysimple_f90wrap_canonical_coordinates_new_mod__array__a_vartheta_c},
      |                                                                                                                                                                                                                              ^
/proj/plasma/CODE/ert/SIMPLE/build/python/_pysimplemodule.c:60226:216: warning: cast between incompatible function types from ‘PyObject * (*)(const PyObject *, PyObject *, PyObject *, void (*)(int *, int *, int *, int *, long_long *))’ {aka ‘struct _object * (*)(const struct _object *, struct _object *, struct _object *, void (*)(int *, int *, int *, int *, long long int *))’} to ‘void (*)(int *, npy_intp *, void (*)(char *, npy_intp *), int *)’ {aka ‘void (*)(int *, long int *, void (*)(char *, long int *), int *)’} [-Wcast-function-type]
60226 |     {"f90wrap_canonical_coordinates_new_mod__array__a_varphi_c",-1,{{-1}},0,0,(char *)  F_FUNC_US(f90wrap_canonical_coordinates_new_mod__array__a_varphi_c,F90WRAP_CANONICAL_COORDINATES_NEW_MOD__ARRAY__A_VARPHI_C),  (f2py_init_func)f2py_rout__pysimple_f90wrap_canonical_coordinates_new_mod__array__a_varphi_c,doc_f2py_rout__pysimple_f90wrap_canonical_coordinates_new_mod__array__a_varphi_c},
      |                                                                                                                                                                                                                        ^
/proj/plasma/CODE/ert/SIMPLE/build/python/_pysimplemodule.c:60227:213: warning: cast between incompatible function types from ‘PyObject * (*)(const PyObject *, PyObject *, PyObject *, void (*)(int *, int *, int *, int *, long_long *))’ {aka ‘struct _object * (*)(const struct _object *, struct _object *, struct _object *, void (*)(int *, int *, int *, int *, long long int *))’} to ‘void (*)(int *, npy_intp *, void (*)(char *, npy_intp *), int *)’ {aka ‘void (*)(int *, long int *, void (*)(char *, long int *), int *)’} [-Wcast-function-type]
60227 |     {"f90wrap_canonical_coordinates_new_mod__array__chi_gauge",-1,{{-1}},0,0,(char *)  F_FUNC_US(f90wrap_canonical_coordinates_new_mod__array__chi_gauge,F90WRAP_CANONICAL_COORDINATES_NEW_MOD__ARRAY__CHI_GAUGE),  (f2py_init_func)f2py_rout__pysimple_f90wrap_canonical_coordinates_new_mod__array__chi_gauge,doc_f2py_rout__pysimple_f90wrap_canonical_coordinates_new_mod__array__chi_gauge},
      |                                                                                                                                                                                                                     ^
/proj/plasma/CODE/ert/SIMPLE/build/python/_pysimplemodule.c:60228:204: warning: cast between incompatible function types from ‘PyObject * (*)(const PyObject *, PyObject *, PyObject *, void (*)(int *, int *, int *, int *, long_long *))’ {aka ‘struct _object * (*)(const struct _object *, struct _object *, struct _object *, void (*)(int *, int *, int *, int *, long long int *))’} to ‘void (*)(int *, npy_intp *, void (*)(char *, npy_intp *), int *)’ {aka ‘void (*)(int *, long int *, void (*)(char *, long int *), int *)’} [-Wcast-function-type]
60228 |     {"f90wrap_canonical_coordinates_new_mod__array__bmod_c",-1,{{-1}},0,0,(char *)  F_FUNC_US(f90wrap_canonical_coordinates_new_mod__array__bmod_c,F90WRAP_CANONICAL_COORDINATES_NEW_MOD__ARRAY__BMOD_C),  (f2py_init_func)f2py_rout__pysimple_f90wrap_canonical_coordinates_new_mod__array__bmod_c,doc_f2py_rout__pysimple_f90wrap_canonical_coordinates_new_mod__array__bmod_c},
      |                                                                                                                                                                                                            ^
/proj/plasma/CODE/ert/SIMPLE/build/python/_pysimplemodule.c:60229:201: warning: cast between incompatible function types from ‘PyObject * (*)(const PyObject *, PyObject *, PyObject *, void (*)(int *, int *, int *, int *, long_long *))’ {aka ‘struct _object * (*)(const struct _object *, struct _object *, struct _object *, void (*)(int *, int *, int *, int *, long long int *))’} to ‘void (*)(int *, npy_intp *, void (*)(char *, npy_intp *), int *)’ {aka ‘void (*)(int *, long int *, void (*)(char *, long int *), int *)’} [-Wcast-function-type]
60229 |     {"f90wrap_canonical_coordinates_new_mod__array__derf1",-1,{{-1}},0,0,(char *)  F_FUNC_US(f90wrap_canonical_coordinates_new_mod__array__derf1,F90WRAP_CANONICAL_COORDINATES_NEW_MOD__ARRAY__DERF1),  (f2py_init_func)f2py_rout__pysimple_f90wrap_canonical_coordinates_new_mod__array__derf1,doc_f2py_rout__pysimple_f90wrap_canonical_coordinates_new_mod__array__derf1},
      |                                                                                                                                                                                                         ^
/proj/plasma/CODE/ert/SIMPLE/build/python/_pysimplemodule.c:60230:201: warning: cast between incompatible function types from ‘PyObject * (*)(const PyObject *, PyObject *, PyObject *, void (*)(int *, int *, int *, int *, long_long *))’ {aka ‘struct _object * (*)(const struct _object *, struct _object *, struct _object *, void (*)(int *, int *, int *, int *, long long int *))’} to ‘void (*)(int *, npy_intp *, void (*)(char *, npy_intp *), int *)’ {aka ‘void (*)(int *, long int *, void (*)(char *, long int *), int *)’} [-Wcast-function-type]
60230 |     {"f90wrap_canonical_coordinates_new_mod__array__derf2",-1,{{-1}},0,0,(char *)  F_FUNC_US(f90wrap_canonical_coordinates_new_mod__array__derf2,F90WRAP_CANONICAL_COORDINATES_NEW_MOD__ARRAY__DERF2),  (f2py_init_func)f2py_rout__pysimple_f90wrap_canonical_coordinates_new_mod__array__derf2,doc_f2py_rout__pysimple_f90wrap_canonical_coordinates_new_mod__array__derf2},
      |                                                                                                                                                                                                         ^
/proj/plasma/CODE/ert/SIMPLE/build/python/_pysimplemodule.c:60231:201: warning: cast between incompatible function types from ‘PyObject * (*)(const PyObject *, PyObject *, PyObject *, void (*)(int *, int *, int *, int *, long_long *))’ {aka ‘struct _object * (*)(const struct _object *, struct _object *, struct _object *, void (*)(int *, int *, int *, int *, long long int *))’} to ‘void (*)(int *, npy_intp *, void (*)(char *, npy_intp *), int *)’ {aka ‘void (*)(int *, long int *, void (*)(char *, long int *), int *)’} [-Wcast-function-type]
60231 |     {"f90wrap_canonical_coordinates_new_mod__array__derf3",-1,{{-1}},0,0,(char *)  F_FUNC_US(f90wrap_canonical_coordinates_new_mod__array__derf3,F90WRAP_CANONICAL_COORDINATES_NEW_MOD__ARRAY__DERF3),  (f2py_init_func)f2py_rout__pysimple_f90wrap_canonical_coordinates_new_mod__array__derf3,doc_f2py_rout__pysimple_f90wrap_canonical_coordinates_new_mod__array__derf3},
      |                                                                                                                                                                                                         ^
/proj/plasma/CODE/ert/SIMPLE/build/python/_pysimplemodule.c:60232:234: warning: cast between incompatible function types from ‘PyObject * (*)(const PyObject *, PyObject *, PyObject *, void (*)(int *, int *, int *, int *, long_long *))’ {aka ‘struct _object * (*)(const struct _object *, struct _object *, struct _object *, void (*)(int *, int *, int *, int *, long long int *))’} to ‘void (*)(int *, npy_intp *, void (*)(char *, npy_intp *), int *)’ {aka ‘void (*)(int *, long int *, void (*)(char *, long int *), int *)’} [-Wcast-function-type]
60232 |     {"f90wrap_canonical_coordinates_new_mod__array__s_delta_varphi_c",-1,{{-1}},0,0,(char *)  F_FUNC_US(f90wrap_canonical_coordinates_new_mod__array__s_delta_varphi_c,F90WRAP_CANONICAL_COORDINATES_NEW_MOD__ARRAY__S_DELTA_VARPHI_C),  (f2py_init_func)f2py_rout__pysimple_f90wrap_canonical_coordinates_new_mod__array__s_delta_varphi_c,doc_f2py_rout__pysimple_f90wrap_canonical_coordinates_new_mod__array__s_delta_varphi_c},
      |                                                                                                                                                                                                                                          ^
/proj/plasma/CODE/ert/SIMPLE/build/python/_pysimplemodule.c:60233:216: warning: cast between incompatible function types from ‘PyObject * (*)(const PyObject *, PyObject *, PyObject *, void (*)(int *, int *, int *, int *, long_long *))’ {aka ‘struct _object * (*)(const struct _object *, struct _object *, struct _object *, void (*)(int *, int *, int *, int *, long long int *))’} to ‘void (*)(int *, npy_intp *, void (*)(char *, npy_intp *), int *)’ {aka ‘void (*)(int *, long int *, void (*)(char *, long int *), int *)’} [-Wcast-function-type]
60233 |     {"f90wrap_canonical_coordinates_new_mod__array__s_bmod_b_a",-1,{{-1}},0,0,(char *)  F_FUNC_US(f90wrap_canonical_coordinates_new_mod__array__s_bmod_b_a,F90WRAP_CANONICAL_COORDINATES_NEW_MOD__ARRAY__S_BMOD_B_A),  (f2py_init_func)f2py_rout__pysimple_f90wrap_canonical_coordinates_new_mod__array__s_bmod_b_a,doc_f2py_rout__pysimple_f90wrap_canonical_coordinates_new_mod__array__s_bmod_b_a},
      |                                                                                                                                                                                                                        ^
/proj/plasma/CODE/ert/SIMPLE/build/python/_pysimplemodule.c:60234:177: warning: cast between incompatible function types from ‘PyObject * (*)(const PyObject *, PyObject *, PyObject *, void (*)(int *))’ {aka ‘struct _object * (*)(const struct _object *, struct _object *, struct _object *, void (*)(int *))’} to ‘void (*)(int *, npy_intp *, void (*)(char *, npy_intp *), int *)’ {aka ‘void (*)(int *, long int *, void (*)(char *, long int *), int *)’} [-Wcast-function-type]
60234 |     {"f90wrap_boozer_coordinates_mod__get__ns_max",-1,{{-1}},0,0,(char *)  F_FUNC_US(f90wrap_boozer_coordinates_mod__get__ns_max,F90WRAP_BOOZER_COORDINATES_MOD__GET__NS_MAX),  (f2py_init_func)f2py_rout__pysimple_f90wrap_boozer_coordinates_mod__get__ns_max,doc_f2py_rout__pysimple_f90wrap_boozer_coordinates_mod__get__ns_max},
      |                                                                                                                                                                                 ^
/proj/plasma/CODE/ert/SIMPLE/build/python/_pysimplemodule.c:60235:174: warning: cast between incompatible function types from ‘PyObject * (*)(const PyObject *, PyObject *, PyObject *, void (*)(int *))’ {aka ‘struct _object * (*)(const struct _object *, struct _object *, struct _object *, void (*)(int *))’} to ‘void (*)(int *, npy_intp *, void (*)(char *, npy_intp *), int *)’ {aka ‘void (*)(int *, long int *, void (*)(char *, long int *), int *)’} [-Wcast-function-type]
60235 |     {"f90wrap_boozer_coordinates_mod__get__n_qua",-1,{{-1}},0,0,(char *)  F_FUNC_US(f90wrap_boozer_coordinates_mod__get__n_qua,F90WRAP_BOOZER_COORDINATES_MOD__GET__N_QUA),  (f2py_init_func)f2py_rout__pysimple_f90wrap_boozer_coordinates_mod__get__n_qua,doc_f2py_rout__pysimple_f90wrap_boozer_coordinates_mod__get__n_qua},
      |                                                                                                                                                                              ^
/proj/plasma/CODE/ert/SIMPLE/build/python/_pysimplemodule.c:60236:180: warning: cast between incompatible function types from ‘PyObject * (*)(const PyObject *, PyObject *, PyObject *, void (*)(int *))’ {aka ‘struct _object * (*)(const struct _object *, struct _object *, struct _object *, void (*)(int *))’} to ‘void (*)(int *, npy_intp *, void (*)(char *, npy_intp *), int *)’ {aka ‘void (*)(int *, long int *, void (*)(char *, long int *), int *)’} [-Wcast-function-type]
60236 |     {"f90wrap_boozer_coordinates_mod__get__use_b_r",-1,{{-1}},0,0,(char *)  F_FUNC_US(f90wrap_boozer_coordinates_mod__get__use_b_r,F90WRAP_BOOZER_COORDINATES_MOD__GET__USE_B_R),  (f2py_init_func)f2py_rout__pysimple_f90wrap_boozer_coordinates_mod__get__use_b_r,doc_f2py_rout__pysimple_f90wrap_boozer_coordinates_mod__get__use_b_r},
      |                                                                                                                                                                                    ^
/proj/plasma/CODE/ert/SIMPLE/build/python/_pysimplemodule.c:60237:180: warning: cast between incompatible function types from ‘PyObject * (*)(const PyObject *, PyObject *, PyObject *, void (*)(int *))’ {aka ‘struct _object * (*)(const struct _object *, struct _object *, struct _object *, void (*)(int *))’} to ‘void (*)(int *, npy_intp *, void (*)(char *, npy_intp *), int *)’ {aka ‘void (*)(int *, long int *, void (*)(char *, long int *), int *)’} [-Wcast-function-type]
60237 |     {"f90wrap_boozer_coordinates_mod__set__use_b_r",-1,{{-1}},0,0,(char *)  F_FUNC_US(f90wrap_boozer_coordinates_mod__set__use_b_r,F90WRAP_BOOZER_COORDINATES_MOD__SET__USE_B_R),  (f2py_init_func)f2py_rout__pysimple_f90wrap_boozer_coordinates_mod__set__use_b_r,doc_f2py_rout__pysimple_f90wrap_boozer_coordinates_mod__set__use_b_r},
      |                                                                                                                                                                                    ^
/proj/plasma/CODE/ert/SIMPLE/build/python/_pysimplemodule.c:60238:195: warning: cast between incompatible function types from ‘PyObject * (*)(const PyObject *, PyObject *, PyObject *, void (*)(int *))’ {aka ‘struct _object * (*)(const struct _object *, struct _object *, struct _object *, void (*)(int *))’} to ‘void (*)(int *, npy_intp *, void (*)(char *, npy_intp *), int *)’ {aka ‘void (*)(int *, long int *, void (*)(char *, long int *), int *)’} [-Wcast-function-type]
60238 |     {"f90wrap_boozer_coordinates_mod__get__use_del_tp_b",-1,{{-1}},0,0,(char *)  F_FUNC_US(f90wrap_boozer_coordinates_mod__get__use_del_tp_b,F90WRAP_BOOZER_COORDINATES_MOD__GET__USE_DEL_TP_B),  (f2py_init_func)f2py_rout__pysimple_f90wrap_boozer_coordinates_mod__get__use_del_tp_b,doc_f2py_rout__pysimple_f90wrap_boozer_coordinates_mod__get__use_del_tp_b},
      |                                                                                                                                                                                                   ^
/proj/plasma/CODE/ert/SIMPLE/build/python/_pysimplemodule.c:60239:195: warning: cast between incompatible function types from ‘PyObject * (*)(const PyObject *, PyObject *, PyObject *, void (*)(int *))’ {aka ‘struct _object * (*)(const struct _object *, struct _object *, struct _object *, void (*)(int *))’} to ‘void (*)(int *, npy_intp *, void (*)(char *, npy_intp *), int *)’ {aka ‘void (*)(int *, long int *, void (*)(char *, long int *), int *)’} [-Wcast-function-type]
60239 |     {"f90wrap_boozer_coordinates_mod__set__use_del_tp_b",-1,{{-1}},0,0,(char *)  F_FUNC_US(f90wrap_boozer_coordinates_mod__set__use_del_tp_b,F90WRAP_BOOZER_COORDINATES_MOD__SET__USE_DEL_TP_B),  (f2py_init_func)f2py_rout__pysimple_f90wrap_boozer_coordinates_mod__set__use_del_tp_b,doc_f2py_rout__pysimple_f90wrap_boozer_coordinates_mod__set__use_del_tp_b},
      |                                                                                                                                                                                                   ^
/proj/plasma/CODE/ert/SIMPLE/build/python/_pysimplemodule.c:60240:177: warning: cast between incompatible function types from ‘PyObject * (*)(const PyObject *, PyObject *, PyObject *, void (*)(int *))’ {aka ‘struct _object * (*)(const struct _object *, struct _object *, struct _object *, void (*)(int *))’} to ‘void (*)(int *, npy_intp *, void (*)(char *, npy_intp *), int *)’ {aka ‘void (*)(int *, long int *, void (*)(char *, long int *), int *)’} [-Wcast-function-type]
60240 |     {"f90wrap_boozer_coordinates_mod__get__ns_s_b",-1,{{-1}},0,0,(char *)  F_FUNC_US(f90wrap_boozer_coordinates_mod__get__ns_s_b,F90WRAP_BOOZER_COORDINATES_MOD__GET__NS_S_B),  (f2py_init_func)f2py_rout__pysimple_f90wrap_boozer_coordinates_mod__get__ns_s_b,doc_f2py_rout__pysimple_f90wrap_boozer_coordinates_mod__get__ns_s_b},
      |                                                                                                                                                                                 ^
/proj/plasma/CODE/ert/SIMPLE/build/python/_pysimplemodule.c:60241:177: warning: cast between incompatible function types from ‘PyObject * (*)(const PyObject *, PyObject *, PyObject *, void (*)(int *))’ {aka ‘struct _object * (*)(const struct _object *, struct _object *, struct _object *, void (*)(int *))’} to ‘void (*)(int *, npy_intp *, void (*)(char *, npy_intp *), int *)’ {aka ‘void (*)(int *, long int *, void (*)(char *, long int *), int *)’} [-Wcast-function-type]
60241 |     {"f90wrap_boozer_coordinates_mod__set__ns_s_b",-1,{{-1}},0,0,(char *)  F_FUNC_US(f90wrap_boozer_coordinates_mod__set__ns_s_b,F90WRAP_BOOZER_COORDINATES_MOD__SET__NS_S_B),  (f2py_init_func)f2py_rout__pysimple_f90wrap_boozer_coordinates_mod__set__ns_s_b,doc_f2py_rout__pysimple_f90wrap_boozer_coordinates_mod__set__ns_s_b},
      |                                                                                                                                                                                 ^
/proj/plasma/CODE/ert/SIMPLE/build/python/_pysimplemodule.c:60242:180: warning: cast between incompatible function types from ‘PyObject * (*)(const PyObject *, PyObject *, PyObject *, void (*)(int *))’ {aka ‘struct _object * (*)(const struct _object *, struct _object *, struct _object *, void (*)(int *))’} to ‘void (*)(int *, npy_intp *, void (*)(char *, npy_intp *), int *)’ {aka ‘void (*)(int *, long int *, void (*)(char *, long int *), int *)’} [-Wcast-function-type]
60242 |     {"f90wrap_boozer_coordinates_mod__get__ns_tp_b",-1,{{-1}},0,0,(char *)  F_FUNC_US(f90wrap_boozer_coordinates_mod__get__ns_tp_b,F90WRAP_BOOZER_COORDINATES_MOD__GET__NS_TP_B),  (f2py_init_func)f2py_rout__pysimple_f90wrap_boozer_coordinates_mod__get__ns_tp_b,doc_f2py_rout__pysimple_f90wrap_boozer_coordinates_mod__get__ns_tp_b},
      |                                                                                                                                                                                    ^
/proj/plasma/CODE/ert/SIMPLE/build/python/_pysimplemodule.c:60243:180: warning: cast between incompatible function types from ‘PyObject * (*)(const PyObject *, PyObject *, PyObject *, void (*)(int *))’ {aka ‘struct _object * (*)(const struct _object *, struct _object *, struct _object *, void (*)(int *))’} to ‘void (*)(int *, npy_intp *, void (*)(char *, npy_intp *), int *)’ {aka ‘void (*)(int *, long int *, void (*)(char *, long int *), int *)’} [-Wcast-function-type]
60243 |     {"f90wrap_boozer_coordinates_mod__set__ns_tp_b",-1,{{-1}},0,0,(char *)  F_FUNC_US(f90wrap_boozer_coordinates_mod__set__ns_tp_b,F90WRAP_BOOZER_COORDINATES_MOD__SET__NS_TP_B),  (f2py_init_func)f2py_rout__pysimple_f90wrap_boozer_coordinates_mod__set__ns_tp_b,doc_f2py_rout__pysimple_f90wrap_boozer_coordinates_mod__set__ns_tp_b},
      |                                                                                                                                                                                    ^
/proj/plasma/CODE/ert/SIMPLE/build/python/_pysimplemodule.c:60244:171: warning: cast between incompatible function types from ‘PyObject * (*)(const PyObject *, PyObject *, PyObject *, void (*)(int *))’ {aka ‘struct _object * (*)(const struct _object *, struct _object *, struct _object *, void (*)(int *))’} to ‘void (*)(int *, npy_intp *, void (*)(char *, npy_intp *), int *)’ {aka ‘void (*)(int *, long int *, void (*)(char *, long int *), int *)’} [-Wcast-function-type]
60244 |     {"f90wrap_boozer_coordinates_mod__get__ns_b",-1,{{-1}},0,0,(char *)  F_FUNC_US(f90wrap_boozer_coordinates_mod__get__ns_b,F90WRAP_BOOZER_COORDINATES_MOD__GET__NS_B),  (f2py_init_func)f2py_rout__pysimple_f90wrap_boozer_coordinates_mod__get__ns_b,doc_f2py_rout__pysimple_f90wrap_boozer_coordinates_mod__get__ns_b},
      |                                                                                                                                                                           ^
/proj/plasma/CODE/ert/SIMPLE/build/python/_pysimplemodule.c:60245:171: warning: cast between incompatible function types from ‘PyObject * (*)(const PyObject *, PyObject *, PyObject *, void (*)(int *))’ {aka ‘struct _object * (*)(const struct _object *, struct _object *, struct _object *, void (*)(int *))’} to ‘void (*)(int *, npy_intp *, void (*)(char *, npy_intp *), int *)’ {aka ‘void (*)(int *, long int *, void (*)(char *, long int *), int *)’} [-Wcast-function-type]
60245 |     {"f90wrap_boozer_coordinates_mod__set__ns_b",-1,{{-1}},0,0,(char *)  F_FUNC_US(f90wrap_boozer_coordinates_mod__set__ns_b,F90WRAP_BOOZER_COORDINATES_MOD__SET__NS_B),  (f2py_init_func)f2py_rout__pysimple_f90wrap_boozer_coordinates_mod__set__ns_b,doc_f2py_rout__pysimple_f90wrap_boozer_coordinates_mod__set__ns_b},
      |                                                                                                                                                                           ^
/proj/plasma/CODE/ert/SIMPLE/build/python/_pysimplemodule.c:60246:186: warning: cast between incompatible function types from ‘PyObject * (*)(const PyObject *, PyObject *, PyObject *, void (*)(int *))’ {aka ‘struct _object * (*)(const struct _object *, struct _object *, struct _object *, void (*)(int *))’} to ‘void (*)(int *, npy_intp *, void (*)(char *, npy_intp *), int *)’ {aka ‘void (*)(int *, long int *, void (*)(char *, long int *), int *)’} [-Wcast-function-type]
60246 |     {"f90wrap_boozer_coordinates_mod__get__n_theta_b",-1,{{-1}},0,0,(char *)  F_FUNC_US(f90wrap_boozer_coordinates_mod__get__n_theta_b,F90WRAP_BOOZER_COORDINATES_MOD__GET__N_THETA_B),  (f2py_init_func)f2py_rout__pysimple_f90wrap_boozer_coordinates_mod__get__n_theta_b,doc_f2py_rout__pysimple_f90wrap_boozer_coordinates_mod__get__n_theta_b},
      |                                                                                                                                                                                          ^
/proj/plasma/CODE/ert/SIMPLE/build/python/_pysimplemodule.c:60247:186: warning: cast between incompatible function types from ‘PyObject * (*)(const PyObject *, PyObject *, PyObject *, void (*)(int *))’ {aka ‘struct _object * (*)(const struct _object *, struct _object *, struct _object *, void (*)(int *))’} to ‘void (*)(int *, npy_intp *, void (*)(char *, npy_intp *), int *)’ {aka ‘void (*)(int *, long int *, void (*)(char *, long int *), int *)’} [-Wcast-function-type]
60247 |     {"f90wrap_boozer_coordinates_mod__set__n_theta_b",-1,{{-1}},0,0,(char *)  F_FUNC_US(f90wrap_boozer_coordinates_mod__set__n_theta_b,F90WRAP_BOOZER_COORDINATES_MOD__SET__N_THETA_B),  (f2py_init_func)f2py_rout__pysimple_f90wrap_boozer_coordinates_mod__set__n_theta_b,doc_f2py_rout__pysimple_f90wrap_boozer_coordinates_mod__set__n_theta_b},
      |                                                                                                                                                                                          ^
/proj/plasma/CODE/ert/SIMPLE/build/python/_pysimplemodule.c:60248:180: warning: cast between incompatible function types from ‘PyObject * (*)(const PyObject *, PyObject *, PyObject *, void (*)(int *))’ {aka ‘struct _object * (*)(const struct _object *, struct _object *, struct _object *, void (*)(int *))’} to ‘void (*)(int *, npy_intp *, void (*)(char *, npy_intp *), int *)’ {aka ‘void (*)(int *, long int *, void (*)(char *, long int *), int *)’} [-Wcast-function-type]
60248 |     {"f90wrap_boozer_coordinates_mod__get__n_phi_b",-1,{{-1}},0,0,(char *)  F_FUNC_US(f90wrap_boozer_coordinates_mod__get__n_phi_b,F90WRAP_BOOZER_COORDINATES_MOD__GET__N_PHI_B),  (f2py_init_func)f2py_rout__pysimple_f90wrap_boozer_coordinates_mod__get__n_phi_b,doc_f2py_rout__pysimple_f90wrap_boozer_coordinates_mod__get__n_phi_b},
      |                                                                                                                                                                                    ^
/proj/plasma/CODE/ert/SIMPLE/build/python/_pysimplemodule.c:60249:180: warning: cast between incompatible function types from ‘PyObject * (*)(const PyObject *, PyObject *, PyObject *, void (*)(int *))’ {aka ‘struct _object * (*)(const struct _object *, struct _object *, struct _object *, void (*)(int *))’} to ‘void (*)(int *, npy_intp *, void (*)(char *, npy_intp *), int *)’ {aka ‘void (*)(int *, long int *, void (*)(char *, long int *), int *)’} [-Wcast-function-type]
60249 |     {"f90wrap_boozer_coordinates_mod__set__n_phi_b",-1,{{-1}},0,0,(char *)  F_FUNC_US(f90wrap_boozer_coordinates_mod__set__n_phi_b,F90WRAP_BOOZER_COORDINATES_MOD__SET__N_PHI_B),  (f2py_init_func)f2py_rout__pysimple_f90wrap_boozer_coordinates_mod__set__n_phi_b,doc_f2py_rout__pysimple_f90wrap_boozer_coordinates_mod__set__n_phi_b},
      |                                                                                                                                                                                    ^
/proj/plasma/CODE/ert/SIMPLE/build/python/_pysimplemodule.c:60250:171: warning: cast between incompatible function types from ‘PyObject * (*)(const PyObject *, PyObject *, PyObject *, void (*)(double *))’ {aka ‘struct _object * (*)(const struct _object *, struct _object *, struct _object *, void (*)(double *))’} to ‘void (*)(int *, npy_intp *, void (*)(char *, npy_intp *), int *)’ {aka ‘void (*)(int *, long int *, void (*)(char *, long int *), int *)’} [-Wcast-function-type]
60250 |     {"f90wrap_boozer_coordinates_mod__get__hs_b",-1,{{-1}},0,0,(char *)  F_FUNC_US(f90wrap_boozer_coordinates_mod__get__hs_b,F90WRAP_BOOZER_COORDINATES_MOD__GET__HS_B),  (f2py_init_func)f2py_rout__pysimple_f90wrap_boozer_coordinates_mod__get__hs_b,doc_f2py_rout__pysimple_f90wrap_boozer_coordinates_mod__get__hs_b},
      |                                                                                                                                                                           ^
/proj/plasma/CODE/ert/SIMPLE/build/python/_pysimplemodule.c:60251:171: warning: cast between incompatible function types from ‘PyObject * (*)(const PyObject *, PyObject *, PyObject *, void (*)(double *))’ {aka ‘struct _object * (*)(const struct _object *, struct _object *, struct _object *, void (*)(double *))’} to ‘void (*)(int *, npy_intp *, void (*)(char *, npy_intp *), int *)’ {aka ‘void (*)(int *, long int *, void (*)(char *, long int *), int *)’} [-Wcast-function-type]
60251 |     {"f90wrap_boozer_coordinates_mod__set__hs_b",-1,{{-1}},0,0,(char *)  F_FUNC_US(f90wrap_boozer_coordinates_mod__set__hs_b,F90WRAP_BOOZER_COORDINATES_MOD__SET__HS_B),  (f2py_init_func)f2py_rout__pysimple_f90wrap_boozer_coordinates_mod__set__hs_b,doc_f2py_rout__pysimple_f90wrap_boozer_coordinates_mod__set__hs_b},
      |                                                                                                                                                                           ^
/proj/plasma/CODE/ert/SIMPLE/build/python/_pysimplemodule.c:60252:186: warning: cast between incompatible function types from ‘PyObject * (*)(const PyObject *, PyObject *, PyObject *, void (*)(double *))’ {aka ‘struct _object * (*)(const struct _object *, struct _object *, struct _object *, void (*)(double *))’} to ‘void (*)(int *, npy_intp *, void (*)(char *, npy_intp *), int *)’ {aka ‘void (*)(int *, long int *, void (*)(char *, long int *), int *)’} [-Wcast-function-type]
60252 |     {"f90wrap_boozer_coordinates_mod__get__h_theta_b",-1,{{-1}},0,0,(char *)  F_FUNC_US(f90wrap_boozer_coordinates_mod__get__h_theta_b,F90WRAP_BOOZER_COORDINATES_MOD__GET__H_THETA_B),  (f2py_init_func)f2py_rout__pysimple_f90wrap_boozer_coordinates_mod__get__h_theta_b,doc_f2py_rout__pysimple_f90wrap_boozer_coordinates_mod__get__h_theta_b},
      |                                                                                                                                                                                          ^
/proj/plasma/CODE/ert/SIMPLE/build/python/_pysimplemodule.c:60253:186: warning: cast between incompatible function types from ‘PyObject * (*)(const PyObject *, PyObject *, PyObject *, void (*)(double *))’ {aka ‘struct _object * (*)(const struct _object *, struct _object *, struct _object *, void (*)(double *))’} to ‘void (*)(int *, npy_intp *, void (*)(char *, npy_intp *), int *)’ {aka ‘void (*)(int *, long int *, void (*)(char *, long int *), int *)’} [-Wcast-function-type]
60253 |     {"f90wrap_boozer_coordinates_mod__set__h_theta_b",-1,{{-1}},0,0,(char *)  F_FUNC_US(f90wrap_boozer_coordinates_mod__set__h_theta_b,F90WRAP_BOOZER_COORDINATES_MOD__SET__H_THETA_B),  (f2py_init_func)f2py_rout__pysimple_f90wrap_boozer_coordinates_mod__set__h_theta_b,doc_f2py_rout__pysimple_f90wrap_boozer_coordinates_mod__set__h_theta_b},
      |                                                                                                                                                                                          ^
/proj/plasma/CODE/ert/SIMPLE/build/python/_pysimplemodule.c:60254:180: warning: cast between incompatible function types from ‘PyObject * (*)(const PyObject *, PyObject *, PyObject *, void (*)(double *))’ {aka ‘struct _object * (*)(const struct _object *, struct _object *, struct _object *, void (*)(double *))’} to ‘void (*)(int *, npy_intp *, void (*)(char *, npy_intp *), int *)’ {aka ‘void (*)(int *, long int *, void (*)(char *, long int *), int *)’} [-Wcast-function-type]
60254 |     {"f90wrap_boozer_coordinates_mod__get__h_phi_b",-1,{{-1}},0,0,(char *)  F_FUNC_US(f90wrap_boozer_coordinates_mod__get__h_phi_b,F90WRAP_BOOZER_COORDINATES_MOD__GET__H_PHI_B),  (f2py_init_func)f2py_rout__pysimple_f90wrap_boozer_coordinates_mod__get__h_phi_b,doc_f2py_rout__pysimple_f90wrap_boozer_coordinates_mod__get__h_phi_b},
      |                                                                                                                                                                                    ^
/proj/plasma/CODE/ert/SIMPLE/build/python/_pysimplemodule.c:60255:180: warning: cast between incompatible function types from ‘PyObject * (*)(const PyObject *, PyObject *, PyObject *, void (*)(double *))’ {aka ‘struct _object * (*)(const struct _object *, struct _object *, struct _object *, void (*)(double *))’} to ‘void (*)(int *, npy_intp *, void (*)(char *, npy_intp *), int *)’ {aka ‘void (*)(int *, long int *, void (*)(char *, long int *), int *)’} [-Wcast-function-type]
60255 |     {"f90wrap_boozer_coordinates_mod__set__h_phi_b",-1,{{-1}},0,0,(char *)  F_FUNC_US(f90wrap_boozer_coordinates_mod__set__h_phi_b,F90WRAP_BOOZER_COORDINATES_MOD__SET__H_PHI_B),  (f2py_init_func)f2py_rout__pysimple_f90wrap_boozer_coordinates_mod__set__h_phi_b,doc_f2py_rout__pysimple_f90wrap_boozer_coordinates_mod__set__h_phi_b},
      |                                                                                                                                                                                    ^
/proj/plasma/CODE/ert/SIMPLE/build/python/_pysimplemodule.c:60256:180: warning: cast between incompatible function types from ‘PyObject * (*)(const PyObject *, PyObject *, PyObject *, void (*)(int *, int *, int *, int *, long_long *))’ {aka ‘struct _object * (*)(const struct _object *, struct _object *, struct _object *, void (*)(int *, int *, int *, int *, long long int *))’} to ‘void (*)(int *, npy_intp *, void (*)(char *, npy_intp *), int *)’ {aka ‘void (*)(int *, long int *, void (*)(char *, long int *), int *)’} [-Wcast-function-type]
60256 |     {"f90wrap_boozer_coordinates_mod__array__derf1",-1,{{-1}},0,0,(char *)  F_FUNC_US(f90wrap_boozer_coordinates_mod__array__derf1,F90WRAP_BOOZER_COORDINATES_MOD__ARRAY__DERF1),  (f2py_init_func)f2py_rout__pysimple_f90wrap_boozer_coordinates_mod__array__derf1,doc_f2py_rout__pysimple_f90wrap_boozer_coordinates_mod__array__derf1},
      |                                                                                                                                                                                    ^
/proj/plasma/CODE/ert/SIMPLE/build/python/_pysimplemodule.c:60257:180: warning: cast between incompatible function types from ‘PyObject * (*)(const PyObject *, PyObject *, PyObject *, void (*)(int *, int *, int *, int *, long_long *))’ {aka ‘struct _object * (*)(const struct _object *, struct _object *, struct _object *, void (*)(int *, int *, int *, int *, long long int *))’} to ‘void (*)(int *, npy_intp *, void (*)(char *, npy_intp *), int *)’ {aka ‘void (*)(int *, long int *, void (*)(char *, long int *), int *)’} [-Wcast-function-type]
60257 |     {"f90wrap_boozer_coordinates_mod__array__derf2",-1,{{-1}},0,0,(char *)  F_FUNC_US(f90wrap_boozer_coordinates_mod__array__derf2,F90WRAP_BOOZER_COORDINATES_MOD__ARRAY__DERF2),  (f2py_init_func)f2py_rout__pysimple_f90wrap_boozer_coordinates_mod__array__derf2,doc_f2py_rout__pysimple_f90wrap_boozer_coordinates_mod__array__derf2},
      |                                                                                                                                                                                    ^
/proj/plasma/CODE/ert/SIMPLE/build/python/_pysimplemodule.c:60258:180: warning: cast between incompatible function types from ‘PyObject * (*)(const PyObject *, PyObject *, PyObject *, void (*)(int *, int *, int *, int *, long_long *))’ {aka ‘struct _object * (*)(const struct _object *, struct _object *, struct _object *, void (*)(int *, int *, int *, int *, long long int *))’} to ‘void (*)(int *, npy_intp *, void (*)(char *, npy_intp *), int *)’ {aka ‘void (*)(int *, long int *, void (*)(char *, long int *), int *)’} [-Wcast-function-type]
60258 |     {"f90wrap_boozer_coordinates_mod__array__derf3",-1,{{-1}},0,0,(char *)  F_FUNC_US(f90wrap_boozer_coordinates_mod__array__derf3,F90WRAP_BOOZER_COORDINATES_MOD__ARRAY__DERF3),  (f2py_init_func)f2py_rout__pysimple_f90wrap_boozer_coordinates_mod__array__derf3,doc_f2py_rout__pysimple_f90wrap_boozer_coordinates_mod__array__derf3},
      |                                                                                                                                                                                    ^
/proj/plasma/CODE/ert/SIMPLE/build/python/_pysimplemodule.c:60259:204: warning: cast between incompatible function types from ‘PyObject * (*)(const PyObject *, PyObject *, PyObject *, void (*)(int *, int *, int *, int *, long_long *))’ {aka ‘struct _object * (*)(const struct _object *, struct _object *, struct _object *, void (*)(int *, int *, int *, int *, long long int *))’} to ‘void (*)(int *, npy_intp *, void (*)(char *, npy_intp *), int *)’ {aka ‘void (*)(int *, long int *, void (*)(char *, long int *), int *)’} [-Wcast-function-type]
60259 |     {"f90wrap_boozer_coordinates_mod__array__s_bcovar_tp_b",-1,{{-1}},0,0,(char *)  F_FUNC_US(f90wrap_boozer_coordinates_mod__array__s_bcovar_tp_b,F90WRAP_BOOZER_COORDINATES_MOD__ARRAY__S_BCOVAR_TP_B),  (f2py_init_func)f2py_rout__pysimple_f90wrap_boozer_coordinates_mod__array__s_bcovar_tp_b,doc_f2py_rout__pysimple_f90wrap_boozer_coordinates_mod__array__s_bcovar_tp_b},
      |                                                                                                                                                                                                            ^
/proj/plasma/CODE/ert/SIMPLE/build/python/_pysimplemodule.c:60260:189: warning: cast between incompatible function types from ‘PyObject * (*)(const PyObject *, PyObject *, PyObject *, void (*)(int *, int *, int *, int *, long_long *))’ {aka ‘struct _object * (*)(const struct _object *, struct _object *, struct _object *, void (*)(int *, int *, int *, int *, long long int *))’} to ‘void (*)(int *, npy_intp *, void (*)(char *, npy_intp *), int *)’ {aka ‘void (*)(int *, long int *, void (*)(char *, long int *), int *)’} [-Wcast-function-type]
60260 |     {"f90wrap_boozer_coordinates_mod__array__s_bmod_b",-1,{{-1}},0,0,(char *)  F_FUNC_US(f90wrap_boozer_coordinates_mod__array__s_bmod_b,F90WRAP_BOOZER_COORDINATES_MOD__ARRAY__S_BMOD_B),  (f2py_init_func)f2py_rout__pysimple_f90wrap_boozer_coordinates_mod__array__s_bmod_b,doc_f2py_rout__pysimple_f90wrap_boozer_coordinates_mod__array__s_bmod_b},
      |                                                                                                                                                                                             ^
/proj/plasma/CODE/ert/SIMPLE/build/python/_pysimplemodule.c:60261:201: warning: cast between incompatible function types from ‘PyObject * (*)(const PyObject *, PyObject *, PyObject *, void (*)(int *, int *, int *, int *, long_long *))’ {aka ‘struct _object * (*)(const struct _object *, struct _object *, struct _object *, void (*)(int *, int *, int *, int *, long long int *))’} to ‘void (*)(int *, npy_intp *, void (*)(char *, npy_intp *), int *)’ {aka ‘void (*)(int *, long int *, void (*)(char *, long int *), int *)’} [-Wcast-function-type]
60261 |     {"f90wrap_boozer_coordinates_mod__array__s_bcovar_r_b",-1,{{-1}},0,0,(char *)  F_FUNC_US(f90wrap_boozer_coordinates_mod__array__s_bcovar_r_b,F90WRAP_BOOZER_COORDINATES_MOD__ARRAY__S_BCOVAR_R_B),  (f2py_init_func)f2py_rout__pysimple_f90wrap_boozer_coordinates_mod__array__s_bcovar_r_b,doc_f2py_rout__pysimple_f90wrap_boozer_coordinates_mod__array__s_bcovar_r_b},
      |                                                                                                                                                                                                         ^
/proj/plasma/CODE/ert/SIMPLE/build/python/_pysimplemodule.c:60262:204: warning: cast between incompatible function types from ‘PyObject * (*)(const PyObject *, PyObject *, PyObject *, void (*)(int *, int *, int *, int *, long_long *))’ {aka ‘struct _object * (*)(const struct _object *, struct _object *, struct _object *, void (*)(int *, int *, int *, int *, long long int *))’} to ‘void (*)(int *, npy_intp *, void (*)(char *, npy_intp *), int *)’ {aka ‘void (*)(int *, long int *, void (*)(char *, long int *), int *)’} [-Wcast-function-type]
60262 |     {"f90wrap_boozer_coordinates_mod__array__s_delt_delp_v",-1,{{-1}},0,0,(char *)  F_FUNC_US(f90wrap_boozer_coordinates_mod__array__s_delt_delp_v,F90WRAP_BOOZER_COORDINATES_MOD__ARRAY__S_DELT_DELP_V),  (f2py_init_func)f2py_rout__pysimple_f90wrap_boozer_coordinates_mod__array__s_delt_delp_v,doc_f2py_rout__pysimple_f90wrap_boozer_coordinates_mod__array__s_delt_delp_v},
      |                                                                                                                                                                                                            ^
/proj/plasma/CODE/ert/SIMPLE/build/python/_pysimplemodule.c:60263:204: warning: cast between incompatible function types from ‘PyObject * (*)(const PyObject *, PyObject *, PyObject *, void (*)(int *, int *, int *, int *, long_long *))’ {aka ‘struct _object * (*)(const struct _object *, struct _object *, struct _object *, void (*)(int *, int *, int *, int *, long long int *))’} to ‘void (*)(int *, npy_intp *, void (*)(char *, npy_intp *), int *)’ {aka ‘void (*)(int *, long int *, void (*)(char *, long int *), int *)’} [-Wcast-function-type]
60263 |     {"f90wrap_boozer_coordinates_mod__array__s_delt_delp_b",-1,{{-1}},0,0,(char *)  F_FUNC_US(f90wrap_boozer_coordinates_mod__array__s_delt_delp_b,F90WRAP_BOOZER_COORDINATES_MOD__ARRAY__S_DELT_DELP_B),  (f2py_init_func)f2py_rout__pysimple_f90wrap_boozer_coordinates_mod__array__s_delt_delp_b,doc_f2py_rout__pysimple_f90wrap_boozer_coordinates_mod__array__s_delt_delp_b},
      |                                                                                                                                                                                                            ^
/proj/plasma/CODE/ert/SIMPLE/build/python/_pysimplemodule.c:60264:159: warning: cast between incompatible function types from ‘PyObject * (*)(const PyObject *, PyObject *, PyObject *, void (*)(int *))’ {aka ‘struct _object * (*)(const struct _object *, struct _object *, struct _object *, void (*)(int *))’} to ‘void (*)(int *, npy_intp *, void (*)(char *, npy_intp *), int *)’ {aka ‘void (*)(int *, long int *, void (*)(char *, long int *), int *)’} [-Wcast-function-type]
60264 |     {"f90wrap_velo_mod__get__isw_field_type",-1,{{-1}},0,0,(char *)  F_FUNC_US(f90wrap_velo_mod__get__isw_field_type,F90WRAP_VELO_MOD__GET__ISW_FIELD_TYPE),  (f2py_init_func)f2py_rout__pysimple_f90wrap_velo_mod__get__isw_field_type,doc_f2py_rout__pysimple_f90wrap_velo_mod__get__isw_field_type},
      |                                                                                                                                                               ^
/proj/plasma/CODE/ert/SIMPLE/build/python/_pysimplemodule.c:60265:159: warning: cast between incompatible function types from ‘PyObject * (*)(const PyObject *, PyObject *, PyObject *, void (*)(int *))’ {aka ‘struct _object * (*)(const struct _object *, struct _object *, struct _object *, void (*)(int *))’} to ‘void (*)(int *, npy_intp *, void (*)(char *, npy_intp *), int *)’ {aka ‘void (*)(int *, long int *, void (*)(char *, long int *), int *)’} [-Wcast-function-type]
60265 |     {"f90wrap_velo_mod__set__isw_field_type",-1,{{-1}},0,0,(char *)  F_FUNC_US(f90wrap_velo_mod__set__isw_field_type,F90WRAP_VELO_MOD__SET__ISW_FIELD_TYPE),  (f2py_init_func)f2py_rout__pysimple_f90wrap_velo_mod__set__isw_field_type,doc_f2py_rout__pysimple_f90wrap_velo_mod__set__isw_field_type},
      |                                                                                                                                                               ^
/proj/plasma/CODE/ert/SIMPLE/build/python/_pysimplemodule.c:60266:144: warning: cast between incompatible function types from ‘PyObject * (*)(const PyObject *, PyObject *, PyObject *, void (*)(int *))’ {aka ‘struct _object * (*)(const struct _object *, struct _object *, struct _object *, void (*)(int *))’} to ‘void (*)(int *, npy_intp *, void (*)(char *, npy_intp *), int *)’ {aka ‘void (*)(int *, long int *, void (*)(char *, long int *), int *)’} [-Wcast-function-type]
60266 |     {"f90wrap_gbpi_mod__get__ierrfield",-1,{{-1}},0,0,(char *)  F_FUNC_US(f90wrap_gbpi_mod__get__ierrfield,F90WRAP_GBPI_MOD__GET__IERRFIELD),  (f2py_init_func)f2py_rout__pysimple_f90wrap_gbpi_mod__get__ierrfield,doc_f2py_rout__pysimple_f90wrap_gbpi_mod__get__ierrfield},
      |                                                                                                                                                ^
/proj/plasma/CODE/ert/SIMPLE/build/python/_pysimplemodule.c:60267:144: warning: cast between incompatible function types from ‘PyObject * (*)(const PyObject *, PyObject *, PyObject *, void (*)(int *))’ {aka ‘struct _object * (*)(const struct _object *, struct _object *, struct _object *, void (*)(int *))’} to ‘void (*)(int *, npy_intp *, void (*)(char *, npy_intp *), int *)’ {aka ‘void (*)(int *, long int *, void (*)(char *, long int *), int *)’} [-Wcast-function-type]
60267 |     {"f90wrap_gbpi_mod__set__ierrfield",-1,{{-1}},0,0,(char *)  F_FUNC_US(f90wrap_gbpi_mod__set__ierrfield,F90WRAP_GBPI_MOD__SET__IERRFIELD),  (f2py_init_func)f2py_rout__pysimple_f90wrap_gbpi_mod__set__ierrfield,doc_f2py_rout__pysimple_f90wrap_gbpi_mod__set__ierrfield},
      |                                                                                                                                                ^
/proj/plasma/CODE/ert/SIMPLE/build/python/_pysimplemodule.c:60268:135: warning: cast between incompatible function types from ‘PyObject * (*)(const PyObject *, PyObject *, PyObject *, void (*)(int *))’ {aka ‘struct _object * (*)(const struct _object *, struct _object *, struct _object *, void (*)(int *))’} to ‘void (*)(int *, npy_intp *, void (*)(char *, npy_intp *), int *)’ {aka ‘void (*)(int *, long int *, void (*)(char *, long int *), int *)’} [-Wcast-function-type]
60268 |     {"f90wrap_diag_mod__get__dodiag",-1,{{-1}},0,0,(char *)  F_FUNC_US(f90wrap_diag_mod__get__dodiag,F90WRAP_DIAG_MOD__GET__DODIAG),  (f2py_init_func)f2py_rout__pysimple_f90wrap_diag_mod__get__dodiag,doc_f2py_rout__pysimple_f90wrap_diag_mod__get__dodiag},
      |                                                                                                                                       ^
/proj/plasma/CODE/ert/SIMPLE/build/python/_pysimplemodule.c:60269:135: warning: cast between incompatible function types from ‘PyObject * (*)(const PyObject *, PyObject *, PyObject *, void (*)(int *))’ {aka ‘struct _object * (*)(const struct _object *, struct _object *, struct _object *, void (*)(int *))’} to ‘void (*)(int *, npy_intp *, void (*)(char *, npy_intp *), int *)’ {aka ‘void (*)(int *, long int *, void (*)(char *, long int *), int *)’} [-Wcast-function-type]
60269 |     {"f90wrap_diag_mod__set__dodiag",-1,{{-1}},0,0,(char *)  F_FUNC_US(f90wrap_diag_mod__set__dodiag,F90WRAP_DIAG_MOD__SET__DODIAG),  (f2py_init_func)f2py_rout__pysimple_f90wrap_diag_mod__set__dodiag,doc_f2py_rout__pysimple_f90wrap_diag_mod__set__dodiag},
      |                                                                                                                                       ^
/proj/plasma/CODE/ert/SIMPLE/build/python/_pysimplemodule.c:60270:141: warning: cast between incompatible function types from ‘PyObject * (*)(const PyObject *, PyObject *, PyObject *, void (*)(long_long *))’ {aka ‘struct _object * (*)(const struct _object *, struct _object *, struct _object *, void (*)(long long int *))’} to ‘void (*)(int *, npy_intp *, void (*)(char *, npy_intp *), int *)’ {aka ‘void (*)(int *, long int *, void (*)(char *, long int *), int *)’} [-Wcast-function-type]
60270 |     {"f90wrap_diag_mod__get__icounter",-1,{{-1}},0,0,(char *)  F_FUNC_US(f90wrap_diag_mod__get__icounter,F90WRAP_DIAG_MOD__GET__ICOUNTER),  (f2py_init_func)f2py_rout__pysimple_f90wrap_diag_mod__get__icounter,doc_f2py_rout__pysimple_f90wrap_diag_mod__get__icounter},
      |                                                                                                                                             ^
/proj/plasma/CODE/ert/SIMPLE/build/python/_pysimplemodule.c:60271:141: warning: cast between incompatible function types from ‘PyObject * (*)(const PyObject *, PyObject *, PyObject *, void (*)(long_long *))’ {aka ‘struct _object * (*)(const struct _object *, struct _object *, struct _object *, void (*)(long long int *))’} to ‘void (*)(int *, npy_intp *, void (*)(char *, npy_intp *), int *)’ {aka ‘void (*)(int *, long int *, void (*)(char *, long int *), int *)’} [-Wcast-function-type]
60271 |     {"f90wrap_diag_mod__set__icounter",-1,{{-1}},0,0,(char *)  F_FUNC_US(f90wrap_diag_mod__set__icounter,F90WRAP_DIAG_MOD__SET__ICOUNTER),  (f2py_init_func)f2py_rout__pysimple_f90wrap_diag_mod__set__icounter,doc_f2py_rout__pysimple_f90wrap_diag_mod__set__icounter},
      |                                                                                                                                             ^
/proj/plasma/CODE/ert/SIMPLE/build/python/_pysimplemodule.c:60279:5: warning: missing initializer for field ‘ml_flags’ of ‘PyMethodDef’ [-Wmissing-field-initializers]
60279 |     {NULL,NULL}
      |     ^
In file included from /usr/include/python3.11/Python.h:65,
                 from /proj/plasma/CODE/ert/SIMPLE/build/python/_pysimplemodule.c:18:
/usr/include/python3.11/methodobject.h:57:17: note: ‘ml_flags’ declared here
   57 |     int         ml_flags;   /* Combination of METH_xxx flags, which mostly
      |                 ^~~~~~~~
cc1: note: unrecognized command-line option ‘-Wno-external-argument-mismatch’ may have been intended to silence earlier diagnostics
[503/504] Linking C shared library _pysimple.cpython-311-x86_64-linux-gnu.so
/proj/plasma/CODE/ert/SIMPLE/build/python/_pysimplemodule.c:1115:13: warning: type of ‘f90wrap_diag_mod__set__dodiag_’ does not match original declaration [-Wlto-type-mismatch]
 1115 | extern void F_FUNC_US(f90wrap_diag_mod__set__dodiag,F90WRAP_DIAG_MOD__SET__DODIAG)(int*);
      |             ^
/proj/plasma/CODE/ert/SIMPLE/build/python/f90wrap_canonical_coordinates_mod.f90.f90:1927:40: note: ‘f90wrap_diag_mod__set__dodiag’ was previously declared here
 1927 | subroutine f90wrap_diag_mod__set__dodiag(f90wrap_dodiag)
      |                                        ^
/proj/plasma/CODE/ert/SIMPLE/build/python/f90wrap_canonical_coordinates_mod.f90.f90:1927:40: note: code may be misoptimized unless ‘-fno-strict-aliasing’ is used
/proj/plasma/CODE/ert/SIMPLE/build/python/_pysimplemodule.c:1114:13: warning: type of ‘f90wrap_diag_mod__get__dodiag_’ does not match original declaration [-Wlto-type-mismatch]
 1114 | extern void F_FUNC_US(f90wrap_diag_mod__get__dodiag,F90WRAP_DIAG_MOD__GET__DODIAG)(int*);
      |             ^
/proj/plasma/CODE/ert/SIMPLE/build/python/f90wrap_canonical_coordinates_mod.f90.f90:1919:40: note: ‘f90wrap_diag_mod__get__dodiag’ was previously declared here
 1919 | subroutine f90wrap_diag_mod__get__dodiag(f90wrap_dodiag)
      |                                        ^
/proj/plasma/CODE/ert/SIMPLE/build/python/f90wrap_canonical_coordinates_mod.f90.f90:1919:40: note: code may be misoptimized unless ‘-fno-strict-aliasing’ is used
/proj/plasma/CODE/ert/SIMPLE/build/python/_pysimplemodule.c:1085:13: warning: type of ‘f90wrap_boozer_coordinates_mod__set__use_del_tp_b_’ does not match original declaration [-Wlto-type-mismatch]
 1085 | extern void F_FUNC_US(f90wrap_boozer_coordinates_mod__set__use_del_tp_b,F90WRAP_BOOZER_COORDINATES_MOD__SET__USE_DEL_TP_B)(int*);
      |             ^
/proj/plasma/CODE/ert/SIMPLE/build/python/f90wrap_canonical_coordinates_mod.f90.f90:1591:60: note: ‘f90wrap_boozer_coordinates_mod__set__use_del_tp_b’ was previously declared here
 1591 | subroutine f90wrap_boozer_coordinates_mod__set__use_del_tp_b(f90wrap_use_del_tp_B)
      |                                                            ^
/proj/plasma/CODE/ert/SIMPLE/build/python/f90wrap_canonical_coordinates_mod.f90.f90:1591:60: note: code may be misoptimized unless ‘-fno-strict-aliasing’ is used
/proj/plasma/CODE/ert/SIMPLE/build/python/_pysimplemodule.c:1084:13: warning: type of ‘f90wrap_boozer_coordinates_mod__get__use_del_tp_b_’ does not match original declaration [-Wlto-type-mismatch]
 1084 | extern void F_FUNC_US(f90wrap_boozer_coordinates_mod__get__use_del_tp_b,F90WRAP_BOOZER_COORDINATES_MOD__GET__USE_DEL_TP_B)(int*);
      |             ^
/proj/plasma/CODE/ert/SIMPLE/build/python/f90wrap_canonical_coordinates_mod.f90.f90:1583:60: note: ‘f90wrap_boozer_coordinates_mod__get__use_del_tp_b’ was previously declared here
 1583 | subroutine f90wrap_boozer_coordinates_mod__get__use_del_tp_b(f90wrap_use_del_tp_B)
      |                                                            ^
/proj/plasma/CODE/ert/SIMPLE/build/python/f90wrap_canonical_coordinates_mod.f90.f90:1583:60: note: code may be misoptimized unless ‘-fno-strict-aliasing’ is used
/proj/plasma/CODE/ert/SIMPLE/build/python/_pysimplemodule.c:1083:13: warning: type of ‘f90wrap_boozer_coordinates_mod__set__use_b_r_’ does not match original declaration [-Wlto-type-mismatch]
 1083 | extern void F_FUNC_US(f90wrap_boozer_coordinates_mod__set__use_b_r,F90WRAP_BOOZER_COORDINATES_MOD__SET__USE_B_R)(int*);
      |             ^
/proj/plasma/CODE/ert/SIMPLE/build/python/f90wrap_canonical_coordinates_mod.f90.f90:1575:55: note: ‘f90wrap_boozer_coordinates_mod__set__use_b_r’ was previously declared here
 1575 | subroutine f90wrap_boozer_coordinates_mod__set__use_b_r(f90wrap_use_B_r)
      |                                                       ^
/proj/plasma/CODE/ert/SIMPLE/build/python/f90wrap_canonical_coordinates_mod.f90.f90:1575:55: note: code may be misoptimized unless ‘-fno-strict-aliasing’ is used
/proj/plasma/CODE/ert/SIMPLE/build/python/_pysimplemodule.c:1082:13: warning: type of ‘f90wrap_boozer_coordinates_mod__get__use_b_r_’ does not match original declaration [-Wlto-type-mismatch]
 1082 | extern void F_FUNC_US(f90wrap_boozer_coordinates_mod__get__use_b_r,F90WRAP_BOOZER_COORDINATES_MOD__GET__USE_B_R)(int*);
      |             ^
/proj/plasma/CODE/ert/SIMPLE/build/python/f90wrap_canonical_coordinates_mod.f90.f90:1567:55: note: ‘f90wrap_boozer_coordinates_mod__get__use_b_r’ was previously declared here
 1567 | subroutine f90wrap_boozer_coordinates_mod__get__use_b_r(f90wrap_use_B_r)
      |                                                       ^
/proj/plasma/CODE/ert/SIMPLE/build/python/f90wrap_canonical_coordinates_mod.f90.f90:1567:55: note: code may be misoptimized unless ‘-fno-strict-aliasing’ is used
/proj/plasma/CODE/ert/SIMPLE/build/python/_pysimplemodule.c:1008:13: warning: type of ‘f90wrap_new_vmec_stuff_mod__set__old_axis_healing_boundary_’ does not match original declaration [-Wlto-type-mismatch]
 1008 | extern void F_FUNC_US(f90wrap_new_vmec_stuff_mod__set__old_axis_healing_boundary,F90WRAP_NEW_VMEC_STUFF_MOD__SET__OLD_AXIS_HEALING_BOUNDARY)(int*);
      |             ^
/proj/plasma/CODE/ert/SIMPLE/build/python/f90wrap_canonical_coordinates_mod.f90.f90:659:69: note: ‘f90wrap_new_vmec_stuff_mod__set__old_axis_healing_boundary’ was previously declared here
  659 | subroutine f90wrap_new_vmec_stuff_mod__set__old_axis_healing_boundary(f90wrap_old_axis_healing_boundary)
      |                                                                     ^
/proj/plasma/CODE/ert/SIMPLE/build/python/f90wrap_canonical_coordinates_mod.f90.f90:659:69: note: code may be misoptimized unless ‘-fno-strict-aliasing’ is used
/proj/plasma/CODE/ert/SIMPLE/build/python/_pysimplemodule.c:1007:13: warning: type of ‘f90wrap_new_vmec_stuff_mod__get__old_axis_healing_boundary_’ does not match original declaration [-Wlto-type-mismatch]
 1007 | extern void F_FUNC_US(f90wrap_new_vmec_stuff_mod__get__old_axis_healing_boundary,F90WRAP_NEW_VMEC_STUFF_MOD__GET__OLD_AXIS_HEALING_BOUNDARY)(int*);
      |             ^
/proj/plasma/CODE/ert/SIMPLE/build/python/f90wrap_canonical_coordinates_mod.f90.f90:651:69: note: ‘f90wrap_new_vmec_stuff_mod__get__old_axis_healing_boundary’ was previously declared here
  651 | subroutine f90wrap_new_vmec_stuff_mod__get__old_axis_healing_boundary(f90wrap_old_axis_healing_boundary)
      |                                                                     ^
/proj/plasma/CODE/ert/SIMPLE/build/python/f90wrap_canonical_coordinates_mod.f90.f90:651:69: note: code may be misoptimized unless ‘-fno-strict-aliasing’ is used
/proj/plasma/CODE/ert/SIMPLE/build/python/_pysimplemodule.c:1006:13: warning: type of ‘f90wrap_new_vmec_stuff_mod__set__old_axis_healing_’ does not match original declaration [-Wlto-type-mismatch]
 1006 | extern void F_FUNC_US(f90wrap_new_vmec_stuff_mod__set__old_axis_healing,F90WRAP_NEW_VMEC_STUFF_MOD__SET__OLD_AXIS_HEALING)(int*);
      |             ^
/proj/plasma/CODE/ert/SIMPLE/build/python/f90wrap_canonical_coordinates_mod.f90.f90:643:60: note: ‘f90wrap_new_vmec_stuff_mod__set__old_axis_healing’ was previously declared here
  643 | subroutine f90wrap_new_vmec_stuff_mod__set__old_axis_healing(f90wrap_old_axis_healing)
      |                                                            ^
/proj/plasma/CODE/ert/SIMPLE/build/python/f90wrap_canonical_coordinates_mod.f90.f90:643:60: note: code may be misoptimized unless ‘-fno-strict-aliasing’ is used
/proj/plasma/CODE/ert/SIMPLE/build/python/_pysimplemodule.c:1005:13: warning: type of ‘f90wrap_new_vmec_stuff_mod__get__old_axis_healing_’ does not match original declaration [-Wlto-type-mismatch]
 1005 | extern void F_FUNC_US(f90wrap_new_vmec_stuff_mod__get__old_axis_healing,F90WRAP_NEW_VMEC_STUFF_MOD__GET__OLD_AXIS_HEALING)(int*);
      |             ^
/proj/plasma/CODE/ert/SIMPLE/build/python/f90wrap_canonical_coordinates_mod.f90.f90:635:60: note: ‘f90wrap_new_vmec_stuff_mod__get__old_axis_healing’ was previously declared here
  635 | subroutine f90wrap_new_vmec_stuff_mod__get__old_axis_healing(f90wrap_old_axis_healing)
      |                                                            ^
/proj/plasma/CODE/ert/SIMPLE/build/python/f90wrap_canonical_coordinates_mod.f90.f90:635:60: note: code may be misoptimized unless ‘-fno-strict-aliasing’ is used
/proj/plasma/CODE/ert/SIMPLE/build/python/_pysimplemodule.c:952:13: warning: type of ‘f90wrap_chamb_mod__set__rnegflag_’ does not match original declaration [-Wlto-type-mismatch]
  952 | extern void F_FUNC_US(f90wrap_chamb_mod__set__rnegflag,F90WRAP_CHAMB_MOD__SET__RNEGFLAG)(int*);
      |             ^
/proj/plasma/CODE/ert/SIMPLE/build/python/f90wrap_canonical_coordinates_mod.f90.f90:11:43: note: ‘f90wrap_chamb_mod__set__rnegflag’ was previously declared here
   11 | subroutine f90wrap_chamb_mod__set__rnegflag(f90wrap_rnegflag)
      |                                           ^
/proj/plasma/CODE/ert/SIMPLE/build/python/f90wrap_canonical_coordinates_mod.f90.f90:11:43: note: code may be misoptimized unless ‘-fno-strict-aliasing’ is used
/proj/plasma/CODE/ert/SIMPLE/build/python/_pysimplemodule.c:951:13: warning: type of ‘f90wrap_chamb_mod__get__rnegflag_’ does not match original declaration [-Wlto-type-mismatch]
  951 | extern void F_FUNC_US(f90wrap_chamb_mod__get__rnegflag,F90WRAP_CHAMB_MOD__GET__RNEGFLAG)(int*);
      |             ^
/proj/plasma/CODE/ert/SIMPLE/build/python/f90wrap_canonical_coordinates_mod.f90.f90:3:43: note: ‘f90wrap_chamb_mod__get__rnegflag’ was previously declared here
    3 | subroutine f90wrap_chamb_mod__get__rnegflag(f90wrap_rnegflag)
      |                                           ^
/proj/plasma/CODE/ert/SIMPLE/build/python/f90wrap_canonical_coordinates_mod.f90.f90:3:43: note: code may be misoptimized unless ‘-fno-strict-aliasing’ is used
/proj/plasma/CODE/ert/SIMPLE/build/python/_pysimplemodule.c:922:13: warning: type of ‘f90wrap_params__set__reuse_batch_’ does not match original declaration [-Wlto-type-mismatch]
  922 | extern void F_FUNC_US(f90wrap_params__set__reuse_batch,F90WRAP_PARAMS__SET__REUSE_BATCH)(int*);
      |             ^
/proj/plasma/CODE/ert/SIMPLE/build/python/f90wrap_params.f90.f90:1543:43: note: ‘f90wrap_params__set__reuse_batch’ was previously declared here
 1543 | subroutine f90wrap_params__set__reuse_batch(f90wrap_reuse_batch)
      |                                           ^
/proj/plasma/CODE/ert/SIMPLE/build/python/f90wrap_params.f90.f90:1543:43: note: code may be misoptimized unless ‘-fno-strict-aliasing’ is used
/proj/plasma/CODE/ert/SIMPLE/build/python/_pysimplemodule.c:921:13: warning: type of ‘f90wrap_params__get__reuse_batch_’ does not match original declaration [-Wlto-type-mismatch]
  921 | extern void F_FUNC_US(f90wrap_params__get__reuse_batch,F90WRAP_PARAMS__GET__REUSE_BATCH)(int*);
      |             ^
/proj/plasma/CODE/ert/SIMPLE/build/python/f90wrap_params.f90.f90:1535:43: note: ‘f90wrap_params__get__reuse_batch’ was previously declared here
 1535 | subroutine f90wrap_params__get__reuse_batch(f90wrap_reuse_batch)
      |                                           ^
/proj/plasma/CODE/ert/SIMPLE/build/python/f90wrap_params.f90.f90:1535:43: note: code may be misoptimized unless ‘-fno-strict-aliasing’ is used
/proj/plasma/CODE/ert/SIMPLE/build/python/_pysimplemodule.c:912:13: warning: type of ‘f90wrap_params__set__debug_’ does not match original declaration [-Wlto-type-mismatch]
  912 | extern void F_FUNC_US(f90wrap_params__set__debug,F90WRAP_PARAMS__SET__DEBUG)(int*);
      |             ^
/proj/plasma/CODE/ert/SIMPLE/build/python/f90wrap_params.f90.f90:1463:37: note: ‘f90wrap_params__set__debug’ was previously declared here
 1463 | subroutine f90wrap_params__set__debug(f90wrap_debug)
      |                                     ^
/proj/plasma/CODE/ert/SIMPLE/build/python/f90wrap_params.f90.f90:1463:37: note: code may be misoptimized unless ‘-fno-strict-aliasing’ is used
/proj/plasma/CODE/ert/SIMPLE/build/python/_pysimplemodule.c:911:13: warning: type of ‘f90wrap_params__get__debug_’ does not match original declaration [-Wlto-type-mismatch]
  911 | extern void F_FUNC_US(f90wrap_params__get__debug,F90WRAP_PARAMS__GET__DEBUG)(int*);
      |             ^
/proj/plasma/CODE/ert/SIMPLE/build/python/f90wrap_params.f90.f90:1455:37: note: ‘f90wrap_params__get__debug’ was previously declared here
 1455 | subroutine f90wrap_params__get__debug(f90wrap_debug)
      |                                     ^
/proj/plasma/CODE/ert/SIMPLE/build/python/f90wrap_params.f90.f90:1455:37: note: code may be misoptimized unless ‘-fno-strict-aliasing’ is used
/proj/plasma/CODE/ert/SIMPLE/build/python/_pysimplemodule.c:892:13: warning: type of ‘f90wrap_params__set__deterministic_’ does not match original declaration [-Wlto-type-mismatch]
  892 | extern void F_FUNC_US(f90wrap_params__set__deterministic,F90WRAP_PARAMS__SET__DETERMINISTIC)(int*);
      |             ^
/proj/plasma/CODE/ert/SIMPLE/build/python/f90wrap_params.f90.f90:1303:45: note: ‘f90wrap_params__set__deterministic’ was previously declared here
 1303 | subroutine f90wrap_params__set__deterministic(f90wrap_deterministic)
      |                                             ^
/proj/plasma/CODE/ert/SIMPLE/build/python/f90wrap_params.f90.f90:1303:45: note: code may be misoptimized unless ‘-fno-strict-aliasing’ is used
/proj/plasma/CODE/ert/SIMPLE/build/python/_pysimplemodule.c:891:13: warning: type of ‘f90wrap_params__get__deterministic_’ does not match original declaration [-Wlto-type-mismatch]
  891 | extern void F_FUNC_US(f90wrap_params__get__deterministic,F90WRAP_PARAMS__GET__DETERMINISTIC)(int*);
      |             ^
/proj/plasma/CODE/ert/SIMPLE/build/python/f90wrap_params.f90.f90:1295:45: note: ‘f90wrap_params__get__deterministic’ was previously declared here
 1295 | subroutine f90wrap_params__get__deterministic(f90wrap_deterministic)
      |                                             ^
/proj/plasma/CODE/ert/SIMPLE/build/python/f90wrap_params.f90.f90:1295:45: note: code may be misoptimized unless ‘-fno-strict-aliasing’ is used
/proj/plasma/CODE/ert/SIMPLE/build/python/_pysimplemodule.c:864:13: warning: type of ‘f90wrap_params__set__swcoll_’ does not match original declaration [-Wlto-type-mismatch]
  864 | extern void F_FUNC_US(f90wrap_params__set__swcoll,F90WRAP_PARAMS__SET__SWCOLL)(int*);
      |             ^
/proj/plasma/CODE/ert/SIMPLE/build/python/f90wrap_params.f90.f90:1079:38: note: ‘f90wrap_params__set__swcoll’ was previously declared here
 1079 | subroutine f90wrap_params__set__swcoll(f90wrap_swcoll)
      |                                      ^
/proj/plasma/CODE/ert/SIMPLE/build/python/f90wrap_params.f90.f90:1079:38: note: code may be misoptimized unless ‘-fno-strict-aliasing’ is used
/proj/plasma/CODE/ert/SIMPLE/build/python/_pysimplemodule.c:863:13: warning: type of ‘f90wrap_params__get__swcoll_’ does not match original declaration [-Wlto-type-mismatch]
  863 | extern void F_FUNC_US(f90wrap_params__get__swcoll,F90WRAP_PARAMS__GET__SWCOLL)(int*);
      |             ^
/proj/plasma/CODE/ert/SIMPLE/build/python/f90wrap_params.f90.f90:1071:38: note: ‘f90wrap_params__get__swcoll’ was previously declared here
 1071 | subroutine f90wrap_params__get__swcoll(f90wrap_swcoll)
      |                                      ^
/proj/plasma/CODE/ert/SIMPLE/build/python/f90wrap_params.f90.f90:1071:38: note: code may be misoptimized unless ‘-fno-strict-aliasing’ is used
/proj/plasma/CODE/ert/SIMPLE/build/python/_pysimplemodule.c:862:13: warning: type of ‘f90wrap_params__set__fast_class_’ does not match original declaration [-Wlto-type-mismatch]
  862 | extern void F_FUNC_US(f90wrap_params__set__fast_class,F90WRAP_PARAMS__SET__FAST_CLASS)(int*);
      |             ^
/proj/plasma/CODE/ert/SIMPLE/build/python/f90wrap_params.f90.f90:1063:42: note: ‘f90wrap_params__set__fast_class’ was previously declared here
 1063 | subroutine f90wrap_params__set__fast_class(f90wrap_fast_class)
      |                                          ^
/proj/plasma/CODE/ert/SIMPLE/build/python/f90wrap_params.f90.f90:1063:42: note: code may be misoptimized unless ‘-fno-strict-aliasing’ is used
/proj/plasma/CODE/ert/SIMPLE/build/python/_pysimplemodule.c:861:13: warning: type of ‘f90wrap_params__get__fast_class_’ does not match original declaration [-Wlto-type-mismatch]
  861 | extern void F_FUNC_US(f90wrap_params__get__fast_class,F90WRAP_PARAMS__GET__FAST_CLASS)(int*);
      |             ^
/proj/plasma/CODE/ert/SIMPLE/build/python/f90wrap_params.f90.f90:1055:42: note: ‘f90wrap_params__get__fast_class’ was previously declared here
 1055 | subroutine f90wrap_params__get__fast_class(f90wrap_fast_class)
      |                                          ^
/proj/plasma/CODE/ert/SIMPLE/build/python/f90wrap_params.f90.f90:1055:42: note: code may be misoptimized unless ‘-fno-strict-aliasing’ is used
/proj/plasma/CODE/ert/SIMPLE/build/python/_pysimplemodule.c:858:13: warning: type of ‘f90wrap_params__set__class_plot_’ does not match original declaration [-Wlto-type-mismatch]
  858 | extern void F_FUNC_US(f90wrap_params__set__class_plot,F90WRAP_PARAMS__SET__CLASS_PLOT)(int*);
      |             ^
/proj/plasma/CODE/ert/SIMPLE/build/python/f90wrap_params.f90.f90:1031:42: note: ‘f90wrap_params__set__class_plot’ was previously declared here
 1031 | subroutine f90wrap_params__set__class_plot(f90wrap_class_plot)
      |                                          ^
/proj/plasma/CODE/ert/SIMPLE/build/python/f90wrap_params.f90.f90:1031:42: note: code may be misoptimized unless ‘-fno-strict-aliasing’ is used
/proj/plasma/CODE/ert/SIMPLE/build/python/_pysimplemodule.c:857:13: warning: type of ‘f90wrap_params__get__class_plot_’ does not match original declaration [-Wlto-type-mismatch]
  857 | extern void F_FUNC_US(f90wrap_params__get__class_plot,F90WRAP_PARAMS__GET__CLASS_PLOT)(int*);
      |             ^
/proj/plasma/CODE/ert/SIMPLE/build/python/f90wrap_params.f90.f90:1023:42: note: ‘f90wrap_params__get__class_plot’ was previously declared here
 1023 | subroutine f90wrap_params__get__class_plot(f90wrap_class_plot)
      |                                          ^
/proj/plasma/CODE/ert/SIMPLE/build/python/f90wrap_params.f90.f90:1023:42: note: code may be misoptimized unless ‘-fno-strict-aliasing’ is used
/proj/plasma/CODE/ert/SIMPLE/build/python/_pysimplemodule.c:826:13: warning: type of ‘f90wrap_params__set__special_ants_file_’ does not match original declaration [-Wlto-type-mismatch]
  826 | extern void F_FUNC_US(f90wrap_params__set__special_ants_file,F90WRAP_PARAMS__SET__SPECIAL_ANTS_FILE)(int*);
      |             ^
/proj/plasma/CODE/ert/SIMPLE/build/python/f90wrap_params.f90.f90:715:49: note: ‘f90wrap_params__set__special_ants_file’ was previously declared here
  715 | subroutine f90wrap_params__set__special_ants_file(f90wrap_special_ants_file)
      |                                                 ^
/proj/plasma/CODE/ert/SIMPLE/build/python/f90wrap_params.f90.f90:715:49: note: code may be misoptimized unless ‘-fno-strict-aliasing’ is used
/proj/plasma/CODE/ert/SIMPLE/build/python/_pysimplemodule.c:825:13: warning: type of ‘f90wrap_params__get__special_ants_file_’ does not match original declaration [-Wlto-type-mismatch]
  825 | extern void F_FUNC_US(f90wrap_params__get__special_ants_file,F90WRAP_PARAMS__GET__SPECIAL_ANTS_FILE)(int*);
      |             ^
/proj/plasma/CODE/ert/SIMPLE/build/python/f90wrap_params.f90.f90:707:49: note: ‘f90wrap_params__get__special_ants_file’ was previously declared here
  707 | subroutine f90wrap_params__get__special_ants_file(f90wrap_special_ants_file)
      |                                                 ^
/proj/plasma/CODE/ert/SIMPLE/build/python/f90wrap_params.f90.f90:707:49: note: code may be misoptimized unless ‘-fno-strict-aliasing’ is used
/proj/plasma/CODE/ert/SIMPLE/build/python/_pysimplemodule.c:820:13: warning: type of ‘f90wrap_params__set__generate_start_only_’ does not match original declaration [-Wlto-type-mismatch]
  820 | extern void F_FUNC_US(f90wrap_params__set__generate_start_only,F90WRAP_PARAMS__SET__GENERATE_START_ONLY)(int*);
      |             ^
/proj/plasma/CODE/ert/SIMPLE/build/python/f90wrap_params.f90.f90:667:51: note: ‘f90wrap_params__set__generate_start_only’ was previously declared here
  667 | subroutine f90wrap_params__set__generate_start_only(f90wrap_generate_start_only)
      |                                                   ^
/proj/plasma/CODE/ert/SIMPLE/build/python/f90wrap_params.f90.f90:667:51: note: code may be misoptimized unless ‘-fno-strict-aliasing’ is used
/proj/plasma/CODE/ert/SIMPLE/build/python/_pysimplemodule.c:819:13: warning: type of ‘f90wrap_params__get__generate_start_only_’ does not match original declaration [-Wlto-type-mismatch]
  819 | extern void F_FUNC_US(f90wrap_params__get__generate_start_only,F90WRAP_PARAMS__GET__GENERATE_START_ONLY)(int*);
      |             ^
/proj/plasma/CODE/ert/SIMPLE/build/python/f90wrap_params.f90.f90:659:51: note: ‘f90wrap_params__get__generate_start_only’ was previously declared here
  659 | subroutine f90wrap_params__get__generate_start_only(f90wrap_generate_start_only)
      |                                                   ^
/proj/plasma/CODE/ert/SIMPLE/build/python/f90wrap_params.f90.f90:659:51: note: code may be misoptimized unless ‘-fno-strict-aliasing’ is used
/proj/plasma/CODE/ert/SIMPLE/build/python/_pysimplemodule.c:760:13: warning: type of ‘f90wrap_params__should_skip_’ does not match original declaration [-Wlto-type-mismatch]
  760 | extern void F_FUNC_US(f90wrap_params__should_skip,F90WRAP_PARAMS__SHOULD_SKIP)(int*,int*);
      |             ^
/proj/plasma/CODE/ert/SIMPLE/build/python/f90wrap_params.f90.f90:10:38: note: ‘f90wrap_params__should_skip’ was previously declared here
   10 | subroutine f90wrap_params__should_skip(ipart, ret_should_skip)
      |                                      ^
/proj/plasma/CODE/ert/SIMPLE/build/python/f90wrap_params.f90.f90:10:38: note: code may be misoptimized unless ‘-fno-strict-aliasing’ is used
/proj/plasma/CODE/ert/SIMPLE/build/python/_pysimplemodule.c:755:13: warning: type of ‘f90wrap_get_can_sub__splint_can_coord_’ does not match original declaration [-Wlto-type-mismatch]
  755 | extern void F_FUNC_US(f90wrap_get_can_sub__splint_can_coord,F90WRAP_GET_CAN_SUB__SPLINT_CAN_COORD)(int*,int*,double*,double*,double*,double*,double*,double*,double*,double*,double*,double*,double*,double*,double*,double*,double*,double*,double*,double*,double*,double*,double*,double*,double*,double*,double*,double*,double*,double*,double*,double*,double*,double*,double*,double*,double*,double*,double*,double*,double*,double*);
      |             ^
/proj/plasma/CODE/ert/SIMPLE/build/python/f90wrap_get_canonical_coordinates.f90.f90:278:48: note: ‘f90wrap_get_can_sub__splint_can_coord’ was previously declared here
  278 | subroutine f90wrap_get_can_sub__splint_can_coord(fullset, mode_secders, r, vartheta_c, varphi_c, a_theta, a_phi, &
      |                                                ^
/proj/plasma/CODE/ert/SIMPLE/build/python/f90wrap_get_canonical_coordinates.f90.f90:278:48: note: code may be misoptimized unless ‘-fno-strict-aliasing’ is used
/proj/plasma/CODE/ert/SIMPLE/build/python/_pysimplemodule.c:749:13: warning: type of ‘f90wrap_get_can_sub__spline_can_coord_’ does not match original declaration [-Wlto-type-mismatch]
  749 | extern void F_FUNC_US(f90wrap_get_can_sub__spline_can_coord,F90WRAP_GET_CAN_SUB__SPLINE_CAN_COORD)(int*);
      |             ^
/proj/plasma/CODE/ert/SIMPLE/build/python/f90wrap_get_canonical_coordinates.f90.f90:221:48: note: ‘f90wrap_get_can_sub__spline_can_coord’ was previously declared here
  221 | subroutine f90wrap_get_can_sub__spline_can_coord(fullset)
      |                                                ^
/proj/plasma/CODE/ert/SIMPLE/build/python/f90wrap_get_canonical_coordinates.f90.f90:221:48: note: code may be misoptimized unless ‘-fno-strict-aliasing’ is used
/proj/plasma/CODE/ert/SIMPLE/build/python/_pysimplemodule.c:724:13: warning: type of ‘f90wrap_exchange_get_cancoord_mod__set__onlytheta_’ does not match original declaration [-Wlto-type-mismatch]
  724 | extern void F_FUNC_US(f90wrap_exchange_get_cancoord_mod__set__onlytheta,F90WRAP_EXCHANGE_GET_CANCOORD_MOD__SET__ONLYTHETA)(int*);
      |             ^
/proj/plasma/CODE/ert/SIMPLE/build/python/f90wrap_get_canonical_coordinates.f90.f90:11:60: note: ‘f90wrap_exchange_get_cancoord_mod__set__onlytheta’ was previously declared here
   11 | subroutine f90wrap_exchange_get_cancoord_mod__set__onlytheta(f90wrap_onlytheta)
      |                                                            ^
/proj/plasma/CODE/ert/SIMPLE/build/python/f90wrap_get_canonical_coordinates.f90.f90:11:60: note: code may be misoptimized unless ‘-fno-strict-aliasing’ is used
/proj/plasma/CODE/ert/SIMPLE/build/python/_pysimplemodule.c:723:13: warning: type of ‘f90wrap_exchange_get_cancoord_mod__get__onlytheta_’ does not match original declaration [-Wlto-type-mismatch]
  723 | extern void F_FUNC_US(f90wrap_exchange_get_cancoord_mod__get__onlytheta,F90WRAP_EXCHANGE_GET_CANCOORD_MOD__GET__ONLYTHETA)(int*);
      |             ^
/proj/plasma/CODE/ert/SIMPLE/build/python/f90wrap_get_canonical_coordinates.f90.f90:3:60: note: ‘f90wrap_exchange_get_cancoord_mod__get__onlytheta’ was previously declared here
    3 | subroutine f90wrap_exchange_get_cancoord_mod__get__onlytheta(f90wrap_onlytheta)
      |                                                            ^
/proj/plasma/CODE/ert/SIMPLE/build/python/f90wrap_get_canonical_coordinates.f90.f90:3:60: note: code may be misoptimized unless ‘-fno-strict-aliasing’ is used
/proj/plasma/CODE/ert/SIMPLE/build/python/_pysimplemodule.c:626:13: warning: type of ‘f90wrap_orbit_symplectic_base__get__extrap_field_’ does not match original declaration [-Wlto-type-mismatch]
  626 | extern void F_FUNC_US(f90wrap_orbit_symplectic_base__get__extrap_field,F90WRAP_ORBIT_SYMPLECTIC_BASE__GET__EXTRAP_FIELD)(int*);
      |             ^
/proj/plasma/CODE/ert/SIMPLE/build/python/f90wrap_orbit_symplectic_base.f90.f90:429:59: note: ‘f90wrap_orbit_symplectic_base__get__extrap_field’ was previously declared here
  429 | subroutine f90wrap_orbit_symplectic_base__get__extrap_field(f90wrap_extrap_field)
      |                                                           ^
/proj/plasma/CODE/ert/SIMPLE/build/python/f90wrap_orbit_symplectic_base.f90.f90:429:59: note: code may be misoptimized unless ‘-fno-strict-aliasing’ is used
/proj/plasma/CODE/ert/SIMPLE/build/python/_pysimplemodule.c:539:13: warning: type of ‘f90wrap_simple_main__compute_pitch_angle_params_’ does not match original declaration [-Wlto-type-mismatch]
  539 | extern void F_FUNC_US(f90wrap_simple_main__compute_pitch_angle_params,F90WRAP_SIMPLE_MAIN__COMPUTE_PITCH_ANGLE_PARAMS)(double*,int*,double*,double*);
      |             ^
/proj/plasma/CODE/ert/SIMPLE/build/python/f90wrap_simple_main.f90.f90:59:58: note: ‘f90wrap_simple_main__compute_pitch_angle_params’ was previously declared here
   59 | subroutine f90wrap_simple_main__compute_pitch_angle_params(z, passing, trap_par_, perp_inv_)
      |                                                          ^
/proj/plasma/CODE/ert/SIMPLE/build/python/f90wrap_simple_main.f90.f90:59:58: note: code may be misoptimized unless ‘-fno-strict-aliasing’ is used
/proj/plasma/CODE/ert/SIMPLE/build/python/_pysimplemodule.c:534:13: warning: type of ‘f90wrap_simple_main__increase_confined_count_’ does not match original declaration [-Wlto-type-mismatch]
  534 | extern void F_FUNC_US(f90wrap_simple_main__increase_confined_count,F90WRAP_SIMPLE_MAIN__INCREASE_CONFINED_COUNT)(int*,int*);
      |             ^
/proj/plasma/CODE/ert/SIMPLE/build/python/f90wrap_simple_main.f90.f90:10:55: note: ‘f90wrap_simple_main__increase_confined_count’ was previously declared here
   10 | subroutine f90wrap_simple_main__increase_confined_count(it, passing)
      |                                                       ^
/proj/plasma/CODE/ert/SIMPLE/build/python/f90wrap_simple_main.f90.f90:10:55: note: code may be misoptimized unless ‘-fno-strict-aliasing’ is used
/proj/plasma/CODE/ert/SIMPLE/build/python/f90wrap_orbit_symplectic_base.f90.f90:307:54: warning: type of ‘f90wrap_abort’ does not match original declaration [-Wlto-type-mismatch]
  307 |         call f90wrap_abort("array index out of range")
      |                                                      ^
/proj/plasma/CODE/ert/SIMPLE/build/python/_pysimplemodule.c:43:10: note: type mismatch in parameter 2
   43 |     void f90wrap_abort_(char *message, int len_message)
      |          ^
/proj/plasma/CODE/ert/SIMPLE/build/python/_pysimplemodule.c:43:10: note: type ‘int’ should match type ‘long int’
/proj/plasma/CODE/ert/SIMPLE/build/python/_pysimplemodule.c:43:10: note: ‘f90wrap_abort_’ was previously declared here
/proj/plasma/CODE/ert/SIMPLE/build/python/_pysimplemodule.c:43:10: note: code may be misoptimized unless ‘-fno-strict-aliasing’ is used
[504/504] copying file
